[2025-06-24T13:11:41.545+0000][1][gc,init] CardTable entry size: 512
[2025-06-24T13:11:41.546+0000][1][gc     ] Using G1
[2025-06-24T13:11:41.840+0000][1][gc,init] Version: 21.0.6+7-LTS (release)
[2025-06-24T13:11:41.841+0000][1][gc,init] CPUs: 16 total, 16 available
[2025-06-24T13:11:41.841+0000][1][gc,init] Memory: 2048M
[2025-06-24T13:11:41.841+0000][1][gc,init] Large Page Support: Disabled
[2025-06-24T13:11:41.842+0000][1][gc,init] NUMA Support: Disabled
[2025-06-24T13:11:41.842+0000][1][gc,init] Compressed Oops: Enabled (32-bit)
[2025-06-24T13:11:41.842+0000][1][gc,init] Heap Region Size: 1M
[2025-06-24T13:11:41.843+0000][1][gc,init] Heap Min Capacity: 512M
[2025-06-24T13:11:41.843+0000][1][gc,init] Heap Initial Capacity: 512M
[2025-06-24T13:11:41.843+0000][1][gc,init] Heap Max Capacity: 512M
[2025-06-24T13:11:41.844+0000][1][gc,init] Pre-touch: Enabled
[2025-06-24T13:11:41.844+0000][1][gc,init] Parallel Workers: 13
[2025-06-24T13:11:41.845+0000][1][gc,init] Concurrent Workers: 3
[2025-06-24T13:11:41.845+0000][1][gc,init] Concurrent Refinement Workers: 13
[2025-06-24T13:11:41.845+0000][1][gc,init] Periodic GC: Disabled
[2025-06-24T13:11:41.859+0000][1][gc,metaspace] CDS archive(s) mapped at: [0x00007f0feb000000-0x00007f0febc97000-0x00007f0febc97000), size 13201408, SharedBaseAddress: 0x00007f0feb000000, ArchiveRelocationMode: 1.
[2025-06-24T13:11:41.859+0000][1][gc,metaspace] Compressed class space mapped at: 0x00007f0fec000000-0x00007f102c000000, reserved size: 1073741824
[2025-06-24T13:11:41.860+0000][1][gc,metaspace] Narrow klass base: 0x00007f0feb000000, Narrow klass shift: 0, Narrow klass range: 0x100000000
[2025-06-24T13:11:42.384+0000][1][safepoint   ] Safepoint "ICBufferFull", Time since last: 518286819 ns, Reaching safepoint: 11407 ns, Cleanup: 132565 ns, At safepoint: 60967 ns, Total: 204939 ns
[2025-06-24T13:11:42.808+0000][1][gc,start    ] GC(0) Pause Young (Normal) (G1 Evacuation Pause)
[2025-06-24T13:11:42.809+0000][1][gc,task     ] GC(0) Using 12 workers of 13 for evacuation
[2025-06-24T13:11:42.810+0000][1][gc,age      ] GC(0) Desired survivor size 2097152 bytes, new threshold 15 (max threshold 15)
[2025-06-24T13:11:42.818+0000][1][gc,phases   ] GC(0)   Pre Evacuate Collection Set: 1.4ms
[2025-06-24T13:11:42.819+0000][1][gc,phases   ] GC(0)   Merge Heap Roots: 0.3ms
[2025-06-24T13:11:42.819+0000][1][gc,phases   ] GC(0)   Evacuate Collection Set: 4.5ms
[2025-06-24T13:11:42.820+0000][1][gc,phases   ] GC(0)   Post Evacuate Collection Set: 1.8ms
[2025-06-24T13:11:42.820+0000][1][gc,phases   ] GC(0)   Other: 1.4ms
[2025-06-24T13:11:42.820+0000][1][gc,age      ] GC(0) Age table with threshold 15 (max threshold 15)
[2025-06-24T13:11:42.821+0000][1][gc,age      ] GC(0) - age   1:    3958992 bytes,    3958992 total
[2025-06-24T13:11:42.821+0000][1][gc,heap     ] GC(0) Eden regions: 25->0(38)
[2025-06-24T13:11:42.821+0000][1][gc,heap     ] GC(0) Survivor regions: 0->4(4)
[2025-06-24T13:11:42.822+0000][1][gc,heap     ] GC(0) Old regions: 2->3
[2025-06-24T13:11:42.822+0000][1][gc,heap     ] GC(0) Humongous regions: 1->1
[2025-06-24T13:11:42.822+0000][1][gc,metaspace] GC(0) Metaspace: 8587K(8832K)->8587K(8832K) NonClass: 7651K(7808K)->7651K(7808K) Class: 936K(1024K)->936K(1024K)
[2025-06-24T13:11:42.823+0000][1][gc          ] GC(0) Pause Young (Normal) (G1 Evacuation Pause) 27M->6M(512M) 14.599ms
[2025-06-24T13:11:42.823+0000][1][gc,cpu      ] GC(0) User=0.07s Sys=0.00s Real=0.01s
[2025-06-24T13:11:42.824+0000][1][safepoint   ] Safepoint "G1CollectForAllocation", Time since last: 423087510 ns, Reaching safepoint: 302495 ns, Cleanup: 144400 ns, At safepoint: 15872002 ns, Total: 16318897 ns
[2025-06-24T13:11:44.406+0000][1][safepoint   ] Safepoint "ICBufferFull", Time since last: 1582149097 ns, Reaching safepoint: 134497 ns, Cleanup: 139509 ns, At safepoint: 58157 ns, Total: 332163 ns
[2025-06-24T13:11:44.915+0000][1][gc,start    ] GC(1) Pause Young (Normal) (G1 Evacuation Pause)
[2025-06-24T13:11:44.916+0000][1][gc,task     ] GC(1) Using 12 workers of 13 for evacuation
[2025-06-24T13:11:44.917+0000][1][gc,age      ] GC(1) Desired survivor size 3145728 bytes, new threshold 1 (max threshold 15)
[2025-06-24T13:11:44.933+0000][1][gc,phases   ] GC(1)   Pre Evacuate Collection Set: 0.9ms
[2025-06-24T13:11:44.934+0000][1][gc,phases   ] GC(1)   Merge Heap Roots: 0.2ms
[2025-06-24T13:11:44.935+0000][1][gc,phases   ] GC(1)   Evacuate Collection Set: 10.9ms
[2025-06-24T13:11:44.935+0000][1][gc,phases   ] GC(1)   Post Evacuate Collection Set: 4.1ms
[2025-06-24T13:11:44.935+0000][1][gc,phases   ] GC(1)   Other: 1.1ms
[2025-06-24T13:11:44.936+0000][1][gc,age      ] GC(1) Age table with threshold 1 (max threshold 15)
[2025-06-24T13:11:44.936+0000][1][gc,age      ] GC(1) - age   1:    2590952 bytes,    2590952 total
[2025-06-24T13:11:44.937+0000][1][gc,heap     ] GC(1) Eden regions: 38->0(182)
[2025-06-24T13:11:44.937+0000][1][gc,heap     ] GC(1) Survivor regions: 4->3(6)
[2025-06-24T13:11:44.938+0000][1][gc,heap     ] GC(1) Old regions: 3->6
[2025-06-24T13:11:44.938+0000][1][gc,heap     ] GC(1) Humongous regions: 1->1
[2025-06-24T13:11:44.939+0000][1][gc,metaspace] GC(1) Metaspace: 15396K(15744K)->15396K(15744K) NonClass: 13606K(13824K)->13606K(13824K) Class: 1790K(1920K)->1790K(1920K)
[2025-06-24T13:11:44.939+0000][1][gc          ] GC(1) Pause Young (Normal) (G1 Evacuation Pause) 44M->8M(512M) 24.545ms
[2025-06-24T13:11:44.940+0000][1][gc,cpu      ] GC(1) User=0.15s Sys=0.00s Real=0.02s
[2025-06-24T13:11:44.941+0000][1][safepoint   ] Safepoint "G1CollectForAllocation", Time since last: 508385891 ns, Reaching safepoint: 155917 ns, Cleanup: 201216 ns, At safepoint: 25826357 ns, Total: 26183490 ns
[2025-06-24T13:11:45.679+0000][1][safepoint   ] Safepoint "ICBufferFull", Time since last: 738716177 ns, Reaching safepoint: 8225 ns, Cleanup: 102930 ns, At safepoint: 42137 ns, Total: 153292 ns
[2025-06-24T13:11:45.692+0000][1][gc,start    ] GC(2) Pause Young (Normal) (G1 Evacuation Pause)
[2025-06-24T13:11:45.693+0000][1][gc,task     ] GC(2) Using 12 workers of 13 for evacuation
[2025-06-24T13:11:45.694+0000][1][gc,age      ] GC(2) Desired survivor size 12582912 bytes, new threshold 15 (max threshold 15)
[2025-06-24T13:11:45.698+0000][1][gc,phases   ] GC(2)   Pre Evacuate Collection Set: 0.3ms
[2025-06-24T13:11:45.699+0000][1][gc,phases   ] GC(2)   Merge Heap Roots: 0.4ms
[2025-06-24T13:11:45.699+0000][1][gc,phases   ] GC(2)   Evacuate Collection Set: 2.7ms
[2025-06-24T13:11:45.700+0000][1][gc,phases   ] GC(2)   Post Evacuate Collection Set: 0.9ms
[2025-06-24T13:11:45.700+0000][1][gc,phases   ] GC(2)   Other: 1.0ms
[2025-06-24T13:11:45.701+0000][1][gc,age      ] GC(2) Age table with threshold 15 (max threshold 15)
[2025-06-24T13:11:45.701+0000][1][gc,age      ] GC(2) - age   1:    1436528 bytes,    1436528 total
[2025-06-24T13:11:45.702+0000][1][gc,age      ] GC(2) - age   2:    2538352 bytes,    3974880 total
[2025-06-24T13:11:45.703+0000][1][gc,heap     ] GC(2) Eden regions: 182->0(302)
[2025-06-24T13:11:45.703+0000][1][gc,heap     ] GC(2) Survivor regions: 3->5(24)
[2025-06-24T13:11:45.704+0000][1][gc,heap     ] GC(2) Old regions: 6->6
[2025-06-24T13:11:45.704+0000][1][gc,heap     ] GC(2) Humongous regions: 1->1
[2025-06-24T13:11:45.704+0000][1][gc,metaspace] GC(2) Metaspace: 19931K(20288K)->19931K(20288K) NonClass: 17810K(17984K)->17810K(17984K) Class: 2120K(2304K)->2120K(2304K)
[2025-06-24T13:11:45.705+0000][1][gc          ] GC(2) Pause Young (Normal) (G1 Evacuation Pause) 190M->10M(512M) 12.520ms
[2025-06-24T13:11:45.705+0000][1][gc,cpu      ] GC(2) User=0.02s Sys=0.02s Real=0.02s
[2025-06-24T13:11:45.706+0000][1][safepoint   ] Safepoint "G1CollectForAllocation", Time since last: 12509533 ns, Reaching safepoint: 232003 ns, Cleanup: 28141 ns, At safepoint: 13630414 ns, Total: 13890558 ns
[2025-06-24T13:11:46.438+0000][1][gc,start    ] GC(3) Pause Young (Normal) (G1 Evacuation Pause)
[2025-06-24T13:11:46.439+0000][1][gc,task     ] GC(3) Using 12 workers of 13 for evacuation
[2025-06-24T13:11:46.439+0000][1][gc,age      ] GC(3) Desired survivor size 20447232 bytes, new threshold 15 (max threshold 15)
[2025-06-24T13:11:46.445+0000][1][gc,phases   ] GC(3)   Pre Evacuate Collection Set: 0.5ms
[2025-06-24T13:11:46.446+0000][1][gc,phases   ] GC(3)   Merge Heap Roots: 0.2ms
[2025-06-24T13:11:46.447+0000][1][gc,phases   ] GC(3)   Evacuate Collection Set: 3.5ms
[2025-06-24T13:11:46.447+0000][1][gc,phases   ] GC(3)   Post Evacuate Collection Set: 1.1ms
[2025-06-24T13:11:46.448+0000][1][gc,phases   ] GC(3)   Other: 1.4ms
[2025-06-24T13:11:46.448+0000][1][gc,age      ] GC(3) Age table with threshold 15 (max threshold 15)
[2025-06-24T13:11:46.449+0000][1][gc,age      ] GC(3) - age   1:    1840536 bytes,    1840536 total
[2025-06-24T13:11:46.449+0000][1][gc,age      ] GC(3) - age   2:    1060000 bytes,    2900536 total
[2025-06-24T13:11:46.450+0000][1][gc,age      ] GC(3) - age   3:    2538232 bytes,    5438768 total
[2025-06-24T13:11:46.450+0000][1][gc,heap     ] GC(3) Eden regions: 302->0(301)
[2025-06-24T13:11:46.451+0000][1][gc,heap     ] GC(3) Survivor regions: 5->6(39)
[2025-06-24T13:11:46.451+0000][1][gc,heap     ] GC(3) Old regions: 6->6
[2025-06-24T13:11:46.452+0000][1][gc,heap     ] GC(3) Humongous regions: 1->1
[2025-06-24T13:11:46.452+0000][1][gc,metaspace] GC(3) Metaspace: 20612K(20992K)->20612K(20992K) NonClass: 18410K(18624K)->18410K(18624K) Class: 2202K(2368K)->2202K(2368K)
[2025-06-24T13:11:46.453+0000][1][gc          ] GC(3) Pause Young (Normal) (G1 Evacuation Pause) 312M->11M(512M) 14.671ms
[2025-06-24T13:11:46.453+0000][1][gc,cpu      ] GC(3) User=0.03s Sys=0.01s Real=0.01s
[2025-06-24T13:11:46.454+0000][1][safepoint   ] Safepoint "G1CollectForAllocation", Time since last: 732041424 ns, Reaching safepoint: 96906 ns, Cleanup: 68796 ns, At safepoint: 15640040 ns, Total: 15805742 ns
[2025-06-24T13:11:46.664+0000][1][gc,start    ] GC(4) Pause Young (Concurrent Start) (Metadata GC Threshold)
[2025-06-24T13:11:46.665+0000][1][gc,task     ] GC(4) Using 12 workers of 13 for evacuation
[2025-06-24T13:11:46.665+0000][1][gc,age      ] GC(4) Desired survivor size 20447232 bytes, new threshold 15 (max threshold 15)
[2025-06-24T13:11:46.672+0000][1][gc,phases   ] GC(4)   Pre Evacuate Collection Set: 0.7ms
[2025-06-24T13:11:46.672+0000][1][gc,phases   ] GC(4)   Merge Heap Roots: 0.2ms
[2025-06-24T13:11:46.672+0000][1][gc,phases   ] GC(4)   Evacuate Collection Set: 2.9ms
[2025-06-24T13:11:46.673+0000][1][gc,phases   ] GC(4)   Post Evacuate Collection Set: 1.9ms
[2025-06-24T13:11:46.673+0000][1][gc,phases   ] GC(4)   Other: 0.8ms
[2025-06-24T13:11:46.673+0000][1][gc,age      ] GC(4) Age table with threshold 15 (max threshold 15)
[2025-06-24T13:11:46.674+0000][1][gc,age      ] GC(4) - age   1:    1366264 bytes,    1366264 total
[2025-06-24T13:11:46.674+0000][1][gc,age      ] GC(4) - age   2:    1828544 bytes,    3194808 total
[2025-06-24T13:11:46.674+0000][1][gc,age      ] GC(4) - age   3:    1059968 bytes,    4254776 total
[2025-06-24T13:11:46.675+0000][1][gc,age      ] GC(4) - age   4:    2537848 bytes,    6792624 total
[2025-06-24T13:11:46.675+0000][1][gc,heap     ] GC(4) Eden regions: 126->0(299)
[2025-06-24T13:11:46.675+0000][1][gc,heap     ] GC(4) Survivor regions: 6->8(39)
[2025-06-24T13:11:46.676+0000][1][gc,heap     ] GC(4) Old regions: 6->6
[2025-06-24T13:11:46.676+0000][1][gc,heap     ] GC(4) Humongous regions: 1->1
[2025-06-24T13:11:46.676+0000][1][gc,metaspace] GC(4) Metaspace: 21131K(21504K)->21131K(21504K) NonClass: 18860K(19072K)->18860K(19072K) Class: 2270K(2432K)->2270K(2432K)
[2025-06-24T13:11:46.677+0000][1][gc          ] GC(4) Pause Young (Concurrent Start) (Metadata GC Threshold) 137M->13M(512M) 12.232ms
[2025-06-24T13:11:46.677+0000][1][gc,cpu      ] GC(4) User=0.02s Sys=0.01s Real=0.01s
[2025-06-24T13:11:46.677+0000][1][gc          ] GC(5) Concurrent Mark Cycle
[2025-06-24T13:11:46.678+0000][1][safepoint   ] Safepoint "CollectForMetadataAllocation", Time since last: 210733905 ns, Reaching safepoint: 5123 ns, Cleanup: 31257 ns, At safepoint: 13754679 ns, Total: 13791059 ns
[2025-06-24T13:11:46.679+0000][1][gc,marking  ] GC(5) Concurrent Scan Root Regions
[2025-06-24T13:11:46.682+0000][1][gc,marking  ] GC(5) Concurrent Scan Root Regions 3.269ms
[2025-06-24T13:11:46.682+0000][1][gc,marking  ] GC(5) Concurrent Mark
[2025-06-24T13:11:46.683+0000][1][gc,marking  ] GC(5) Concurrent Mark From Roots
[2025-06-24T13:11:46.683+0000][1][gc,task     ] GC(5) Using 3 workers of 3 for marking
[2025-06-24T13:11:46.687+0000][1][gc,marking  ] GC(5) Concurrent Mark From Roots 3.872ms
[2025-06-24T13:11:46.687+0000][1][gc,marking  ] GC(5) Concurrent Preclean
[2025-06-24T13:11:46.687+0000][1][gc,marking  ] GC(5) Concurrent Preclean 0.456ms
[2025-06-24T13:11:46.688+0000][1][gc,start    ] GC(5) Pause Remark
[2025-06-24T13:11:46.691+0000][1][gc          ] GC(5) Pause Remark 14M->14M(512M) 2.989ms
[2025-06-24T13:11:46.692+0000][1][gc,cpu      ] GC(5) User=0.01s Sys=0.00s Real=0.00s
[2025-06-24T13:11:46.692+0000][1][safepoint   ] Safepoint "G1PauseRemark", Time since last: 9841933 ns, Reaching safepoint: 110254 ns, Cleanup: 10496 ns, At safepoint: 4102465 ns, Total: 4223215 ns
[2025-06-24T13:11:46.693+0000][1][gc,marking  ] GC(5) Concurrent Mark 10.554ms
[2025-06-24T13:11:46.693+0000][1][gc,marking  ] GC(5) Concurrent Rebuild Remembered Sets and Scrub Regions
[2025-06-24T13:11:46.695+0000][1][gc,marking  ] GC(5) Concurrent Rebuild Remembered Sets and Scrub Regions 1.721ms
[2025-06-24T13:11:46.696+0000][1][gc,start    ] GC(5) Pause Cleanup
[2025-06-24T13:11:46.696+0000][1][gc          ] GC(5) Pause Cleanup 14M->14M(512M) 0.750ms
[2025-06-24T13:11:46.697+0000][1][gc,cpu      ] GC(5) User=0.00s Sys=0.00s Real=0.00s
[2025-06-24T13:11:46.697+0000][1][safepoint   ] Safepoint "G1PauseCleanup", Time since last: 3161080 ns, Reaching safepoint: 158632 ns, Cleanup: 3965 ns, At safepoint: 1868381 ns, Total: 2030978 ns
[2025-06-24T13:11:46.698+0000][1][gc,marking  ] GC(5) Concurrent Clear Claimed Marks
[2025-06-24T13:11:46.698+0000][1][gc,marking  ] GC(5) Concurrent Clear Claimed Marks 0.416ms
[2025-06-24T13:11:46.699+0000][1][gc,marking  ] GC(5) Concurrent Cleanup for Next Mark
[2025-06-24T13:11:46.701+0000][1][gc,marking  ] GC(5) Concurrent Cleanup for Next Mark 1.878ms
[2025-06-24T13:11:46.701+0000][1][gc          ] GC(5) Concurrent Mark Cycle 24.026ms
[2025-06-24T13:11:47.783+0000][1][safepoint   ] Safepoint "Cleanup", Time since last: 1085012410 ns, Reaching safepoint: 709963 ns, Cleanup: 110831 ns, At safepoint: 26233 ns, Total: 847027 ns
[2025-06-24T13:11:48.853+0000][1][safepoint   ] Safepoint "Cleanup", Time since last: 1068995112 ns, Reaching safepoint: 9409 ns, Cleanup: 168505 ns, At safepoint: 43571 ns, Total: 221485 ns
[2025-06-24T13:11:49.377+0000][1][gc,start    ] GC(6) Pause Young (Prepare Mixed) (G1 Evacuation Pause)
[2025-06-24T13:11:49.378+0000][1][gc,task     ] GC(6) Using 12 workers of 13 for evacuation
[2025-06-24T13:11:49.379+0000][1][gc,age      ] GC(6) Desired survivor size 20447232 bytes, new threshold 15 (max threshold 15)
[2025-06-24T13:11:49.402+0000][1][gc,phases   ] GC(6)   Pre Evacuate Collection Set: 0.9ms
[2025-06-24T13:11:49.403+0000][1][gc,phases   ] GC(6)   Merge Heap Roots: 0.4ms
[2025-06-24T13:11:49.403+0000][1][gc,phases   ] GC(6)   Evacuate Collection Set: 17.0ms
[2025-06-24T13:11:49.404+0000][1][gc,phases   ] GC(6)   Post Evacuate Collection Set: 3.9ms
[2025-06-24T13:11:49.405+0000][1][gc,phases   ] GC(6)   Other: 1.4ms
[2025-06-24T13:11:49.405+0000][1][gc,age      ] GC(6) Age table with threshold 15 (max threshold 15)
[2025-06-24T13:11:49.406+0000][1][gc,age      ] GC(6) - age   1:   14475720 bytes,   14475720 total
[2025-06-24T13:11:49.406+0000][1][gc,age      ] GC(6) - age   2:    1341176 bytes,   15816896 total
[2025-06-24T13:11:49.407+0000][1][gc,age      ] GC(6) - age   3:    1825352 bytes,   17642248 total
[2025-06-24T13:11:49.407+0000][1][gc,age      ] GC(6) - age   4:    1038424 bytes,   18680672 total
[2025-06-24T13:11:49.407+0000][1][gc,age      ] GC(6) - age   5:    2506232 bytes,   21186904 total
[2025-06-24T13:11:49.408+0000][1][gc,heap     ] GC(6) Eden regions: 299->0(285)
[2025-06-24T13:11:49.408+0000][1][gc,heap     ] GC(6) Survivor regions: 8->22(39)
[2025-06-24T13:11:49.409+0000][1][gc,heap     ] GC(6) Old regions: 6->6
[2025-06-24T13:11:49.409+0000][1][gc,heap     ] GC(6) Humongous regions: 11->2
[2025-06-24T13:11:49.410+0000][1][gc,metaspace] GC(6) Metaspace: 33023K(33536K)->33023K(33536K) NonClass: 29335K(29632K)->29335K(29632K) Class: 3688K(3904K)->3688K(3904K)
[2025-06-24T13:11:49.410+0000][1][gc          ] GC(6) Pause Young (Prepare Mixed) (G1 Evacuation Pause) 322M->28M(512M) 32.882ms
[2025-06-24T13:11:49.411+0000][1][gc,cpu      ] GC(6) User=0.24s Sys=0.00s Real=0.03s
[2025-06-24T13:11:49.411+0000][1][safepoint   ] Safepoint "G1CollectForAllocation", Time since last: 524513127 ns, Reaching safepoint: 13009 ns, Cleanup: 40706 ns, At safepoint: 34083786 ns, Total: 34137501 ns
[2025-06-24T13:11:50.429+0000][1][safepoint   ] Safepoint "Cleanup", Time since last: 1017666392 ns, Reaching safepoint: 10115 ns, Cleanup: 27947 ns, At safepoint: 3443 ns, Total: 41505 ns
[2025-06-24T13:11:50.591+0000][1][gc,start    ] GC(7) Pause Young (Mixed) (G1 Evacuation Pause)
[2025-06-24T13:11:50.591+0000][1][gc,task     ] GC(7) Using 12 workers of 13 for evacuation
[2025-06-24T13:11:50.592+0000][1][gc,age      ] GC(7) Desired survivor size 20447232 bytes, new threshold 5 (max threshold 15)
[2025-06-24T13:11:50.605+0000][1][gc,phases   ] GC(7)   Pre Evacuate Collection Set: 0.5ms
[2025-06-24T13:11:50.606+0000][1][gc,phases   ] GC(7)   Merge Heap Roots: 0.2ms
[2025-06-24T13:11:50.606+0000][1][gc,phases   ] GC(7)   Evacuate Collection Set: 9.6ms
[2025-06-24T13:11:50.606+0000][1][gc,phases   ] GC(7)   Post Evacuate Collection Set: 2.4ms
[2025-06-24T13:11:50.607+0000][1][gc,phases   ] GC(7)   Other: 1.1ms
[2025-06-24T13:11:50.607+0000][1][gc,age      ] GC(7) Age table with threshold 5 (max threshold 15)
[2025-06-24T13:11:50.608+0000][1][gc,age      ] GC(7) - age   1:    4470184 bytes,    4470184 total
[2025-06-24T13:11:50.608+0000][1][gc,age      ] GC(7) - age   2:   14437504 bytes,   18907688 total
[2025-06-24T13:11:50.609+0000][1][gc,age      ] GC(7) - age   3:    1340696 bytes,   20248384 total
[2025-06-24T13:11:50.609+0000][1][gc,age      ] GC(7) - age   4:    1824616 bytes,   22073000 total
[2025-06-24T13:11:50.609+0000][1][gc,age      ] GC(7) - age   5:    1038424 bytes,   23111424 total
[2025-06-24T13:11:50.610+0000][1][gc,heap     ] GC(7) Eden regions: 285->0(282)
[2025-06-24T13:11:50.610+0000][1][gc,heap     ] GC(7) Survivor regions: 22->25(39)
[2025-06-24T13:11:50.610+0000][1][gc,heap     ] GC(7) Old regions: 6->8
[2025-06-24T13:11:50.611+0000][1][gc,heap     ] GC(7) Humongous regions: 9->3
[2025-06-24T13:11:50.611+0000][1][gc,metaspace] GC(7) Metaspace: 35282K(35840K)->35282K(35840K) NonClass: 31411K(31744K)->31411K(31744K) Class: 3870K(4096K)->3870K(4096K)
[2025-06-24T13:11:50.612+0000][1][gc          ] GC(7) Pause Young (Mixed) (G1 Evacuation Pause) 320M->35M(512M) 21.168ms
[2025-06-24T13:11:50.612+0000][1][gc,cpu      ] GC(7) User=0.10s Sys=0.00s Real=0.02s
[2025-06-24T13:11:50.613+0000][1][safepoint   ] Safepoint "G1CollectForAllocation", Time since last: 161697381 ns, Reaching safepoint: 8437 ns, Cleanup: 5392 ns, At safepoint: 22099550 ns, Total: 22113379 ns
[2025-06-24T13:11:51.127+0000][1][gc,start    ] GC(8) Pause Young (Concurrent Start) (Metadata GC Threshold)
[2025-06-24T13:11:51.128+0000][1][gc,task     ] GC(8) Using 12 workers of 13 for evacuation
[2025-06-24T13:11:51.128+0000][1][gc,age      ] GC(8) Desired survivor size 20447232 bytes, new threshold 4 (max threshold 15)
[2025-06-24T13:11:51.142+0000][1][gc,phases   ] GC(8)   Pre Evacuate Collection Set: 0.3ms
[2025-06-24T13:11:51.143+0000][1][gc,phases   ] GC(8)   Merge Heap Roots: 0.2ms
[2025-06-24T13:11:51.143+0000][1][gc,phases   ] GC(8)   Evacuate Collection Set: 10.8ms
[2025-06-24T13:11:51.144+0000][1][gc,phases   ] GC(8)   Post Evacuate Collection Set: 2.2ms
[2025-06-24T13:11:51.144+0000][1][gc,phases   ] GC(8)   Other: 1.2ms
[2025-06-24T13:11:51.145+0000][1][gc,age      ] GC(8) Age table with threshold 4 (max threshold 15)
[2025-06-24T13:11:51.145+0000][1][gc,age      ] GC(8) - age   1:    4244600 bytes,    4244600 total
[2025-06-24T13:11:51.145+0000][1][gc,age      ] GC(8) - age   2:    4459200 bytes,    8703800 total
[2025-06-24T13:11:51.146+0000][1][gc,age      ] GC(8) - age   3:   14435408 bytes,   23139208 total
[2025-06-24T13:11:51.146+0000][1][gc,age      ] GC(8) - age   4:    1340696 bytes,   24479904 total
[2025-06-24T13:11:51.146+0000][1][gc,heap     ] GC(8) Eden regions: 122->0(281)
[2025-06-24T13:11:51.147+0000][1][gc,heap     ] GC(8) Survivor regions: 25->26(39)
[2025-06-24T13:11:51.147+0000][1][gc,heap     ] GC(8) Old regions: 8->11
[2025-06-24T13:11:51.147+0000][1][gc,heap     ] GC(8) Humongous regions: 9->4
[2025-06-24T13:11:51.147+0000][1][gc,metaspace] GC(8) Metaspace: 35405K(35968K)->35405K(35968K) NonClass: 31519K(31872K)->31519K(31872K) Class: 3886K(4096K)->3886K(4096K)
[2025-06-24T13:11:51.148+0000][1][gc          ] GC(8) Pause Young (Concurrent Start) (Metadata GC Threshold) 163M->40M(512M) 21.040ms
[2025-06-24T13:11:51.148+0000][1][gc,cpu      ] GC(8) User=0.11s Sys=0.00s Real=0.02s
[2025-06-24T13:11:51.148+0000][1][gc          ] GC(9) Concurrent Mark Cycle
[2025-06-24T13:11:51.149+0000][1][gc,marking  ] GC(9) Concurrent Scan Root Regions
[2025-06-24T13:11:51.151+0000][1][safepoint   ] Safepoint "CollectForMetadataAllocation", Time since last: 514085857 ns, Reaching safepoint: 5286 ns, Cleanup: 11073 ns, At safepoint: 23751319 ns, Total: 23767678 ns
[2025-06-24T13:11:51.152+0000][1][gc,marking  ] GC(9) Concurrent Scan Root Regions 3.176ms
[2025-06-24T13:11:51.153+0000][1][gc,marking  ] GC(9) Concurrent Mark
[2025-06-24T13:11:51.153+0000][1][gc,marking  ] GC(9) Concurrent Mark From Roots
[2025-06-24T13:11:51.153+0000][1][gc,task     ] GC(9) Using 3 workers of 3 for marking
[2025-06-24T13:11:51.157+0000][1][gc,marking  ] GC(9) Concurrent Mark From Roots 4.228ms
[2025-06-24T13:11:51.158+0000][1][gc,marking  ] GC(9) Concurrent Preclean
[2025-06-24T13:11:51.158+0000][1][gc,marking  ] GC(9) Concurrent Preclean 0.386ms
[2025-06-24T13:11:51.159+0000][1][gc,start    ] GC(9) Pause Remark
[2025-06-24T13:11:51.163+0000][1][gc          ] GC(9) Pause Remark 40M->40M(512M) 3.808ms
[2025-06-24T13:11:51.163+0000][1][gc,cpu      ] GC(9) User=0.01s Sys=0.01s Real=0.00s
[2025-06-24T13:11:51.163+0000][1][safepoint   ] Safepoint "G1PauseRemark", Time since last: 8087394 ns, Reaching safepoint: 4949 ns, Cleanup: 3177 ns, At safepoint: 4520996 ns, Total: 4529122 ns
[2025-06-24T13:11:51.163+0000][1][gc,marking  ] GC(9) Concurrent Mark 10.719ms
[2025-06-24T13:11:51.164+0000][1][gc,marking  ] GC(9) Concurrent Rebuild Remembered Sets and Scrub Regions
[2025-06-24T13:11:51.166+0000][1][gc,marking  ] GC(9) Concurrent Rebuild Remembered Sets and Scrub Regions 2.142ms
[2025-06-24T13:11:51.166+0000][1][gc,start    ] GC(9) Pause Cleanup
[2025-06-24T13:11:51.167+0000][1][gc          ] GC(9) Pause Cleanup 40M->40M(512M) 0.762ms
[2025-06-24T13:11:51.167+0000][1][gc,cpu      ] GC(9) User=0.01s Sys=0.00s Real=0.00s
[2025-06-24T13:11:51.168+0000][1][safepoint   ] Safepoint "G1PauseCleanup", Time since last: 3155948 ns, Reaching safepoint: 4309 ns, Cleanup: 8617 ns, At safepoint: 1401671 ns, Total: 1414597 ns
[2025-06-24T13:11:51.168+0000][1][gc,marking  ] GC(9) Concurrent Clear Claimed Marks
[2025-06-24T13:11:51.169+0000][1][gc,marking  ] GC(9) Concurrent Clear Claimed Marks 0.389ms
[2025-06-24T13:11:51.169+0000][1][gc,marking  ] GC(9) Concurrent Cleanup for Next Mark
[2025-06-24T13:11:51.170+0000][1][gc,marking  ] GC(9) Concurrent Cleanup for Next Mark 1.364ms
[2025-06-24T13:11:51.171+0000][1][gc          ] GC(9) Concurrent Mark Cycle 22.564ms
[2025-06-24T13:11:52.548+0000][1][safepoint   ] Safepoint "Cleanup", Time since last: 1380371735 ns, Reaching safepoint: 11580 ns, Cleanup: 105373 ns, At safepoint: 5014 ns, Total: 121967 ns
[2025-06-24T13:11:52.830+0000][1][gc,start    ] GC(10) Pause Young (Normal) (G1 Evacuation Pause)
[2025-06-24T13:11:52.830+0000][1][gc,task     ] GC(10) Using 12 workers of 13 for evacuation
[2025-06-24T13:11:52.831+0000][1][gc,age      ] GC(10) Desired survivor size 20447232 bytes, new threshold 3 (max threshold 15)
[2025-06-24T13:11:52.851+0000][1][gc,phases   ] GC(10)   Pre Evacuate Collection Set: 0.6ms
[2025-06-24T13:11:52.852+0000][1][gc,phases   ] GC(10)   Merge Heap Roots: 0.2ms
[2025-06-24T13:11:52.853+0000][1][gc,phases   ] GC(10)   Evacuate Collection Set: 16.6ms
[2025-06-24T13:11:52.853+0000][1][gc,phases   ] GC(10)   Post Evacuate Collection Set: 2.6ms
[2025-06-24T13:11:52.854+0000][1][gc,phases   ] GC(10)   Other: 1.0ms
[2025-06-24T13:11:52.854+0000][1][gc,age      ] GC(10) Age table with threshold 3 (max threshold 15)
[2025-06-24T13:11:52.855+0000][1][gc,age      ] GC(10) - age   1:    6087528 bytes,    6087528 total
[2025-06-24T13:11:52.855+0000][1][gc,age      ] GC(10) - age   2:    4232688 bytes,   10320216 total
[2025-06-24T13:11:52.856+0000][1][gc,age      ] GC(10) - age   3:    4452744 bytes,   14772960 total
[2025-06-24T13:11:52.856+0000][1][gc,heap     ] GC(10) Eden regions: 281->0(290)
[2025-06-24T13:11:52.856+0000][1][gc,heap     ] GC(10) Survivor regions: 26->17(39)
[2025-06-24T13:11:52.857+0000][1][gc,heap     ] GC(10) Old regions: 11->27
[2025-06-24T13:11:52.857+0000][1][gc,heap     ] GC(10) Humongous regions: 13->6
[2025-06-24T13:11:52.858+0000][1][gc,metaspace] GC(10) Metaspace: 44011K(44672K)->44011K(44672K) NonClass: 39079K(39488K)->39079K(39488K) Class: 4931K(5184K)->4931K(5184K)
[2025-06-24T13:11:52.858+0000][1][gc          ] GC(10) Pause Young (Normal) (G1 Evacuation Pause) 330M->49M(512M) 28.373ms
[2025-06-24T13:11:52.858+0000][1][gc,cpu      ] GC(10) User=0.19s Sys=0.00s Real=0.03s
[2025-06-24T13:11:52.859+0000][1][safepoint   ] Safepoint "G1CollectForAllocation", Time since last: 281257270 ns, Reaching safepoint: 6579 ns, Cleanup: 19981 ns, At safepoint: 29158443 ns, Total: 29185003 ns
[2025-06-24T13:11:53.860+0000][1][safepoint   ] Safepoint "Cleanup", Time since last: 1001564125 ns, Reaching safepoint: 11460 ns, Cleanup: 163006 ns, At safepoint: 10550 ns, Total: 185016 ns
[2025-06-24T13:11:54.956+0000][1][safepoint   ] Safepoint "Cleanup", Time since last: 1094996854 ns, Reaching safepoint: 9353 ns, Cleanup: 58508 ns, At safepoint: 2409 ns, Total: 70270 ns
[2025-06-24T13:11:55.622+0000][1][gc,start    ] GC(11) Pause Young (Normal) (G1 Evacuation Pause)
[2025-06-24T13:11:55.626+0000][1][gc,task     ] GC(11) Using 12 workers of 13 for evacuation
[2025-06-24T13:11:55.626+0000][1][gc,age      ] GC(11) Desired survivor size 20447232 bytes, new threshold 15 (max threshold 15)
[2025-06-24T13:11:55.640+0000][1][gc,phases   ] GC(11)   Pre Evacuate Collection Set: 0.5ms
[2025-06-24T13:11:55.643+0000][1][gc,phases   ] GC(11)   Merge Heap Roots: 0.2ms
[2025-06-24T13:11:55.644+0000][1][gc,phases   ] GC(11)   Evacuate Collection Set: 8.8ms
[2025-06-24T13:11:55.645+0000][1][gc,phases   ] GC(11)   Post Evacuate Collection Set: 3.8ms
[2025-06-24T13:11:55.646+0000][1][gc,phases   ] GC(11)   Other: 1.4ms
[2025-06-24T13:11:55.646+0000][1][gc,age      ] GC(11) Age table with threshold 15 (max threshold 15)
[2025-06-24T13:11:55.647+0000][1][gc,age      ] GC(11) - age   1:    6342408 bytes,    6342408 total
[2025-06-24T13:11:55.648+0000][1][gc,age      ] GC(11) - age   2:    6052744 bytes,   12395152 total
[2025-06-24T13:11:55.650+0000][1][gc,age      ] GC(11) - age   3:    4232576 bytes,   16627728 total
[2025-06-24T13:11:55.652+0000][1][gc,age      ] GC(11) - age   4:    4450816 bytes,   21078544 total
[2025-06-24T13:11:55.652+0000][1][gc,heap     ] GC(11) Eden regions: 290->0(284)
[2025-06-24T13:11:55.654+0000][1][gc,heap     ] GC(11) Survivor regions: 17->23(39)
[2025-06-24T13:11:55.655+0000][1][gc,heap     ] GC(11) Old regions: 27->27
[2025-06-24T13:11:55.656+0000][1][gc,heap     ] GC(11) Humongous regions: 17->8
[2025-06-24T13:11:55.656+0000][1][gc,metaspace] GC(11) Metaspace: 49179K(50048K)->49179K(50048K) NonClass: 43535K(44032K)->43535K(44032K) Class: 5643K(6016K)->5643K(6016K)
[2025-06-24T13:11:55.657+0000][1][gc          ] GC(11) Pause Young (Normal) (G1 Evacuation Pause) 350M->56M(512M) 34.996ms
[2025-06-24T13:11:55.658+0000][1][gc,cpu      ] GC(11) User=0.06s Sys=0.02s Real=0.04s
[2025-06-24T13:11:55.659+0000][1][safepoint   ] Safepoint "G1CollectForAllocation", Time since last: 666334699 ns, Reaching safepoint: 48007 ns, Cleanup: 155115 ns, At safepoint: 36491885 ns, Total: 36695007 ns
[2025-06-24T13:11:56.887+0000][1][gc,start    ] GC(12) Pause Young (Concurrent Start) (Metadata GC Threshold)
[2025-06-24T13:11:56.887+0000][1][gc,task     ] GC(12) Using 12 workers of 13 for evacuation
[2025-06-24T13:11:56.888+0000][1][gc,age      ] GC(12) Desired survivor size 20447232 bytes, new threshold 4 (max threshold 15)
[2025-06-24T13:11:56.902+0000][1][gc,phases   ] GC(12)   Pre Evacuate Collection Set: 0.8ms
[2025-06-24T13:11:56.903+0000][1][gc,phases   ] GC(12)   Merge Heap Roots: 0.2ms
[2025-06-24T13:11:56.903+0000][1][gc,phases   ] GC(12)   Evacuate Collection Set: 9.9ms
[2025-06-24T13:11:56.904+0000][1][gc,phases   ] GC(12)   Post Evacuate Collection Set: 2.2ms
[2025-06-24T13:11:56.904+0000][1][gc,phases   ] GC(12)   Other: 1.2ms
[2025-06-24T13:11:56.905+0000][1][gc,age      ] GC(12) Age table with threshold 4 (max threshold 15)
[2025-06-24T13:11:56.905+0000][1][gc,age      ] GC(12) - age   1:    1352368 bytes,    1352368 total
[2025-06-24T13:11:56.906+0000][1][gc,age      ] GC(12) - age   2:    6129928 bytes,    7482296 total
[2025-06-24T13:11:56.907+0000][1][gc,age      ] GC(12) - age   3:    6049592 bytes,   13531888 total
[2025-06-24T13:11:56.907+0000][1][gc,age      ] GC(12) - age   4:    4231384 bytes,   17763272 total
[2025-06-24T13:11:56.908+0000][1][gc,heap     ] GC(12) Eden regions: 33->0(288)
[2025-06-24T13:11:56.908+0000][1][gc,heap     ] GC(12) Survivor regions: 23->19(39)
[2025-06-24T13:11:56.908+0000][1][gc,heap     ] GC(12) Old regions: 27->32
[2025-06-24T13:11:56.909+0000][1][gc,heap     ] GC(12) Humongous regions: 13->8
[2025-06-24T13:11:56.909+0000][1][gc,metaspace] GC(12) Metaspace: 59180K(60096K)->59180K(60096K) NonClass: 52750K(53312K)->52750K(53312K) Class: 6429K(6784K)->6429K(6784K)
[2025-06-24T13:11:56.909+0000][1][gc          ] GC(12) Pause Young (Concurrent Start) (Metadata GC Threshold) 94M->57M(512M) 22.673ms
[2025-06-24T13:11:56.910+0000][1][gc,cpu      ] GC(12) User=0.09s Sys=0.00s Real=0.02s
[2025-06-24T13:11:56.910+0000][1][gc          ] GC(13) Concurrent Mark Cycle
[2025-06-24T13:11:56.911+0000][1][safepoint   ] Safepoint "CollectForMetadataAllocation", Time since last: 1228131169 ns, Reaching safepoint: 5508 ns, Cleanup: 82128 ns, At safepoint: 23730030 ns, Total: 23817666 ns
[2025-06-24T13:11:56.911+0000][1][gc,marking  ] GC(13) Concurrent Scan Root Regions
[2025-06-24T13:11:56.914+0000][1][gc,marking  ] GC(13) Concurrent Scan Root Regions 3.638ms
[2025-06-24T13:11:56.915+0000][1][gc,marking  ] GC(13) Concurrent Mark
[2025-06-24T13:11:56.916+0000][1][gc,marking  ] GC(13) Concurrent Mark From Roots
[2025-06-24T13:11:56.916+0000][1][gc,task     ] GC(13) Using 3 workers of 3 for marking
[2025-06-24T13:11:56.927+0000][1][gc,marking  ] GC(13) Concurrent Mark From Roots 11.141ms
[2025-06-24T13:11:56.927+0000][1][gc,marking  ] GC(13) Concurrent Preclean
[2025-06-24T13:11:56.928+0000][1][gc,marking  ] GC(13) Concurrent Preclean 0.678ms
[2025-06-24T13:11:56.929+0000][1][gc,start    ] GC(13) Pause Remark
[2025-06-24T13:11:56.936+0000][1][gc          ] GC(13) Pause Remark 58M->58M(512M) 7.474ms
[2025-06-24T13:11:56.937+0000][1][gc,cpu      ] GC(13) User=0.04s Sys=0.01s Real=0.01s
[2025-06-24T13:11:56.937+0000][1][safepoint   ] Safepoint "G1PauseRemark", Time since last: 18167325 ns, Reaching safepoint: 5511 ns, Cleanup: 5597 ns, At safepoint: 8598311 ns, Total: 8609419 ns
[2025-06-24T13:11:56.938+0000][1][gc,marking  ] GC(13) Concurrent Mark 22.826ms
[2025-06-24T13:11:56.938+0000][1][gc,marking  ] GC(13) Concurrent Rebuild Remembered Sets and Scrub Regions
[2025-06-24T13:11:56.944+0000][1][gc,marking  ] GC(13) Concurrent Rebuild Remembered Sets and Scrub Regions 5.553ms
[2025-06-24T13:11:56.944+0000][1][gc,start    ] GC(13) Pause Cleanup
[2025-06-24T13:11:56.945+0000][1][gc          ] GC(13) Pause Cleanup 58M->58M(512M) 0.601ms
[2025-06-24T13:11:56.945+0000][1][gc,cpu      ] GC(13) User=0.00s Sys=0.00s Real=0.00s
[2025-06-24T13:11:56.946+0000][1][safepoint   ] Safepoint "G1PauseCleanup", Time since last: 6773592 ns, Reaching safepoint: 246275 ns, Cleanup: 14928 ns, At safepoint: 1394796 ns, Total: 1655999 ns
[2025-06-24T13:11:56.946+0000][1][gc,marking  ] GC(13) Concurrent Clear Claimed Marks
[2025-06-24T13:11:56.947+0000][1][gc,marking  ] GC(13) Concurrent Clear Claimed Marks 0.615ms
[2025-06-24T13:11:56.948+0000][1][gc,marking  ] GC(13) Concurrent Cleanup for Next Mark
[2025-06-24T13:11:56.949+0000][1][gc,marking  ] GC(13) Concurrent Cleanup for Next Mark 1.653ms
[2025-06-24T13:11:56.951+0000][1][gc          ] GC(13) Concurrent Mark Cycle 40.907ms
[2025-06-24T13:11:58.047+0000][1][safepoint   ] Safepoint "Cleanup", Time since last: 1100517798 ns, Reaching safepoint: 29625 ns, Cleanup: 213318 ns, At safepoint: 44852 ns, Total: 287795 ns
[2025-06-24T13:11:58.372+0000][1][safepoint   ] Safepoint "Cleanup", Time since last: 1001232848 ns, Reaching safepoint: 142126 ns, Cleanup: 57303 ns, At safepoint: 104897 ns, Total: 304326 ns
[2025-06-24T13:11:59.376+0000][1][safepoint   ] Safepoint "Cleanup", Time since last: 1003646911 ns, Reaching safepoint: 248236 ns, Cleanup: 106586 ns, At safepoint: 55942 ns, Total: 410764 ns
[2025-06-24T13:12:00.779+0000][1][gc,start    ] GC(14) Pause Young (Prepare Mixed) (G1 Evacuation Pause)
[2025-06-24T13:12:00.782+0000][1][gc,task     ] GC(14) Using 12 workers of 13 for evacuation
[2025-06-24T13:12:00.784+0000][1][gc,age      ] GC(14) Desired survivor size 20447232 bytes, new threshold 15 (max threshold 15)
[2025-06-24T13:12:00.853+0000][1][gc,phases   ] GC(14)   Pre Evacuate Collection Set: 0.9ms
[2025-06-24T13:12:00.855+0000][1][gc,phases   ] GC(14)   Merge Heap Roots: 0.3ms
[2025-06-24T13:12:00.855+0000][1][gc,phases   ] GC(14)   Evacuate Collection Set: 62.0ms
[2025-06-24T13:12:00.855+0000][1][gc,phases   ] GC(14)   Post Evacuate Collection Set: 3.8ms
[2025-06-24T13:12:00.856+0000][1][gc,phases   ] GC(14)   Other: 4.3ms
[2025-06-24T13:12:00.856+0000][1][gc,age      ] GC(14) Age table with threshold 15 (max threshold 15)
[2025-06-24T13:12:00.856+0000][1][gc,age      ] GC(14) - age   1:   22172200 bytes,   22172200 total
[2025-06-24T13:12:00.857+0000][1][gc,age      ] GC(14) - age   2:    1306248 bytes,   23478448 total
[2025-06-24T13:12:00.857+0000][1][gc,age      ] GC(14) - age   3:    6100728 bytes,   29579176 total
[2025-06-24T13:12:00.857+0000][1][gc,age      ] GC(14) - age   4:    6037352 bytes,   35616528 total
[2025-06-24T13:12:00.858+0000][1][gc,age      ] GC(14) - age   5:    4225752 bytes,   39842280 total
[2025-06-24T13:12:00.858+0000][1][gc,heap     ] GC(14) Eden regions: 288->0(268)
[2025-06-24T13:12:00.858+0000][1][gc,heap     ] GC(14) Survivor regions: 19->39(39)
[2025-06-24T13:12:00.859+0000][1][gc,heap     ] GC(14) Old regions: 32->40
[2025-06-24T13:12:00.859+0000][1][gc,heap     ] GC(14) Humongous regions: 8->8
[2025-06-24T13:12:00.859+0000][1][gc,metaspace] GC(14) Metaspace: 69369K(70592K)->69369K(70592K) NonClass: 61535K(62272K)->61535K(62272K) Class: 7833K(8320K)->7833K(8320K)
[2025-06-24T13:12:00.860+0000][1][gc          ] GC(14) Pause Young (Prepare Mixed) (G1 Evacuation Pause) 345M->86M(512M) 81.108ms
[2025-06-24T13:12:00.860+0000][1][gc,cpu      ] GC(14) User=0.81s Sys=0.00s Real=0.08s
[2025-06-24T13:12:00.861+0000][1][safepoint   ] Safepoint "G1CollectForAllocation", Time since last: 1402616303 ns, Reaching safepoint: 26891 ns, Cleanup: 265387 ns, At safepoint: 82222473 ns, Total: 82514751 ns
[2025-06-24T13:12:01.866+0000][1][safepoint   ] Safepoint "Cleanup", Time since last: 1003140739 ns, Reaching safepoint: 2183270 ns, Cleanup: 44628 ns, At safepoint: 31708 ns, Total: 2259606 ns
[2025-06-24T13:12:02.871+0000][1][safepoint   ] Safepoint "Cleanup", Time since last: 1001311324 ns, Reaching safepoint: 3376430 ns, Cleanup: 29191 ns, At safepoint: 36258 ns, Total: 3441879 ns
[2025-06-24T13:12:03.874+0000][1][safepoint   ] Safepoint "Cleanup", Time since last: 1000848973 ns, Reaching safepoint: 2201762 ns, Cleanup: 146729 ns, At safepoint: 59835 ns, Total: 2408326 ns
[2025-06-24T13:12:04.877+0000][1][safepoint   ] Safepoint "Cleanup", Time since last: 1002388027 ns, Reaching safepoint: 208105 ns, Cleanup: 39999 ns, At safepoint: 31896 ns, Total: 280000 ns
[2025-06-24T13:12:05.740+0000][1][safepoint   ] Safepoint "ICBufferFull", Time since last: 862492327 ns, Reaching safepoint: 102999 ns, Cleanup: 90690 ns, At safepoint: 38527 ns, Total: 232216 ns
[2025-06-24T13:12:07.060+0000][1][gc,start    ] GC(15) Pause Young (Mixed) (Metadata GC Threshold)
[2025-06-24T13:12:07.060+0000][1][gc,task     ] GC(15) Using 12 workers of 13 for evacuation
[2025-06-24T13:12:07.061+0000][1][gc,age      ] GC(15) Desired survivor size 20447232 bytes, new threshold 1 (max threshold 15)
[2025-06-24T13:12:07.105+0000][1][gc,phases   ] GC(15)   Pre Evacuate Collection Set: 0.4ms
[2025-06-24T13:12:07.106+0000][1][gc,phases   ] GC(15)   Merge Heap Roots: 0.2ms
[2025-06-24T13:12:07.107+0000][1][gc,phases   ] GC(15)   Evacuate Collection Set: 40.3ms
[2025-06-24T13:12:07.108+0000][1][gc,phases   ] GC(15)   Post Evacuate Collection Set: 2.9ms
[2025-06-24T13:12:07.108+0000][1][gc,phases   ] GC(15)   Other: 1.1ms
[2025-06-24T13:12:07.109+0000][1][gc,age      ] GC(15) Age table with threshold 1 (max threshold 15)
[2025-06-24T13:12:07.109+0000][1][gc,age      ] GC(15) - age   1:    8462848 bytes,    8462848 total
[2025-06-24T13:12:07.110+0000][1][gc,heap     ] GC(15) Eden regions: 165->0(296)
[2025-06-24T13:12:07.110+0000][1][gc,heap     ] GC(15) Survivor regions: 39->11(39)
[2025-06-24T13:12:07.111+0000][1][gc,heap     ] GC(15) Old regions: 40->81
[2025-06-24T13:12:07.111+0000][1][gc,heap     ] GC(15) Humongous regions: 8->8
[2025-06-24T13:12:07.111+0000][1][gc,metaspace] GC(15) Metaspace: 99138K(100480K)->99138K(100480K) NonClass: 87675K(88448K)->87675K(88448K) Class: 11463K(12032K)->11463K(12032K)
[2025-06-24T13:12:07.112+0000][1][gc          ] GC(15) Pause Young (Mixed) (Metadata GC Threshold) 251M->99M(512M) 52.044ms
[2025-06-24T13:12:07.112+0000][1][gc,cpu      ] GC(15) User=0.48s Sys=0.00s Real=0.05s
[2025-06-24T13:12:07.113+0000][1][safepoint   ] Safepoint "CollectForMetadataAllocation", Time since last: 1319942138 ns, Reaching safepoint: 5989 ns, Cleanup: 65976 ns, At safepoint: 53115823 ns, Total: 53187788 ns
[2025-06-24T13:12:07.170+0000][1][gc,start    ] GC(16) Pause Young (Concurrent Start) (Metadata GC Threshold)
[2025-06-24T13:12:07.171+0000][1][gc,task     ] GC(16) Using 12 workers of 13 for evacuation
[2025-06-24T13:12:07.171+0000][1][gc,age      ] GC(16) Desired survivor size 20447232 bytes, new threshold 15 (max threshold 15)
[2025-06-24T13:12:07.180+0000][1][gc,phases   ] GC(16)   Pre Evacuate Collection Set: 0.9ms
[2025-06-24T13:12:07.181+0000][1][gc,phases   ] GC(16)   Merge Heap Roots: 0.2ms
[2025-06-24T13:12:07.181+0000][1][gc,phases   ] GC(16)   Evacuate Collection Set: 6.4ms
[2025-06-24T13:12:07.181+0000][1][gc,phases   ] GC(16)   Post Evacuate Collection Set: 1.0ms
[2025-06-24T13:12:07.182+0000][1][gc,phases   ] GC(16)   Other: 1.0ms
[2025-06-24T13:12:07.182+0000][1][gc,age      ] GC(16) Age table with threshold 15 (max threshold 15)
[2025-06-24T13:12:07.183+0000][1][gc,age      ] GC(16) - age   1:     874944 bytes,     874944 total
[2025-06-24T13:12:07.183+0000][1][gc,age      ] GC(16) - age   2:    8206192 bytes,    9081136 total
[2025-06-24T13:12:07.184+0000][1][gc,heap     ] GC(16) Eden regions: 4->0(297)
[2025-06-24T13:12:07.184+0000][1][gc,heap     ] GC(16) Survivor regions: 11->10(39)
[2025-06-24T13:12:07.184+0000][1][gc,heap     ] GC(16) Old regions: 81->81
[2025-06-24T13:12:07.185+0000][1][gc,heap     ] GC(16) Humongous regions: 8->8
[2025-06-24T13:12:07.185+0000][1][gc,metaspace] GC(16) Metaspace: 99438K(100800K)->99438K(100800K) NonClass: 87936K(88704K)->87936K(88704K) Class: 11502K(12096K)->11502K(12096K)
[2025-06-24T13:12:07.186+0000][1][gc          ] GC(16) Pause Young (Concurrent Start) (Metadata GC Threshold) 103M->98M(512M) 15.880ms
[2025-06-24T13:12:07.186+0000][1][gc,cpu      ] GC(16) User=0.05s Sys=0.01s Real=0.01s
[2025-06-24T13:12:07.186+0000][1][gc          ] GC(17) Concurrent Mark Cycle
[2025-06-24T13:12:07.187+0000][1][gc,marking  ] GC(17) Concurrent Scan Root Regions
[2025-06-24T13:12:07.189+0000][1][safepoint   ] Safepoint "CollectForMetadataAllocation", Time since last: 57234059 ns, Reaching safepoint: 5532 ns, Cleanup: 9474 ns, At safepoint: 18679345 ns, Total: 18694351 ns
[2025-06-24T13:12:07.190+0000][1][gc,marking  ] GC(17) Concurrent Scan Root Regions 3.289ms
[2025-06-24T13:12:07.191+0000][1][gc,marking  ] GC(17) Concurrent Mark
[2025-06-24T13:12:07.192+0000][1][gc,marking  ] GC(17) Concurrent Mark From Roots
[2025-06-24T13:12:07.192+0000][1][gc,task     ] GC(17) Using 3 workers of 3 for marking
[2025-06-24T13:12:07.226+0000][1][gc,marking  ] GC(17) Concurrent Mark From Roots 34.466ms
[2025-06-24T13:12:07.227+0000][1][gc,marking  ] GC(17) Concurrent Preclean
[2025-06-24T13:12:07.228+0000][1][gc,marking  ] GC(17) Concurrent Preclean 1.015ms
[2025-06-24T13:12:07.229+0000][1][gc,start    ] GC(17) Pause Remark
[2025-06-24T13:12:07.236+0000][1][gc          ] GC(17) Pause Remark 99M->99M(512M) 7.413ms
[2025-06-24T13:12:07.237+0000][1][gc,cpu      ] GC(17) User=0.03s Sys=0.01s Real=0.00s
[2025-06-24T13:12:07.238+0000][1][safepoint   ] Safepoint "G1PauseRemark", Time since last: 39932845 ns, Reaching safepoint: 198182 ns, Cleanup: 12520 ns, At safepoint: 8740101 ns, Total: 8950803 ns
[2025-06-24T13:12:07.238+0000][1][gc,marking  ] GC(17) Concurrent Mark 47.006ms
[2025-06-24T13:12:07.238+0000][1][gc,marking  ] GC(17) Concurrent Rebuild Remembered Sets and Scrub Regions
[2025-06-24T13:12:07.254+0000][1][gc,marking  ] GC(17) Concurrent Rebuild Remembered Sets and Scrub Regions 15.970ms
[2025-06-24T13:12:07.256+0000][1][gc,start    ] GC(17) Pause Cleanup
[2025-06-24T13:12:07.257+0000][1][gc          ] GC(17) Pause Cleanup 101M->101M(512M) 1.665ms
[2025-06-24T13:12:07.258+0000][1][gc,cpu      ] GC(17) User=0.00s Sys=0.00s Real=0.01s
[2025-06-24T13:12:07.259+0000][1][safepoint   ] Safepoint "G1PauseCleanup", Time since last: 17786881 ns, Reaching safepoint: 161928 ns, Cleanup: 14184 ns, At safepoint: 3009755 ns, Total: 3185867 ns
[2025-06-24T13:12:07.259+0000][1][gc,marking  ] GC(17) Concurrent Clear Claimed Marks
[2025-06-24T13:12:07.260+0000][1][gc,marking  ] GC(17) Concurrent Clear Claimed Marks 0.864ms
[2025-06-24T13:12:07.261+0000][1][gc,marking  ] GC(17) Concurrent Cleanup for Next Mark
[2025-06-24T13:12:07.264+0000][1][gc,marking  ] GC(17) Concurrent Cleanup for Next Mark 2.527ms
[2025-06-24T13:12:07.264+0000][1][gc          ] GC(17) Concurrent Mark Cycle 77.917ms
[2025-06-24T13:12:08.952+0000][1][safepoint   ] Safepoint "Cleanup", Time since last: 1692484346 ns, Reaching safepoint: 237161 ns, Cleanup: 366451 ns, At safepoint: 97805 ns, Total: 701417 ns
[2025-06-24T13:12:09.792+0000][1][safepoint   ] Safepoint "ICBufferFull", Time since last: 839739092 ns, Reaching safepoint: 3948 ns, Cleanup: 93575 ns, At safepoint: 1698 ns, Total: 99221 ns
[2025-06-24T13:12:10.794+0000][1][safepoint   ] Safepoint "Cleanup", Time since last: 1001751937 ns, Reaching safepoint: 427320 ns, Cleanup: 119016 ns, At safepoint: 48882 ns, Total: 595218 ns
[2025-06-24T13:12:11.800+0000][1][safepoint   ] Safepoint "Cleanup", Time since last: 1001391645 ns, Reaching safepoint: 4468564 ns, Cleanup: 83996 ns, At safepoint: 31986 ns, Total: 4584546 ns
[2025-06-24T13:12:13.678+0000][1][safepoint   ] Safepoint "Cleanup", Time since last: 1878334321 ns, Reaching safepoint: 16648 ns, Cleanup: 124831 ns, At safepoint: 3654 ns, Total: 145133 ns
[2025-06-24T13:12:14.680+0000][1][safepoint   ] Safepoint "Cleanup", Time since last: 1001245763 ns, Reaching safepoint: 13572 ns, Cleanup: 91661 ns, At safepoint: 3109 ns, Total: 108342 ns
[2025-06-24T13:12:14.984+0000][1][gc,start    ] GC(18) Pause Young (Prepare Mixed) (G1 Evacuation Pause)
[2025-06-24T13:12:14.985+0000][1][gc,task     ] GC(18) Using 12 workers of 13 for evacuation
[2025-06-24T13:12:14.985+0000][1][gc,age      ] GC(18) Desired survivor size 20447232 bytes, new threshold 15 (max threshold 15)
[2025-06-24T13:12:15.014+0000][1][gc,phases   ] GC(18)   Pre Evacuate Collection Set: 0.5ms
[2025-06-24T13:12:15.015+0000][1][gc,phases   ] GC(18)   Merge Heap Roots: 0.3ms
[2025-06-24T13:12:15.015+0000][1][gc,phases   ] GC(18)   Evacuate Collection Set: 23.2ms
[2025-06-24T13:12:15.015+0000][1][gc,phases   ] GC(18)   Post Evacuate Collection Set: 4.2ms
[2025-06-24T13:12:15.016+0000][1][gc,phases   ] GC(18)   Other: 1.3ms
[2025-06-24T13:12:15.016+0000][1][gc,age      ] GC(18) Age table with threshold 15 (max threshold 15)
[2025-06-24T13:12:15.017+0000][1][gc,age      ] GC(18) - age   1:   20581976 bytes,   20581976 total
[2025-06-24T13:12:15.017+0000][1][gc,age      ] GC(18) - age   2:     748480 bytes,   21330456 total
[2025-06-24T13:12:15.018+0000][1][gc,age      ] GC(18) - age   3:    7920248 bytes,   29250704 total
[2025-06-24T13:12:15.018+0000][1][gc,heap     ] GC(18) Eden regions: 297->0(260)
[2025-06-24T13:12:15.019+0000][1][gc,heap     ] GC(18) Survivor regions: 10->30(39)
[2025-06-24T13:12:15.020+0000][1][gc,heap     ] GC(18) Old regions: 81->81
[2025-06-24T13:12:15.020+0000][1][gc,heap     ] GC(18) Humongous regions: 8->8
[2025-06-24T13:12:15.021+0000][1][gc,metaspace] GC(18) Metaspace: 142559K(146112K)->142559K(146112K) NonClass: 124652K(126464K)->124652K(126464K) Class: 17906K(19648K)->17906K(19648K)
[2025-06-24T13:12:15.021+0000][1][gc          ] GC(18) Pause Young (Prepare Mixed) (G1 Evacuation Pause) 395M->118M(512M) 37.067ms
[2025-06-24T13:12:15.021+0000][1][gc,cpu      ] GC(18) User=0.30s Sys=0.00s Real=0.04s
[2025-06-24T13:12:15.022+0000][1][safepoint   ] Safepoint "G1CollectForAllocation", Time since last: 304090179 ns, Reaching safepoint: 31047 ns, Cleanup: 44296 ns, At safepoint: 38253858 ns, Total: 38329201 ns
[2025-06-24T13:12:16.023+0000][1][safepoint   ] Safepoint "Cleanup", Time since last: 1000667714 ns, Reaching safepoint: 102498 ns, Cleanup: 56220 ns, At safepoint: 55110 ns, Total: 213828 ns
[2025-06-24T13:12:17.124+0000][1][safepoint   ] Safepoint "Cleanup", Time since last: 1100540667 ns, Reaching safepoint: 267839 ns, Cleanup: 151880 ns, At safepoint: 62677 ns, Total: 482396 ns
[2025-06-24T13:12:18.141+0000][1][safepoint   ] Safepoint "Cleanup", Time since last: 1016181933 ns, Reaching safepoint: 274170 ns, Cleanup: 137609 ns, At safepoint: 251826 ns, Total: 663605 ns
[2025-06-24T13:12:19.575+0000][1][safepoint   ] Safepoint "Cleanup", Time since last: 1434168776 ns, Reaching safepoint: 16588 ns, Cleanup: 41426 ns, At safepoint: 2933 ns, Total: 60947 ns
[2025-06-24T13:12:20.576+0000][1][safepoint   ] Safepoint "Cleanup", Time since last: 1000978590 ns, Reaching safepoint: 15306 ns, Cleanup: 80587 ns, At safepoint: 3891 ns, Total: 99784 ns
[2025-06-24T13:12:21.488+0000][1][safepoint   ] Safepoint "ICBufferFull", Time since last: 911680578 ns, Reaching safepoint: 78316 ns, Cleanup: 432331 ns, At safepoint: 126067 ns, Total: 636714 ns
[2025-06-24T13:12:22.490+0000][1][safepoint   ] Safepoint "Cleanup", Time since last: 1001435785 ns, Reaching safepoint: 53198 ns, Cleanup: 220008 ns, At safepoint: 28703 ns, Total: 301909 ns
[2025-06-24T13:12:23.441+0000][1][safepoint   ] Safepoint "ICBufferFull", Time since last: 950091118 ns, Reaching safepoint: 82832 ns, Cleanup: 231336 ns, At safepoint: 10567 ns, Total: 324735 ns
[2025-06-24T13:12:24.552+0000][1][safepoint   ] Safepoint "Cleanup", Time since last: 1111548524 ns, Reaching safepoint: 102794 ns, Cleanup: 87795 ns, At safepoint: 44489 ns, Total: 235078 ns
[2025-06-24T13:12:26.418+0000][1][safepoint   ] Safepoint "Cleanup", Time since last: 1865547917 ns, Reaching safepoint: 63072 ns, Cleanup: 263858 ns, At safepoint: 116917 ns, Total: 443847 ns
[2025-06-24T13:12:27.421+0000][1][safepoint   ] Safepoint "Cleanup", Time since last: 1002248588 ns, Reaching safepoint: 38809 ns, Cleanup: 97619 ns, At safepoint: 18444 ns, Total: 154872 ns
[2025-06-24T13:12:27.826+0000][1][safepoint   ] Safepoint "Cleanup", Time since last: 1001104082 ns, Reaching safepoint: 60680 ns, Cleanup: 108056 ns, At safepoint: 8705 ns, Total: 177441 ns
[2025-06-24T13:12:28.827+0000][1][safepoint   ] Safepoint "Cleanup", Time since last: 1000810451 ns, Reaching safepoint: 177758 ns, Cleanup: 187994 ns, At safepoint: 27897 ns, Total: 393649 ns
[2025-06-24T13:12:29.830+0000][1][safepoint   ] Safepoint "Cleanup", Time since last: 1000950802 ns, Reaching safepoint: 834064 ns, Cleanup: 469824 ns, At safepoint: 283877 ns, Total: 1587765 ns
[2025-06-24T13:12:31.829+0000][1][safepoint   ] Safepoint "Cleanup", Time since last: 1998788635 ns, Reaching safepoint: 123257 ns, Cleanup: 108554 ns, At safepoint: 9339 ns, Total: 241150 ns
[2025-06-24T13:12:32.831+0000][1][safepoint   ] Safepoint "Cleanup", Time since last: 1002386018 ns, Reaching safepoint: 55632 ns, Cleanup: 19403 ns, At safepoint: 5629 ns, Total: 80664 ns
[2025-06-24T13:12:33.834+0000][1][safepoint   ] Safepoint "Cleanup", Time since last: 1003233219 ns, Reaching safepoint: 24579 ns, Cleanup: 32720 ns, At safepoint: 3853 ns, Total: 61152 ns
[2025-06-24T13:12:35.848+0000][1][safepoint   ] Safepoint "Cleanup", Time since last: 2013601444 ns, Reaching safepoint: 87176 ns, Cleanup: 37883 ns, At safepoint: 8423 ns, Total: 133482 ns
[2025-06-24T13:12:36.850+0000][1][safepoint   ] Safepoint "Cleanup", Time since last: 1001701174 ns, Reaching safepoint: 133351 ns, Cleanup: 180338 ns, At safepoint: 41737 ns, Total: 355426 ns
[2025-06-24T13:12:38.853+0000][1][safepoint   ] Safepoint "Cleanup", Time since last: 2003198541 ns, Reaching safepoint: 75455 ns, Cleanup: 28936 ns, At safepoint: 6126 ns, Total: 110517 ns
[2025-06-24T13:12:40.409+0000][1][safepoint   ] Safepoint "Cleanup", Time since last: 1555816530 ns, Reaching safepoint: 21952 ns, Cleanup: 30673 ns, At safepoint: 2686 ns, Total: 55311 ns
[2025-06-24T13:12:41.414+0000][1][safepoint   ] Safepoint "Cleanup", Time since last: 1004246918 ns, Reaching safepoint: 16221 ns, Cleanup: 44167 ns, At safepoint: 4139 ns, Total: 64527 ns
[2025-06-24T13:12:43.418+0000][1][safepoint   ] Safepoint "Cleanup", Time since last: 2004463189 ns, Reaching safepoint: 85657 ns, Cleanup: 37602 ns, At safepoint: 8982 ns, Total: 132241 ns
[2025-06-24T13:12:44.421+0000][1][safepoint   ] Safepoint "Cleanup", Time since last: 1002373793 ns, Reaching safepoint: 78398 ns, Cleanup: 76839 ns, At safepoint: 10512 ns, Total: 165749 ns
[2025-06-24T13:12:45.434+0000][1][safepoint   ] Safepoint "Cleanup", Time since last: 1013069035 ns, Reaching safepoint: 11928 ns, Cleanup: 9036 ns, At safepoint: 2721 ns, Total: 23685 ns
[2025-06-24T13:12:46.435+0000][1][safepoint   ] Safepoint "Cleanup", Time since last: 1000886826 ns, Reaching safepoint: 17704 ns, Cleanup: 39180 ns, At safepoint: 5564 ns, Total: 62448 ns
[2025-06-24T13:12:47.438+0000][1][safepoint   ] Safepoint "Cleanup", Time since last: 1003397257 ns, Reaching safepoint: 21631 ns, Cleanup: 23966 ns, At safepoint: 6176 ns, Total: 51773 ns
[2025-06-24T13:12:48.444+0000][1][safepoint   ] Safepoint "Cleanup", Time since last: 1005869508 ns, Reaching safepoint: 19987 ns, Cleanup: 19276 ns, At safepoint: 4460 ns, Total: 43723 ns
[2025-06-24T13:12:49.457+0000][1][safepoint   ] Safepoint "Cleanup", Time since last: 1012407865 ns, Reaching safepoint: 31954 ns, Cleanup: 36193 ns, At safepoint: 8899 ns, Total: 77046 ns
[2025-06-24T13:12:50.468+0000][1][safepoint   ] Safepoint "Cleanup", Time since last: 1010869875 ns, Reaching safepoint: 22877 ns, Cleanup: 25079 ns, At safepoint: 4015 ns, Total: 51971 ns
[2025-06-24T13:12:51.472+0000][1][safepoint   ] Safepoint "Cleanup", Time since last: 1004567312 ns, Reaching safepoint: 15761 ns, Cleanup: 14526 ns, At safepoint: 3805 ns, Total: 34092 ns
[2025-06-24T13:12:52.476+0000][1][safepoint   ] Safepoint "Cleanup", Time since last: 1003835182 ns, Reaching safepoint: 25762 ns, Cleanup: 63457 ns, At safepoint: 7814 ns, Total: 97033 ns
[2025-06-24T13:12:53.484+0000][1][safepoint   ] Safepoint "Cleanup", Time since last: 1007688405 ns, Reaching safepoint: 21067 ns, Cleanup: 20449 ns, At safepoint: 6333 ns, Total: 47849 ns
[2025-06-24T13:12:54.495+0000][1][safepoint   ] Safepoint "Cleanup", Time since last: 1011529079 ns, Reaching safepoint: 31772 ns, Cleanup: 28429 ns, At safepoint: 4019 ns, Total: 64220 ns
[2025-06-24T13:12:57.872+0000][1][safepoint   ] Safepoint "Cleanup", Time since last: 4016666326 ns, Reaching safepoint: 1082747 ns, Cleanup: 169284 ns, At safepoint: 120174 ns, Total: 1372205 ns
[2025-06-24T13:12:58.874+0000][1][safepoint   ] Safepoint "Cleanup", Time since last: 1001579516 ns, Reaching safepoint: 63509 ns, Cleanup: 18386 ns, At safepoint: 4589 ns, Total: 86484 ns
[2025-06-24T13:12:59.878+0000][1][safepoint   ] Safepoint "Cleanup", Time since last: 1003619519 ns, Reaching safepoint: 61709 ns, Cleanup: 14421 ns, At safepoint: 4305 ns, Total: 80435 ns
[2025-06-24T13:13:00.880+0000][1][safepoint   ] Safepoint "Cleanup", Time since last: 1001805369 ns, Reaching safepoint: 18940 ns, Cleanup: 16696 ns, At safepoint: 3702 ns, Total: 39338 ns
[2025-06-24T13:13:05.884+0000][1][safepoint   ] Safepoint "Cleanup", Time since last: 5004468361 ns, Reaching safepoint: 21572 ns, Cleanup: 14458 ns, At safepoint: 3962 ns, Total: 39992 ns
[2025-06-24T13:13:07.887+0000][1][safepoint   ] Safepoint "Cleanup", Time since last: 2002399740 ns, Reaching safepoint: 14136 ns, Cleanup: 13927 ns, At safepoint: 3024 ns, Total: 31087 ns
[2025-06-24T13:13:08.889+0000][1][safepoint   ] Safepoint "Cleanup", Time since last: 1002075685 ns, Reaching safepoint: 30316 ns, Cleanup: 26816 ns, At safepoint: 7433 ns, Total: 64565 ns
[2025-06-24T13:13:10.892+0000][1][safepoint   ] Safepoint "Cleanup", Time since last: 2003474637 ns, Reaching safepoint: 27888 ns, Cleanup: 19871 ns, At safepoint: 24126 ns, Total: 71885 ns
[2025-06-24T13:13:13.903+0000][1][safepoint   ] Safepoint "Cleanup", Time since last: 3010402624 ns, Reaching safepoint: 69660 ns, Cleanup: 29394 ns, At safepoint: 8450 ns, Total: 107504 ns
[2025-06-24T13:13:15.905+0000][1][safepoint   ] Safepoint "Cleanup", Time since last: 2002287508 ns, Reaching safepoint: 18222 ns, Cleanup: 25752 ns, At safepoint: 6240 ns, Total: 50214 ns
[2025-06-24T13:13:16.923+0000][1][safepoint   ] Safepoint "Cleanup", Time since last: 1018020626 ns, Reaching safepoint: 18646 ns, Cleanup: 17510 ns, At safepoint: 3147 ns, Total: 39303 ns
[2025-06-24T13:13:18.943+0000][1][safepoint   ] Safepoint "Cleanup", Time since last: 2019677500 ns, Reaching safepoint: 134625 ns, Cleanup: 54922 ns, At safepoint: 12702 ns, Total: 202249 ns
[2025-06-24T13:13:25.957+0000][1][safepoint   ] Safepoint "Cleanup", Time since last: 7014102986 ns, Reaching safepoint: 95200 ns, Cleanup: 83720 ns, At safepoint: 15075 ns, Total: 193995 ns
[2025-06-24T13:13:31.393+0000][1][safepoint   ] Safepoint "Cleanup", Time since last: 6014646414 ns, Reaching safepoint: 87668 ns, Cleanup: 16040 ns, At safepoint: 5950 ns, Total: 109658 ns
[2025-06-24T13:13:33.399+0000][1][safepoint   ] Safepoint "Cleanup", Time since last: 2006343440 ns, Reaching safepoint: 23763 ns, Cleanup: 23001 ns, At safepoint: 6377 ns, Total: 53141 ns
[2025-06-24T13:13:34.414+0000][1][safepoint   ] Safepoint "Cleanup", Time since last: 1014844833 ns, Reaching safepoint: 29492 ns, Cleanup: 19406 ns, At safepoint: 4765 ns, Total: 53663 ns
[2025-06-24T13:13:35.415+0000][1][safepoint   ] Safepoint "Cleanup", Time since last: 1000866178 ns, Reaching safepoint: 77063 ns, Cleanup: 21473 ns, At safepoint: 7726 ns, Total: 106262 ns
[2025-06-24T13:13:37.417+0000][1][safepoint   ] Safepoint "Cleanup", Time since last: 2001817705 ns, Reaching safepoint: 91125 ns, Cleanup: 25392 ns, At safepoint: 10033 ns, Total: 126550 ns
[2025-06-24T13:13:38.418+0000][1][safepoint   ] Safepoint "Cleanup", Time since last: 1001500049 ns, Reaching safepoint: 65983 ns, Cleanup: 51404 ns, At safepoint: 9188 ns, Total: 126575 ns
[2025-06-24T13:13:40.347+0000][1][safepoint   ] Safepoint "Cleanup", Time since last: 1927401918 ns, Reaching safepoint: 461311 ns, Cleanup: 363069 ns, At safepoint: 40021 ns, Total: 864401 ns
[2025-06-24T13:13:42.366+0000][1][safepoint   ] Safepoint "Cleanup", Time since last: 2018714304 ns, Reaching safepoint: 95321 ns, Cleanup: 39675 ns, At safepoint: 13886 ns, Total: 148882 ns
[2025-06-24T13:13:43.368+0000][1][safepoint   ] Safepoint "Cleanup", Time since last: 1001871310 ns, Reaching safepoint: 88000 ns, Cleanup: 349012 ns, At safepoint: 40615 ns, Total: 477627 ns
[2025-06-24T13:13:45.374+0000][1][safepoint   ] Safepoint "Cleanup", Time since last: 2005330613 ns, Reaching safepoint: 227585 ns, Cleanup: 49477 ns, At safepoint: 10787 ns, Total: 287849 ns
[2025-06-24T13:13:48.380+0000][1][safepoint   ] Safepoint "Cleanup", Time since last: 3005904799 ns, Reaching safepoint: 21525 ns, Cleanup: 24989 ns, At safepoint: 5816 ns, Total: 52330 ns
[2025-06-24T13:13:50.394+0000][1][safepoint   ] Safepoint "Cleanup", Time since last: 2014690720 ns, Reaching safepoint: 63822 ns, Cleanup: 83205 ns, At safepoint: 6974 ns, Total: 154001 ns
[2025-06-24T13:13:51.399+0000][1][safepoint   ] Safepoint "Cleanup", Time since last: 1005052287 ns, Reaching safepoint: 29647 ns, Cleanup: 17870 ns, At safepoint: 4683 ns, Total: 52200 ns
[2025-06-24T13:13:53.423+0000][1][safepoint   ] Safepoint "Cleanup", Time since last: 2023675561 ns, Reaching safepoint: 33007 ns, Cleanup: 24702 ns, At safepoint: 4982 ns, Total: 62691 ns
[2025-06-24T13:13:55.438+0000][1][safepoint   ] Safepoint "Cleanup", Time since last: 2015039343 ns, Reaching safepoint: 34896 ns, Cleanup: 20483 ns, At safepoint: 4473 ns, Total: 59852 ns
[2025-06-24T13:13:55.825+0000][1][safepoint   ] Safepoint "Cleanup", Time since last: 1002008300 ns, Reaching safepoint: 34111 ns, Cleanup: 16213 ns, At safepoint: 4768 ns, Total: 55092 ns
[2025-06-24T13:13:57.826+0000][1][safepoint   ] Safepoint "Cleanup", Time since last: 2000912468 ns, Reaching safepoint: 42742 ns, Cleanup: 17689 ns, At safepoint: 4855 ns, Total: 65286 ns
[2025-06-24T13:13:59.832+0000][1][safepoint   ] Safepoint "Cleanup", Time since last: 2004779361 ns, Reaching safepoint: 827215 ns, Cleanup: 24441 ns, At safepoint: 59690 ns, Total: 911346 ns
[2025-06-24T13:14:00.835+0000][1][safepoint   ] Safepoint "Cleanup", Time since last: 1002650302 ns, Reaching safepoint: 15472 ns, Cleanup: 15919 ns, At safepoint: 3804 ns, Total: 35195 ns
[2025-06-24T13:14:02.854+0000][1][safepoint   ] Safepoint "Cleanup", Time since last: 2019167449 ns, Reaching safepoint: 32627 ns, Cleanup: 35032 ns, At safepoint: 8626 ns, Total: 76285 ns
[2025-06-24T13:14:04.889+0000][1][safepoint   ] Safepoint "Cleanup", Time since last: 2035263547 ns, Reaching safepoint: 32050 ns, Cleanup: 37589 ns, At safepoint: 7392 ns, Total: 77031 ns
[2025-06-24T13:14:09.913+0000][1][safepoint   ] Safepoint "Cleanup", Time since last: 5014922219 ns, Reaching safepoint: 7942447 ns, Cleanup: 177779 ns, At safepoint: 330874 ns, Total: 8451100 ns
[2025-06-24T13:14:11.946+0000][1][safepoint   ] Safepoint "Cleanup", Time since last: 2008928206 ns, Reaching safepoint: 24278611 ns, Cleanup: 19614 ns, At safepoint: 81132 ns, Total: 24379357 ns
[2025-06-24T13:14:14.949+0000][1][safepoint   ] Safepoint "Cleanup", Time since last: 3003111797 ns, Reaching safepoint: 69590 ns, Cleanup: 26925 ns, At safepoint: 8021 ns, Total: 104536 ns
[2025-06-24T13:14:19.955+0000][1][safepoint   ] Safepoint "Cleanup", Time since last: 5005732677 ns, Reaching safepoint: 30154 ns, Cleanup: 17563 ns, At safepoint: 5391 ns, Total: 53108 ns
[2025-06-24T13:14:22.987+0000][1][safepoint   ] Safepoint "Cleanup", Time since last: 3032264266 ns, Reaching safepoint: 14413 ns, Cleanup: 11809 ns, At safepoint: 3296 ns, Total: 29518 ns
[2025-06-24T13:14:27.359+0000][1][safepoint   ] Safepoint "Cleanup", Time since last: 5019906883 ns, Reaching safepoint: 38214 ns, Cleanup: 16099 ns, At safepoint: 3583 ns, Total: 57896 ns
[2025-06-24T13:14:29.372+0000][1][safepoint   ] Safepoint "Cleanup", Time since last: 2011478562 ns, Reaching safepoint: 697069 ns, Cleanup: 23975 ns, At safepoint: 4915 ns, Total: 725959 ns
[2025-06-24T13:14:31.382+0000][1][safepoint   ] Safepoint "Cleanup", Time since last: 2010299729 ns, Reaching safepoint: 51057 ns, Cleanup: 26536 ns, At safepoint: 7664 ns, Total: 85257 ns
[2025-06-24T13:14:36.436+0000][1][safepoint   ] Safepoint "Cleanup", Time since last: 5054432786 ns, Reaching safepoint: 64874 ns, Cleanup: 22768 ns, At safepoint: 7147 ns, Total: 94789 ns
[2025-06-24T13:14:39.220+0000][1][safepoint   ] Safepoint "Cleanup", Time since last: 2783310508 ns, Reaching safepoint: 48303 ns, Cleanup: 29937 ns, At safepoint: 6584 ns, Total: 84824 ns
[2025-06-24T13:14:42.246+0000][1][safepoint   ] Safepoint "Cleanup", Time since last: 3025838244 ns, Reaching safepoint: 107199 ns, Cleanup: 58058 ns, At safepoint: 9791 ns, Total: 175048 ns
[2025-06-24T13:14:44.256+0000][1][safepoint   ] Safepoint "Cleanup", Time since last: 2010269929 ns, Reaching safepoint: 85127 ns, Cleanup: 50789 ns, At safepoint: 81605 ns, Total: 217521 ns
[2025-06-24T13:14:47.287+0000][1][safepoint   ] Safepoint "Cleanup", Time since last: 3030842427 ns, Reaching safepoint: 62563 ns, Cleanup: 68524 ns, At safepoint: 5582 ns, Total: 136669 ns
[2025-06-24T13:14:49.321+0000][1][safepoint   ] Safepoint "Cleanup", Time since last: 2033377280 ns, Reaching safepoint: 204394 ns, Cleanup: 201956 ns, At safepoint: 27008 ns, Total: 433358 ns
[2025-06-24T13:14:52.339+0000][1][safepoint   ] Safepoint "Cleanup", Time since last: 3017545849 ns, Reaching safepoint: 27156 ns, Cleanup: 18635 ns, At safepoint: 3669 ns, Total: 49460 ns
[2025-06-24T13:14:54.341+0000][1][safepoint   ] Safepoint "Cleanup", Time since last: 2002209080 ns, Reaching safepoint: 26277 ns, Cleanup: 21513 ns, At safepoint: 7321 ns, Total: 55111 ns
[2025-06-24T13:14:56.787+0000][1][safepoint   ] Safepoint "Cleanup", Time since last: 3028157667 ns, Reaching safepoint: 510224 ns, Cleanup: 13555 ns, At safepoint: 34168 ns, Total: 557947 ns
[2025-06-24T13:15:01.799+0000][1][safepoint   ] Safepoint "Cleanup", Time since last: 5011968921 ns, Reaching safepoint: 66766 ns, Cleanup: 14733 ns, At safepoint: 4608 ns, Total: 86107 ns
[2025-06-24T13:15:05.829+0000][1][safepoint   ] Safepoint "Cleanup", Time since last: 4028631726 ns, Reaching safepoint: 996114 ns, Cleanup: 115821 ns, At safepoint: 34388 ns, Total: 1146323 ns
[2025-06-24T13:15:06.698+0000][1][gc,start    ] GC(19) Pause Young (Mixed) (G1 Evacuation Pause)
[2025-06-24T13:15:06.706+0000][1][gc,task     ] GC(19) Using 13 workers of 13 for evacuation
[2025-06-24T13:15:06.708+0000][1][gc,age      ] GC(19) Desired survivor size 19398656 bytes, new threshold 1 (max threshold 15)
[2025-06-24T13:15:07.464+0000][1][gc,mmu      ] GC(19) MMU target violated: 201.0ms (200.0ms/201.0ms)
[2025-06-24T13:15:07.465+0000][1][gc,phases   ] GC(19)   Pre Evacuate Collection Set: 42.9ms
[2025-06-24T13:15:07.466+0000][1][gc,phases   ] GC(19)   Merge Heap Roots: 5.9ms
[2025-06-24T13:15:07.466+0000][1][gc,phases   ] GC(19)   Evacuate Collection Set: 675.9ms
[2025-06-24T13:15:07.467+0000][1][gc,phases   ] GC(19)   Post Evacuate Collection Set: 26.8ms
[2025-06-24T13:15:07.468+0000][1][gc,phases   ] GC(19)   Other: 11.5ms
[2025-06-24T13:15:07.468+0000][1][gc,age      ] GC(19) Age table with threshold 1 (max threshold 15)
[2025-06-24T13:15:07.468+0000][1][gc,age      ] GC(19) - age   1:    8351768 bytes,    8351768 total
[2025-06-24T13:15:07.469+0000][1][gc,heap     ] GC(19) Eden regions: 260->0(271)
[2025-06-24T13:15:07.469+0000][1][gc,heap     ] GC(19) Survivor regions: 30->11(37)
[2025-06-24T13:15:07.469+0000][1][gc,heap     ] GC(19) Old regions: 81->108
[2025-06-24T13:15:07.469+0000][1][gc,heap     ] GC(19) Humongous regions: 8->8
[2025-06-24T13:15:07.470+0000][1][gc,metaspace] GC(19) Metaspace: 152540K(156224K)->152540K(156224K) NonClass: 133420K(135360K)->133420K(135360K) Class: 19119K(20864K)->19119K(20864K)
[2025-06-24T13:15:07.471+0000][1][gc          ] GC(19) Pause Young (Mixed) (G1 Evacuation Pause) 378M->126M(512M) 772.464ms
[2025-06-24T13:15:07.471+0000][1][gc,cpu      ] GC(19) User=5.71s Sys=0.12s Real=0.77s
[2025-06-24T13:15:07.472+0000][1][safepoint   ] Safepoint "G1CollectForAllocation", Time since last: 865855651 ns, Reaching safepoint: 60398 ns, Cleanup: 60343 ns, At safepoint: 776488244 ns, Total: 776608985 ns
[2025-06-24T13:15:08.475+0000][1][safepoint   ] Safepoint "Cleanup", Time since last: 1000876212 ns, Reaching safepoint: 2218937 ns, Cleanup: 73905 ns, At safepoint: 162625 ns, Total: 2455467 ns
[2025-06-24T13:15:09.477+0000][1][safepoint   ] Safepoint "Cleanup", Time since last: 1000930505 ns, Reaching safepoint: 118225 ns, Cleanup: 834378 ns, At safepoint: 92895 ns, Total: 1045498 ns
[2025-06-24T13:15:10.500+0000][1][safepoint   ] Safepoint "Cleanup", Time since last: 1000786685 ns, Reaching safepoint: 21828929 ns, Cleanup: 48096 ns, At safepoint: 76526 ns, Total: 21953551 ns
[2025-06-24T13:15:11.503+0000][1][safepoint   ] Safepoint "Cleanup", Time since last: 1000929867 ns, Reaching safepoint: 2599578 ns, Cleanup: 51563 ns, At safepoint: 92811 ns, Total: 2743952 ns
[2025-06-24T13:15:12.505+0000][1][safepoint   ] Safepoint "Cleanup", Time since last: 1000798939 ns, Reaching safepoint: 353780 ns, Cleanup: 96189 ns, At safepoint: 63621 ns, Total: 513590 ns
[2025-06-24T13:15:13.906+0000][1][safepoint   ] Safepoint "Cleanup", Time since last: 1401019547 ns, Reaching safepoint: 6144 ns, Cleanup: 70633 ns, At safepoint: 13616 ns, Total: 90393 ns
[2025-06-24T13:15:14.927+0000][1][safepoint   ] Safepoint "Cleanup", Time since last: 1021495815 ns, Reaching safepoint: 161945 ns, Cleanup: 55858 ns, At safepoint: 7873 ns, Total: 225676 ns
[2025-06-24T13:15:16.592+0000][1][safepoint   ] Safepoint "Cleanup", Time since last: 1664787057 ns, Reaching safepoint: 43993 ns, Cleanup: 78019 ns, At safepoint: 30200 ns, Total: 152212 ns
[2025-06-24T13:15:18.607+0000][1][safepoint   ] Safepoint "Cleanup", Time since last: 2014940096 ns, Reaching safepoint: 50434 ns, Cleanup: 26613 ns, At safepoint: 8515 ns, Total: 85562 ns
[2025-06-24T13:15:24.999+0000][1][safepoint   ] Safepoint "Cleanup", Time since last: 7069860480 ns, Reaching safepoint: 20179 ns, Cleanup: 15813 ns, At safepoint: 4231 ns, Total: 40223 ns
[2025-06-24T13:15:29.007+0000][1][safepoint   ] Safepoint "Cleanup", Time since last: 4006951251 ns, Reaching safepoint: 100972 ns, Cleanup: 28890 ns, At safepoint: 8621 ns, Total: 138483 ns
[2025-06-24T13:15:33.010+0000][1][safepoint   ] Safepoint "Cleanup", Time since last: 4003303517 ns, Reaching safepoint: 105617 ns, Cleanup: 16210 ns, At safepoint: 5476 ns, Total: 127303 ns
[2025-06-24T13:15:34.011+0000][1][safepoint   ] Safepoint "Cleanup", Time since last: 1001043587 ns, Reaching safepoint: 81831 ns, Cleanup: 30302 ns, At safepoint: 9045 ns, Total: 121178 ns
[2025-06-24T13:15:38.090+0000][1][safepoint   ] Safepoint "Cleanup", Time since last: 4078380729 ns, Reaching safepoint: 158432 ns, Cleanup: 100496 ns, At safepoint: 15271 ns, Total: 274199 ns
[2025-06-24T13:15:40.093+0000][1][safepoint   ] Safepoint "Cleanup", Time since last: 2002829078 ns, Reaching safepoint: 121727 ns, Cleanup: 24723 ns, At safepoint: 49336 ns, Total: 195786 ns
[2025-06-24T13:15:42.094+0000][1][safepoint   ] Safepoint "Cleanup", Time since last: 2001056493 ns, Reaching safepoint: 75814 ns, Cleanup: 23580 ns, At safepoint: 5023 ns, Total: 104417 ns
[2025-06-24T13:15:43.095+0000][1][safepoint   ] Safepoint "Cleanup", Time since last: 1000961058 ns, Reaching safepoint: 37672 ns, Cleanup: 16175 ns, At safepoint: 3652 ns, Total: 57499 ns
[2025-06-24T13:15:48.098+0000][1][safepoint   ] Safepoint "Cleanup", Time since last: 5002674878 ns, Reaching safepoint: 66323 ns, Cleanup: 26636 ns, At safepoint: 4836 ns, Total: 97795 ns
[2025-06-24T13:15:50.105+0000][1][safepoint   ] Safepoint "Cleanup", Time since last: 2007531652 ns, Reaching safepoint: 16772 ns, Cleanup: 13692 ns, At safepoint: 3768 ns, Total: 34232 ns
[2025-06-24T13:15:51.106+0000][1][safepoint   ] Safepoint "Cleanup", Time since last: 1000911061 ns, Reaching safepoint: 61445 ns, Cleanup: 27816 ns, At safepoint: 9675 ns, Total: 98936 ns
[2025-06-24T13:15:55.527+0000][1][safepoint   ] Safepoint "Cleanup", Time since last: 5006336202 ns, Reaching safepoint: 67740 ns, Cleanup: 29932 ns, At safepoint: 5375 ns, Total: 103047 ns
[2025-06-24T13:15:57.529+0000][1][safepoint   ] Safepoint "Cleanup", Time since last: 2001226261 ns, Reaching safepoint: 686836 ns, Cleanup: 28808 ns, At safepoint: 49357 ns, Total: 765001 ns
[2025-06-24T13:16:00.538+0000][1][safepoint   ] Safepoint "Cleanup", Time since last: 3008732264 ns, Reaching safepoint: 70509 ns, Cleanup: 18011 ns, At safepoint: 4651 ns, Total: 93171 ns
[2025-06-24T13:16:05.545+0000][1][safepoint   ] Safepoint "Cleanup", Time since last: 5006449991 ns, Reaching safepoint: 23831 ns, Cleanup: 20450 ns, At safepoint: 6901 ns, Total: 51182 ns
[2025-06-24T13:16:07.548+0000][1][safepoint   ] Safepoint "Cleanup", Time since last: 2003260097 ns, Reaching safepoint: 33977 ns, Cleanup: 32313 ns, At safepoint: 4871 ns, Total: 71161 ns
[2025-06-24T13:16:09.550+0000][1][safepoint   ] Safepoint "Cleanup", Time since last: 2001702351 ns, Reaching safepoint: 446620 ns, Cleanup: 14362 ns, At safepoint: 85956 ns, Total: 546938 ns
[2025-06-24T13:16:10.552+0000][1][safepoint   ] Safepoint "Cleanup", Time since last: 1001261287 ns, Reaching safepoint: 34511 ns, Cleanup: 37150 ns, At safepoint: 9569 ns, Total: 81230 ns
[2025-06-24T13:16:12.553+0000][1][safepoint   ] Safepoint "Cleanup", Time since last: 2001430989 ns, Reaching safepoint: 29239 ns, Cleanup: 17114 ns, At safepoint: 4371 ns, Total: 50724 ns
[2025-06-24T13:16:15.556+0000][1][safepoint   ] Safepoint "Cleanup", Time since last: 3003260649 ns, Reaching safepoint: 59958 ns, Cleanup: 14644 ns, At safepoint: 4634 ns, Total: 79236 ns
[2025-06-24T13:16:22.563+0000][1][safepoint   ] Safepoint "Cleanup", Time since last: 7006484876 ns, Reaching safepoint: 336042 ns, Cleanup: 145644 ns, At safepoint: 23786 ns, Total: 505472 ns
[2025-06-24T13:16:24.926+0000][1][safepoint   ] Safepoint "Cleanup", Time since last: 3004748440 ns, Reaching safepoint: 57623 ns, Cleanup: 16805 ns, At safepoint: 4206 ns, Total: 78634 ns
[2025-06-24T13:16:26.930+0000][1][safepoint   ] Safepoint "Cleanup", Time since last: 2003537398 ns, Reaching safepoint: 343290 ns, Cleanup: 145738 ns, At safepoint: 30151 ns, Total: 519179 ns
[2025-06-24T13:16:27.932+0000][1][safepoint   ] Safepoint "Cleanup", Time since last: 1001666442 ns, Reaching safepoint: 55347 ns, Cleanup: 24009 ns, At safepoint: 8120 ns, Total: 87476 ns
[2025-06-24T13:16:30.935+0000][1][safepoint   ] Safepoint "Cleanup", Time since last: 3003819840 ns, Reaching safepoint: 63051 ns, Cleanup: 13202 ns, At safepoint: 3409 ns, Total: 79662 ns
[2025-06-24T13:16:31.942+0000][1][safepoint   ] Safepoint "Cleanup", Time since last: 1006191496 ns, Reaching safepoint: 25694 ns, Cleanup: 16052 ns, At safepoint: 3798 ns, Total: 45544 ns
[2025-06-24T13:16:33.944+0000][1][safepoint   ] Safepoint "Cleanup", Time since last: 2002046323 ns, Reaching safepoint: 29381 ns, Cleanup: 26643 ns, At safepoint: 6353 ns, Total: 62377 ns
[2025-06-24T13:16:35.947+0000][1][safepoint   ] Safepoint "Cleanup", Time since last: 2002597251 ns, Reaching safepoint: 328163 ns, Cleanup: 15318 ns, At safepoint: 21929 ns, Total: 365410 ns
[2025-06-24T13:16:36.951+0000][1][safepoint   ] Safepoint "Cleanup", Time since last: 1003062772 ns, Reaching safepoint: 31251 ns, Cleanup: 733040 ns, At safepoint: 34313 ns, Total: 798604 ns
[2025-06-24T13:16:38.957+0000][1][safepoint   ] Safepoint "Cleanup", Time since last: 2005797732 ns, Reaching safepoint: 199594 ns, Cleanup: 21101 ns, At safepoint: 34493 ns, Total: 255188 ns
[2025-06-24T13:16:39.962+0000][1][safepoint   ] Safepoint "Cleanup", Time since last: 1005312214 ns, Reaching safepoint: 18809 ns, Cleanup: 15899 ns, At safepoint: 3493 ns, Total: 38201 ns
[2025-06-24T13:16:43.967+0000][1][safepoint   ] Safepoint "Cleanup", Time since last: 4004844351 ns, Reaching safepoint: 52943 ns, Cleanup: 9177 ns, At safepoint: 4664 ns, Total: 66784 ns
[2025-06-24T13:16:44.969+0000][1][safepoint   ] Safepoint "Cleanup", Time since last: 1001388478 ns, Reaching safepoint: 399159 ns, Cleanup: 21215 ns, At safepoint: 68846 ns, Total: 489220 ns
[2025-06-24T13:16:48.061+0000][1][safepoint   ] Safepoint "Cleanup", Time since last: 3002514906 ns, Reaching safepoint: 89853630 ns, Cleanup: 24266 ns, At safepoint: 125415 ns, Total: 90003311 ns
[2025-06-24T13:16:49.067+0000][1][safepoint   ] Safepoint "Cleanup", Time since last: 1003443178 ns, Reaching safepoint: 2199556 ns, Cleanup: 20987 ns, At safepoint: 31036 ns, Total: 2251579 ns
[2025-06-24T13:16:50.069+0000][1][safepoint   ] Safepoint "Cleanup", Time since last: 1001729990 ns, Reaching safepoint: 57709 ns, Cleanup: 32850 ns, At safepoint: 4701 ns, Total: 95260 ns
[2025-06-24T13:16:52.367+0000][1][safepoint   ] Safepoint "Cleanup", Time since last: 3004331529 ns, Reaching safepoint: 229179 ns, Cleanup: 19895 ns, At safepoint: 53479 ns, Total: 302553 ns
[2025-06-24T13:16:54.372+0000][1][safepoint   ] Safepoint "Cleanup", Time since last: 2002547925 ns, Reaching safepoint: 2406371 ns, Cleanup: 29190 ns, At safepoint: 335625 ns, Total: 2771186 ns
[2025-06-24T13:16:59.378+0000][1][safepoint   ] Safepoint "Cleanup", Time since last: 5005723484 ns, Reaching safepoint: 83825 ns, Cleanup: 25585 ns, At safepoint: 6141 ns, Total: 115551 ns
[2025-06-24T13:17:01.381+0000][1][safepoint   ] Safepoint "Cleanup", Time since last: 2002523228 ns, Reaching safepoint: 139784 ns, Cleanup: 26273 ns, At safepoint: 8330 ns, Total: 174387 ns
[2025-06-24T13:17:04.388+0000][1][safepoint   ] Safepoint "Cleanup", Time since last: 3007496634 ns, Reaching safepoint: 80120 ns, Cleanup: 27843 ns, At safepoint: 6690 ns, Total: 114653 ns
[2025-06-24T13:17:06.405+0000][1][safepoint   ] Safepoint "Cleanup", Time since last: 2016906662 ns, Reaching safepoint: 19173 ns, Cleanup: 18831 ns, At safepoint: 4343 ns, Total: 42347 ns
[2025-06-24T13:17:08.413+0000][1][safepoint   ] Safepoint "Cleanup", Time since last: 2003022642 ns, Reaching safepoint: 4455323 ns, Cleanup: 19302 ns, At safepoint: 69159 ns, Total: 4543784 ns
[2025-06-24T13:17:11.417+0000][1][safepoint   ] Safepoint "Cleanup", Time since last: 3004443006 ns, Reaching safepoint: 36248 ns, Cleanup: 19591 ns, At safepoint: 5900 ns, Total: 61739 ns
[2025-06-24T13:17:16.422+0000][1][safepoint   ] Safepoint "Cleanup", Time since last: 5004394993 ns, Reaching safepoint: 125558 ns, Cleanup: 23307 ns, At safepoint: 5170 ns, Total: 154035 ns
[2025-06-24T13:17:18.423+0000][1][safepoint   ] Safepoint "Cleanup", Time since last: 2001579885 ns, Reaching safepoint: 52442 ns, Cleanup: 19477 ns, At safepoint: 4477 ns, Total: 76396 ns
[2025-06-24T13:17:24.866+0000][1][safepoint   ] Safepoint "Cleanup", Time since last: 7026464073 ns, Reaching safepoint: 82802 ns, Cleanup: 29892 ns, At safepoint: 10279 ns, Total: 122973 ns
[2025-06-24T13:17:27.870+0000][1][safepoint   ] Safepoint "Cleanup", Time since last: 3003049082 ns, Reaching safepoint: 149332 ns, Cleanup: 833581 ns, At safepoint: 113729 ns, Total: 1096642 ns
[2025-06-24T13:17:28.873+0000][1][safepoint   ] Safepoint "Cleanup", Time since last: 1002585960 ns, Reaching safepoint: 159907 ns, Cleanup: 30291 ns, At safepoint: 10750 ns, Total: 200948 ns
[2025-06-24T13:17:30.875+0000][1][safepoint   ] Safepoint "Cleanup", Time since last: 2001820366 ns, Reaching safepoint: 98077 ns, Cleanup: 16376 ns, At safepoint: 6157 ns, Total: 120610 ns
[2025-06-24T13:17:38.799+0000][1][safepoint   ] Safepoint "Cleanup", Time since last: 7924330826 ns, Reaching safepoint: 83094 ns, Cleanup: 21517 ns, At safepoint: 6483 ns, Total: 111094 ns
[2025-06-24T13:17:40.802+0000][1][safepoint   ] Safepoint "Cleanup", Time since last: 2001924781 ns, Reaching safepoint: 105749 ns, Cleanup: 50756 ns, At safepoint: 9791 ns, Total: 166296 ns
[2025-06-24T13:17:45.808+0000][1][safepoint   ] Safepoint "Cleanup", Time since last: 5006157115 ns, Reaching safepoint: 58401 ns, Cleanup: 19786 ns, At safepoint: 4420 ns, Total: 82607 ns
[2025-06-24T13:17:53.156+0000][1][safepoint   ] Safepoint "Cleanup", Time since last: 8005648700 ns, Reaching safepoint: 98442 ns, Cleanup: 25543 ns, At safepoint: 9532 ns, Total: 133517 ns
[2025-06-24T13:17:55.162+0000][1][safepoint   ] Safepoint "Cleanup", Time since last: 2005889711 ns, Reaching safepoint: 34602 ns, Cleanup: 31112 ns, At safepoint: 9168 ns, Total: 74882 ns
[2025-06-24T13:18:07.284+0000][1][safepoint   ] Safepoint "Cleanup", Time since last: 12083595092 ns, Reaching safepoint: 36400934 ns, Cleanup: 696015 ns, At safepoint: 666658 ns, Total: 37763607 ns
[2025-06-24T13:18:21.614+0000][1][safepoint   ] Safepoint "Cleanup", Time since last: 15012536770 ns, Reaching safepoint: 1112384 ns, Cleanup: 33184 ns, At safepoint: 68225 ns, Total: 1213793 ns
[2025-06-24T13:18:24.618+0000][1][safepoint   ] Safepoint "Cleanup", Time since last: 3003450694 ns, Reaching safepoint: 33902 ns, Cleanup: 30885 ns, At safepoint: 8366 ns, Total: 73153 ns
[2025-06-24T13:18:26.621+0000][1][safepoint   ] Safepoint "Cleanup", Time since last: 2002684114 ns, Reaching safepoint: 62807 ns, Cleanup: 24797 ns, At safepoint: 7604 ns, Total: 95208 ns
[2025-06-24T13:18:33.654+0000][1][safepoint   ] Safepoint "Cleanup", Time since last: 7032901166 ns, Reaching safepoint: 31518 ns, Cleanup: 35614 ns, At safepoint: 7056 ns, Total: 74188 ns
[2025-06-24T13:18:34.656+0000][1][safepoint   ] Safepoint "Cleanup", Time since last: 1002411892 ns, Reaching safepoint: 40441 ns, Cleanup: 34960 ns, At safepoint: 11300 ns, Total: 86701 ns
[2025-06-24T13:18:37.661+0000][1][safepoint   ] Safepoint "Cleanup", Time since last: 3004642060 ns, Reaching safepoint: 53664 ns, Cleanup: 16619 ns, At safepoint: 4780 ns, Total: 75063 ns
[2025-06-24T13:18:44.692+0000][1][safepoint   ] Safepoint "Cleanup", Time since last: 7030613543 ns, Reaching safepoint: 114127 ns, Cleanup: 27245 ns, At safepoint: 8924 ns, Total: 150296 ns
[2025-06-24T13:18:56.095+0000][1][safepoint   ] Safepoint "Cleanup", Time since last: 12033339139 ns, Reaching safepoint: 276433 ns, Cleanup: 41017 ns, At safepoint: 14211 ns, Total: 331661 ns
[2025-06-24T13:18:59.101+0000][1][safepoint   ] Safepoint "Cleanup", Time since last: 3006141033 ns, Reaching safepoint: 26696 ns, Cleanup: 18095 ns, At safepoint: 6016 ns, Total: 50807 ns
[2025-06-24T13:19:02.105+0000][1][safepoint   ] Safepoint "Cleanup", Time since last: 3003026693 ns, Reaching safepoint: 134277 ns, Cleanup: 29915 ns, At safepoint: 9957 ns, Total: 174149 ns
[2025-06-24T13:19:04.125+0000][1][safepoint   ] Safepoint "Cleanup", Time since last: 2020469391 ns, Reaching safepoint: 73271 ns, Cleanup: 43879 ns, At safepoint: 13400 ns, Total: 130550 ns
[2025-06-24T13:19:06.128+0000][1][safepoint   ] Safepoint "Cleanup", Time since last: 2002732290 ns, Reaching safepoint: 31177 ns, Cleanup: 11827 ns, At safepoint: 3087 ns, Total: 46091 ns
[2025-06-24T13:19:08.130+0000][1][safepoint   ] Safepoint "Cleanup", Time since last: 2001796922 ns, Reaching safepoint: 31247 ns, Cleanup: 18991 ns, At safepoint: 3847 ns, Total: 54085 ns
[2025-06-24T13:19:11.133+0000][1][safepoint   ] Safepoint "Cleanup", Time since last: 3003068273 ns, Reaching safepoint: 64272 ns, Cleanup: 18813 ns, At safepoint: 4884 ns, Total: 87969 ns
[2025-06-24T13:19:12.135+0000][1][safepoint   ] Safepoint "Cleanup", Time since last: 1001555680 ns, Reaching safepoint: 82651 ns, Cleanup: 24871 ns, At safepoint: 4815 ns, Total: 112337 ns
[2025-06-24T13:19:18.952+0000][1][safepoint   ] Safepoint "Cleanup", Time since last: 7008572631 ns, Reaching safepoint: 153991 ns, Cleanup: 22886 ns, At safepoint: 5153 ns, Total: 182030 ns
[2025-06-24T13:19:20.506+0000][1][safepoint   ] Safepoint "Cleanup", Time since last: 2001045193 ns, Reaching safepoint: 128034 ns, Cleanup: 106850 ns, At safepoint: 12039 ns, Total: 246923 ns
[2025-06-24T13:19:23.509+0000][1][safepoint   ] Safepoint "Cleanup", Time since last: 3002953961 ns, Reaching safepoint: 69720 ns, Cleanup: 23990 ns, At safepoint: 5113 ns, Total: 98823 ns
[2025-06-24T13:19:42.706+0000][1][safepoint   ] Safepoint "Cleanup", Time since last: 19197253222 ns, Reaching safepoint: 116363 ns, Cleanup: 22371 ns, At safepoint: 9181 ns, Total: 147915 ns
[2025-06-24T13:19:48.088+0000][1][safepoint   ] Safepoint "Cleanup", Time since last: 6008831110 ns, Reaching safepoint: 828216 ns, Cleanup: 173376 ns, At safepoint: 36126 ns, Total: 1037718 ns
[2025-06-24T13:19:50.095+0000][1][safepoint   ] Safepoint "Cleanup", Time since last: 2006518387 ns, Reaching safepoint: 66712 ns, Cleanup: 18463 ns, At safepoint: 4167 ns, Total: 89342 ns
[2025-06-24T13:19:59.118+0000][1][safepoint   ] Safepoint "Cleanup", Time since last: 9022421057 ns, Reaching safepoint: 32520 ns, Cleanup: 18473 ns, At safepoint: 3898 ns, Total: 54891 ns
[2025-06-24T13:20:02.120+0000][1][safepoint   ] Safepoint "Cleanup", Time since last: 3002513718 ns, Reaching safepoint: 69001 ns, Cleanup: 23161 ns, At safepoint: 6204 ns, Total: 98366 ns
[2025-06-24T13:20:03.131+0000][1][safepoint   ] Safepoint "Cleanup", Time since last: 1010561064 ns, Reaching safepoint: 24935 ns, Cleanup: 19102 ns, At safepoint: 5459 ns, Total: 49496 ns
[2025-06-24T13:20:04.134+0000][1][safepoint   ] Safepoint "Cleanup", Time since last: 1002528132 ns, Reaching safepoint: 34950 ns, Cleanup: 206378 ns, At safepoint: 9689 ns, Total: 251017 ns
[2025-06-24T13:20:05.140+0000][1][safepoint   ] Safepoint "Cleanup", Time since last: 1001733930 ns, Reaching safepoint: 4710630 ns, Cleanup: 165758 ns, At safepoint: 348835 ns, Total: 5225223 ns
[2025-06-24T13:20:06.144+0000][1][safepoint   ] Safepoint "Cleanup", Time since last: 1003255645 ns, Reaching safepoint: 30715 ns, Cleanup: 108303 ns, At safepoint: 5866 ns, Total: 144884 ns
[2025-06-24T13:20:08.147+0000][1][safepoint   ] Safepoint "Cleanup", Time since last: 2002878741 ns, Reaching safepoint: 353958 ns, Cleanup: 201926 ns, At safepoint: 24547 ns, Total: 580431 ns
[2025-06-24T13:20:11.259+0000][1][safepoint   ] Safepoint "Cleanup", Time since last: 3005621949 ns, Reaching safepoint: 105835055 ns, Cleanup: 22002 ns, At safepoint: 112005 ns, Total: 105969062 ns
[2025-06-24T13:20:12.286+0000][1][safepoint   ] Safepoint "Cleanup", Time since last: 1026732475 ns, Reaching safepoint: 75919 ns, Cleanup: 22756 ns, At safepoint: 5183 ns, Total: 103858 ns
[2025-06-24T13:20:17.646+0000][1][safepoint   ] Safepoint "Cleanup", Time since last: 6010878440 ns, Reaching safepoint: 99769 ns, Cleanup: 16865 ns, At safepoint: 6019 ns, Total: 122653 ns
[2025-06-24T13:20:23.654+0000][1][safepoint   ] Safepoint "Cleanup", Time since last: 6007722984 ns, Reaching safepoint: 43459 ns, Cleanup: 14461 ns, At safepoint: 16770 ns, Total: 74690 ns
[2025-06-24T13:20:24.656+0000][1][safepoint   ] Safepoint "Cleanup", Time since last: 1001810263 ns, Reaching safepoint: 15871 ns, Cleanup: 11856 ns, At safepoint: 4184 ns, Total: 31911 ns
[2025-06-24T13:20:28.128+0000][1][gc,start    ] GC(20) Pause Young (Normal) (G1 Evacuation Pause)
[2025-06-24T13:20:28.146+0000][1][gc,task     ] GC(20) Using 13 workers of 13 for evacuation
[2025-06-24T13:20:28.147+0000][1][gc,age      ] GC(20) Desired survivor size 18874368 bytes, new threshold 15 (max threshold 15)
[2025-06-24T13:20:28.571+0000][1][gc,mmu      ] GC(20) MMU target violated: 201.0ms (200.0ms/201.0ms)
[2025-06-24T13:20:28.571+0000][1][gc,phases   ] GC(20)   Pre Evacuate Collection Set: 36.8ms
[2025-06-24T13:20:28.572+0000][1][gc,phases   ] GC(20)   Merge Heap Roots: 5.6ms
[2025-06-24T13:20:28.572+0000][1][gc,phases   ] GC(20)   Evacuate Collection Set: 349.5ms
[2025-06-24T13:20:28.572+0000][1][gc,phases   ] GC(20)   Post Evacuate Collection Set: 27.7ms
[2025-06-24T13:20:28.573+0000][1][gc,phases   ] GC(20)   Other: 9.7ms
[2025-06-24T13:20:28.573+0000][1][gc,age      ] GC(20) Age table with threshold 15 (max threshold 15)
[2025-06-24T13:20:28.574+0000][1][gc,age      ] GC(20) - age   1:    2711880 bytes,    2711880 total
[2025-06-24T13:20:28.574+0000][1][gc,age      ] GC(20) - age   2:    8003776 bytes,   10715656 total
[2025-06-24T13:20:28.575+0000][1][gc,heap     ] GC(20) Eden regions: 271->0(269)
[2025-06-24T13:20:28.575+0000][1][gc,heap     ] GC(20) Survivor regions: 11->12(36)
[2025-06-24T13:20:28.575+0000][1][gc,heap     ] GC(20) Old regions: 108->108
[2025-06-24T13:20:28.575+0000][1][gc,heap     ] GC(20) Humongous regions: 8->8
[2025-06-24T13:20:28.576+0000][1][gc,metaspace] GC(20) Metaspace: 154288K(158016K)->154288K(158016K) NonClass: 135067K(137024K)->135067K(137024K) Class: 19220K(20992K)->19220K(20992K)
[2025-06-24T13:20:28.578+0000][1][gc          ] GC(20) Pause Young (Normal) (G1 Evacuation Pause) 397M->127M(512M) 449.997ms
[2025-06-24T13:20:28.578+0000][1][gc,cpu      ] GC(20) User=2.36s Sys=0.03s Real=0.45s
[2025-06-24T13:20:28.579+0000][1][safepoint   ] Safepoint "G1CollectForAllocation", Time since last: 3469674194 ns, Reaching safepoint: 27943 ns, Cleanup: 7477 ns, At safepoint: 453776187 ns, Total: 453811607 ns
[2025-06-24T13:20:29.582+0000][1][safepoint   ] Safepoint "Cleanup", Time since last: 1002514492 ns, Reaching safepoint: 84309 ns, Cleanup: 20303 ns, At safepoint: 6480 ns, Total: 111092 ns
[2025-06-24T13:20:30.585+0000][1][safepoint   ] Safepoint "Cleanup", Time since last: 1002948760 ns, Reaching safepoint: 58752 ns, Cleanup: 19816 ns, At safepoint: 7891 ns, Total: 86459 ns
[2025-06-24T13:20:32.511+0000][1][safepoint   ] Safepoint "Cleanup", Time since last: 1925835208 ns, Reaching safepoint: 37995 ns, Cleanup: 163606 ns, At safepoint: 11363 ns, Total: 212964 ns
[2025-06-24T13:20:34.523+0000][1][safepoint   ] Safepoint "Cleanup", Time since last: 2011664611 ns, Reaching safepoint: 173732 ns, Cleanup: 36588 ns, At safepoint: 17848 ns, Total: 228168 ns
[2025-06-24T13:20:37.545+0000][1][safepoint   ] Safepoint "Cleanup", Time since last: 3022166265 ns, Reaching safepoint: 154251 ns, Cleanup: 29719 ns, At safepoint: 56369 ns, Total: 240339 ns
[2025-06-24T13:20:39.548+0000][1][safepoint   ] Safepoint "Cleanup", Time since last: 2002222722 ns, Reaching safepoint: 71938 ns, Cleanup: 26198 ns, At safepoint: 8636 ns, Total: 106772 ns
[2025-06-24T13:20:46.792+0000][1][safepoint   ] Safepoint "Cleanup", Time since last: 8012770599 ns, Reaching safepoint: 150065 ns, Cleanup: 87809 ns, At safepoint: 10711 ns, Total: 248585 ns
[2025-06-24T13:20:48.799+0000][1][safepoint   ] Safepoint "Cleanup", Time since last: 2006791850 ns, Reaching safepoint: 34740 ns, Cleanup: 39752 ns, At safepoint: 13109 ns, Total: 87601 ns
[2025-06-24T13:20:51.808+0000][1][safepoint   ] Safepoint "Cleanup", Time since last: 3009635482 ns, Reaching safepoint: 22600 ns, Cleanup: 23511 ns, At safepoint: 6749 ns, Total: 52860 ns
[2025-06-24T13:20:57.817+0000][1][safepoint   ] Safepoint "Cleanup", Time since last: 6008939432 ns, Reaching safepoint: 35158 ns, Cleanup: 17902 ns, At safepoint: 4848 ns, Total: 57908 ns
[2025-06-24T13:20:58.819+0000][1][safepoint   ] Safepoint "Cleanup", Time since last: 1001668116 ns, Reaching safepoint: 35548 ns, Cleanup: 25402 ns, At safepoint: 5935 ns, Total: 66885 ns
[2025-06-24T13:21:03.826+0000][1][safepoint   ] Safepoint "Cleanup", Time since last: 5006337813 ns, Reaching safepoint: 266194 ns, Cleanup: 69355 ns, At safepoint: 18555 ns, Total: 354104 ns
[2025-06-24T13:21:04.829+0000][1][safepoint   ] Safepoint "Cleanup", Time since last: 1003436370 ns, Reaching safepoint: 27244 ns, Cleanup: 13806 ns, At safepoint: 3862 ns, Total: 44912 ns
[2025-06-24T13:21:06.831+0000][1][safepoint   ] Safepoint "Cleanup", Time since last: 2001616009 ns, Reaching safepoint: 48270 ns, Cleanup: 19456 ns, At safepoint: 5751 ns, Total: 73477 ns
[2025-06-24T13:21:11.842+0000][1][safepoint   ] Safepoint "Cleanup", Time since last: 5011174192 ns, Reaching safepoint: 168198 ns, Cleanup: 36740 ns, At safepoint: 14656 ns, Total: 219594 ns
[2025-06-24T13:21:13.846+0000][1][safepoint   ] Safepoint "Cleanup", Time since last: 2003437008 ns, Reaching safepoint: 37160 ns, Cleanup: 49959 ns, At safepoint: 10749 ns, Total: 97868 ns
[2025-06-24T13:21:16.212+0000][1][safepoint   ] Safepoint "Cleanup", Time since last: 3007276048 ns, Reaching safepoint: 68309 ns, Cleanup: 31184 ns, At safepoint: 7599 ns, Total: 107092 ns
[2025-06-24T13:21:18.214+0000][1][safepoint   ] Safepoint "Cleanup", Time since last: 2001514745 ns, Reaching safepoint: 47944 ns, Cleanup: 16355 ns, At safepoint: 5247 ns, Total: 69546 ns
[2025-06-24T13:21:21.217+0000][1][safepoint   ] Safepoint "Cleanup", Time since last: 3002753898 ns, Reaching safepoint: 144812 ns, Cleanup: 35889 ns, At safepoint: 10026 ns, Total: 190727 ns
[2025-06-24T13:21:23.220+0000][1][safepoint   ] Safepoint "Cleanup", Time since last: 2002884343 ns, Reaching safepoint: 166560 ns, Cleanup: 41136 ns, At safepoint: 10924 ns, Total: 218620 ns
[2025-06-24T13:21:26.226+0000][1][safepoint   ] Safepoint "Cleanup", Time since last: 3006330959 ns, Reaching safepoint: 49917 ns, Cleanup: 14189 ns, At safepoint: 4092 ns, Total: 68198 ns
[2025-06-24T13:21:27.229+0000][1][safepoint   ] Safepoint "Cleanup", Time since last: 1002469568 ns, Reaching safepoint: 20828 ns, Cleanup: 18828 ns, At safepoint: 5902 ns, Total: 45558 ns
[2025-06-24T13:21:30.152+0000][1][safepoint   ] Safepoint "Cleanup", Time since last: 2923262673 ns, Reaching safepoint: 12003 ns, Cleanup: 23707 ns, At safepoint: 8780 ns, Total: 44490 ns
[2025-06-24T13:21:31.159+0000][1][safepoint   ] Safepoint "Cleanup", Time since last: 1006615210 ns, Reaching safepoint: 114742 ns, Cleanup: 35407 ns, At safepoint: 13330 ns, Total: 163479 ns
[2025-06-24T13:21:33.166+0000][1][safepoint   ] Safepoint "Cleanup", Time since last: 2006768479 ns, Reaching safepoint: 16988 ns, Cleanup: 15540 ns, At safepoint: 3301 ns, Total: 35829 ns
[2025-06-24T13:21:36.177+0000][1][safepoint   ] Safepoint "Cleanup", Time since last: 3011387527 ns, Reaching safepoint: 39478 ns, Cleanup: 21384 ns, At safepoint: 4937 ns, Total: 65799 ns
[2025-06-24T13:21:38.180+0000][1][safepoint   ] Safepoint "Cleanup", Time since last: 2003178637 ns, Reaching safepoint: 17125 ns, Cleanup: 89148 ns, At safepoint: 6854 ns, Total: 113127 ns
[2025-06-24T13:21:41.184+0000][1][safepoint   ] Safepoint "Cleanup", Time since last: 3003586789 ns, Reaching safepoint: 22856 ns, Cleanup: 13446 ns, At safepoint: 3467 ns, Total: 39769 ns
[2025-06-24T13:21:43.187+0000][1][safepoint   ] Safepoint "Cleanup", Time since last: 2002765304 ns, Reaching safepoint: 33003 ns, Cleanup: 17264 ns, At safepoint: 4748 ns, Total: 55015 ns
[2025-06-24T13:21:45.520+0000][1][safepoint   ] Safepoint "Cleanup", Time since last: 3005799250 ns, Reaching safepoint: 44151 ns, Cleanup: 16677 ns, At safepoint: 3837 ns, Total: 64665 ns
[2025-06-24T13:21:49.535+0000][1][safepoint   ] Safepoint "Cleanup", Time since last: 4015081509 ns, Reaching safepoint: 23788 ns, Cleanup: 11728 ns, At safepoint: 3164 ns, Total: 38680 ns
[2025-06-24T13:21:52.538+0000][1][safepoint   ] Safepoint "Cleanup", Time since last: 3002446993 ns, Reaching safepoint: 37476 ns, Cleanup: 49769 ns, At safepoint: 5319 ns, Total: 92564 ns
[2025-06-24T13:21:55.542+0000][1][safepoint   ] Safepoint "Cleanup", Time since last: 3004669874 ns, Reaching safepoint: 26177 ns, Cleanup: 24542 ns, At safepoint: 4228 ns, Total: 54947 ns
[2025-06-24T13:21:57.548+0000][1][safepoint   ] Safepoint "Cleanup", Time since last: 2005553008 ns, Reaching safepoint: 41437 ns, Cleanup: 16880 ns, At safepoint: 4090 ns, Total: 62407 ns
[2025-06-24T13:21:59.550+0000][1][safepoint   ] Safepoint "Cleanup", Time since last: 2002388353 ns, Reaching safepoint: 18833 ns, Cleanup: 14084 ns, At safepoint: 4214 ns, Total: 37131 ns
[2025-06-24T13:22:00.553+0000][1][safepoint   ] Safepoint "Cleanup", Time since last: 1002117772 ns, Reaching safepoint: 53986 ns, Cleanup: 16366 ns, At safepoint: 6199 ns, Total: 76551 ns
[2025-06-24T13:22:02.558+0000][1][safepoint   ] Safepoint "Cleanup", Time since last: 2005587417 ns, Reaching safepoint: 49404 ns, Cleanup: 59837 ns, At safepoint: 8824 ns, Total: 118065 ns
[2025-06-24T13:22:05.566+0000][1][safepoint   ] Safepoint "Cleanup", Time since last: 3007530580 ns, Reaching safepoint: 83334 ns, Cleanup: 30459 ns, At safepoint: 7920 ns, Total: 121713 ns
[2025-06-24T13:22:10.571+0000][1][safepoint   ] Safepoint "Cleanup", Time since last: 5004598120 ns, Reaching safepoint: 120965 ns, Cleanup: 31809 ns, At safepoint: 8369 ns, Total: 161143 ns
[2025-06-24T13:22:20.877+0000][1][safepoint   ] Safepoint "Cleanup", Time since last: 11023098654 ns, Reaching safepoint: 369609 ns, Cleanup: 40575 ns, At safepoint: 15502 ns, Total: 425686 ns
[2025-06-24T13:22:21.881+0000][1][safepoint   ] Safepoint "Cleanup", Time since last: 1003981249 ns, Reaching safepoint: 27542 ns, Cleanup: 18477 ns, At safepoint: 5160 ns, Total: 51179 ns
[2025-06-24T13:22:31.925+0000][1][safepoint   ] Safepoint "Cleanup", Time since last: 10044025248 ns, Reaching safepoint: 37608 ns, Cleanup: 36837 ns, At safepoint: 10505 ns, Total: 84950 ns
[2025-06-24T13:22:34.939+0000][1][safepoint   ] Safepoint "Cleanup", Time since last: 3013694113 ns, Reaching safepoint: 17548 ns, Cleanup: 14873 ns, At safepoint: 3750 ns, Total: 36171 ns
[2025-06-24T13:22:36.943+0000][1][safepoint   ] Safepoint "Cleanup", Time since last: 2004072082 ns, Reaching safepoint: 217633 ns, Cleanup: 55432 ns, At safepoint: 4768 ns, Total: 277833 ns
[2025-06-24T13:22:41.951+0000][1][safepoint   ] Safepoint "Cleanup", Time since last: 5007648065 ns, Reaching safepoint: 49848 ns, Cleanup: 14911 ns, At safepoint: 4170 ns, Total: 68929 ns
[2025-06-24T13:22:47.301+0000][1][safepoint   ] Safepoint "Cleanup", Time since last: 6008441168 ns, Reaching safepoint: 142413 ns, Cleanup: 23511 ns, At safepoint: 6395 ns, Total: 172319 ns
[2025-06-24T13:22:49.305+0000][1][safepoint   ] Safepoint "Cleanup", Time since last: 2004549894 ns, Reaching safepoint: 262140 ns, Cleanup: 52773 ns, At safepoint: 10104 ns, Total: 325017 ns
[2025-06-24T13:22:51.310+0000][1][safepoint   ] Safepoint "Cleanup", Time since last: 2003973712 ns, Reaching safepoint: 46229 ns, Cleanup: 40411 ns, At safepoint: 11794 ns, Total: 98434 ns
[2025-06-24T13:22:54.314+0000][1][safepoint   ] Safepoint "Cleanup", Time since last: 3004003903 ns, Reaching safepoint: 30183 ns, Cleanup: 16085 ns, At safepoint: 5610 ns, Total: 51878 ns
[2025-06-24T13:23:01.349+0000][1][safepoint   ] Safepoint "Cleanup", Time since last: 7035802148 ns, Reaching safepoint: 48474 ns, Cleanup: 16151 ns, At safepoint: 3815 ns, Total: 68440 ns
[2025-06-24T13:23:03.366+0000][1][safepoint   ] Safepoint "Cleanup", Time since last: 2015990167 ns, Reaching safepoint: 29456 ns, Cleanup: 23136 ns, At safepoint: 7228 ns, Total: 59820 ns
[2025-06-24T13:23:06.376+0000][1][safepoint   ] Safepoint "Cleanup", Time since last: 3010014503 ns, Reaching safepoint: 43743 ns, Cleanup: 31091 ns, At safepoint: 10529 ns, Total: 85363 ns
[2025-06-24T13:23:31.502+0000][1][safepoint   ] Safepoint "Cleanup", Time since last: 25945259223 ns, Reaching safepoint: 28309 ns, Cleanup: 15794 ns, At safepoint: 3730 ns, Total: 47833 ns
[2025-06-24T13:23:35.518+0000][1][safepoint   ] Safepoint "Cleanup", Time since last: 4016282472 ns, Reaching safepoint: 47916 ns, Cleanup: 30107 ns, At safepoint: 3748 ns, Total: 81771 ns
[2025-06-24T13:23:37.520+0000][1][safepoint   ] Safepoint "Cleanup", Time since last: 2001776044 ns, Reaching safepoint: 21215 ns, Cleanup: 14766 ns, At safepoint: 4345 ns, Total: 40326 ns
[2025-06-24T13:23:40.536+0000][1][safepoint   ] Safepoint "Cleanup", Time since last: 3015433597 ns, Reaching safepoint: 50147 ns, Cleanup: 14039 ns, At safepoint: 3610 ns, Total: 67796 ns
[2025-06-24T13:23:42.538+0000][1][safepoint   ] Safepoint "Cleanup", Time since last: 2002501081 ns, Reaching safepoint: 53585 ns, Cleanup: 31854 ns, At safepoint: 10258 ns, Total: 95697 ns
[2025-06-24T13:23:46.870+0000][1][safepoint   ] Safepoint "Cleanup", Time since last: 5014620191 ns, Reaching safepoint: 50519 ns, Cleanup: 16673 ns, At safepoint: 4723 ns, Total: 71915 ns
[2025-06-24T13:23:56.942+0000][1][safepoint   ] Safepoint "Cleanup", Time since last: 10071527555 ns, Reaching safepoint: 28923 ns, Cleanup: 30886 ns, At safepoint: 3312 ns, Total: 63121 ns
[2025-06-24T13:23:59.968+0000][1][safepoint   ] Safepoint "Cleanup", Time since last: 3025944891 ns, Reaching safepoint: 88039 ns, Cleanup: 31439 ns, At safepoint: 9151 ns, Total: 128629 ns
[2025-06-24T13:24:10.007+0000][1][safepoint   ] Safepoint "Cleanup", Time since last: 10039141396 ns, Reaching safepoint: 218110 ns, Cleanup: 28746 ns, At safepoint: 10178 ns, Total: 257034 ns
[2025-06-24T13:24:13.305+0000][1][safepoint   ] Safepoint "Cleanup", Time since last: 4007181017 ns, Reaching safepoint: 70094 ns, Cleanup: 27462 ns, At safepoint: 9417 ns, Total: 106973 ns
[2025-06-24T13:24:16.308+0000][1][safepoint   ] Safepoint "Cleanup", Time since last: 3003349082 ns, Reaching safepoint: 143997 ns, Cleanup: 40247 ns, At safepoint: 9005 ns, Total: 193249 ns
[2025-06-24T13:24:17.310+0000][1][safepoint   ] Safepoint "Cleanup", Time since last: 1001461156 ns, Reaching safepoint: 35218 ns, Cleanup: 30174 ns, At safepoint: 8475 ns, Total: 73867 ns
[2025-06-24T13:24:19.312+0000][1][safepoint   ] Safepoint "Cleanup", Time since last: 2002719420 ns, Reaching safepoint: 23685 ns, Cleanup: 13803 ns, At safepoint: 4044 ns, Total: 41532 ns
[2025-06-24T13:24:29.363+0000][1][safepoint   ] Safepoint "Cleanup", Time since last: 10050653907 ns, Reaching safepoint: 101585 ns, Cleanup: 29703 ns, At safepoint: 5748 ns, Total: 137036 ns
[2025-06-24T13:24:34.371+0000][1][safepoint   ] Safepoint "Cleanup", Time since last: 5008074455 ns, Reaching safepoint: 54637 ns, Cleanup: 16820 ns, At safepoint: 4535 ns, Total: 75992 ns
[2025-06-24T13:24:41.379+0000][1][safepoint   ] Safepoint "Cleanup", Time since last: 7007241857 ns, Reaching safepoint: 150910 ns, Cleanup: 33735 ns, At safepoint: 12160 ns, Total: 196805 ns
[2025-06-24T13:25:01.626+0000][1][safepoint   ] Safepoint "Cleanup", Time since last: 21027935606 ns, Reaching safepoint: 8312775 ns, Cleanup: 791356 ns, At safepoint: 231400 ns, Total: 9335531 ns
[2025-06-24T13:25:02.634+0000][1][safepoint   ] Safepoint "Cleanup", Time since last: 1006687107 ns, Reaching safepoint: 646530 ns, Cleanup: 15549 ns, At safepoint: 47609 ns, Total: 709688 ns
[2025-06-24T13:25:03.662+0000][1][safepoint   ] Safepoint "Cleanup", Time since last: 1004560164 ns, Reaching safepoint: 23460418 ns, Cleanup: 86341 ns, At safepoint: 86205 ns, Total: 23632964 ns
[2025-06-24T13:25:04.667+0000][1][safepoint   ] Safepoint "Cleanup", Time since last: 1005195557 ns, Reaching safepoint: 72784 ns, Cleanup: 83804 ns, At safepoint: 23325 ns, Total: 179913 ns
[2025-06-24T13:25:06.117+0000][1][safepoint   ] Safepoint "Cleanup", Time since last: 1450186542 ns, Reaching safepoint: 18162 ns, Cleanup: 31101 ns, At safepoint: 3759 ns, Total: 53022 ns
[2025-06-24T13:25:10.782+0000][1][safepoint   ] Safepoint "Cleanup", Time since last: 5012205988 ns, Reaching safepoint: 52347 ns, Cleanup: 14581 ns, At safepoint: 4227 ns, Total: 71155 ns
[2025-06-24T13:25:15.784+0000][1][safepoint   ] Safepoint "Cleanup", Time since last: 5001577278 ns, Reaching safepoint: 147316 ns, Cleanup: 30568 ns, At safepoint: 7693 ns, Total: 185577 ns
[2025-06-24T13:25:20.787+0000][1][safepoint   ] Safepoint "Cleanup", Time since last: 5003506185 ns, Reaching safepoint: 65080 ns, Cleanup: 18038 ns, At safepoint: 6007 ns, Total: 89125 ns
[2025-06-24T13:25:29.274+0000][1][safepoint   ] Safepoint "Cleanup", Time since last: 8485464490 ns, Reaching safepoint: 34762 ns, Cleanup: 716314 ns, At safepoint: 19557 ns, Total: 770633 ns
[2025-06-24T13:25:34.278+0000][1][safepoint   ] Safepoint "Cleanup", Time since last: 5003941981 ns, Reaching safepoint: 57810 ns, Cleanup: 15533 ns, At safepoint: 5448 ns, Total: 78791 ns
[2025-06-24T13:25:55.654+0000][1][safepoint   ] Safepoint "Cleanup", Time since last: 22091277727 ns, Reaching safepoint: 2735425 ns, Cleanup: 29640 ns, At safepoint: 47573 ns, Total: 2812638 ns
[2025-06-24T13:26:01.663+0000][1][safepoint   ] Safepoint "Cleanup", Time since last: 6008683638 ns, Reaching safepoint: 181700 ns, Cleanup: 32823 ns, At safepoint: 11295 ns, Total: 225818 ns
[2025-06-24T13:26:02.668+0000][1][safepoint   ] Safepoint "Cleanup", Time since last: 1005647569 ns, Reaching safepoint: 213827 ns, Cleanup: 56406 ns, At safepoint: 19781 ns, Total: 290014 ns
[2025-06-24T13:26:04.680+0000][1][safepoint   ] Safepoint "Cleanup", Time since last: 2011002147 ns, Reaching safepoint: 31950 ns, Cleanup: 13301 ns, At safepoint: 3669 ns, Total: 48920 ns
[2025-06-24T13:26:19.945+0000][1][safepoint   ] Safepoint "Cleanup", Time since last: 16028565478 ns, Reaching safepoint: 175347 ns, Cleanup: 31134 ns, At safepoint: 10673 ns, Total: 217154 ns
[2025-06-24T13:26:21.950+0000][1][safepoint   ] Safepoint "Cleanup", Time since last: 2002851664 ns, Reaching safepoint: 1489564 ns, Cleanup: 14541 ns, At safepoint: 44763 ns, Total: 1548868 ns
[2025-06-24T13:26:32.014+0000][1][safepoint   ] Safepoint "Cleanup", Time since last: 10064625759 ns, Reaching safepoint: 55557 ns, Cleanup: 15441 ns, At safepoint: 4227 ns, Total: 75225 ns
[2025-06-24T13:26:34.030+0000][1][safepoint   ] Safepoint "Cleanup", Time since last: 2015039361 ns, Reaching safepoint: 100318 ns, Cleanup: 22675 ns, At safepoint: 8677 ns, Total: 131670 ns
[2025-06-24T13:26:54.367+0000][1][safepoint   ] Safepoint "Cleanup", Time since last: 21038681995 ns, Reaching safepoint: 811769 ns, Cleanup: 20535 ns, At safepoint: 43412 ns, Total: 875716 ns
[2025-06-24T13:26:55.369+0000][1][safepoint   ] Safepoint "Cleanup", Time since last: 1001629156 ns, Reaching safepoint: 32057 ns, Cleanup: 24768 ns, At safepoint: 8264 ns, Total: 65089 ns
[2025-06-24T13:26:56.372+0000][1][safepoint   ] Safepoint "Cleanup", Time since last: 1002649060 ns, Reaching safepoint: 35121 ns, Cleanup: 199913 ns, At safepoint: 11830 ns, Total: 246864 ns
[2025-06-24T13:27:05.883+0000][1][gc,start    ] GC(21) Pause Young (Concurrent Start) (G1 Evacuation Pause)
[2025-06-24T13:27:05.886+0000][1][gc,task     ] GC(21) Using 13 workers of 13 for evacuation
[2025-06-24T13:27:05.887+0000][1][gc,age      ] GC(21) Desired survivor size 18874368 bytes, new threshold 15 (max threshold 15)
[2025-06-24T13:27:06.395+0000][1][gc,mmu      ] GC(21) MMU target violated: 201.0ms (200.0ms/201.0ms)
[2025-06-24T13:27:06.396+0000][1][gc,phases   ] GC(21)   Pre Evacuate Collection Set: 25.1ms
[2025-06-24T13:27:06.396+0000][1][gc,phases   ] GC(21)   Merge Heap Roots: 3.0ms
[2025-06-24T13:27:06.397+0000][1][gc,phases   ] GC(21)   Evacuate Collection Set: 452.9ms
[2025-06-24T13:27:06.397+0000][1][gc,phases   ] GC(21)   Post Evacuate Collection Set: 23.8ms
[2025-06-24T13:27:06.397+0000][1][gc,phases   ] GC(21)   Other: 6.3ms
[2025-06-24T13:27:06.398+0000][1][gc,age      ] GC(21) Age table with threshold 15 (max threshold 15)
[2025-06-24T13:27:06.398+0000][1][gc,age      ] GC(21) - age   1:     536560 bytes,     536560 total
[2025-06-24T13:27:06.399+0000][1][gc,age      ] GC(21) - age   2:    1438480 bytes,    1975040 total
[2025-06-24T13:27:06.399+0000][1][gc,age      ] GC(21) - age   3:    7645424 bytes,    9620464 total
[2025-06-24T13:27:06.400+0000][1][gc,heap     ] GC(21) Eden regions: 269->0(271)
[2025-06-24T13:27:06.400+0000][1][gc,heap     ] GC(21) Survivor regions: 12->11(36)
[2025-06-24T13:27:06.400+0000][1][gc,heap     ] GC(21) Old regions: 108->108
[2025-06-24T13:27:06.401+0000][1][gc,heap     ] GC(21) Humongous regions: 8->8
[2025-06-24T13:27:06.401+0000][1][gc,metaspace] GC(21) Metaspace: 154913K(158592K)->154913K(158592K) NonClass: 135684K(137600K)->135684K(137600K) Class: 19229K(20992K)->19229K(20992K)
[2025-06-24T13:27:06.402+0000][1][gc          ] GC(21) Pause Young (Concurrent Start) (G1 Evacuation Pause) 396M->126M(512M) 519.680ms
[2025-06-24T13:27:06.403+0000][1][gc,cpu      ] GC(21) User=2.26s Sys=0.05s Real=0.52s
[2025-06-24T13:27:06.404+0000][1][safepoint   ] Safepoint "G1CollectForAllocation", Time since last: 9510231584 ns, Reaching safepoint: 34980 ns, Cleanup: 6060 ns, At safepoint: 521975126 ns, Total: 522016166 ns
[2025-06-24T13:27:06.405+0000][1][gc          ] GC(22) Concurrent Mark Cycle
[2025-06-24T13:27:06.406+0000][1][gc,marking  ] GC(22) Concurrent Scan Root Regions
[2025-06-24T13:27:06.544+0000][1][gc,marking  ] GC(22) Concurrent Scan Root Regions 137.487ms
[2025-06-24T13:27:06.545+0000][1][gc,marking  ] GC(22) Concurrent Mark
[2025-06-24T13:27:06.546+0000][1][gc,marking  ] GC(22) Concurrent Mark From Roots
[2025-06-24T13:27:06.546+0000][1][gc,task     ] GC(22) Using 3 workers of 3 for marking
[2025-06-24T13:27:07.122+0000][1][gc,marking  ] GC(22) Concurrent Mark From Roots 576.111ms
[2025-06-24T13:27:07.123+0000][1][gc,marking  ] GC(22) Concurrent Preclean
[2025-06-24T13:27:07.124+0000][1][gc,marking  ] GC(22) Concurrent Preclean 1.326ms
[2025-06-24T13:27:07.125+0000][1][gc,start    ] GC(22) Pause Remark
[2025-06-24T13:27:08.053+0000][1][gc,mmu      ] GC(22) MMU target violated: 201.0ms (200.0ms/201.0ms)
[2025-06-24T13:27:08.054+0000][1][gc          ] GC(22) Pause Remark 129M->129M(512M) 1664.924ms
[2025-06-24T13:27:08.055+0000][1][gc,cpu      ] GC(22) User=13.70s Sys=0.00s Real=1.67s
[2025-06-24T13:27:08.055+0000][1][safepoint   ] Safepoint "G1PauseRemark", Time since last: 721265542 ns, Reaching safepoint: 31933 ns, Cleanup: 4153 ns, At safepoint: 1666104967 ns, Total: 1666141053 ns
[2025-06-24T13:27:08.056+0000][1][gc,marking  ] GC(22) Concurrent Mark 2247.191ms
[2025-06-24T13:27:08.057+0000][1][gc,marking  ] GC(22) Concurrent Rebuild Remembered Sets and Scrub Regions
[2025-06-24T13:27:08.103+0000][1][gc,marking  ] GC(22) Concurrent Rebuild Remembered Sets and Scrub Regions 46.413ms
[2025-06-24T13:27:08.107+0000][1][gc,start    ] GC(22) Pause Cleanup
[2025-06-24T13:27:08.108+0000][1][gc          ] GC(22) Pause Cleanup 130M->130M(512M) 0.818ms
[2025-06-24T13:27:08.108+0000][1][gc,cpu      ] GC(22) User=0.00s Sys=0.00s Real=0.00s
[2025-06-24T13:27:08.108+0000][1][safepoint   ] Safepoint "G1PauseCleanup", Time since last: 48025331 ns, Reaching safepoint: 3282018 ns, Cleanup: 380788 ns, At safepoint: 1612407 ns, Total: 5275213 ns
[2025-06-24T13:27:08.109+0000][1][gc,marking  ] GC(22) Concurrent Clear Claimed Marks
[2025-06-24T13:27:08.110+0000][1][gc,marking  ] GC(22) Concurrent Clear Claimed Marks 0.575ms
[2025-06-24T13:27:08.110+0000][1][gc,marking  ] GC(22) Concurrent Cleanup for Next Mark
[2025-06-24T13:27:08.117+0000][1][gc,marking  ] GC(22) Concurrent Cleanup for Next Mark 6.631ms
[2025-06-24T13:27:08.117+0000][1][gc          ] GC(22) Concurrent Mark Cycle 2448.427ms
[2025-06-24T13:27:13.112+0000][1][safepoint   ] Safepoint "Cleanup", Time since last: 5003566918 ns, Reaching safepoint: 84843 ns, Cleanup: 25548 ns, At safepoint: 8628 ns, Total: 119019 ns
[2025-06-24T13:27:16.121+0000][1][safepoint   ] Safepoint "Cleanup", Time since last: 3008362105 ns, Reaching safepoint: 43376 ns, Cleanup: 9655 ns, At safepoint: 5960 ns, Total: 58991 ns
[2025-06-24T13:27:44.929+0000][1][safepoint   ] Safepoint "Cleanup", Time since last: 29600735047 ns, Reaching safepoint: 76870 ns, Cleanup: 30624 ns, At safepoint: 5447 ns, Total: 112941 ns
[2025-06-24T13:27:46.932+0000][1][safepoint   ] Safepoint "Cleanup", Time since last: 2002880774 ns, Reaching safepoint: 94452 ns, Cleanup: 22710 ns, At safepoint: 4881 ns, Total: 122043 ns
[2025-06-24T13:27:51.936+0000][1][safepoint   ] Safepoint "Cleanup", Time since last: 5003661072 ns, Reaching safepoint: 71873 ns, Cleanup: 17424 ns, At safepoint: 5152 ns, Total: 94449 ns
[2025-06-24T13:28:06.734+0000][1][safepoint   ] Safepoint "Cleanup", Time since last: 15035436372 ns, Reaching safepoint: 94392 ns, Cleanup: 25022 ns, At safepoint: 6387 ns, Total: 125801 ns
[2025-06-24T13:28:16.306+0000][1][safepoint   ] Safepoint "Cleanup", Time since last: 10009510303 ns, Reaching safepoint: 85706 ns, Cleanup: 17272 ns, At safepoint: 6888 ns, Total: 109866 ns
[2025-06-24T13:28:19.313+0000][1][safepoint   ] Safepoint "Cleanup", Time since last: 3006898763 ns, Reaching safepoint: 32230 ns, Cleanup: 21244 ns, At safepoint: 6373 ns, Total: 59847 ns
[2025-06-24T13:28:23.460+0000][1][safepoint   ] Safepoint "Cleanup", Time since last: 4147156331 ns, Reaching safepoint: 26082 ns, Cleanup: 25185 ns, At safepoint: 6856 ns, Total: 58123 ns
[2025-06-24T13:29:18.462+0000][1][safepoint   ] Safepoint "Cleanup", Time since last: 56124455305 ns, Reaching safepoint: 13566843 ns, Cleanup: 2611300 ns, At safepoint: 755091 ns, Total: 16933234 ns
[2025-06-24T13:29:22.333+0000][1][safepoint   ] Safepoint "Cleanup", Time since last: 3872764708 ns, Reaching safepoint: 54612 ns, Cleanup: 23427 ns, At safepoint: 6739 ns, Total: 84778 ns
[2025-06-24T13:29:47.615+0000][1][safepoint   ] Safepoint "Cleanup", Time since last: 26026644016 ns, Reaching safepoint: 2128671 ns, Cleanup: 147319 ns, At safepoint: 78740 ns, Total: 2354730 ns
[2025-06-24T13:29:58.635+0000][1][safepoint   ] Safepoint "Cleanup", Time since last: 11013038692 ns, Reaching safepoint: 5966466 ns, Cleanup: 69283 ns, At safepoint: 95185 ns, Total: 6130934 ns
[2025-06-24T13:30:04.858+0000][1][safepoint   ] Safepoint "Cleanup", Time since last: 7015306144 ns, Reaching safepoint: 638789 ns, Cleanup: 897303 ns, At safepoint: 30346 ns, Total: 1566438 ns
[2025-06-24T13:30:09.866+0000][1][safepoint   ] Safepoint "Cleanup", Time since last: 5008172730 ns, Reaching safepoint: 73576 ns, Cleanup: 27700 ns, At safepoint: 7786 ns, Total: 109062 ns
[2025-06-24T13:30:17.894+0000][1][safepoint   ] Safepoint "Cleanup", Time since last: 8027379542 ns, Reaching safepoint: 80297 ns, Cleanup: 410035 ns, At safepoint: 32714 ns, Total: 523046 ns
[2025-06-24T13:30:22.009+0000][1][safepoint   ] Safepoint "Cleanup", Time since last: 4114157076 ns, Reaching safepoint: 874637 ns, Cleanup: 74294 ns, At safepoint: 102425 ns, Total: 1051356 ns
[2025-06-24T13:30:23.378+0000][1][safepoint   ] Safepoint "Cleanup", Time since last: 1005445667 ns, Reaching safepoint: 362598046 ns, Cleanup: 51499 ns, At safepoint: 126074 ns, Total: 362775619 ns
[2025-06-24T13:30:24.803+0000][1][safepoint   ] Safepoint "Cleanup", Time since last: 1002393236 ns, Reaching safepoint: 422095760 ns, Cleanup: 804994 ns, At safepoint: 209069 ns, Total: 423109823 ns
[2025-06-24T13:30:25.845+0000][1][safepoint   ] Safepoint "Cleanup", Time since last: 1041397607 ns, Reaching safepoint: 477799 ns, Cleanup: 43633 ns, At safepoint: 57497 ns, Total: 578929 ns
[2025-06-24T13:30:26.854+0000][1][safepoint   ] Safepoint "Cleanup", Time since last: 1000819708 ns, Reaching safepoint: 8014562 ns, Cleanup: 100875 ns, At safepoint: 249256 ns, Total: 8364693 ns
[2025-06-24T13:30:27.856+0000][1][safepoint   ] Safepoint "Cleanup", Time since last: 1001912497 ns, Reaching safepoint: 57622 ns, Cleanup: 50194 ns, At safepoint: 5821 ns, Total: 113637 ns
[2025-06-24T13:30:31.859+0000][1][safepoint   ] Safepoint "Cleanup", Time since last: 4001794596 ns, Reaching safepoint: 1055864 ns, Cleanup: 70180 ns, At safepoint: 27476 ns, Total: 1153520 ns
[2025-06-24T13:30:33.864+0000][1][safepoint   ] Safepoint "Cleanup", Time since last: 2003073751 ns, Reaching safepoint: 1142874 ns, Cleanup: 43758 ns, At safepoint: 130591 ns, Total: 1317223 ns
[2025-06-24T13:30:38.522+0000][1][safepoint   ] Safepoint "Cleanup", Time since last: 5002683444 ns, Reaching safepoint: 880479 ns, Cleanup: 26683 ns, At safepoint: 50746 ns, Total: 957908 ns
[2025-06-24T13:30:43.524+0000][1][safepoint   ] Safepoint "Cleanup", Time since last: 5001664211 ns, Reaching safepoint: 153666 ns, Cleanup: 28699 ns, At safepoint: 9714 ns, Total: 192079 ns
[2025-06-24T13:30:51.532+0000][1][safepoint   ] Safepoint "Cleanup", Time since last: 8006282199 ns, Reaching safepoint: 1070632 ns, Cleanup: 15875 ns, At safepoint: 36485 ns, Total: 1122992 ns
[2025-06-24T13:31:10.847+0000][1][safepoint   ] Safepoint "Cleanup", Time since last: 20057990482 ns, Reaching safepoint: 1462156 ns, Cleanup: 113935 ns, At safepoint: 53897 ns, Total: 1629988 ns
[2025-06-24T13:31:15.881+0000][1][safepoint   ] Safepoint "Cleanup", Time since last: 5031877582 ns, Reaching safepoint: 589458 ns, Cleanup: 1927795 ns, At safepoint: 320074 ns, Total: 2837327 ns
[2025-06-24T13:31:28.160+0000][1][safepoint   ] Safepoint "Cleanup", Time since last: 12278675581 ns, Reaching safepoint: 123726 ns, Cleanup: 59328 ns, At safepoint: 6856 ns, Total: 189910 ns
[2025-06-24T13:31:48.808+0000][1][safepoint   ] Safepoint "Cleanup", Time since last: 21037831163 ns, Reaching safepoint: 9721811 ns, Cleanup: 419730 ns, At safepoint: 468788 ns, Total: 10610329 ns
[2025-06-24T13:31:50.811+0000][1][safepoint   ] Safepoint "Cleanup", Time since last: 2002789233 ns, Reaching safepoint: 113093 ns, Cleanup: 100842 ns, At safepoint: 9303 ns, Total: 223238 ns
[2025-06-24T13:31:55.822+0000][1][safepoint   ] Safepoint "Cleanup", Time since last: 5003735545 ns, Reaching safepoint: 6933965 ns, Cleanup: 115222 ns, At safepoint: 99511 ns, Total: 7148698 ns
[2025-06-24T13:31:56.854+0000][1][safepoint   ] Safepoint "Cleanup", Time since last: 1002317043 ns, Reaching safepoint: 28953046 ns, Cleanup: 380706 ns, At safepoint: 364936 ns, Total: 29698688 ns
[2025-06-24T13:31:57.961+0000][1][safepoint   ] Safepoint "Cleanup", Time since last: 1066020845 ns, Reaching safepoint: 39628121 ns, Cleanup: 461611 ns, At safepoint: 387616 ns, Total: 40477348 ns
[2025-06-24T13:31:58.967+0000][1][safepoint   ] Safepoint "Cleanup", Time since last: 1004825457 ns, Reaching safepoint: 1280033 ns, Cleanup: 174759 ns, At safepoint: 17019 ns, Total: 1471811 ns
[2025-06-24T13:32:00.693+0000][1][safepoint   ] Safepoint "Cleanup", Time since last: 1724759139 ns, Reaching safepoint: 256368 ns, Cleanup: 644566 ns, At safepoint: 89249 ns, Total: 990183 ns
[2025-06-24T13:32:02.834+0000][1][gc,start    ] GC(23) Pause Young (Prepare Mixed) (G1 Evacuation Pause)
[2025-06-24T13:32:02.843+0000][1][gc,task     ] GC(23) Using 13 workers of 13 for evacuation
[2025-06-24T13:32:02.845+0000][1][gc,age      ] GC(23) Desired survivor size 14155776 bytes, new threshold 15 (max threshold 15)
[2025-06-24T13:32:03.261+0000][1][gc,mmu      ] GC(23) MMU target violated: 201.0ms (200.0ms/201.0ms)
[2025-06-24T13:32:03.268+0000][1][gc,phases   ] GC(23)   Pre Evacuate Collection Set: 35.9ms
[2025-06-24T13:32:03.268+0000][1][gc,phases   ] GC(23)   Merge Heap Roots: 8.9ms
[2025-06-24T13:32:03.269+0000][1][gc,phases   ] GC(23)   Evacuate Collection Set: 414.5ms
[2025-06-24T13:32:03.269+0000][1][gc,phases   ] GC(23)   Post Evacuate Collection Set: 408.6ms
[2025-06-24T13:32:03.273+0000][1][gc,phases   ] GC(23)   Other: 8.8ms
[2025-06-24T13:32:03.274+0000][1][gc,age      ] GC(23) Age table with threshold 15 (max threshold 15)
[2025-06-24T13:32:03.274+0000][1][gc,age      ] GC(23) - age   1:     725616 bytes,     725616 total
[2025-06-24T13:32:03.274+0000][1][gc,age      ] GC(23) - age   2:     514448 bytes,    1240064 total
[2025-06-24T13:32:03.275+0000][1][gc,age      ] GC(23) - age   3:    1310680 bytes,    2550744 total
[2025-06-24T13:32:03.275+0000][1][gc,age      ] GC(23) - age   4:    6966496 bytes,    9517240 total
[2025-06-24T13:32:03.275+0000][1][gc,heap     ] GC(23) Eden regions: 201->0(15)
[2025-06-24T13:32:03.276+0000][1][gc,heap     ] GC(23) Survivor regions: 11->10(27)
[2025-06-24T13:32:03.276+0000][1][gc,heap     ] GC(23) Old regions: 108->108
[2025-06-24T13:32:03.276+0000][1][gc,heap     ] GC(23) Humongous regions: 8->8
[2025-06-24T13:32:03.276+0000][1][gc,metaspace] GC(23) Metaspace: 152321K(158656K)->152321K(158656K) NonClass: 133840K(137664K)->133840K(137664K) Class: 18480K(20992K)->18480K(20992K)
[2025-06-24T13:32:03.277+0000][1][gc          ] GC(23) Pause Young (Prepare Mixed) (G1 Evacuation Pause) 327M->125M(512M) 896.186ms
[2025-06-24T13:32:03.277+0000][1][gc,cpu      ] GC(23) User=4.24s Sys=0.11s Real=0.90s
[2025-06-24T13:32:03.278+0000][1][safepoint   ] Safepoint "G1CollectForAllocation", Time since last: 2487514666 ns, Reaching safepoint: 1326355 ns, Cleanup: 145671 ns, At safepoint: 899379494 ns, Total: 900851520 ns
[2025-06-24T13:32:05.280+0000][1][safepoint   ] Safepoint "Cleanup", Time since last: 2001929083 ns, Reaching safepoint: 25181 ns, Cleanup: 15955 ns, At safepoint: 5849 ns, Total: 46985 ns
[2025-06-24T13:32:06.365+0000][1][safepoint   ] Safepoint "Cleanup", Time since last: 1001753870 ns, Reaching safepoint: 83880489 ns, Cleanup: 23354 ns, At safepoint: 127111 ns, Total: 84030954 ns
[2025-06-24T13:32:07.371+0000][1][safepoint   ] Safepoint "Cleanup", Time since last: 1002413565 ns, Reaching safepoint: 3304372 ns, Cleanup: 60372 ns, At safepoint: 74043 ns, Total: 3438787 ns
[2025-06-24T13:32:08.378+0000][1][safepoint   ] Safepoint "Cleanup", Time since last: 1001170496 ns, Reaching safepoint: 4857068 ns, Cleanup: 750008 ns, At safepoint: 155190 ns, Total: 5762266 ns
[2025-06-24T13:32:09.652+0000][1][safepoint   ] Safepoint "Cleanup", Time since last: 1003125593 ns, Reaching safepoint: 270339074 ns, Cleanup: 135278 ns, At safepoint: 177247 ns, Total: 270651599 ns
[2025-06-24T13:32:10.657+0000][1][safepoint   ] Safepoint "Cleanup", Time since last: 1003814631 ns, Reaching safepoint: 942998 ns, Cleanup: 146114 ns, At safepoint: 14972 ns, Total: 1104084 ns
[2025-06-24T13:32:12.708+0000][1][safepoint   ] Safepoint "Cleanup", Time since last: 2041370620 ns, Reaching safepoint: 8103304 ns, Cleanup: 1262875 ns, At safepoint: 516460 ns, Total: 9882639 ns
[2025-06-24T13:32:15.784+0000][1][safepoint   ] Safepoint "Cleanup", Time since last: 3075449783 ns, Reaching safepoint: 677524 ns, Cleanup: 107391 ns, At safepoint: 33358 ns, Total: 818273 ns
[2025-06-24T13:32:19.929+0000][1][safepoint   ] Safepoint "Cleanup", Time since last: 4141344414 ns, Reaching safepoint: 2523698 ns, Cleanup: 453744 ns, At safepoint: 95730 ns, Total: 3073172 ns
[2025-06-24T13:32:20.820+0000][1][gc,start    ] GC(24) Pause Young (Mixed) (G1 Evacuation Pause)
[2025-06-24T13:32:20.822+0000][1][gc,task     ] GC(24) Using 13 workers of 13 for evacuation
[2025-06-24T13:32:20.822+0000][1][gc,age      ] GC(24) Desired survivor size 2097152 bytes, new threshold 3 (max threshold 15)
[2025-06-24T13:32:20.931+0000][1][gc,phases   ] GC(24)   Pre Evacuate Collection Set: 4.6ms
[2025-06-24T13:32:20.932+0000][1][gc,phases   ] GC(24)   Merge Heap Roots: 1.8ms
[2025-06-24T13:32:20.932+0000][1][gc,phases   ] GC(24)   Evacuate Collection Set: 96.6ms
[2025-06-24T13:32:20.933+0000][1][gc,phases   ] GC(24)   Post Evacuate Collection Set: 4.6ms
[2025-06-24T13:32:20.933+0000][1][gc,phases   ] GC(24)   Other: 2.4ms
[2025-06-24T13:32:20.934+0000][1][gc,age      ] GC(24) Age table with threshold 3 (max threshold 15)
[2025-06-24T13:32:20.935+0000][1][gc,age      ] GC(24) - age   1:     354152 bytes,     354152 total
[2025-06-24T13:32:20.935+0000][1][gc,age      ] GC(24) - age   2:     659872 bytes,    1014024 total
[2025-06-24T13:32:20.935+0000][1][gc,age      ] GC(24) - age   3:     514408 bytes,    1528432 total
[2025-06-24T13:32:20.936+0000][1][gc,heap     ] GC(24) Eden regions: 15->0(22)
[2025-06-24T13:32:20.936+0000][1][gc,heap     ] GC(24) Survivor regions: 10->3(4)
[2025-06-24T13:32:20.936+0000][1][gc,heap     ] GC(24) Old regions: 108->116
[2025-06-24T13:32:20.936+0000][1][gc,heap     ] GC(24) Humongous regions: 8->8
[2025-06-24T13:32:20.937+0000][1][gc,metaspace] GC(24) Metaspace: 152676K(158656K)->152676K(158656K) NonClass: 134141K(137664K)->134141K(137664K) Class: 18535K(20992K)->18535K(20992K)
[2025-06-24T13:32:20.937+0000][1][gc          ] GC(24) Pause Young (Mixed) (G1 Evacuation Pause) 140M->125M(512M) 117.496ms
[2025-06-24T13:32:20.938+0000][1][gc,cpu      ] GC(24) User=0.76s Sys=0.00s Real=0.12s
[2025-06-24T13:32:20.938+0000][1][safepoint   ] Safepoint "G1CollectForAllocation", Time since last: 889917071 ns, Reaching safepoint: 626759 ns, Cleanup: 122720 ns, At safepoint: 118777311 ns, Total: 119526790 ns
[2025-06-24T13:32:21.940+0000][1][safepoint   ] Safepoint "Cleanup", Time since last: 1001457249 ns, Reaching safepoint: 19583 ns, Cleanup: 62330 ns, At safepoint: 5216 ns, Total: 87129 ns
[2025-06-24T13:32:29.955+0000][1][safepoint   ] Safepoint "Cleanup", Time since last: 8014813296 ns, Reaching safepoint: 74015 ns, Cleanup: 27184 ns, At safepoint: 4531 ns, Total: 105730 ns
[2025-06-24T13:32:32.253+0000][1][safepoint   ] Safepoint "Cleanup", Time since last: 3004369190 ns, Reaching safepoint: 93359 ns, Cleanup: 15949 ns, At safepoint: 4348 ns, Total: 113656 ns
[2025-06-24T13:32:34.257+0000][1][safepoint   ] Safepoint "Cleanup", Time since last: 2003863311 ns, Reaching safepoint: 99380 ns, Cleanup: 31388 ns, At safepoint: 7273 ns, Total: 138041 ns
[2025-06-24T13:32:39.272+0000][1][safepoint   ] Safepoint "Cleanup", Time since last: 5015287281 ns, Reaching safepoint: 107378 ns, Cleanup: 22924 ns, At safepoint: 9747 ns, Total: 140049 ns
[2025-06-24T13:32:56.229+0000][1][gc,start    ] GC(25) Pause Young (Mixed) (G1 Evacuation Pause)
[2025-06-24T13:32:56.230+0000][1][gc,task     ] GC(25) Using 13 workers of 13 for evacuation
[2025-06-24T13:32:56.230+0000][1][gc,age      ] GC(25) Desired survivor size 2097152 bytes, new threshold 15 (max threshold 15)
[2025-06-24T13:32:56.250+0000][1][gc,phases   ] GC(25)   Pre Evacuate Collection Set: 0.8ms
[2025-06-24T13:32:56.250+0000][1][gc,phases   ] GC(25)   Merge Heap Roots: 0.2ms
[2025-06-24T13:32:56.251+0000][1][gc,phases   ] GC(25)   Evacuate Collection Set: 16.3ms
[2025-06-24T13:32:56.251+0000][1][gc,phases   ] GC(25)   Post Evacuate Collection Set: 1.3ms
[2025-06-24T13:32:56.251+0000][1][gc,phases   ] GC(25)   Other: 1.5ms
[2025-06-24T13:32:56.252+0000][1][gc,age      ] GC(25) Age table with threshold 15 (max threshold 15)
[2025-06-24T13:32:56.252+0000][1][gc,age      ] GC(25) - age   1:      35904 bytes,      35904 total
[2025-06-24T13:32:56.252+0000][1][gc,age      ] GC(25) - age   2:     310960 bytes,     346864 total
[2025-06-24T13:32:56.252+0000][1][gc,age      ] GC(25) - age   3:     656792 bytes,    1003656 total
[2025-06-24T13:32:56.252+0000][1][gc,age      ] GC(25) - age   4:     514408 bytes,    1518064 total
[2025-06-24T13:32:56.253+0000][1][gc,heap     ] GC(25) Eden regions: 22->0(42)
[2025-06-24T13:32:56.253+0000][1][gc,heap     ] GC(25) Survivor regions: 3->2(4)
[2025-06-24T13:32:56.253+0000][1][gc,heap     ] GC(25) Old regions: 116->116
[2025-06-24T13:32:56.253+0000][1][gc,heap     ] GC(25) Humongous regions: 8->8
[2025-06-24T13:32:56.254+0000][1][gc,metaspace] GC(25) Metaspace: 152679K(158656K)->152679K(158656K) NonClass: 134144K(137664K)->134144K(137664K) Class: 18535K(20992K)->18535K(20992K)
[2025-06-24T13:32:56.254+0000][1][gc          ] GC(25) Pause Young (Mixed) (G1 Evacuation Pause) 147M->125M(512M) 25.198ms
[2025-06-24T13:32:56.254+0000][1][gc,cpu      ] GC(25) User=0.20s Sys=0.00s Real=0.02s
[2025-06-24T13:32:56.255+0000][1][safepoint   ] Safepoint "G1CollectForAllocation", Time since last: 16956337417 ns, Reaching safepoint: 135507 ns, Cleanup: 8781 ns, At safepoint: 26264034 ns, Total: 26408322 ns
[2025-06-24T13:33:01.265+0000][1][safepoint   ] Safepoint "Cleanup", Time since last: 5009739193 ns, Reaching safepoint: 41227 ns, Cleanup: 17001 ns, At safepoint: 5600 ns, Total: 63828 ns
[2025-06-24T13:33:02.542+0000][1][safepoint   ] Safepoint "Cleanup", Time since last: 2006020105 ns, Reaching safepoint: 617568 ns, Cleanup: 333285 ns, At safepoint: 12250 ns, Total: 963103 ns
[2025-06-24T13:33:10.565+0000][1][safepoint   ] Safepoint "Cleanup", Time since last: 8021238489 ns, Reaching safepoint: 1089021 ns, Cleanup: 18438 ns, At safepoint: 84863 ns, Total: 1192322 ns
[2025-06-24T13:33:16.736+0000][1][safepoint   ] Safepoint "Cleanup", Time since last: 6169873189 ns, Reaching safepoint: 287862 ns, Cleanup: 685069 ns, At safepoint: 38497 ns, Total: 1011428 ns
[2025-06-24T13:33:17.738+0000][1][safepoint   ] Safepoint "Cleanup", Time since last: 1001251855 ns, Reaching safepoint: 901480 ns, Cleanup: 28856 ns, At safepoint: 40662 ns, Total: 970998 ns
[2025-06-24T13:33:18.739+0000][1][safepoint   ] Safepoint "Cleanup", Time since last: 1000954247 ns, Reaching safepoint: 71644 ns, Cleanup: 162469 ns, At safepoint: 11599 ns, Total: 245712 ns
[2025-06-24T13:33:19.741+0000][1][safepoint   ] Safepoint "Cleanup", Time since last: 1000852042 ns, Reaching safepoint: 985653 ns, Cleanup: 85968 ns, At safepoint: 89411 ns, Total: 1161032 ns
[2025-06-24T13:33:21.203+0000][1][safepoint   ] Safepoint "Cleanup", Time since last: 1460604017 ns, Reaching safepoint: 239229 ns, Cleanup: 680263 ns, At safepoint: 60048 ns, Total: 979540 ns
[2025-06-24T13:33:23.206+0000][1][safepoint   ] Safepoint "Cleanup", Time since last: 2002941355 ns, Reaching safepoint: 81470 ns, Cleanup: 35005 ns, At safepoint: 5179 ns, Total: 121654 ns
[2025-06-24T13:33:24.217+0000][1][safepoint   ] Safepoint "Cleanup", Time since last: 1001292879 ns, Reaching safepoint: 9420741 ns, Cleanup: 83641 ns, At safepoint: 63455 ns, Total: 9567837 ns
[2025-06-24T13:33:25.218+0000][1][safepoint   ] Safepoint "Cleanup", Time since last: 1001154538 ns, Reaching safepoint: 75847 ns, Cleanup: 45402 ns, At safepoint: 6602 ns, Total: 127851 ns
[2025-06-24T13:33:26.219+0000][1][safepoint   ] Safepoint "Cleanup", Time since last: 1000546977 ns, Reaching safepoint: 88861 ns, Cleanup: 56838 ns, At safepoint: 7189 ns, Total: 152888 ns
[2025-06-24T13:33:27.220+0000][1][safepoint   ] Safepoint "Cleanup", Time since last: 1000605505 ns, Reaching safepoint: 781162 ns, Cleanup: 23230 ns, At safepoint: 90838 ns, Total: 895230 ns
[2025-06-24T13:33:28.236+0000][1][safepoint   ] Safepoint "Cleanup", Time since last: 1016113763 ns, Reaching safepoint: 157462 ns, Cleanup: 14656 ns, At safepoint: 32799 ns, Total: 204917 ns
[2025-06-24T13:33:35.904+0000][1][safepoint   ] Safepoint "Cleanup", Time since last: 8018389472 ns, Reaching safepoint: 861246 ns, Cleanup: 64748 ns, At safepoint: 1347790 ns, Total: 2273784 ns
[2025-06-24T13:33:42.915+0000][1][safepoint   ] Safepoint "Cleanup", Time since last: 7008318578 ns, Reaching safepoint: 2072589 ns, Cleanup: 547291 ns, At safepoint: 86281 ns, Total: 2706161 ns
[2025-06-24T13:33:57.016+0000][1][safepoint   ] Safepoint "Cleanup", Time since last: 14100357611 ns, Reaching safepoint: 74838 ns, Cleanup: 19655 ns, At safepoint: 5516 ns, Total: 100009 ns
[2025-06-24T13:33:58.017+0000][1][safepoint   ] Safepoint "Cleanup", Time since last: 1001614304 ns, Reaching safepoint: 55663 ns, Cleanup: 30366 ns, At safepoint: 9096 ns, Total: 95125 ns
[2025-06-24T13:34:05.258+0000][1][safepoint   ] Safepoint "Cleanup", Time since last: 8009687825 ns, Reaching safepoint: 450234 ns, Cleanup: 25912 ns, At safepoint: 6932 ns, Total: 483078 ns
[2025-06-24T13:34:12.265+0000][1][safepoint   ] Safepoint "Cleanup", Time since last: 7005164678 ns, Reaching safepoint: 1089564 ns, Cleanup: 13923 ns, At safepoint: 28860 ns, Total: 1132347 ns
[2025-06-24T13:34:13.265+0000][1][safepoint   ] Safepoint "Cleanup", Time since last: 1000796810 ns, Reaching safepoint: 21196 ns, Cleanup: 7430 ns, At safepoint: 4238 ns, Total: 32864 ns
[2025-06-24T13:34:14.267+0000][1][safepoint   ] Safepoint "Cleanup", Time since last: 1001123063 ns, Reaching safepoint: 42111 ns, Cleanup: 13307 ns, At safepoint: 4146 ns, Total: 59564 ns
[2025-06-24T13:34:16.790+0000][1][safepoint   ] Safepoint "Cleanup", Time since last: 2523481287 ns, Reaching safepoint: 115300 ns, Cleanup: 143409 ns, At safepoint: 11441 ns, Total: 270150 ns
[2025-06-24T13:34:17.798+0000][1][safepoint   ] Safepoint "Cleanup", Time since last: 1007050093 ns, Reaching safepoint: 73807 ns, Cleanup: 14072 ns, At safepoint: 4530 ns, Total: 92409 ns
[2025-06-24T13:34:22.807+0000][1][safepoint   ] Safepoint "Cleanup", Time since last: 5007387818 ns, Reaching safepoint: 120731 ns, Cleanup: 1512940 ns, At safepoint: 49220 ns, Total: 1682891 ns
[2025-06-24T13:34:42.091+0000][1][safepoint   ] Safepoint "Cleanup", Time since last: 20035587812 ns, Reaching safepoint: 2096189 ns, Cleanup: 155550 ns, At safepoint: 65116 ns, Total: 2316855 ns
[2025-06-24T13:34:44.095+0000][1][safepoint   ] Safepoint "Cleanup", Time since last: 2004365931 ns, Reaching safepoint: 27733 ns, Cleanup: 15788 ns, At safepoint: 4475 ns, Total: 47996 ns
[2025-06-24T13:35:01.390+0000][1][safepoint   ] Safepoint "Cleanup", Time since last: 18037315800 ns, Reaching safepoint: 105068 ns, Cleanup: 49481 ns, At safepoint: 7394 ns, Total: 161943 ns
[2025-06-24T13:35:03.392+0000][1][safepoint   ] Safepoint "Cleanup", Time since last: 2002187861 ns, Reaching safepoint: 51392 ns, Cleanup: 19160 ns, At safepoint: 5138 ns, Total: 75690 ns
[2025-06-24T13:35:04.394+0000][1][safepoint   ] Safepoint "Cleanup", Time since last: 1001776047 ns, Reaching safepoint: 300215 ns, Cleanup: 248690 ns, At safepoint: 53040 ns, Total: 601945 ns
[2025-06-24T13:35:05.396+0000][1][safepoint   ] Safepoint "Cleanup", Time since last: 1000761871 ns, Reaching safepoint: 446596 ns, Cleanup: 291536 ns, At safepoint: 61698 ns, Total: 799830 ns
[2025-06-24T13:35:06.400+0000][1][safepoint   ] Safepoint "Cleanup", Time since last: 1002789065 ns, Reaching safepoint: 333944 ns, Cleanup: 929147 ns, At safepoint: 82624 ns, Total: 1345715 ns
[2025-06-24T13:35:06.981+0000][1][gc,start    ] GC(26) Pause Young (Mixed) (G1 Evacuation Pause)
[2025-06-24T13:35:06.984+0000][1][gc,task     ] GC(26) Using 13 workers of 13 for evacuation
[2025-06-24T13:35:06.985+0000][1][gc,age      ] GC(26) Desired survivor size 11010048 bytes, new threshold 15 (max threshold 15)
[2025-06-24T13:35:07.289+0000][1][gc,mmu      ] GC(26) MMU target violated: 201.0ms (200.0ms/201.0ms)
[2025-06-24T13:35:07.290+0000][1][gc,phases   ] GC(26)   Pre Evacuate Collection Set: 44.5ms
[2025-06-24T13:35:07.291+0000][1][gc,phases   ] GC(26)   Merge Heap Roots: 3.3ms
[2025-06-24T13:35:07.291+0000][1][gc,phases   ] GC(26)   Evacuate Collection Set: 232.3ms
[2025-06-24T13:35:07.292+0000][1][gc,phases   ] GC(26)   Post Evacuate Collection Set: 19.2ms
[2025-06-24T13:35:07.292+0000][1][gc,phases   ] GC(26)   Other: 8.5ms
[2025-06-24T13:35:07.293+0000][1][gc,age      ] GC(26) Age table with threshold 15 (max threshold 15)
[2025-06-24T13:35:07.294+0000][1][gc,age      ] GC(26) - age   1:    3313000 bytes,    3313000 total
[2025-06-24T13:35:07.295+0000][1][gc,age      ] GC(26) - age   2:         64 bytes,    3313064 total
[2025-06-24T13:35:07.295+0000][1][gc,age      ] GC(26) - age   3:     282704 bytes,    3595768 total
[2025-06-24T13:35:07.295+0000][1][gc,age      ] GC(26) - age   4:     654600 bytes,    4250368 total
[2025-06-24T13:35:07.296+0000][1][gc,age      ] GC(26) - age   5:     513816 bytes,    4764184 total
[2025-06-24T13:35:07.296+0000][1][gc,heap     ] GC(26) Eden regions: 160->0(20)
[2025-06-24T13:35:07.297+0000][1][gc,heap     ] GC(26) Survivor regions: 2->5(21)
[2025-06-24T13:35:07.297+0000][1][gc,heap     ] GC(26) Old regions: 116->116
[2025-06-24T13:35:07.298+0000][1][gc,heap     ] GC(26) Humongous regions: 8->8
[2025-06-24T13:35:07.300+0000][1][gc,metaspace] GC(26) Metaspace: 153934K(158848K)->153934K(158848K) NonClass: 135229K(137856K)->135229K(137856K) Class: 18704K(20992K)->18704K(20992K)
[2025-06-24T13:35:07.303+0000][1][gc          ] GC(26) Pause Young (Mixed) (G1 Evacuation Pause) 285M->128M(512M) 322.292ms
[2025-06-24T13:35:07.304+0000][1][gc,cpu      ] GC(26) User=2.06s Sys=0.01s Real=0.32s
[2025-06-24T13:35:07.304+0000][1][safepoint   ] Safepoint "G1CollectForAllocation", Time since last: 578155811 ns, Reaching safepoint: 37870 ns, Cleanup: 248275 ns, At safepoint: 325738794 ns, Total: 326024939 ns
[2025-06-24T13:35:08.306+0000][1][safepoint   ] Safepoint "Cleanup", Time since last: 1000945121 ns, Reaching safepoint: 113844 ns, Cleanup: 223301 ns, At safepoint: 45376 ns, Total: 382521 ns
[2025-06-24T13:35:09.307+0000][1][safepoint   ] Safepoint "Cleanup", Time since last: 1001454722 ns, Reaching safepoint: 90356 ns, Cleanup: 50381 ns, At safepoint: 6233 ns, Total: 146970 ns
[2025-06-24T13:35:11.103+0000][1][safepoint   ] Safepoint "Cleanup", Time since last: 1795591657 ns, Reaching safepoint: 145650 ns, Cleanup: 111871 ns, At safepoint: 11547 ns, Total: 269068 ns
[2025-06-24T13:35:14.279+0000][1][safepoint   ] Safepoint "Cleanup", Time since last: 3175425376 ns, Reaching safepoint: 67969 ns, Cleanup: 29928 ns, At safepoint: 5743 ns, Total: 103640 ns
[2025-06-24T13:35:25.296+0000][1][safepoint   ] Safepoint "Cleanup", Time since last: 11016960329 ns, Reaching safepoint: 84821 ns, Cleanup: 20303 ns, At safepoint: 5564 ns, Total: 110688 ns
[2025-06-24T13:35:35.504+0000][1][safepoint   ] Safepoint "Cleanup", Time since last: 11019915351 ns, Reaching safepoint: 211000 ns, Cleanup: 93263 ns, At safepoint: 9013 ns, Total: 313276 ns
[2025-06-24T13:35:45.565+0000][1][gc,start    ] GC(27) Pause Young (Mixed) (G1 Evacuation Pause)
[2025-06-24T13:35:45.567+0000][1][gc,task     ] GC(27) Using 13 workers of 13 for evacuation
[2025-06-24T13:35:45.567+0000][1][gc,age      ] GC(27) Desired survivor size 5767168 bytes, new threshold 15 (max threshold 15)
[2025-06-24T13:35:45.744+0000][1][gc,phases   ] GC(27)   Pre Evacuate Collection Set: 9.3ms
[2025-06-24T13:35:45.745+0000][1][gc,phases   ] GC(27)   Merge Heap Roots: 2.5ms
[2025-06-24T13:35:45.746+0000][1][gc,phases   ] GC(27)   Evacuate Collection Set: 151.6ms
[2025-06-24T13:35:45.747+0000][1][gc,phases   ] GC(27)   Post Evacuate Collection Set: 11.3ms
[2025-06-24T13:35:45.748+0000][1][gc,phases   ] GC(27)   Other: 3.2ms
[2025-06-24T13:35:45.748+0000][1][gc,age      ] GC(27) Age table with threshold 15 (max threshold 15)
[2025-06-24T13:35:45.749+0000][1][gc,age      ] GC(27) - age   1:    2077976 bytes,    2077976 total
[2025-06-24T13:35:45.749+0000][1][gc,age      ] GC(27) - age   2:    2877352 bytes,    4955328 total
[2025-06-24T13:35:45.749+0000][1][gc,age      ] GC(27) - age   4:     282296 bytes,    5237624 total
[2025-06-24T13:35:45.749+0000][1][gc,age      ] GC(27) - age   5:     637600 bytes,    5875224 total
[2025-06-24T13:35:45.749+0000][1][gc,age      ] GC(27) - age   6:     512424 bytes,    6387648 total
[2025-06-24T13:35:45.750+0000][1][gc,heap     ] GC(27) Eden regions: 76->0(18)
[2025-06-24T13:35:45.750+0000][1][gc,heap     ] GC(27) Survivor regions: 5->7(11)
[2025-06-24T13:35:45.750+0000][1][gc,heap     ] GC(27) Old regions: 116->115
[2025-06-24T13:35:45.751+0000][1][gc,heap     ] GC(27) Humongous regions: 8->8
[2025-06-24T13:35:45.751+0000][1][gc,metaspace] GC(27) Metaspace: 154054K(158912K)->154054K(158912K) NonClass: 135348K(137920K)->135348K(137920K) Class: 18706K(20992K)->18706K(20992K)
[2025-06-24T13:35:45.752+0000][1][gc          ] GC(27) Pause Young (Mixed) (G1 Evacuation Pause) 204M->129M(512M) 186.774ms
[2025-06-24T13:35:45.752+0000][1][gc,cpu      ] GC(27) User=0.95s Sys=0.04s Real=0.19s
[2025-06-24T13:35:45.753+0000][1][safepoint   ] Safepoint "G1CollectForAllocation", Time since last: 10059411988 ns, Reaching safepoint: 168523 ns, Cleanup: 227360 ns, At safepoint: 188345541 ns, Total: 188741424 ns
[2025-06-24T13:35:52.779+0000][1][safepoint   ] Safepoint "Cleanup", Time since last: 7025836493 ns, Reaching safepoint: 207360 ns, Cleanup: 46136 ns, At safepoint: 16324 ns, Total: 269820 ns
[2025-06-24T13:36:15.889+0000][1][safepoint   ] Safepoint "Cleanup", Time since last: 23848654924 ns, Reaching safepoint: 1143017 ns, Cleanup: 168885 ns, At safepoint: 40966 ns, Total: 1352868 ns
[2025-06-24T13:36:29.212+0000][1][safepoint   ] Safepoint "Cleanup", Time since last: 14019186920 ns, Reaching safepoint: 139361 ns, Cleanup: 24689 ns, At safepoint: 6531 ns, Total: 170581 ns
[2025-06-24T13:36:54.251+0000][1][safepoint   ] Safepoint "Cleanup", Time since last: 25038897944 ns, Reaching safepoint: 650905 ns, Cleanup: 77252 ns, At safepoint: 31989 ns, Total: 760146 ns
[2025-06-24T13:37:03.445+0000][1][safepoint   ] Safepoint "Cleanup", Time since last: 10006303620 ns, Reaching safepoint: 1216693 ns, Cleanup: 46101 ns, At safepoint: 25612 ns, Total: 1288406 ns
[2025-06-24T13:37:37.838+0000][1][safepoint   ] Safepoint "Cleanup", Time since last: 35131099524 ns, Reaching safepoint: 214026 ns, Cleanup: 604409 ns, At safepoint: 35951 ns, Total: 854386 ns
[2025-06-24T13:37:42.849+0000][1][safepoint   ] Safepoint "Cleanup", Time since last: 5006822964 ns, Reaching safepoint: 119178 ns, Cleanup: 3210514 ns, At safepoint: 239120 ns, Total: 3568812 ns
[2025-06-24T13:38:16.196+0000][1][safepoint   ] Safepoint "Cleanup", Time since last: 34088000828 ns, Reaching safepoint: 131095 ns, Cleanup: 24716 ns, At safepoint: 11692 ns, Total: 167503 ns
[2025-06-24T13:38:18.204+0000][1][safepoint   ] Safepoint "Cleanup", Time since last: 2008210325 ns, Reaching safepoint: 25812 ns, Cleanup: 16369 ns, At safepoint: 4459 ns, Total: 46640 ns
[2025-06-24T13:38:31.470+0000][1][safepoint   ] Safepoint "Cleanup", Time since last: 14048704216 ns, Reaching safepoint: 159725 ns, Cleanup: 20780 ns, At safepoint: 10097 ns, Total: 190602 ns
[2025-06-24T13:38:42.504+0000][1][safepoint   ] Safepoint "Cleanup", Time since last: 11034426546 ns, Reaching safepoint: 148728 ns, Cleanup: 28271 ns, At safepoint: 10157 ns, Total: 187156 ns
[2025-06-24T13:39:05.191+0000][1][gc,start    ] GC(28) Pause Young (Normal) (G1 Evacuation Pause)
[2025-06-24T13:39:05.199+0000][1][gc,task     ] GC(28) Using 13 workers of 13 for evacuation
[2025-06-24T13:39:05.200+0000][1][gc,age      ] GC(28) Desired survivor size 8912896 bytes, new threshold 15 (max threshold 15)
[2025-06-24T13:39:05.530+0000][1][gc,mmu      ] GC(28) MMU target violated: 201.0ms (200.0ms/201.0ms)
[2025-06-24T13:39:05.531+0000][1][gc,phases   ] GC(28)   Pre Evacuate Collection Set: 44.0ms
[2025-06-24T13:39:05.531+0000][1][gc,phases   ] GC(28)   Merge Heap Roots: 3.1ms
[2025-06-24T13:39:05.532+0000][1][gc,phases   ] GC(28)   Evacuate Collection Set: 253.7ms
[2025-06-24T13:39:05.532+0000][1][gc,phases   ] GC(28)   Post Evacuate Collection Set: 25.2ms
[2025-06-24T13:39:05.533+0000][1][gc,phases   ] GC(28)   Other: 10.3ms
[2025-06-24T13:39:05.534+0000][1][gc,age      ] GC(28) Age table with threshold 15 (max threshold 15)
[2025-06-24T13:39:05.534+0000][1][gc,age      ] GC(28) - age   1:      62224 bytes,      62224 total
[2025-06-24T13:39:05.535+0000][1][gc,age      ] GC(28) - age   2:    2031632 bytes,    2093856 total
[2025-06-24T13:39:05.535+0000][1][gc,age      ] GC(28) - age   3:    2827440 bytes,    4921296 total
[2025-06-24T13:39:05.536+0000][1][gc,age      ] GC(28) - age   5:     282264 bytes,    5203560 total
[2025-06-24T13:39:05.537+0000][1][gc,age      ] GC(28) - age   6:     637072 bytes,    5840632 total
[2025-06-24T13:39:05.537+0000][1][gc,age      ] GC(28) - age   7:     512272 bytes,    6352904 total
[2025-06-24T13:39:05.538+0000][1][gc,heap     ] GC(28) Eden regions: 129->0(18)
[2025-06-24T13:39:05.539+0000][1][gc,heap     ] GC(28) Survivor regions: 7->7(17)
[2025-06-24T13:39:05.539+0000][1][gc,heap     ] GC(28) Old regions: 115->115
[2025-06-24T13:39:05.540+0000][1][gc,heap     ] GC(28) Humongous regions: 8->8
[2025-06-24T13:39:05.541+0000][1][gc,metaspace] GC(28) Metaspace: 154090K(158912K)->154090K(158912K) NonClass: 135384K(137920K)->135384K(137920K) Class: 18706K(20992K)->18706K(20992K)
[2025-06-24T13:39:05.542+0000][1][gc          ] GC(28) Pause Young (Normal) (G1 Evacuation Pause) 258M->129M(512M) 351.754ms
[2025-06-24T13:39:05.543+0000][1][gc,cpu      ] GC(28) User=1.58s Sys=0.05s Real=0.35s
[2025-06-24T13:39:05.544+0000][1][safepoint   ] Safepoint "G1CollectForAllocation", Time since last: 23467362623 ns, Reaching safepoint: 887364 ns, Cleanup: 457279 ns, At safepoint: 356328378 ns, Total: 357673021 ns
[2025-06-24T13:39:24.067+0000][1][safepoint   ] Safepoint "Cleanup", Time since last: 19239221408 ns, Reaching safepoint: 47492 ns, Cleanup: 488803 ns, At safepoint: 16087 ns, Total: 552382 ns
[2025-06-24T13:39:37.079+0000][1][safepoint   ] Safepoint "Cleanup", Time since last: 13012083099 ns, Reaching safepoint: 483582 ns, Cleanup: 12590 ns, At safepoint: 26407 ns, Total: 522579 ns
[2025-06-24T13:39:40.082+0000][1][safepoint   ] Safepoint "Cleanup", Time since last: 3002896707 ns, Reaching safepoint: 167570 ns, Cleanup: 27780 ns, At safepoint: 10323 ns, Total: 205673 ns
[2025-06-24T13:40:08.352+0000][1][safepoint   ] Safepoint "Cleanup", Time since last: 29023479448 ns, Reaching safepoint: 1457278 ns, Cleanup: 303842 ns, At safepoint: 166906 ns, Total: 1928026 ns
[2025-06-24T13:40:09.996+0000][1][safepoint   ] Safepoint "Cleanup", Time since last: 1643473454 ns, Reaching safepoint: 30374 ns, Cleanup: 60029 ns, At safepoint: 22969 ns, Total: 113372 ns
[2025-06-24T13:40:11.562+0000][1][safepoint   ] Safepoint "Cleanup", Time since last: 1565840353 ns, Reaching safepoint: 23293 ns, Cleanup: 768300 ns, At safepoint: 49460 ns, Total: 841053 ns
[2025-06-24T13:40:11.998+0000][1][safepoint   ] Safepoint "ICBufferFull", Time since last: 435375256 ns, Reaching safepoint: 21034 ns, Cleanup: 102426 ns, At safepoint: 3915 ns, Total: 127375 ns
[2025-06-24T13:40:13.869+0000][1][safepoint   ] Safepoint "Cleanup", Time since last: 1871007187 ns, Reaching safepoint: 23443 ns, Cleanup: 46304 ns, At safepoint: 5943 ns, Total: 75690 ns
[2025-06-24T13:40:26.130+0000][1][safepoint   ] Safepoint "Cleanup", Time since last: 13057061342 ns, Reaching safepoint: 121230 ns, Cleanup: 22482 ns, At safepoint: 7783 ns, Total: 151495 ns
[2025-06-24T13:40:33.157+0000][1][safepoint   ] Safepoint "Cleanup", Time since last: 7026510838 ns, Reaching safepoint: 208078 ns, Cleanup: 145452 ns, At safepoint: 17439 ns, Total: 370969 ns
[2025-06-24T13:40:47.192+0000][1][safepoint   ] Safepoint "Cleanup", Time since last: 14033718421 ns, Reaching safepoint: 454232 ns, Cleanup: 580150 ns, At safepoint: 77477 ns, Total: 1111859 ns
[2025-06-24T13:40:48.422+0000][1][safepoint   ] Safepoint "Cleanup", Time since last: 1229631195 ns, Reaching safepoint: 51593 ns, Cleanup: 296205 ns, At safepoint: 54043 ns, Total: 401841 ns
[2025-06-24T13:40:49.427+0000][1][safepoint   ] Safepoint "Cleanup", Time since last: 1004331398 ns, Reaching safepoint: 249042 ns, Cleanup: 36434 ns, At safepoint: 16707 ns, Total: 302183 ns
[2025-06-24T13:41:08.820+0000][1][safepoint   ] Safepoint "Cleanup", Time since last: 20169304022 ns, Reaching safepoint: 78243 ns, Cleanup: 29100 ns, At safepoint: 5030 ns, Total: 112373 ns
[2025-06-24T13:41:10.822+0000][1][safepoint   ] Safepoint "Cleanup", Time since last: 2001804428 ns, Reaching safepoint: 98792 ns, Cleanup: 42687 ns, At safepoint: 12178 ns, Total: 153657 ns
[2025-06-24T13:41:12.715+0000][1][safepoint   ] Safepoint "Cleanup", Time since last: 1892583706 ns, Reaching safepoint: 230778 ns, Cleanup: 57402 ns, At safepoint: 82616 ns, Total: 370796 ns
[2025-06-24T13:41:14.349+0000][1][safepoint   ] Safepoint "Cleanup", Time since last: 1634096440 ns, Reaching safepoint: 48942 ns, Cleanup: 139828 ns, At safepoint: 8398 ns, Total: 197168 ns
[2025-06-24T13:41:33.603+0000][1][safepoint   ] Safepoint "Cleanup", Time since last: 20021398207 ns, Reaching safepoint: 8068052 ns, Cleanup: 801430 ns, At safepoint: 212649 ns, Total: 9082131 ns
[2025-06-24T13:41:34.611+0000][1][safepoint   ] Safepoint "Cleanup", Time since last: 1009324006 ns, Reaching safepoint: 37804 ns, Cleanup: 263367 ns, At safepoint: 18230 ns, Total: 319401 ns
[2025-06-24T13:41:37.615+0000][1][safepoint   ] Safepoint "Cleanup", Time since last: 3003380652 ns, Reaching safepoint: 254174 ns, Cleanup: 54176 ns, At safepoint: 16509 ns, Total: 324859 ns
[2025-06-24T13:41:38.617+0000][1][safepoint   ] Safepoint "Cleanup", Time since last: 1001378113 ns, Reaching safepoint: 198443 ns, Cleanup: 54103 ns, At safepoint: 5561 ns, Total: 258107 ns
[2025-06-24T13:42:03.530+0000][1][safepoint   ] Safepoint "Cleanup", Time since last: 25639252081 ns, Reaching safepoint: 729261 ns, Cleanup: 138885 ns, At safepoint: 45604 ns, Total: 913750 ns
[2025-06-24T13:42:04.531+0000][1][safepoint   ] Safepoint "Cleanup", Time since last: 1001161162 ns, Reaching safepoint: 109068 ns, Cleanup: 52628 ns, At safepoint: 15123 ns, Total: 176819 ns
[2025-06-24T13:42:05.533+0000][1][safepoint   ] Safepoint "Cleanup", Time since last: 1001902140 ns, Reaching safepoint: 82257 ns, Cleanup: 24376 ns, At safepoint: 6879 ns, Total: 113512 ns
[2025-06-24T13:42:28.105+0000][1][gc,start    ] GC(29) Pause Young (Normal) (G1 Evacuation Pause)
[2025-06-24T13:42:28.120+0000][1][gc,task     ] GC(29) Using 13 workers of 13 for evacuation
[2025-06-24T13:42:28.122+0000][1][gc,age      ] GC(29) Desired survivor size 13107200 bytes, new threshold 15 (max threshold 15)
[2025-06-24T13:42:28.740+0000][1][gc,mmu      ] GC(29) MMU target violated: 201.0ms (200.0ms/201.0ms)
[2025-06-24T13:42:28.742+0000][1][gc,phases   ] GC(29)   Pre Evacuate Collection Set: 118.1ms
[2025-06-24T13:42:28.742+0000][1][gc,phases   ] GC(29)   Merge Heap Roots: 8.0ms
[2025-06-24T13:42:28.742+0000][1][gc,phases   ] GC(29)   Evacuate Collection Set: 439.8ms
[2025-06-24T13:42:28.743+0000][1][gc,phases   ] GC(29)   Post Evacuate Collection Set: 39.5ms
[2025-06-24T13:42:28.744+0000][1][gc,phases   ] GC(29)   Other: 24.4ms
[2025-06-24T13:42:28.744+0000][1][gc,age      ] GC(29) Age table with threshold 15 (max threshold 15)
[2025-06-24T13:42:28.744+0000][1][gc,age      ] GC(29) - age   1:    1406184 bytes,    1406184 total
[2025-06-24T13:42:28.745+0000][1][gc,age      ] GC(29) - age   2:      33824 bytes,    1440008 total
[2025-06-24T13:42:28.745+0000][1][gc,age      ] GC(29) - age   3:     209608 bytes,    1649616 total
[2025-06-24T13:42:28.745+0000][1][gc,age      ] GC(29) - age   4:    2047432 bytes,    3697048 total
[2025-06-24T13:42:28.745+0000][1][gc,age      ] GC(29) - age   6:     222456 bytes,    3919504 total
[2025-06-24T13:42:28.746+0000][1][gc,age      ] GC(29) - age   7:     632624 bytes,    4552128 total
[2025-06-24T13:42:28.746+0000][1][gc,age      ] GC(29) - age   8:      41480 bytes,    4593608 total
[2025-06-24T13:42:28.746+0000][1][gc,heap     ] GC(29) Eden regions: 191->0(20)
[2025-06-24T13:42:28.747+0000][1][gc,heap     ] GC(29) Survivor regions: 7->5(25)
[2025-06-24T13:42:28.747+0000][1][gc,heap     ] GC(29) Old regions: 115->115
[2025-06-24T13:42:28.747+0000][1][gc,heap     ] GC(29) Humongous regions: 8->8
[2025-06-24T13:42:28.748+0000][1][gc,metaspace] GC(29) Metaspace: 154585K(158976K)->154585K(158976K) NonClass: 135842K(137984K)->135842K(137984K) Class: 18742K(20992K)->18742K(20992K)
[2025-06-24T13:42:28.749+0000][1][gc          ] GC(29) Pause Young (Normal) (G1 Evacuation Pause) 320M->127M(512M) 644.550ms
[2025-06-24T13:42:28.750+0000][1][gc,cpu      ] GC(29) User=3.26s Sys=0.05s Real=0.65s
[2025-06-24T13:42:28.750+0000][1][safepoint   ] Safepoint "G1CollectForAllocation", Time since last: 23319569665 ns, Reaching safepoint: 1329825 ns, Cleanup: 388526 ns, At safepoint: 650890362 ns, Total: 652608713 ns
[2025-06-24T13:42:29.751+0000][1][safepoint   ] Safepoint "Cleanup", Time since last: 1000873528 ns, Reaching safepoint: 155737 ns, Cleanup: 46519 ns, At safepoint: 7911 ns, Total: 210167 ns
[2025-06-24T13:42:31.756+0000][1][safepoint   ] Safepoint "Cleanup", Time since last: 2002543102 ns, Reaching safepoint: 1141028 ns, Cleanup: 556639 ns, At safepoint: 94226 ns, Total: 1791893 ns
[2025-06-24T13:42:32.762+0000][1][safepoint   ] Safepoint "Cleanup", Time since last: 1000893731 ns, Reaching safepoint: 4787318 ns, Cleanup: 28205 ns, At safepoint: 140521 ns, Total: 4956044 ns
[2025-06-24T13:42:33.764+0000][1][safepoint   ] Safepoint "Cleanup", Time since last: 1001013220 ns, Reaching safepoint: 53644 ns, Cleanup: 890424 ns, At safepoint: 61199 ns, Total: 1005267 ns
[2025-06-24T13:42:36.769+0000][1][safepoint   ] Safepoint "Cleanup", Time since last: 3004272900 ns, Reaching safepoint: 1028307 ns, Cleanup: 37015 ns, At safepoint: 80682 ns, Total: 1146004 ns
[2025-06-24T13:42:38.373+0000][1][safepoint   ] Safepoint "Cleanup", Time since last: 1603530461 ns, Reaching safepoint: 52759 ns, Cleanup: 88945 ns, At safepoint: 37471 ns, Total: 179175 ns
[2025-06-24T13:42:38.396+0000][1][gc,start    ] GC(30) Pause Young (Normal) (G1 Evacuation Pause)
[2025-06-24T13:42:38.397+0000][1][gc,task     ] GC(30) Using 13 workers of 13 for evacuation
[2025-06-24T13:42:38.397+0000][1][gc,age      ] GC(30) Desired survivor size 2097152 bytes, new threshold 4 (max threshold 15)
[2025-06-24T13:42:38.418+0000][1][gc,phases   ] GC(30)   Pre Evacuate Collection Set: 0.6ms
[2025-06-24T13:42:38.419+0000][1][gc,phases   ] GC(30)   Merge Heap Roots: 0.2ms
[2025-06-24T13:42:38.419+0000][1][gc,phases   ] GC(30)   Evacuate Collection Set: 18.0ms
[2025-06-24T13:42:38.419+0000][1][gc,phases   ] GC(30)   Post Evacuate Collection Set: 1.5ms
[2025-06-24T13:42:38.420+0000][1][gc,phases   ] GC(30)   Other: 1.4ms
[2025-06-24T13:42:38.420+0000][1][gc,age      ] GC(30) Age table with threshold 4 (max threshold 15)
[2025-06-24T13:42:38.420+0000][1][gc,age      ] GC(30) - age   1:    1044696 bytes,    1044696 total
[2025-06-24T13:42:38.420+0000][1][gc,age      ] GC(30) - age   2:    1384336 bytes,    2429032 total
[2025-06-24T13:42:38.420+0000][1][gc,age      ] GC(30) - age   3:      33824 bytes,    2462856 total
[2025-06-24T13:42:38.420+0000][1][gc,age      ] GC(30) - age   4:     209152 bytes,    2672008 total
[2025-06-24T13:42:38.421+0000][1][gc,heap     ] GC(30) Eden regions: 20->0(21)
[2025-06-24T13:42:38.421+0000][1][gc,heap     ] GC(30) Survivor regions: 5->4(4)
[2025-06-24T13:42:38.421+0000][1][gc,heap     ] GC(30) Old regions: 115->118
[2025-06-24T13:42:38.421+0000][1][gc,heap     ] GC(30) Humongous regions: 8->8
[2025-06-24T13:42:38.421+0000][1][gc,metaspace] GC(30) Metaspace: 154646K(158976K)->154646K(158976K) NonClass: 135900K(137984K)->135900K(137984K) Class: 18746K(20992K)->18746K(20992K)
[2025-06-24T13:42:38.422+0000][1][gc          ] GC(30) Pause Young (Normal) (G1 Evacuation Pause) 147M->128M(512M) 26.061ms
[2025-06-24T13:42:38.422+0000][1][gc,cpu      ] GC(30) User=0.23s Sys=0.00s Real=0.02s
[2025-06-24T13:42:38.422+0000][1][safepoint   ] Safepoint "G1CollectForAllocation", Time since last: 22675493 ns, Reaching safepoint: 143669 ns, Cleanup: 14786 ns, At safepoint: 26702008 ns, Total: 26860463 ns
[2025-06-24T13:42:39.595+0000][1][safepoint   ] Safepoint "Cleanup", Time since last: 1172253318 ns, Reaching safepoint: 250626 ns, Cleanup: 311502 ns, At safepoint: 111827 ns, Total: 673955 ns
[2025-06-24T13:42:40.961+0000][1][safepoint   ] Safepoint "Cleanup", Time since last: 1365510155 ns, Reaching safepoint: 199147 ns, Cleanup: 96221 ns, At safepoint: 14069 ns, Total: 309437 ns
[2025-06-24T13:43:10.108+0000][1][safepoint   ] Safepoint "Cleanup", Time since last: 29941226513 ns, Reaching safepoint: 942450 ns, Cleanup: 106545 ns, At safepoint: 17790 ns, Total: 1066785 ns
[2025-06-24T13:43:29.801+0000][1][safepoint   ] Safepoint "Cleanup", Time since last: 20020057923 ns, Reaching safepoint: 92173 ns, Cleanup: 80783 ns, At safepoint: 5617 ns, Total: 178573 ns
[2025-06-24T13:43:36.813+0000][1][safepoint   ] Safepoint "Cleanup", Time since last: 7011291952 ns, Reaching safepoint: 920165 ns, Cleanup: 21707 ns, At safepoint: 8306 ns, Total: 950178 ns
[2025-06-24T13:45:04.684+0000][1][safepoint   ] Safepoint "Cleanup", Time since last: 90145390622 ns, Reaching safepoint: 7901414 ns, Cleanup: 1240126 ns, At safepoint: 308782 ns, Total: 9450322 ns
[2025-06-24T13:45:05.688+0000][1][safepoint   ] Safepoint "Cleanup", Time since last: 1004389447 ns, Reaching safepoint: 36129 ns, Cleanup: 98592 ns, At safepoint: 7251 ns, Total: 141972 ns
[2025-06-24T13:45:07.188+0000][1][safepoint   ] Safepoint "Cleanup", Time since last: 1498842388 ns, Reaching safepoint: 412701 ns, Cleanup: 622197 ns, At safepoint: 322025 ns, Total: 1356923 ns
[2025-06-24T13:45:08.191+0000][1][safepoint   ] Safepoint "Cleanup", Time since last: 1002594180 ns, Reaching safepoint: 50881 ns, Cleanup: 102479 ns, At safepoint: 7571 ns, Total: 160931 ns
[2025-06-24T13:45:27.421+0000][1][safepoint   ] Safepoint "Cleanup", Time since last: 20040490201 ns, Reaching safepoint: 1570632 ns, Cleanup: 93262 ns, At safepoint: 35630 ns, Total: 1699524 ns
[2025-06-24T13:45:33.438+0000][1][safepoint   ] Safepoint "Cleanup", Time since last: 6015384106 ns, Reaching safepoint: 1292253 ns, Cleanup: 58440 ns, At safepoint: 256949 ns, Total: 1607642 ns
[2025-06-24T13:45:43.722+0000][1][safepoint   ] Safepoint "Cleanup", Time since last: 11013667811 ns, Reaching safepoint: 209949 ns, Cleanup: 115645 ns, At safepoint: 15664 ns, Total: 341258 ns
[2025-06-24T13:45:46.729+0000][1][safepoint   ] Safepoint "Cleanup", Time since last: 3007099355 ns, Reaching safepoint: 35891 ns, Cleanup: 109372 ns, At safepoint: 10913 ns, Total: 156176 ns
[2025-06-24T13:45:48.733+0000][1][safepoint   ] Safepoint "Cleanup", Time since last: 2003748166 ns, Reaching safepoint: 37315 ns, Cleanup: 32810 ns, At safepoint: 9946 ns, Total: 80071 ns
[2025-06-24T13:45:51.740+0000][1][safepoint   ] Safepoint "Cleanup", Time since last: 3006545921 ns, Reaching safepoint: 114833 ns, Cleanup: 23427 ns, At safepoint: 9909 ns, Total: 148169 ns
[2025-06-24T13:45:53.743+0000][1][safepoint   ] Safepoint "Cleanup", Time since last: 2003158387 ns, Reaching safepoint: 63487 ns, Cleanup: 47414 ns, At safepoint: 35202 ns, Total: 146103 ns
[2025-06-24T13:45:54.267+0000][1][gc,start    ] GC(31) Pause Young (Normal) (G1 Evacuation Pause)
[2025-06-24T13:45:54.272+0000][1][gc,task     ] GC(31) Using 13 workers of 13 for evacuation
[2025-06-24T13:45:54.273+0000][1][gc,age      ] GC(31) Desired survivor size 13631488 bytes, new threshold 15 (max threshold 15)
[2025-06-24T13:45:54.444+0000][1][gc,phases   ] GC(31)   Pre Evacuate Collection Set: 22.7ms
[2025-06-24T13:45:54.444+0000][1][gc,phases   ] GC(31)   Merge Heap Roots: 2.2ms
[2025-06-24T13:45:54.444+0000][1][gc,phases   ] GC(31)   Evacuate Collection Set: 123.5ms
[2025-06-24T13:45:54.445+0000][1][gc,phases   ] GC(31)   Post Evacuate Collection Set: 20.1ms
[2025-06-24T13:45:54.445+0000][1][gc,phases   ] GC(31)   Other: 6.3ms
[2025-06-24T13:45:54.445+0000][1][gc,age      ] GC(31) Age table with threshold 15 (max threshold 15)
[2025-06-24T13:45:54.445+0000][1][gc,age      ] GC(31) - age   1:    2399520 bytes,    2399520 total
[2025-06-24T13:45:54.446+0000][1][gc,age      ] GC(31) - age   2:     261288 bytes,    2660808 total
[2025-06-24T13:45:54.446+0000][1][gc,age      ] GC(31) - age   3:    1170776 bytes,    3831584 total
[2025-06-24T13:45:54.446+0000][1][gc,age      ] GC(31) - age   4:      33472 bytes,    3865056 total
[2025-06-24T13:45:54.446+0000][1][gc,age      ] GC(31) - age   5:      64432 bytes,    3929488 total
[2025-06-24T13:45:54.446+0000][1][gc,heap     ] GC(31) Eden regions: 203->0(118)
[2025-06-24T13:45:54.446+0000][1][gc,heap     ] GC(31) Survivor regions: 4->5(26)
[2025-06-24T13:45:54.447+0000][1][gc,heap     ] GC(31) Old regions: 118->118
[2025-06-24T13:45:54.447+0000][1][gc,heap     ] GC(31) Humongous regions: 8->8
[2025-06-24T13:45:54.447+0000][1][gc,metaspace] GC(31) Metaspace: 154885K(159040K)->154885K(159040K) NonClass: 136139K(138048K)->136139K(138048K) Class: 18746K(20992K)->18746K(20992K)
[2025-06-24T13:45:54.449+0000][1][gc          ] GC(31) Pause Young (Normal) (G1 Evacuation Pause) 331M->129M(512M) 182.139ms
[2025-06-24T13:45:54.449+0000][1][gc,cpu      ] GC(31) User=0.81s Sys=0.03s Real=0.18s
[2025-06-24T13:45:54.450+0000][1][safepoint   ] Safepoint "G1CollectForAllocation", Time since last: 520876682 ns, Reaching safepoint: 135451 ns, Cleanup: 320985 ns, At safepoint: 185372004 ns, Total: 185828440 ns
[2025-06-24T13:45:56.554+0000][1][safepoint   ] Safepoint "Cleanup", Time since last: 2103989141 ns, Reaching safepoint: 108573 ns, Cleanup: 24791 ns, At safepoint: 12367 ns, Total: 145731 ns
[2025-06-24T13:45:58.941+0000][1][safepoint   ] Safepoint "Cleanup", Time since last: 2386940974 ns, Reaching safepoint: 21188 ns, Cleanup: 31054 ns, At safepoint: 3958 ns, Total: 56200 ns
[2025-06-24T13:46:00.055+0000][1][safepoint   ] Safepoint "Cleanup", Time since last: 1114088989 ns, Reaching safepoint: 39311 ns, Cleanup: 100287 ns, At safepoint: 20028 ns, Total: 159626 ns
[2025-06-24T13:46:01.059+0000][1][safepoint   ] Safepoint "Cleanup", Time since last: 1003248990 ns, Reaching safepoint: 620336 ns, Cleanup: 21016 ns, At safepoint: 6207 ns, Total: 647559 ns
[2025-06-24T13:46:09.069+0000][1][safepoint   ] Safepoint "Cleanup", Time since last: 8009339426 ns, Reaching safepoint: 166553 ns, Cleanup: 24177 ns, At safepoint: 11228 ns, Total: 201958 ns
[2025-06-24T13:46:12.073+0000][1][safepoint   ] Safepoint "Cleanup", Time since last: 3003965768 ns, Reaching safepoint: 48734 ns, Cleanup: 31653 ns, At safepoint: 4916 ns, Total: 85303 ns
[2025-06-24T13:46:13.080+0000][1][safepoint   ] Safepoint "Cleanup", Time since last: 1840261294 ns, Reaching safepoint: 61779 ns, Cleanup: 48985 ns, At safepoint: 10677 ns, Total: 121441 ns
[2025-06-24T13:46:18.091+0000][1][safepoint   ] Safepoint "Cleanup", Time since last: 5011626178 ns, Reaching safepoint: 58338 ns, Cleanup: 36195 ns, At safepoint: 10375 ns, Total: 104908 ns
[2025-06-24T13:46:26.103+0000][1][safepoint   ] Safepoint "Cleanup", Time since last: 8011216717 ns, Reaching safepoint: 212158 ns, Cleanup: 20332 ns, At safepoint: 45797 ns, Total: 278287 ns
[2025-06-24T13:46:28.105+0000][1][safepoint   ] Safepoint "Cleanup", Time since last: 2001717707 ns, Reaching safepoint: 110301 ns, Cleanup: 19682 ns, At safepoint: 6410 ns, Total: 136393 ns
[2025-06-24T13:46:52.434+0000][1][safepoint   ] Safepoint "Cleanup", Time since last: 25024988103 ns, Reaching safepoint: 204284 ns, Cleanup: 12095 ns, At safepoint: 6769 ns, Total: 223148 ns
[2025-06-24T13:47:17.791+0000][1][safepoint   ] Safepoint "Cleanup", Time since last: 26128516286 ns, Reaching safepoint: 488650 ns, Cleanup: 103939 ns, At safepoint: 54702 ns, Total: 647291 ns
[2025-06-24T13:47:19.136+0000][1][safepoint   ] Safepoint "Cleanup", Time since last: 1344758108 ns, Reaching safepoint: 62540 ns, Cleanup: 21709 ns, At safepoint: 5485 ns, Total: 89734 ns
[2025-06-24T13:47:24.143+0000][1][safepoint   ] Safepoint "Cleanup", Time since last: 5007189824 ns, Reaching safepoint: 106903 ns, Cleanup: 25083 ns, At safepoint: 5935 ns, Total: 137921 ns
[2025-06-24T13:47:26.027+0000][1][safepoint   ] Safepoint "Cleanup", Time since last: 1882541751 ns, Reaching safepoint: 82600 ns, Cleanup: 1791548 ns, At safepoint: 24076 ns, Total: 1898224 ns
[2025-06-24T13:47:31.038+0000][1][safepoint   ] Safepoint "Cleanup", Time since last: 5010470937 ns, Reaching safepoint: 194510 ns, Cleanup: 18510 ns, At safepoint: 10028 ns, Total: 223048 ns
[2025-06-24T13:47:37.065+0000][1][safepoint   ] Safepoint "Cleanup", Time since last: 6020888773 ns, Reaching safepoint: 6040550 ns, Cleanup: 84731 ns, At safepoint: 363352 ns, Total: 6488633 ns
[2025-06-24T13:47:38.069+0000][1][safepoint   ] Safepoint "Cleanup", Time since last: 1003080947 ns, Reaching safepoint: 35155 ns, Cleanup: 18605 ns, At safepoint: 5364 ns, Total: 59124 ns
[2025-06-24T13:47:41.322+0000][1][safepoint   ] Safepoint "Cleanup", Time since last: 4017725306 ns, Reaching safepoint: 250394 ns, Cleanup: 43578 ns, At safepoint: 13223 ns, Total: 307195 ns
[2025-06-24T13:47:48.331+0000][1][safepoint   ] Safepoint "Cleanup", Time since last: 7006398225 ns, Reaching safepoint: 2256297 ns, Cleanup: 375124 ns, At safepoint: 65645 ns, Total: 2697066 ns
[2025-06-24T13:47:49.366+0000][1][safepoint   ] Safepoint "Cleanup", Time since last: 1033950366 ns, Reaching safepoint: 279299 ns, Cleanup: 96328 ns, At safepoint: 45465 ns, Total: 421092 ns
[2025-06-24T13:47:50.368+0000][1][safepoint   ] Safepoint "Cleanup", Time since last: 1001336684 ns, Reaching safepoint: 735602 ns, Cleanup: 424643 ns, At safepoint: 54004 ns, Total: 1214249 ns
[2025-06-24T13:47:51.370+0000][1][safepoint   ] Safepoint "Cleanup", Time since last: 1001295403 ns, Reaching safepoint: 104194 ns, Cleanup: 70916 ns, At safepoint: 17039 ns, Total: 192149 ns
[2025-06-24T13:47:52.910+0000][1][safepoint   ] Safepoint "Cleanup", Time since last: 1540703819 ns, Reaching safepoint: 27747 ns, Cleanup: 27971 ns, At safepoint: 6539 ns, Total: 62257 ns
[2025-06-24T13:47:53.920+0000][1][safepoint   ] Safepoint "Cleanup", Time since last: 1009017067 ns, Reaching safepoint: 248677 ns, Cleanup: 55298 ns, At safepoint: 16689 ns, Total: 320664 ns
[2025-06-24T13:48:09.266+0000][1][safepoint   ] Safepoint "Cleanup", Time since last: 15346400240 ns, Reaching safepoint: 146304 ns, Cleanup: 23829 ns, At safepoint: 9919 ns, Total: 180052 ns
[2025-06-24T13:48:12.504+0000][1][safepoint   ] Safepoint "Cleanup", Time since last: 4005900616 ns, Reaching safepoint: 50585 ns, Cleanup: 19277 ns, At safepoint: 4362 ns, Total: 74224 ns
[2025-06-24T13:48:13.506+0000][1][safepoint   ] Safepoint "Cleanup", Time since last: 1002258489 ns, Reaching safepoint: 40811 ns, Cleanup: 17037 ns, At safepoint: 5407 ns, Total: 63255 ns
[2025-06-24T13:48:16.513+0000][1][safepoint   ] Safepoint "Cleanup", Time since last: 3006137647 ns, Reaching safepoint: 60034 ns, Cleanup: 28055 ns, At safepoint: 10312 ns, Total: 98401 ns
[2025-06-24T13:48:22.517+0000][1][safepoint   ] Safepoint "Cleanup", Time since last: 6003412588 ns, Reaching safepoint: 157928 ns, Cleanup: 271310 ns, At safepoint: 36008 ns, Total: 465246 ns
[2025-06-24T13:48:59.784+0000][1][safepoint   ] Safepoint "Cleanup", Time since last: 38024786114 ns, Reaching safepoint: 102555 ns, Cleanup: 21755 ns, At safepoint: 8639 ns, Total: 132949 ns
[2025-06-24T13:49:08.992+0000][1][safepoint   ] Safepoint "Cleanup", Time since last: 10013920789 ns, Reaching safepoint: 115268 ns, Cleanup: 21696 ns, At safepoint: 7594 ns, Total: 144558 ns
[2025-06-24T13:49:09.994+0000][1][safepoint   ] Safepoint "Cleanup", Time since last: 1001823075 ns, Reaching safepoint: 37806 ns, Cleanup: 59088 ns, At safepoint: 6245 ns, Total: 103139 ns
[2025-06-24T13:49:11.012+0000][1][safepoint   ] Safepoint "Cleanup", Time since last: 1001309181 ns, Reaching safepoint: 16091374 ns, Cleanup: 105554 ns, At safepoint: 84794 ns, Total: 16281722 ns
[2025-06-24T13:49:12.080+0000][1][safepoint   ] Safepoint "Cleanup", Time since last: 1067321781 ns, Reaching safepoint: 493196 ns, Cleanup: 364037 ns, At safepoint: 47218 ns, Total: 904451 ns
[2025-06-24T13:49:13.084+0000][1][safepoint   ] Safepoint "Cleanup", Time since last: 1003040623 ns, Reaching safepoint: 438805 ns, Cleanup: 18085 ns, At safepoint: 22425 ns, Total: 479315 ns
[2025-06-24T13:49:14.251+0000][1][safepoint   ] Safepoint "Cleanup", Time since last: 1002967157 ns, Reaching safepoint: 164231581 ns, Cleanup: 21470 ns, At safepoint: 96392 ns, Total: 164349443 ns
[2025-06-24T13:49:15.260+0000][1][safepoint   ] Safepoint "Cleanup", Time since last: 1007743814 ns, Reaching safepoint: 70477 ns, Cleanup: 1554165 ns, At safepoint: 38522 ns, Total: 1663164 ns
[2025-06-24T13:49:24.301+0000][1][safepoint   ] Safepoint "Cleanup", Time since last: 9040341848 ns, Reaching safepoint: 140240 ns, Cleanup: 24525 ns, At safepoint: 9895 ns, Total: 174660 ns
[2025-06-24T13:49:28.321+0000][1][safepoint   ] Safepoint "Cleanup", Time since last: 4020104716 ns, Reaching safepoint: 55721 ns, Cleanup: 20409 ns, At safepoint: 7774 ns, Total: 83904 ns
[2025-06-24T13:49:50.651+0000][1][safepoint   ] Safepoint "Cleanup", Time since last: 23095206954 ns, Reaching safepoint: 880948 ns, Cleanup: 37836 ns, At safepoint: 19343 ns, Total: 938127 ns
[2025-06-24T13:50:00.316+0000][1][safepoint   ] Safepoint "Cleanup", Time since last: 9664516870 ns, Reaching safepoint: 146888 ns, Cleanup: 29370 ns, At safepoint: 10122 ns, Total: 186380 ns
[2025-06-24T13:50:02.323+0000][1][safepoint   ] Safepoint "Cleanup", Time since last: 2001494911 ns, Reaching safepoint: 4711421 ns, Cleanup: 67826 ns, At safepoint: 325574 ns, Total: 5104821 ns
[2025-06-24T13:50:03.324+0000][1][safepoint   ] Safepoint "Cleanup", Time since last: 1001568917 ns, Reaching safepoint: 84948 ns, Cleanup: 143300 ns, At safepoint: 9443 ns, Total: 237691 ns
[2025-06-24T13:50:04.326+0000][1][safepoint   ] Safepoint "Cleanup", Time since last: 1001157290 ns, Reaching safepoint: 86307 ns, Cleanup: 694358 ns, At safepoint: 50755 ns, Total: 831420 ns
[2025-06-24T13:50:05.328+0000][1][safepoint   ] Safepoint "Cleanup", Time since last: 1001356220 ns, Reaching safepoint: 91667 ns, Cleanup: 18611 ns, At safepoint: 6117 ns, Total: 116395 ns
[2025-06-24T13:50:09.358+0000][1][gc,start    ] GC(32) Pause Young (Normal) (G1 Evacuation Pause)
[2025-06-24T13:50:09.362+0000][1][gc,task     ] GC(32) Using 13 workers of 13 for evacuation
[2025-06-24T13:50:09.363+0000][1][gc,age      ] GC(32) Desired survivor size 18350080 bytes, new threshold 15 (max threshold 15)
[2025-06-24T13:50:09.578+0000][1][gc,mmu      ] GC(32) MMU target violated: 201.0ms (200.0ms/201.0ms)
[2025-06-24T13:50:09.579+0000][1][gc,phases   ] GC(32)   Pre Evacuate Collection Set: 34.9ms
[2025-06-24T13:50:09.579+0000][1][gc,phases   ] GC(32)   Merge Heap Roots: 2.5ms
[2025-06-24T13:50:09.580+0000][1][gc,phases   ] GC(32)   Evacuate Collection Set: 154.3ms
[2025-06-24T13:50:09.580+0000][1][gc,phases   ] GC(32)   Post Evacuate Collection Set: 19.5ms
[2025-06-24T13:50:09.580+0000][1][gc,phases   ] GC(32)   Other: 7.1ms
[2025-06-24T13:50:09.581+0000][1][gc,age      ] GC(32) Age table with threshold 15 (max threshold 15)
[2025-06-24T13:50:09.581+0000][1][gc,age      ] GC(32) - age   1:    3068704 bytes,    3068704 total
[2025-06-24T13:50:09.582+0000][1][gc,age      ] GC(32) - age   2:    1712992 bytes,    4781696 total
[2025-06-24T13:50:09.582+0000][1][gc,age      ] GC(32) - age   3:     229576 bytes,    5011272 total
[2025-06-24T13:50:09.582+0000][1][gc,age      ] GC(32) - age   4:     914840 bytes,    5926112 total
[2025-06-24T13:50:09.582+0000][1][gc,age      ] GC(32) - age   5:      29408 bytes,    5955520 total
[2025-06-24T13:50:09.583+0000][1][gc,age      ] GC(32) - age   6:      64072 bytes,    6019592 total
[2025-06-24T13:50:09.583+0000][1][gc,heap     ] GC(32) Eden regions: 273->0(88)
[2025-06-24T13:50:09.583+0000][1][gc,heap     ] GC(32) Survivor regions: 5->7(35)
[2025-06-24T13:50:09.583+0000][1][gc,heap     ] GC(32) Old regions: 118->118
[2025-06-24T13:50:09.584+0000][1][gc,heap     ] GC(32) Humongous regions: 8->8
[2025-06-24T13:50:09.584+0000][1][gc,metaspace] GC(32) Metaspace: 156070K(159744K)->156070K(159744K) NonClass: 137171K(138752K)->137171K(138752K) Class: 18899K(20992K)->18899K(20992K)
[2025-06-24T13:50:09.586+0000][1][gc          ] GC(32) Pause Young (Normal) (G1 Evacuation Pause) 402M->132M(512M) 228.157ms
[2025-06-24T13:50:09.586+0000][1][gc,cpu      ] GC(32) User=1.45s Sys=0.00s Real=0.23s
[2025-06-24T13:50:09.586+0000][1][safepoint   ] Safepoint "G1CollectForAllocation", Time since last: 4788937804 ns, Reaching safepoint: 95462 ns, Cleanup: 7564 ns, At safepoint: 230092375 ns, Total: 230195401 ns
[2025-06-24T13:50:26.622+0000][1][safepoint   ] Safepoint "Cleanup", Time since last: 17035152569 ns, Reaching safepoint: 236467 ns, Cleanup: 53395 ns, At safepoint: 19437 ns, Total: 309299 ns
[2025-06-24T13:50:41.866+0000][1][safepoint   ] Safepoint "Cleanup", Time since last: 16027156176 ns, Reaching safepoint: 3485917 ns, Cleanup: 29095 ns, At safepoint: 72786 ns, Total: 3587798 ns
[2025-06-24T13:50:42.868+0000][1][safepoint   ] Safepoint "Cleanup", Time since last: 1002225541 ns, Reaching safepoint: 85793 ns, Cleanup: 62526 ns, At safepoint: 7641 ns, Total: 155960 ns
[2025-06-24T13:50:43.872+0000][1][safepoint   ] Safepoint "Cleanup", Time since last: 1003585431 ns, Reaching safepoint: 25135 ns, Cleanup: 13521 ns, At safepoint: 4147 ns, Total: 42803 ns
[2025-06-24T13:50:53.854+0000][1][safepoint   ] Safepoint "Cleanup", Time since last: 9981372145 ns, Reaching safepoint: 234642 ns, Cleanup: 37548 ns, At safepoint: 12539 ns, Total: 284729 ns
[2025-06-24T13:51:11.113+0000][1][safepoint   ] Safepoint "Cleanup", Time since last: 18025014004 ns, Reaching safepoint: 326176 ns, Cleanup: 38437 ns, At safepoint: 12497 ns, Total: 377110 ns
[2025-06-24T13:51:21.125+0000][1][safepoint   ] Safepoint "Cleanup", Time since last: 10012324052 ns, Reaching safepoint: 140603 ns, Cleanup: 26017 ns, At safepoint: 9280 ns, Total: 175900 ns
[2025-06-24T13:51:23.128+0000][1][safepoint   ] Safepoint "Cleanup", Time since last: 2002788880 ns, Reaching safepoint: 37860 ns, Cleanup: 25658 ns, At safepoint: 5281 ns, Total: 68799 ns
[2025-06-24T13:51:33.141+0000][1][safepoint   ] Safepoint "Cleanup", Time since last: 10013134753 ns, Reaching safepoint: 80015 ns, Cleanup: 17266 ns, At safepoint: 6476 ns, Total: 103757 ns
[2025-06-24T13:51:34.798+0000][1][safepoint   ] Safepoint "Cleanup", Time since last: 2009333401 ns, Reaching safepoint: 2233699 ns, Cleanup: 81419 ns, At safepoint: 31328 ns, Total: 2346446 ns
[2025-06-24T13:51:36.023+0000][1][safepoint   ] Safepoint "Cleanup", Time since last: 1647413254 ns, Reaching safepoint: 49708 ns, Cleanup: 30570 ns, At safepoint: 7619 ns, Total: 87897 ns
[2025-06-24T13:51:48.033+0000][1][safepoint   ] Safepoint "Cleanup", Time since last: 12009382339 ns, Reaching safepoint: 227624 ns, Cleanup: 71607 ns, At safepoint: 14965 ns, Total: 314196 ns
[2025-06-24T13:52:27.342+0000][1][safepoint   ] Safepoint "Cleanup", Time since last: 40074595689 ns, Reaching safepoint: 2981119 ns, Cleanup: 64793 ns, At safepoint: 28451 ns, Total: 3074363 ns
[2025-06-24T13:52:32.346+0000][1][safepoint   ] Safepoint "Cleanup", Time since last: 5004341035 ns, Reaching safepoint: 191388 ns, Cleanup: 20782 ns, At safepoint: 11093 ns, Total: 223263 ns
[2025-06-24T13:52:43.603+0000][1][safepoint   ] Safepoint "Cleanup", Time since last: 12049926536 ns, Reaching safepoint: 2242472 ns, Cleanup: 54831 ns, At safepoint: 60810 ns, Total: 2358113 ns
[2025-06-24T13:52:49.028+0000][1][safepoint   ] Safepoint "Cleanup", Time since last: 5424215087 ns, Reaching safepoint: 47241 ns, Cleanup: 34437 ns, At safepoint: 11562 ns, Total: 93240 ns
[2025-06-24T13:52:50.029+0000][1][safepoint   ] Safepoint "Cleanup", Time since last: 1001622853 ns, Reaching safepoint: 34383 ns, Cleanup: 20686 ns, At safepoint: 4760 ns, Total: 59829 ns
[2025-06-24T13:52:51.031+0000][1][safepoint   ] Safepoint "Cleanup", Time since last: 1000632205 ns, Reaching safepoint: 75839 ns, Cleanup: 718211 ns, At safepoint: 35578 ns, Total: 829628 ns
[2025-06-24T13:53:08.735+0000][1][safepoint   ] Safepoint "Cleanup", Time since last: 18020489577 ns, Reaching safepoint: 268719 ns, Cleanup: 34045 ns, At safepoint: 11502 ns, Total: 314266 ns
[2025-06-24T13:53:19.896+0000][1][safepoint   ] Safepoint "Cleanup", Time since last: 12007092511 ns, Reaching safepoint: 109423 ns, Cleanup: 44404 ns, At safepoint: 9194 ns, Total: 163021 ns
[2025-06-24T13:53:26.902+0000][1][safepoint   ] Safepoint "Cleanup", Time since last: 7004990436 ns, Reaching safepoint: 227398 ns, Cleanup: 14702 ns, At safepoint: 45784 ns, Total: 287884 ns
[2025-06-24T13:53:27.904+0000][1][safepoint   ] Safepoint "Cleanup", Time since last: 1000944052 ns, Reaching safepoint: 71128 ns, Cleanup: 1032794 ns, At safepoint: 54466 ns, Total: 1158388 ns
[2025-06-24T13:53:29.905+0000][1][safepoint   ] Safepoint "Cleanup", Time since last: 2001515579 ns, Reaching safepoint: 266981 ns, Cleanup: 23134 ns, At safepoint: 77008 ns, Total: 367123 ns
[2025-06-24T13:53:42.615+0000][1][safepoint   ] Safepoint "Cleanup", Time since last: 13024402495 ns, Reaching safepoint: 84813 ns, Cleanup: 20665 ns, At safepoint: 5199 ns, Total: 110677 ns
[2025-06-24T13:54:07.801+0000][1][gc,start    ] GC(33) Pause Young (Concurrent Start) (G1 Evacuation Pause)
[2025-06-24T13:54:07.805+0000][1][gc,task     ] GC(33) Using 13 workers of 13 for evacuation
[2025-06-24T13:54:07.806+0000][1][gc,age      ] GC(33) Desired survivor size 11534336 bytes, new threshold 15 (max threshold 15)
[2025-06-24T13:54:08.367+0000][1][gc,mmu      ] GC(33) MMU target violated: 201.0ms (200.0ms/201.0ms)
[2025-06-24T13:54:08.367+0000][1][gc,phases   ] GC(33)   Pre Evacuate Collection Set: 38.0ms
[2025-06-24T13:54:08.368+0000][1][gc,phases   ] GC(33)   Merge Heap Roots: 3.1ms
[2025-06-24T13:54:08.369+0000][1][gc,phases   ] GC(33)   Evacuate Collection Set: 483.2ms
[2025-06-24T13:54:08.369+0000][1][gc,phases   ] GC(33)   Post Evacuate Collection Set: 30.8ms
[2025-06-24T13:54:08.369+0000][1][gc,phases   ] GC(33)   Other: 9.6ms
[2025-06-24T13:54:08.370+0000][1][gc,age      ] GC(33) Age table with threshold 15 (max threshold 15)
[2025-06-24T13:54:08.370+0000][1][gc,age      ] GC(33) - age   1:     498984 bytes,     498984 total
[2025-06-24T13:54:08.370+0000][1][gc,age      ] GC(33) - age   2:    2926144 bytes,    3425128 total
[2025-06-24T13:54:08.370+0000][1][gc,age      ] GC(33) - age   3:    1711896 bytes,    5137024 total
[2025-06-24T13:54:08.371+0000][1][gc,age      ] GC(33) - age   4:     209352 bytes,    5346376 total
[2025-06-24T13:54:08.371+0000][1][gc,age      ] GC(33) - age   5:     911696 bytes,    6258072 total
[2025-06-24T13:54:08.372+0000][1][gc,age      ] GC(33) - age   6:       9072 bytes,    6267144 total
[2025-06-24T13:54:08.372+0000][1][gc,age      ] GC(33) - age   7:      64056 bytes,    6331200 total
[2025-06-24T13:54:08.372+0000][1][gc,heap     ] GC(33) Eden regions: 165->0(162)
[2025-06-24T13:54:08.373+0000][1][gc,heap     ] GC(33) Survivor regions: 7->7(22)
[2025-06-24T13:54:08.373+0000][1][gc,heap     ] GC(33) Old regions: 118->118
[2025-06-24T13:54:08.373+0000][1][gc,heap     ] GC(33) Humongous regions: 8->8
[2025-06-24T13:54:08.374+0000][1][gc,metaspace] GC(33) Metaspace: 156638K(160064K)->156638K(160064K) NonClass: 137656K(139072K)->137656K(139072K) Class: 18982K(20992K)->18982K(20992K)
[2025-06-24T13:54:08.375+0000][1][gc          ] GC(33) Pause Young (Concurrent Start) (G1 Evacuation Pause) 297M->132M(512M) 574.352ms
[2025-06-24T13:54:08.376+0000][1][gc,cpu      ] GC(33) User=2.19s Sys=0.07s Real=0.58s
[2025-06-24T13:54:08.377+0000][1][safepoint   ] Safepoint "G1CollectForAllocation", Time since last: 25986626300 ns, Reaching safepoint: 530872 ns, Cleanup: 83021 ns, At safepoint: 579265894 ns, Total: 579879787 ns
[2025-06-24T13:54:08.379+0000][1][gc          ] GC(34) Concurrent Mark Cycle
[2025-06-24T13:54:08.380+0000][1][gc,marking  ] GC(34) Concurrent Scan Root Regions
[2025-06-24T13:54:08.568+0000][1][gc,marking  ] GC(34) Concurrent Scan Root Regions 187.874ms
[2025-06-24T13:54:08.568+0000][1][gc,marking  ] GC(34) Concurrent Mark
[2025-06-24T13:54:08.568+0000][1][gc,marking  ] GC(34) Concurrent Mark From Roots
[2025-06-24T13:54:08.569+0000][1][gc,task     ] GC(34) Using 3 workers of 3 for marking
[2025-06-24T13:54:09.522+0000][1][gc,marking  ] GC(34) Concurrent Mark From Roots 953.744ms
[2025-06-24T13:54:09.523+0000][1][gc,marking  ] GC(34) Concurrent Preclean
[2025-06-24T13:54:09.524+0000][1][gc,marking  ] GC(34) Concurrent Preclean 1.185ms
[2025-06-24T13:54:09.525+0000][1][gc,start    ] GC(34) Pause Remark
[2025-06-24T13:54:11.279+0000][1][gc,mmu      ] GC(34) MMU target violated: 201.0ms (200.0ms/201.0ms)
[2025-06-24T13:54:11.280+0000][1][gc          ] GC(34) Pause Remark 135M->135M(512M) 1754.844ms
[2025-06-24T13:54:11.280+0000][1][gc,cpu      ] GC(34) User=16.09s Sys=0.00s Real=1.75s
[2025-06-24T13:54:11.281+0000][1][safepoint   ] Safepoint "G1PauseRemark", Time since last: 1147644924 ns, Reaching safepoint: 40540 ns, Cleanup: 7405 ns, At safepoint: 1756084247 ns, Total: 1756132192 ns
[2025-06-24T13:54:11.281+0000][1][gc,marking  ] GC(34) Concurrent Mark 2713.139ms
[2025-06-24T13:54:11.283+0000][1][gc,marking  ] GC(34) Concurrent Rebuild Remembered Sets and Scrub Regions
[2025-06-24T13:54:12.206+0000][1][gc,marking  ] GC(34) Concurrent Rebuild Remembered Sets and Scrub Regions 924.187ms
[2025-06-24T13:54:12.208+0000][1][gc,start    ] GC(34) Pause Cleanup
[2025-06-24T13:54:12.209+0000][1][gc          ] GC(34) Pause Cleanup 135M->135M(512M) 1.224ms
[2025-06-24T13:54:12.210+0000][1][gc,cpu      ] GC(34) User=0.00s Sys=0.01s Real=0.00s
[2025-06-24T13:54:12.210+0000][1][safepoint   ] Safepoint "G1PauseCleanup", Time since last: 925598456 ns, Reaching safepoint: 1009170 ns, Cleanup: 502377 ns, At safepoint: 2255852 ns, Total: 3767399 ns
[2025-06-24T13:54:12.211+0000][1][gc,marking  ] GC(34) Concurrent Clear Claimed Marks
[2025-06-24T13:54:12.211+0000][1][gc,marking  ] GC(34) Concurrent Clear Claimed Marks 0.965ms
[2025-06-24T13:54:12.212+0000][1][gc,marking  ] GC(34) Concurrent Cleanup for Next Mark
[2025-06-24T13:54:12.222+0000][1][gc,marking  ] GC(34) Concurrent Cleanup for Next Mark 9.567ms
[2025-06-24T13:54:12.222+0000][1][gc          ] GC(34) Concurrent Mark Cycle 3843.727ms
[2025-06-24T13:54:19.228+0000][1][safepoint   ] Safepoint "Cleanup", Time since last: 7018097526 ns, Reaching safepoint: 130771 ns, Cleanup: 20208 ns, At safepoint: 7402 ns, Total: 158381 ns
[2025-06-24T13:54:33.475+0000][1][safepoint   ] Safepoint "Cleanup", Time since last: 15034803254 ns, Reaching safepoint: 224510 ns, Cleanup: 24951 ns, At safepoint: 8245 ns, Total: 257706 ns
[2025-06-24T13:54:38.478+0000][1][safepoint   ] Safepoint "Cleanup", Time since last: 5003423785 ns, Reaching safepoint: 132977 ns, Cleanup: 17397 ns, At safepoint: 6169 ns, Total: 156543 ns
[2025-06-24T13:55:00.524+0000][1][safepoint   ] Safepoint "Cleanup", Time since last: 22802946037 ns, Reaching safepoint: 4384721 ns, Cleanup: 307967 ns, At safepoint: 156730 ns, Total: 4849418 ns
[2025-06-24T13:55:01.543+0000][1][safepoint   ] Safepoint "Cleanup", Time since last: 1016317076 ns, Reaching safepoint: 158147 ns, Cleanup: 2489451 ns, At safepoint: 106186 ns, Total: 2753784 ns
[2025-06-24T13:55:03.326+0000][1][safepoint   ] Safepoint "Cleanup", Time since last: 1780992171 ns, Reaching safepoint: 2277952 ns, Cleanup: 59266 ns, At safepoint: 95448 ns, Total: 2432666 ns
[2025-06-24T13:55:04.229+0000][1][gc,start    ] GC(35) Pause Young (Prepare Mixed) (G1 Evacuation Pause)
[2025-06-24T13:55:04.236+0000][1][gc,task     ] GC(35) Using 13 workers of 13 for evacuation
[2025-06-24T13:55:04.237+0000][1][gc,age      ] GC(35) Desired survivor size 3670016 bytes, new threshold 3 (max threshold 15)
[2025-06-24T13:55:05.059+0000][1][gc,mmu      ] GC(35) MMU target violated: 201.0ms (200.0ms/201.0ms)
[2025-06-24T13:55:05.061+0000][1][gc,phases   ] GC(35)   Pre Evacuate Collection Set: 27.5ms
[2025-06-24T13:55:05.061+0000][1][gc,phases   ] GC(35)   Merge Heap Roots: 7.1ms
[2025-06-24T13:55:05.061+0000][1][gc,phases   ] GC(35)   Evacuate Collection Set: 764.1ms
[2025-06-24T13:55:05.062+0000][1][gc,phases   ] GC(35)   Post Evacuate Collection Set: 20.2ms
[2025-06-24T13:55:05.062+0000][1][gc,phases   ] GC(35)   Other: 8.4ms
[2025-06-24T13:55:05.063+0000][1][gc,age      ] GC(35) Age table with threshold 3 (max threshold 15)
[2025-06-24T13:55:05.063+0000][1][gc,age      ] GC(35) - age   1:     136800 bytes,     136800 total
[2025-06-24T13:55:05.063+0000][1][gc,age      ] GC(35) - age   2:     471704 bytes,     608504 total
[2025-06-24T13:55:05.063+0000][1][gc,age      ] GC(35) - age   3:    1734704 bytes,    2343208 total
[2025-06-24T13:55:05.064+0000][1][gc,heap     ] GC(35) Eden regions: 49->0(275)
[2025-06-24T13:55:05.064+0000][1][gc,heap     ] GC(35) Survivor regions: 7->3(7)
[2025-06-24T13:55:05.064+0000][1][gc,heap     ] GC(35) Old regions: 118->120
[2025-06-24T13:55:05.064+0000][1][gc,heap     ] GC(35) Humongous regions: 8->8
[2025-06-24T13:55:05.065+0000][1][gc,metaspace] GC(35) Metaspace: 156569K(160064K)->156569K(160064K) NonClass: 137616K(139072K)->137616K(139072K) Class: 18953K(20992K)->18953K(20992K)
[2025-06-24T13:55:05.065+0000][1][gc          ] GC(35) Pause Young (Prepare Mixed) (G1 Evacuation Pause) 181M->129M(512M) 836.320ms
[2025-06-24T13:55:05.066+0000][1][gc,cpu      ] GC(35) User=2.87s Sys=0.04s Real=0.84s
[2025-06-24T13:55:05.066+0000][1][safepoint   ] Safepoint "G1CollectForAllocation", Time since last: 900424529 ns, Reaching safepoint: 46814 ns, Cleanup: 182745 ns, At safepoint: 839295659 ns, Total: 839525218 ns
[2025-06-24T13:55:06.068+0000][1][safepoint   ] Safepoint "Cleanup", Time since last: 1000576629 ns, Reaching safepoint: 349791 ns, Cleanup: 264727 ns, At safepoint: 272179 ns, Total: 886697 ns
[2025-06-24T13:55:07.427+0000][1][safepoint   ] Safepoint "Cleanup", Time since last: 1358513482 ns, Reaching safepoint: 217082 ns, Cleanup: 119885 ns, At safepoint: 65296 ns, Total: 402263 ns
[2025-06-24T13:55:08.431+0000][1][safepoint   ] Safepoint "Cleanup", Time since last: 1003554932 ns, Reaching safepoint: 160717 ns, Cleanup: 67756 ns, At safepoint: 8631 ns, Total: 237104 ns
[2025-06-24T13:55:15.457+0000][1][safepoint   ] Safepoint "Cleanup", Time since last: 7026411289 ns, Reaching safepoint: 195234 ns, Cleanup: 41703 ns, At safepoint: 7690 ns, Total: 244627 ns
[2025-06-24T13:56:18.669+0000][1][safepoint   ] Safepoint "Cleanup", Time since last: 64374087482 ns, Reaching safepoint: 3837984 ns, Cleanup: 147432 ns, At safepoint: 114748 ns, Total: 4100164 ns
[2025-06-24T13:56:45.952+0000][1][safepoint   ] Safepoint "Cleanup", Time since last: 28089619246 ns, Reaching safepoint: 8149311 ns, Cleanup: 116873 ns, At safepoint: 337659 ns, Total: 8603843 ns
[2025-06-24T13:56:46.958+0000][1][safepoint   ] Safepoint "Cleanup", Time since last: 1005815154 ns, Reaching safepoint: 91855 ns, Cleanup: 15673 ns, At safepoint: 6037 ns, Total: 113565 ns
[2025-06-24T13:58:54.555+0000][1][safepoint   ] Safepoint "Cleanup", Time since last: 131388230441 ns, Reaching safepoint: 3097901 ns, Cleanup: 2204475 ns, At safepoint: 86323 ns, Total: 5388699 ns
[2025-06-24T13:58:55.562+0000][1][safepoint   ] Safepoint "Cleanup", Time since last: 1005249144 ns, Reaching safepoint: 2539201 ns, Cleanup: 575014 ns, At safepoint: 127666 ns, Total: 3241881 ns
[2025-06-24T13:58:56.674+0000][1][safepoint   ] Safepoint "Cleanup", Time since last: 1010588118 ns, Reaching safepoint: 100554245 ns, Cleanup: 106674 ns, At safepoint: 171183 ns, Total: 100832102 ns
[2025-06-24T13:59:14.732+0000][1][safepoint   ] Safepoint "Cleanup", Time since last: 18058254924 ns, Reaching safepoint: 103114 ns, Cleanup: 23007 ns, At safepoint: 7179 ns, Total: 133300 ns
[2025-06-24T13:59:30.794+0000][1][gc,start    ] GC(36) Pause Young (Mixed) (G1 Evacuation Pause)
[2025-06-24T13:59:30.850+0000][1][gc,task     ] GC(36) Using 13 workers of 13 for evacuation
[2025-06-24T13:59:30.852+0000][1][gc,age      ] GC(36) Desired survivor size 18350080 bytes, new threshold 15 (max threshold 15)
[2025-06-24T13:59:31.864+0000][1][gc,mmu      ] GC(36) MMU target violated: 201.0ms (200.0ms/201.0ms)
[2025-06-24T13:59:31.866+0000][1][gc,phases   ] GC(36)   Pre Evacuate Collection Set: 182.8ms
[2025-06-24T13:59:31.867+0000][1][gc,phases   ] GC(36)   Merge Heap Roots: 18.5ms
[2025-06-24T13:59:31.868+0000][1][gc,phases   ] GC(36)   Evacuate Collection Set: 700.6ms
[2025-06-24T13:59:31.869+0000][1][gc,phases   ] GC(36)   Post Evacuate Collection Set: 86.6ms
[2025-06-24T13:59:31.870+0000][1][gc,phases   ] GC(36)   Other: 59.2ms
[2025-06-24T13:59:31.871+0000][1][gc,age      ] GC(36) Age table with threshold 15 (max threshold 15)
[2025-06-24T13:59:31.873+0000][1][gc,age      ] GC(36) - age   1:    3725448 bytes,    3725448 total
[2025-06-24T13:59:31.874+0000][1][gc,age      ] GC(36) - age   2:       6960 bytes,    3732408 total
[2025-06-24T13:59:31.875+0000][1][gc,age      ] GC(36) - age   3:     465784 bytes,    4198192 total
[2025-06-24T13:59:31.875+0000][1][gc,age      ] GC(36) - age   4:    1352136 bytes,    5550328 total
[2025-06-24T13:59:31.876+0000][1][gc,heap     ] GC(36) Eden regions: 275->0(19)
[2025-06-24T13:59:31.876+0000][1][gc,heap     ] GC(36) Survivor regions: 3->6(35)
[2025-06-24T13:59:31.877+0000][1][gc,heap     ] GC(36) Old regions: 120->118
[2025-06-24T13:59:31.877+0000][1][gc,heap     ] GC(36) Humongous regions: 8->8
[2025-06-24T13:59:31.879+0000][1][gc,metaspace] GC(36) Metaspace: 156864K(160192K)->156864K(160192K) NonClass: 137891K(139200K)->137891K(139200K) Class: 18972K(20992K)->18972K(20992K)
[2025-06-24T13:59:31.882+0000][1][gc          ] GC(36) Pause Young (Mixed) (G1 Evacuation Pause) 404M->130M(512M) 1092.020ms
[2025-06-24T13:59:31.883+0000][1][gc,cpu      ] GC(36) User=5.02s Sys=0.09s Real=1.09s
[2025-06-24T13:59:31.883+0000][1][safepoint   ] Safepoint "G1CollectForAllocation", Time since last: 16428660508 ns, Reaching safepoint: 12861831 ns, Cleanup: 5051645 ns, At safepoint: 1114096294 ns, Total: 1132009770 ns
[2025-06-24T13:59:57.028+0000][1][gc,start    ] GC(37) Pause Young (Concurrent Start) (G1 Evacuation Pause)
[2025-06-24T13:59:57.030+0000][1][gc,task     ] GC(37) Using 13 workers of 13 for evacuation
[2025-06-24T13:59:57.031+0000][1][gc,age      ] GC(37) Desired survivor size 2097152 bytes, new threshold 1 (max threshold 15)
[2025-06-24T13:59:57.121+0000][1][gc,phases   ] GC(37)   Pre Evacuate Collection Set: 2.2ms
[2025-06-24T13:59:57.122+0000][1][gc,phases   ] GC(37)   Merge Heap Roots: 0.3ms
[2025-06-24T13:59:57.122+0000][1][gc,phases   ] GC(37)   Evacuate Collection Set: 82.0ms
[2025-06-24T13:59:57.122+0000][1][gc,phases   ] GC(37)   Post Evacuate Collection Set: 1.5ms
[2025-06-24T13:59:57.123+0000][1][gc,phases   ] GC(37)   Other: 5.1ms
[2025-06-24T13:59:57.123+0000][1][gc,age      ] GC(37) Age table with threshold 1 (max threshold 15)
[2025-06-24T13:59:57.123+0000][1][gc,age      ] GC(37) - age   1:      18984 bytes,      18984 total
[2025-06-24T13:59:57.123+0000][1][gc,heap     ] GC(37) Eden regions: 19->0(210)
[2025-06-24T13:59:57.124+0000][1][gc,heap     ] GC(37) Survivor regions: 6->1(4)
[2025-06-24T13:59:57.124+0000][1][gc,heap     ] GC(37) Old regions: 118->123
[2025-06-24T13:59:57.124+0000][1][gc,heap     ] GC(37) Humongous regions: 8->8
[2025-06-24T13:59:57.124+0000][1][gc,metaspace] GC(37) Metaspace: 156867K(160192K)->156867K(160192K) NonClass: 137894K(139200K)->137894K(139200K) Class: 18972K(20992K)->18972K(20992K)
[2025-06-24T13:59:57.125+0000][1][gc          ] GC(37) Pause Young (Concurrent Start) (G1 Evacuation Pause) 149M->131M(512M) 96.538ms
[2025-06-24T13:59:57.126+0000][1][gc,cpu      ] GC(37) User=0.28s Sys=0.00s Real=0.09s
[2025-06-24T13:59:57.126+0000][1][gc          ] GC(38) Concurrent Mark Cycle
[2025-06-24T13:59:57.126+0000][1][safepoint   ] Safepoint "G1CollectForAllocation", Time since last: 25911042845 ns, Reaching safepoint: 104765 ns, Cleanup: 9985 ns, At safepoint: 98357058 ns, Total: 98471808 ns
[2025-06-24T13:59:57.127+0000][1][gc,marking  ] GC(38) Concurrent Scan Root Regions
[2025-06-24T13:59:57.315+0000][1][gc,marking  ] GC(38) Concurrent Scan Root Regions 187.737ms
[2025-06-24T13:59:57.315+0000][1][gc,marking  ] GC(38) Concurrent Mark
[2025-06-24T13:59:57.316+0000][1][gc,marking  ] GC(38) Concurrent Mark From Roots
[2025-06-24T13:59:57.316+0000][1][gc,task     ] GC(38) Using 3 workers of 3 for marking
[2025-06-24T13:59:57.889+0000][1][gc,marking  ] GC(38) Concurrent Mark From Roots 573.441ms
[2025-06-24T13:59:57.889+0000][1][gc,marking  ] GC(38) Concurrent Preclean
[2025-06-24T13:59:57.890+0000][1][gc,marking  ] GC(38) Concurrent Preclean 0.642ms
[2025-06-24T13:59:57.891+0000][1][gc,start    ] GC(38) Pause Remark
[2025-06-24T13:59:59.183+0000][1][gc,mmu      ] GC(38) MMU target violated: 201.0ms (200.0ms/201.0ms)
[2025-06-24T13:59:59.184+0000][1][gc          ] GC(38) Pause Remark 132M->132M(512M) 1292.788ms
[2025-06-24T13:59:59.184+0000][1][gc,cpu      ] GC(38) User=11.93s Sys=0.00s Real=1.29s
[2025-06-24T13:59:59.185+0000][1][safepoint   ] Safepoint "G1PauseRemark", Time since last: 764657206 ns, Reaching safepoint: 22869 ns, Cleanup: 5077 ns, At safepoint: 1293622743 ns, Total: 1293650689 ns
[2025-06-24T13:59:59.186+0000][1][gc,marking  ] GC(38) Concurrent Mark 1870.309ms
[2025-06-24T13:59:59.188+0000][1][gc,marking  ] GC(38) Concurrent Rebuild Remembered Sets and Scrub Regions
[2025-06-24T14:00:00.122+0000][1][gc,marking  ] GC(38) Concurrent Rebuild Remembered Sets and Scrub Regions 934.618ms
[2025-06-24T14:00:00.126+0000][1][gc,start    ] GC(38) Pause Cleanup
[2025-06-24T14:00:00.127+0000][1][gc          ] GC(38) Pause Cleanup 133M->133M(512M) 1.175ms
[2025-06-24T14:00:00.127+0000][1][gc,cpu      ] GC(38) User=0.00s Sys=0.00s Real=0.01s
[2025-06-24T14:00:00.128+0000][1][safepoint   ] Safepoint "G1PauseCleanup", Time since last: 938311918 ns, Reaching safepoint: 2352957 ns, Cleanup: 335499 ns, At safepoint: 2126448 ns, Total: 4814904 ns
[2025-06-24T14:00:00.128+0000][1][gc,marking  ] GC(38) Concurrent Clear Claimed Marks
[2025-06-24T14:00:00.129+0000][1][gc,marking  ] GC(38) Concurrent Clear Claimed Marks 0.666ms
[2025-06-24T14:00:00.129+0000][1][gc,marking  ] GC(38) Concurrent Cleanup for Next Mark
[2025-06-24T14:00:00.139+0000][1][gc,marking  ] GC(38) Concurrent Cleanup for Next Mark 9.907ms
[2025-06-24T14:00:00.140+0000][1][gc          ] GC(38) Concurrent Mark Cycle 3013.448ms
[2025-06-24T14:00:04.615+0000][1][safepoint   ] Safepoint "Cleanup", Time since last: 4486487577 ns, Reaching safepoint: 553571 ns, Cleanup: 58539 ns, At safepoint: 162230 ns, Total: 774340 ns
[2025-06-24T14:00:05.623+0000][1][safepoint   ] Safepoint "Cleanup", Time since last: 1005397530 ns, Reaching safepoint: 2287464 ns, Cleanup: 47357 ns, At safepoint: 115893 ns, Total: 2450714 ns
[2025-06-24T14:00:06.672+0000][1][safepoint   ] Safepoint "Cleanup", Time since last: 1048764512 ns, Reaching safepoint: 121263 ns, Cleanup: 82466 ns, At safepoint: 51080 ns, Total: 254809 ns
[2025-06-24T14:00:08.193+0000][1][safepoint   ] Safepoint "Cleanup", Time since last: 1520293004 ns, Reaching safepoint: 436058 ns, Cleanup: 332255 ns, At safepoint: 37791 ns, Total: 806104 ns
[2025-06-24T14:01:04.589+0000][1][safepoint   ] Safepoint "Cleanup", Time since last: 57586557015 ns, Reaching safepoint: 4740398 ns, Cleanup: 129069 ns, At safepoint: 47221 ns, Total: 4916688 ns
[2025-06-24T14:01:24.854+0000][1][safepoint   ] Safepoint "Cleanup", Time since last: 21038698422 ns, Reaching safepoint: 1062689 ns, Cleanup: 876994 ns, At safepoint: 222816 ns, Total: 2162499 ns
[2025-06-24T14:01:26.367+0000][1][safepoint   ] Safepoint "Cleanup", Time since last: 1512462462 ns, Reaching safepoint: 432794 ns, Cleanup: 30823 ns, At safepoint: 47361 ns, Total: 510978 ns
[2025-06-24T14:01:27.680+0000][1][safepoint   ] Safepoint "Cleanup", Time since last: 1312018500 ns, Reaching safepoint: 744502 ns, Cleanup: 31897 ns, At safepoint: 112666 ns, Total: 889065 ns
[2025-06-24T14:01:29.453+0000][1][safepoint   ] Safepoint "Cleanup", Time since last: 1772769657 ns, Reaching safepoint: 250667 ns, Cleanup: 66832 ns, At safepoint: 17120 ns, Total: 334619 ns
[2025-06-24T14:01:31.453+0000][1][gc,start    ] GC(39) Pause Young (Prepare Mixed) (G1 Evacuation Pause)
[2025-06-24T14:01:31.460+0000][1][gc,task     ] GC(39) Using 13 workers of 13 for evacuation
[2025-06-24T14:01:31.462+0000][1][gc,age      ] GC(39) Desired survivor size 10485760 bytes, new threshold 15 (max threshold 15)
[2025-06-24T14:01:31.747+0000][1][gc,mmu      ] GC(39) MMU target violated: 201.0ms (200.0ms/201.0ms)
[2025-06-24T14:01:31.749+0000][1][gc,phases   ] GC(39)   Pre Evacuate Collection Set: 28.4ms
[2025-06-24T14:01:31.749+0000][1][gc,phases   ] GC(39)   Merge Heap Roots: 6.0ms
[2025-06-24T14:01:31.749+0000][1][gc,phases   ] GC(39)   Evacuate Collection Set: 209.0ms
[2025-06-24T14:01:31.750+0000][1][gc,phases   ] GC(39)   Post Evacuate Collection Set: 36.7ms
[2025-06-24T14:01:31.751+0000][1][gc,phases   ] GC(39)   Other: 11.4ms
[2025-06-24T14:01:31.751+0000][1][gc,age      ] GC(39) Age table with threshold 15 (max threshold 15)
[2025-06-24T14:01:31.751+0000][1][gc,age      ] GC(39) - age   1:    2735968 bytes,    2735968 total
[2025-06-24T14:01:31.752+0000][1][gc,age      ] GC(39) - age   2:        888 bytes,    2736856 total
[2025-06-24T14:01:31.752+0000][1][gc,heap     ] GC(39) Eden regions: 157->0(22)
[2025-06-24T14:01:31.752+0000][1][gc,heap     ] GC(39) Survivor regions: 1->3(20)
[2025-06-24T14:01:31.753+0000][1][gc,heap     ] GC(39) Old regions: 123->123
[2025-06-24T14:01:31.753+0000][1][gc,heap     ] GC(39) Humongous regions: 8->8
[2025-06-24T14:01:31.753+0000][1][gc,metaspace] GC(39) Metaspace: 157017K(160384K)->157017K(160384K) NonClass: 138041K(139392K)->138041K(139392K) Class: 18975K(20992K)->18975K(20992K)
[2025-06-24T14:01:31.755+0000][1][gc          ] GC(39) Pause Young (Prepare Mixed) (G1 Evacuation Pause) 288M->133M(512M) 301.710ms
[2025-06-24T14:01:31.755+0000][1][gc,cpu      ] GC(39) User=1.70s Sys=0.02s Real=0.31s
[2025-06-24T14:01:31.756+0000][1][safepoint   ] Safepoint "G1CollectForAllocation", Time since last: 1998008112 ns, Reaching safepoint: 106617 ns, Cleanup: 9755 ns, At safepoint: 304851613 ns, Total: 304967985 ns
[2025-06-24T14:01:50.409+0000][1][safepoint   ] Safepoint "Cleanup", Time since last: 19000001140 ns, Reaching safepoint: 864062 ns, Cleanup: 109952 ns, At safepoint: 65340 ns, Total: 1039354 ns
[2025-06-24T14:02:22.678+0000][1][safepoint   ] Safepoint "Cleanup", Time since last: 33036299636 ns, Reaching safepoint: 838040 ns, Cleanup: 391587 ns, At safepoint: 60849 ns, Total: 1290476 ns
[2025-06-24T14:02:46.728+0000][1][safepoint   ] Safepoint "Cleanup", Time since last: 24050001663 ns, Reaching safepoint: 89023 ns, Cleanup: 15404 ns, At safepoint: 5749 ns, Total: 110176 ns
[2025-06-24T14:03:20.214+0000][1][safepoint   ] Safepoint "Cleanup", Time since last: 35066522471 ns, Reaching safepoint: 4705996 ns, Cleanup: 258660 ns, At safepoint: 128668 ns, Total: 5093324 ns
[2025-06-24T14:03:22.220+0000][1][safepoint   ] Safepoint "Cleanup", Time since last: 2006408179 ns, Reaching safepoint: 73246 ns, Cleanup: 808052 ns, At safepoint: 31284 ns, Total: 912582 ns
[2025-06-24T14:03:23.224+0000][1][safepoint   ] Safepoint "Cleanup", Time since last: 1003540815 ns, Reaching safepoint: 151501 ns, Cleanup: 25311 ns, At safepoint: 8521 ns, Total: 185333 ns
[2025-06-24T14:03:24.236+0000][1][safepoint   ] Safepoint "Cleanup", Time since last: 1006628011 ns, Reaching safepoint: 5087505 ns, Cleanup: 26915 ns, At safepoint: 100893 ns, Total: 5215313 ns
[2025-06-24T14:03:25.243+0000][1][safepoint   ] Safepoint "Cleanup", Time since last: 1006695459 ns, Reaching safepoint: 71528 ns, Cleanup: 143136 ns, At safepoint: 9650 ns, Total: 224314 ns
[2025-06-24T14:03:28.252+0000][1][safepoint   ] Safepoint "Cleanup", Time since last: 3009295226 ns, Reaching safepoint: 39816 ns, Cleanup: 13559 ns, At safepoint: 5633 ns, Total: 59008 ns
[2025-06-24T14:03:32.539+0000][1][gc,start    ] GC(40) Pause Young (Mixed) (G1 Evacuation Pause)
[2025-06-24T14:03:32.597+0000][1][gc,task     ] GC(40) Using 13 workers of 13 for evacuation
[2025-06-24T14:03:32.599+0000][1][gc,age      ] GC(40) Desired survivor size 5767168 bytes, new threshold 15 (max threshold 15)
[2025-06-24T14:03:33.752+0000][1][gc,mmu      ] GC(40) MMU target violated: 201.0ms (200.0ms/201.0ms)
[2025-06-24T14:03:33.755+0000][1][gc,phases   ] GC(40)   Pre Evacuate Collection Set: 40.6ms
[2025-06-24T14:03:33.755+0000][1][gc,phases   ] GC(40)   Merge Heap Roots: 5.3ms
[2025-06-24T14:03:33.756+0000][1][gc,phases   ] GC(40)   Evacuate Collection Set: 1054.6ms
[2025-06-24T14:03:33.756+0000][1][gc,phases   ] GC(40)   Post Evacuate Collection Set: 45.4ms
[2025-06-24T14:03:33.758+0000][1][gc,phases   ] GC(40)   Other: 15.5ms
[2025-06-24T14:03:33.758+0000][1][gc,age      ] GC(40) Age table with threshold 15 (max threshold 15)
[2025-06-24T14:03:33.759+0000][1][gc,age      ] GC(40) - age   1:     201160 bytes,     201160 total
[2025-06-24T14:03:33.759+0000][1][gc,age      ] GC(40) - age   2:    2675568 bytes,    2876728 total
[2025-06-24T14:03:33.760+0000][1][gc,age      ] GC(40) - age   3:        856 bytes,    2877584 total
[2025-06-24T14:03:33.762+0000][1][gc,heap     ] GC(40) Eden regions: 80->0(21)
[2025-06-24T14:03:33.762+0000][1][gc,heap     ] GC(40) Survivor regions: 3->4(11)
[2025-06-24T14:03:33.763+0000][1][gc,heap     ] GC(40) Old regions: 123->123
[2025-06-24T14:03:33.763+0000][1][gc,heap     ] GC(40) Humongous regions: 8->8
[2025-06-24T14:03:33.765+0000][1][gc,metaspace] GC(40) Metaspace: 157030K(160384K)->157030K(160384K) NonClass: 138054K(139392K)->138054K(139392K) Class: 18975K(20992K)->18975K(20992K)
[2025-06-24T14:03:33.772+0000][1][gc          ] GC(40) Pause Young (Mixed) (G1 Evacuation Pause) 213M->133M(512M) 1232.698ms
[2025-06-24T14:03:33.772+0000][1][gc,cpu      ] GC(40) User=3.45s Sys=0.07s Real=1.24s
[2025-06-24T14:03:33.773+0000][1][safepoint   ] Safepoint "G1CollectForAllocation", Time since last: 4278114561 ns, Reaching safepoint: 212709 ns, Cleanup: 191073 ns, At safepoint: 1242150993 ns, Total: 1242554775 ns
[2025-06-24T14:04:12.723+0000][1][safepoint   ] Safepoint "Cleanup", Time since last: 39692021191 ns, Reaching safepoint: 2638913 ns, Cleanup: 580655 ns, At safepoint: 96888 ns, Total: 3316456 ns
[2025-06-24T14:04:18.020+0000][1][safepoint   ] Safepoint "Cleanup", Time since last: 6022345986 ns, Reaching safepoint: 136680 ns, Cleanup: 32086 ns, At safepoint: 6177 ns, Total: 174943 ns
[2025-06-24T14:04:21.026+0000][1][safepoint   ] Safepoint "Cleanup", Time since last: 3005137449 ns, Reaching safepoint: 175526 ns, Cleanup: 49782 ns, At safepoint: 13325 ns, Total: 238633 ns
[2025-06-24T14:04:22.027+0000][1][safepoint   ] Safepoint "Cleanup", Time since last: 1001609215 ns, Reaching safepoint: 118476 ns, Cleanup: 39589 ns, At safepoint: 11495 ns, Total: 169560 ns
[2025-06-24T14:04:39.854+0000][1][safepoint   ] Safepoint "Cleanup", Time since last: 17826750312 ns, Reaching safepoint: 132895 ns, Cleanup: 23223 ns, At safepoint: 9883 ns, Total: 166001 ns
[2025-06-24T14:04:46.505+0000][1][safepoint   ] Safepoint "Cleanup", Time since last: 7011855992 ns, Reaching safepoint: 177200 ns, Cleanup: 27738 ns, At safepoint: 11873 ns, Total: 216811 ns
[2025-06-24T14:04:58.101+0000][1][safepoint   ] Safepoint "Cleanup", Time since last: 12012921820 ns, Reaching safepoint: 94599 ns, Cleanup: 61247 ns, At safepoint: 7991 ns, Total: 163837 ns
[2025-06-24T14:05:03.223+0000][1][safepoint   ] Safepoint "Cleanup", Time since last: 5120557064 ns, Reaching safepoint: 936939 ns, Cleanup: 26671 ns, At safepoint: 81352 ns, Total: 1044962 ns
[2025-06-24T14:05:04.224+0000][1][safepoint   ] Safepoint "Cleanup", Time since last: 1000869283 ns, Reaching safepoint: 278402 ns, Cleanup: 82557 ns, At safepoint: 17423 ns, Total: 378382 ns
[2025-06-24T14:05:08.235+0000][1][safepoint   ] Safepoint "Cleanup", Time since last: 4007360370 ns, Reaching safepoint: 2882751 ns, Cleanup: 766517 ns, At safepoint: 305091 ns, Total: 3954359 ns
[2025-06-24T14:05:23.229+0000][1][gc,start    ] GC(41) Pause Young (Mixed) (G1 Evacuation Pause)
[2025-06-24T14:05:23.233+0000][1][gc,task     ] GC(41) Using 13 workers of 13 for evacuation
[2025-06-24T14:05:23.234+0000][1][gc,age      ] GC(41) Desired survivor size 5767168 bytes, new threshold 15 (max threshold 15)
[2025-06-24T14:05:23.644+0000][1][gc,mmu      ] GC(41) MMU target violated: 201.0ms (200.0ms/201.0ms)
[2025-06-24T14:05:23.644+0000][1][gc,phases   ] GC(41)   Pre Evacuate Collection Set: 42.0ms
[2025-06-24T14:05:23.645+0000][1][gc,phases   ] GC(41)   Merge Heap Roots: 4.5ms
[2025-06-24T14:05:23.645+0000][1][gc,phases   ] GC(41)   Evacuate Collection Set: 339.9ms
[2025-06-24T14:05:23.645+0000][1][gc,phases   ] GC(41)   Post Evacuate Collection Set: 19.6ms
[2025-06-24T14:05:23.646+0000][1][gc,phases   ] GC(41)   Other: 6.8ms
[2025-06-24T14:05:23.646+0000][1][gc,age      ] GC(41) Age table with threshold 15 (max threshold 15)
[2025-06-24T14:05:23.646+0000][1][gc,age      ] GC(41) - age   1:    2762608 bytes,    2762608 total
[2025-06-24T14:05:23.646+0000][1][gc,age      ] GC(41) - age   2:     175664 bytes,    2938272 total
[2025-06-24T14:05:23.647+0000][1][gc,age      ] GC(41) - age   3:    1644824 bytes,    4583096 total
[2025-06-24T14:05:23.647+0000][1][gc,age      ] GC(41) - age   4:        856 bytes,    4583952 total
[2025-06-24T14:05:23.647+0000][1][gc,heap     ] GC(41) Eden regions: 80->0(20)
[2025-06-24T14:05:23.648+0000][1][gc,heap     ] GC(41) Survivor regions: 4->5(11)
[2025-06-24T14:05:23.648+0000][1][gc,heap     ] GC(41) Old regions: 123->123
[2025-06-24T14:05:23.648+0000][1][gc,heap     ] GC(41) Humongous regions: 8->8
[2025-06-24T14:05:23.648+0000][1][gc,metaspace] GC(41) Metaspace: 157090K(160448K)->157090K(160448K) NonClass: 138114K(139456K)->138114K(139456K) Class: 18975K(20992K)->18975K(20992K)
[2025-06-24T14:05:23.649+0000][1][gc          ] GC(41) Pause Young (Mixed) (G1 Evacuation Pause) 213M->134M(512M) 420.767ms
[2025-06-24T14:05:23.649+0000][1][gc,cpu      ] GC(41) User=1.59s Sys=0.03s Real=0.43s
[2025-06-24T14:05:23.650+0000][1][safepoint   ] Safepoint "G1CollectForAllocation", Time since last: 15342838060 ns, Reaching safepoint: 1869416 ns, Cleanup: 102866 ns, At safepoint: 424188388 ns, Total: 426160670 ns
[2025-06-24T14:05:25.651+0000][1][safepoint   ] Safepoint "Cleanup", Time since last: 2001062562 ns, Reaching safepoint: 110992 ns, Cleanup: 14325 ns, At safepoint: 5847 ns, Total: 131164 ns
[2025-06-24T14:05:44.792+0000][1][safepoint   ] Safepoint "Cleanup", Time since last: 19140005068 ns, Reaching safepoint: 78857 ns, Cleanup: 425301 ns, At safepoint: 39661 ns, Total: 543819 ns
[2025-06-24T14:05:45.430+0000][1][safepoint   ] Safepoint "Cleanup", Time since last: 1001018580 ns, Reaching safepoint: 29642 ns, Cleanup: 288493 ns, At safepoint: 37714 ns, Total: 355849 ns
[2025-06-24T14:05:48.955+0000][1][safepoint   ] Safepoint "Cleanup", Time since last: 4001855781 ns, Reaching safepoint: 206599 ns, Cleanup: 43588 ns, At safepoint: 10566 ns, Total: 260753 ns
[2025-06-24T14:05:50.958+0000][1][safepoint   ] Safepoint "Cleanup", Time since last: 2003098614 ns, Reaching safepoint: 135452 ns, Cleanup: 32273 ns, At safepoint: 4458 ns, Total: 172183 ns
[2025-06-24T14:05:56.969+0000][1][safepoint   ] Safepoint "Cleanup", Time since last: 6010676607 ns, Reaching safepoint: 109808 ns, Cleanup: 16757 ns, At safepoint: 6795 ns, Total: 133360 ns
[2025-06-24T14:05:59.979+0000][1][safepoint   ] Safepoint "Cleanup", Time since last: 3009578826 ns, Reaching safepoint: 567136 ns, Cleanup: 30976 ns, At safepoint: 23955 ns, Total: 622067 ns
[2025-06-24T14:06:12.027+0000][1][safepoint   ] Safepoint "Cleanup", Time since last: 12047716352 ns, Reaching safepoint: 109188 ns, Cleanup: 28814 ns, At safepoint: 6246 ns, Total: 144248 ns
[2025-06-24T14:06:21.352+0000][1][safepoint   ] Safepoint "Cleanup", Time since last: 10022532691 ns, Reaching safepoint: 378803 ns, Cleanup: 50030 ns, At safepoint: 25907 ns, Total: 454740 ns
[2025-06-24T14:06:30.419+0000][1][safepoint   ] Safepoint "Cleanup", Time since last: 9065946721 ns, Reaching safepoint: 942894 ns, Cleanup: 120933 ns, At safepoint: 169280 ns, Total: 1233107 ns
[2025-06-24T14:06:31.426+0000][1][safepoint   ] Safepoint "Cleanup", Time since last: 1001285611 ns, Reaching safepoint: 4727357 ns, Cleanup: 67552 ns, At safepoint: 308471 ns, Total: 5103380 ns
[2025-06-24T14:06:32.428+0000][1][safepoint   ] Safepoint "Cleanup", Time since last: 1002132007 ns, Reaching safepoint: 106156 ns, Cleanup: 29791 ns, At safepoint: 5039 ns, Total: 140986 ns
[2025-06-24T14:07:08.788+0000][1][safepoint   ] Safepoint "Cleanup", Time since last: 37123570430 ns, Reaching safepoint: 3438674 ns, Cleanup: 142348 ns, At safepoint: 492514 ns, Total: 4073536 ns
[2025-06-24T14:07:30.848+0000][1][safepoint   ] Safepoint "Cleanup", Time since last: 22829628805 ns, Reaching safepoint: 60869 ns, Cleanup: 14232 ns, At safepoint: 6374 ns, Total: 81475 ns
[2025-06-24T14:07:37.856+0000][1][safepoint   ] Safepoint "Cleanup", Time since last: 7007189875 ns, Reaching safepoint: 68863 ns, Cleanup: 15096 ns, At safepoint: 4570 ns, Total: 88529 ns
[2025-06-24T14:08:29.328+0000][1][safepoint   ] Safepoint "Cleanup", Time since last: 53051484224 ns, Reaching safepoint: 107352 ns, Cleanup: 25571 ns, At safepoint: 11035 ns, Total: 143958 ns
[2025-06-24T14:08:34.337+0000][1][safepoint   ] Safepoint "Cleanup", Time since last: 5008324982 ns, Reaching safepoint: 98364 ns, Cleanup: 20270 ns, At safepoint: 6080 ns, Total: 124714 ns
[2025-06-24T14:08:38.348+0000][1][safepoint   ] Safepoint "Cleanup", Time since last: 4010271898 ns, Reaching safepoint: 1086604 ns, Cleanup: 147811 ns, At safepoint: 16312 ns, Total: 1250727 ns
[2025-06-24T14:08:39.352+0000][1][safepoint   ] Safepoint "Cleanup", Time since last: 1003015260 ns, Reaching safepoint: 116121 ns, Cleanup: 439594 ns, At safepoint: 82737 ns, Total: 638452 ns
[2025-06-24T14:08:42.651+0000][1][safepoint   ] Safepoint "Cleanup", Time since last: 4008423055 ns, Reaching safepoint: 44472 ns, Cleanup: 24839 ns, At safepoint: 5778 ns, Total: 75089 ns
[2025-06-24T14:09:15.331+0000][1][safepoint   ] Safepoint "Cleanup", Time since last: 33056742861 ns, Reaching safepoint: 1610570 ns, Cleanup: 216897 ns, At safepoint: 104396 ns, Total: 1931863 ns
[2025-06-24T14:09:16.336+0000][1][safepoint   ] Safepoint "Cleanup", Time since last: 1002135667 ns, Reaching safepoint: 2164372 ns, Cleanup: 345256 ns, At safepoint: 71448 ns, Total: 2581076 ns
[2025-06-24T14:09:17.661+0000][1][safepoint   ] Safepoint "Cleanup", Time since last: 1324196531 ns, Reaching safepoint: 91530 ns, Cleanup: 517678 ns, At safepoint: 36304 ns, Total: 645512 ns
[2025-06-24T14:09:19.374+0000][1][safepoint   ] Safepoint "Cleanup", Time since last: 1713395367 ns, Reaching safepoint: 86121 ns, Cleanup: 23266 ns, At safepoint: 6287 ns, Total: 115674 ns
[2025-06-24T14:09:31.856+0000][1][gc,start    ] GC(42) Pause Young (Mixed) (G1 Evacuation Pause)
[2025-06-24T14:09:31.862+0000][1][gc,task     ] GC(42) Using 13 workers of 13 for evacuation
[2025-06-24T14:09:31.863+0000][1][gc,age      ] GC(42) Desired survivor size 13107200 bytes, new threshold 15 (max threshold 15)
[2025-06-24T14:09:32.059+0000][1][gc,phases   ] GC(42)   Pre Evacuate Collection Set: 22.7ms
[2025-06-24T14:09:32.059+0000][1][gc,phases   ] GC(42)   Merge Heap Roots: 3.0ms
[2025-06-24T14:09:32.060+0000][1][gc,phases   ] GC(42)   Evacuate Collection Set: 152.0ms
[2025-06-24T14:09:32.060+0000][1][gc,phases   ] GC(42)   Post Evacuate Collection Set: 15.2ms
[2025-06-24T14:09:32.060+0000][1][gc,phases   ] GC(42)   Other: 8.0ms
[2025-06-24T14:09:32.060+0000][1][gc,age      ] GC(42) Age table with threshold 15 (max threshold 15)
[2025-06-24T14:09:32.061+0000][1][gc,age      ] GC(42) - age   1:     907192 bytes,     907192 total
[2025-06-24T14:09:32.061+0000][1][gc,age      ] GC(42) - age   2:    2738184 bytes,    3645376 total
[2025-06-24T14:09:32.061+0000][1][gc,age      ] GC(42) - age   3:     175064 bytes,    3820440 total
[2025-06-24T14:09:32.061+0000][1][gc,age      ] GC(42) - age   4:    1634864 bytes,    5455304 total
[2025-06-24T14:09:32.061+0000][1][gc,age      ] GC(42) - age   5:        856 bytes,    5456160 total
[2025-06-24T14:09:32.062+0000][1][gc,heap     ] GC(42) Eden regions: 188->0(81)
[2025-06-24T14:09:32.062+0000][1][gc,heap     ] GC(42) Survivor regions: 5->6(25)
[2025-06-24T14:09:32.062+0000][1][gc,heap     ] GC(42) Old regions: 123->122
[2025-06-24T14:09:32.062+0000][1][gc,heap     ] GC(42) Humongous regions: 8->8
[2025-06-24T14:09:32.062+0000][1][gc,metaspace] GC(42) Metaspace: 157668K(160832K)->157668K(160832K) NonClass: 138603K(139840K)->138603K(139840K) Class: 19064K(20992K)->19064K(20992K)
[2025-06-24T14:09:32.064+0000][1][gc          ] GC(42) Pause Young (Mixed) (G1 Evacuation Pause) 322M->135M(512M) 208.075ms
[2025-06-24T14:09:32.064+0000][1][gc,cpu      ] GC(42) User=0.97s Sys=0.00s Real=0.21s
[2025-06-24T14:09:32.064+0000][1][safepoint   ] Safepoint "G1CollectForAllocation", Time since last: 12479352204 ns, Reaching safepoint: 101110 ns, Cleanup: 322740 ns, At safepoint: 210502666 ns, Total: 210926516 ns
[2025-06-24T14:09:34.065+0000][1][safepoint   ] Safepoint "Cleanup", Time since last: 2000770255 ns, Reaching safepoint: 131323 ns, Cleanup: 24065 ns, At safepoint: 9395 ns, Total: 164783 ns
[2025-06-24T14:09:45.289+0000][1][safepoint   ] Safepoint "Cleanup", Time since last: 12026186016 ns, Reaching safepoint: 1815843 ns, Cleanup: 140186 ns, At safepoint: 97290 ns, Total: 2053319 ns
[2025-06-24T14:09:46.435+0000][1][safepoint   ] Safepoint "Cleanup", Time since last: 1143686121 ns, Reaching safepoint: 668219 ns, Cleanup: 1677109 ns, At safepoint: 149873 ns, Total: 2495201 ns
[2025-06-24T14:09:47.436+0000][1][safepoint   ] Safepoint "Cleanup", Time since last: 1001534234 ns, Reaching safepoint: 39950 ns, Cleanup: 29327 ns, At safepoint: 9116 ns, Total: 78393 ns
[2025-06-24T14:10:01.404+0000][1][safepoint   ] Safepoint "Cleanup", Time since last: 13961480693 ns, Reaching safepoint: 5780070 ns, Cleanup: 105900 ns, At safepoint: 336964 ns, Total: 6222934 ns
[2025-06-24T14:10:02.865+0000][1][safepoint   ] Safepoint "Cleanup", Time since last: 1460455612 ns, Reaching safepoint: 79190 ns, Cleanup: 216433 ns, At safepoint: 26855 ns, Total: 322478 ns
[2025-06-24T14:10:04.391+0000][1][safepoint   ] Safepoint "Cleanup", Time since last: 1525829265 ns, Reaching safepoint: 148722 ns, Cleanup: 128051 ns, At safepoint: 22520 ns, Total: 299293 ns
[2025-06-24T14:10:05.392+0000][1][safepoint   ] Safepoint "Cleanup", Time since last: 1000736112 ns, Reaching safepoint: 42790 ns, Cleanup: 42273 ns, At safepoint: 8063 ns, Total: 93126 ns
[2025-06-24T14:10:42.767+0000][1][safepoint   ] Safepoint "Cleanup", Time since last: 38474485625 ns, Reaching safepoint: 157037 ns, Cleanup: 109041 ns, At safepoint: 30147 ns, Total: 296225 ns
[2025-06-24T14:10:46.787+0000][1][safepoint   ] Safepoint "Cleanup", Time since last: 4020082920 ns, Reaching safepoint: 69619 ns, Cleanup: 19767 ns, At safepoint: 5461 ns, Total: 94847 ns
[2025-06-24T14:10:47.795+0000][1][safepoint   ] Safepoint "Cleanup", Time since last: 1007430263 ns, Reaching safepoint: 86051 ns, Cleanup: 433569 ns, At safepoint: 36713 ns, Total: 556333 ns
[2025-06-24T14:10:49.255+0000][1][safepoint   ] Safepoint "Cleanup", Time since last: 1458681938 ns, Reaching safepoint: 308489 ns, Cleanup: 114897 ns, At safepoint: 56242 ns, Total: 479628 ns
[2025-06-24T14:10:50.731+0000][1][safepoint   ] Safepoint "Cleanup", Time since last: 1472555012 ns, Reaching safepoint: 3669877 ns, Cleanup: 108609 ns, At safepoint: 217214 ns, Total: 3995700 ns
[2025-06-24T14:11:01.832+0000][1][safepoint   ] Safepoint "Cleanup", Time since last: 11101214228 ns, Reaching safepoint: 93185 ns, Cleanup: 20708 ns, At safepoint: 7255 ns, Total: 121148 ns
[2025-06-24T14:11:38.821+0000][1][safepoint   ] Safepoint "Cleanup", Time since last: 38180706880 ns, Reaching safepoint: 1950390 ns, Cleanup: 352398 ns, At safepoint: 59196 ns, Total: 2361984 ns
[2025-06-24T14:11:50.889+0000][1][safepoint   ] Safepoint "Cleanup", Time since last: 12063622331 ns, Reaching safepoint: 3563519 ns, Cleanup: 33879 ns, At safepoint: 266968 ns, Total: 3864366 ns
[2025-06-24T14:11:52.849+0000][1][safepoint   ] Safepoint "Cleanup", Time since last: 1958763381 ns, Reaching safepoint: 890761 ns, Cleanup: 37165 ns, At safepoint: 52104 ns, Total: 980030 ns
[2025-06-24T14:12:17.653+0000][1][gc,start    ] GC(43) Pause Young (Mixed) (G1 Evacuation Pause)
[2025-06-24T14:12:17.678+0000][1][gc,task     ] GC(43) Using 13 workers of 13 for evacuation
[2025-06-24T14:12:17.681+0000][1][gc,age      ] GC(43) Desired survivor size 18350080 bytes, new threshold 15 (max threshold 15)
[2025-06-24T14:12:20.398+0000][1][gc,mmu      ] GC(43) MMU target violated: 201.0ms (200.0ms/201.0ms)
[2025-06-24T14:12:20.402+0000][1][gc,phases   ] GC(43)   Pre Evacuate Collection Set: 382.6ms
[2025-06-24T14:12:20.404+0000][1][gc,phases   ] GC(43)   Merge Heap Roots: 18.0ms
[2025-06-24T14:12:20.405+0000][1][gc,phases   ] GC(43)   Evacuate Collection Set: 2178.6ms
[2025-06-24T14:12:20.406+0000][1][gc,phases   ] GC(43)   Post Evacuate Collection Set: 104.0ms
[2025-06-24T14:12:20.416+0000][1][gc,phases   ] GC(43)   Other: 53.1ms
[2025-06-24T14:12:20.418+0000][1][gc,age      ] GC(43) Age table with threshold 15 (max threshold 15)
[2025-06-24T14:12:20.419+0000][1][gc,age      ] GC(43) - age   1:    3341800 bytes,    3341800 total
[2025-06-24T14:12:20.420+0000][1][gc,age      ] GC(43) - age   2:     754080 bytes,    4095880 total
[2025-06-24T14:12:20.421+0000][1][gc,age      ] GC(43) - age   3:     510088 bytes,    4605968 total
[2025-06-24T14:12:20.422+0000][1][gc,age      ] GC(43) - age   4:     140624 bytes,    4746592 total
[2025-06-24T14:12:20.423+0000][1][gc,age      ] GC(43) - age   5:    1408768 bytes,    6155360 total
[2025-06-24T14:12:20.424+0000][1][gc,age      ] GC(43) - age   6:        856 bytes,    6156216 total
[2025-06-24T14:12:20.425+0000][1][gc,heap     ] GC(43) Eden regions: 267->0(18)
[2025-06-24T14:12:20.426+0000][1][gc,heap     ] GC(43) Survivor regions: 6->7(35)
[2025-06-24T14:12:20.427+0000][1][gc,heap     ] GC(43) Old regions: 122->122
[2025-06-24T14:12:20.428+0000][1][gc,heap     ] GC(43) Humongous regions: 8->8
[2025-06-24T14:12:20.431+0000][1][gc,metaspace] GC(43) Metaspace: 158031K(161152K)->158031K(161152K) NonClass: 138935K(140160K)->138935K(140160K) Class: 19095K(20992K)->19095K(20992K)
[2025-06-24T14:12:20.436+0000][1][gc          ] GC(43) Pause Young (Mixed) (G1 Evacuation Pause) 402M->136M(512M) 2783.086ms
[2025-06-24T14:12:20.437+0000][1][gc,cpu      ] GC(43) User=7.78s Sys=0.17s Real=2.79s
[2025-06-24T14:12:20.438+0000][1][safepoint   ] Safepoint "G1CollectForAllocation", Time since last: 24804456695 ns, Reaching safepoint: 687523969 ns, Cleanup: 724080 ns, At safepoint: 2791732679 ns, Total: 3479980728 ns
[2025-06-24T14:12:21.478+0000][1][safepoint   ] Safepoint "Cleanup", Time since last: 1003625536 ns, Reaching safepoint: 62418 ns, Cleanup: 36965716 ns, At safepoint: 128712 ns, Total: 37156846 ns
[2025-06-24T14:12:31.222+0000][1][safepoint   ] Safepoint "Cleanup", Time since last: 9743203809 ns, Reaching safepoint: 137082 ns, Cleanup: 15102 ns, At safepoint: 6382 ns, Total: 158566 ns
[2025-06-24T14:12:45.761+0000][1][gc,start    ] GC(44) Pause Young (Mixed) (G1 Evacuation Pause)
[2025-06-24T14:12:45.762+0000][1][gc,task     ] GC(44) Using 13 workers of 13 for evacuation
[2025-06-24T14:12:45.763+0000][1][gc,age      ] GC(44) Desired survivor size 2097152 bytes, new threshold 1 (max threshold 15)
[2025-06-24T14:12:45.848+0000][1][gc,phases   ] GC(44)   Pre Evacuate Collection Set: 4.2ms
[2025-06-24T14:12:45.849+0000][1][gc,phases   ] GC(44)   Merge Heap Roots: 2.3ms
[2025-06-24T14:12:45.849+0000][1][gc,phases   ] GC(44)   Evacuate Collection Set: 72.7ms
[2025-06-24T14:12:45.850+0000][1][gc,phases   ] GC(44)   Post Evacuate Collection Set: 5.4ms
[2025-06-24T14:12:45.850+0000][1][gc,phases   ] GC(44)   Other: 1.9ms
[2025-06-24T14:12:45.850+0000][1][gc,age      ] GC(44) Age table with threshold 1 (max threshold 15)
[2025-06-24T14:12:45.851+0000][1][gc,age      ] GC(44) - age   1:      27728 bytes,      27728 total
[2025-06-24T14:12:45.851+0000][1][gc,heap     ] GC(44) Eden regions: 18->0(24)
[2025-06-24T14:12:45.851+0000][1][gc,heap     ] GC(44) Survivor regions: 7->1(4)
[2025-06-24T14:12:45.851+0000][1][gc,heap     ] GC(44) Old regions: 122->128
[2025-06-24T14:12:45.851+0000][1][gc,heap     ] GC(44) Humongous regions: 8->8
[2025-06-24T14:12:45.852+0000][1][gc,metaspace] GC(44) Metaspace: 158032K(161152K)->158032K(161152K) NonClass: 138936K(140160K)->138936K(140160K) Class: 19095K(20992K)->19095K(20992K)
[2025-06-24T14:12:45.852+0000][1][gc          ] GC(44) Pause Young (Mixed) (G1 Evacuation Pause) 154M->136M(512M) 91.033ms
[2025-06-24T14:12:45.852+0000][1][gc,cpu      ] GC(44) User=0.59s Sys=0.03s Real=0.09s
[2025-06-24T14:12:45.853+0000][1][safepoint   ] Safepoint "G1CollectForAllocation", Time since last: 15341439992 ns, Reaching safepoint: 208423 ns, Cleanup: 17667 ns, At safepoint: 91995351 ns, Total: 92221441 ns
[2025-06-24T14:12:59.607+0000][1][safepoint   ] Safepoint "Cleanup", Time since last: 13753426710 ns, Reaching safepoint: 294023 ns, Cleanup: 107506 ns, At safepoint: 17780 ns, Total: 419309 ns
[2025-06-24T14:13:00.609+0000][1][safepoint   ] Safepoint "Cleanup", Time since last: 1002730304 ns, Reaching safepoint: 95620 ns, Cleanup: 18472 ns, At safepoint: 5712 ns, Total: 119804 ns
[2025-06-24T14:13:04.688+0000][1][gc,start    ] GC(45) Pause Young (Normal) (G1 Evacuation Pause)
[2025-06-24T14:13:04.693+0000][1][gc,task     ] GC(45) Using 13 workers of 13 for evacuation
[2025-06-24T14:13:04.694+0000][1][gc,age      ] GC(45) Desired survivor size 2097152 bytes, new threshold 15 (max threshold 15)
[2025-06-24T14:13:04.759+0000][1][gc,phases   ] GC(45)   Pre Evacuate Collection Set: 7.0ms
[2025-06-24T14:13:04.759+0000][1][gc,phases   ] GC(45)   Merge Heap Roots: 0.7ms
[2025-06-24T14:13:04.760+0000][1][gc,phases   ] GC(45)   Evacuate Collection Set: 30.4ms
[2025-06-24T14:13:04.760+0000][1][gc,phases   ] GC(45)   Post Evacuate Collection Set: 21.4ms
[2025-06-24T14:13:04.761+0000][1][gc,phases   ] GC(45)   Other: 8.5ms
[2025-06-24T14:13:04.761+0000][1][gc,age      ] GC(45) Age table with threshold 15 (max threshold 15)
[2025-06-24T14:13:04.762+0000][1][gc,age      ] GC(45) - age   1:     254816 bytes,     254816 total
[2025-06-24T14:13:04.762+0000][1][gc,age      ] GC(45) - age   2:       1936 bytes,     256752 total
[2025-06-24T14:13:04.762+0000][1][gc,heap     ] GC(45) Eden regions: 24->0(24)
[2025-06-24T14:13:04.763+0000][1][gc,heap     ] GC(45) Survivor regions: 1->1(4)
[2025-06-24T14:13:04.763+0000][1][gc,heap     ] GC(45) Old regions: 128->128
[2025-06-24T14:13:04.763+0000][1][gc,heap     ] GC(45) Humongous regions: 8->8
[2025-06-24T14:13:04.764+0000][1][gc,metaspace] GC(45) Metaspace: 158041K(161152K)->158041K(161152K) NonClass: 138945K(140160K)->138945K(140160K) Class: 19095K(20992K)->19095K(20992K)
[2025-06-24T14:13:04.765+0000][1][gc          ] GC(45) Pause Young (Normal) (G1 Evacuation Pause) 160M->135M(512M) 76.595ms
[2025-06-24T14:13:04.765+0000][1][gc,cpu      ] GC(45) User=0.30s Sys=0.00s Real=0.08s
[2025-06-24T14:13:04.766+0000][1][safepoint   ] Safepoint "G1CollectForAllocation", Time since last: 4076033889 ns, Reaching safepoint: 163543 ns, Cleanup: 597962 ns, At safepoint: 79415657 ns, Total: 80177162 ns
[2025-06-24T14:13:42.325+0000][1][gc,start    ] GC(46) Pause Young (Normal) (G1 Evacuation Pause)
[2025-06-24T14:13:42.328+0000][1][gc,task     ] GC(46) Using 13 workers of 13 for evacuation
[2025-06-24T14:13:42.328+0000][1][gc,age      ] GC(46) Desired survivor size 2097152 bytes, new threshold 15 (max threshold 15)
[2025-06-24T14:13:42.377+0000][1][gc,phases   ] GC(46)   Pre Evacuate Collection Set: 6.9ms
[2025-06-24T14:13:42.377+0000][1][gc,phases   ] GC(46)   Merge Heap Roots: 0.9ms
[2025-06-24T14:13:42.378+0000][1][gc,phases   ] GC(46)   Evacuate Collection Set: 25.0ms
[2025-06-24T14:13:42.378+0000][1][gc,phases   ] GC(46)   Post Evacuate Collection Set: 13.1ms
[2025-06-24T14:13:42.378+0000][1][gc,phases   ] GC(46)   Other: 3.6ms
[2025-06-24T14:13:42.379+0000][1][gc,age      ] GC(46) Age table with threshold 15 (max threshold 15)
[2025-06-24T14:13:42.379+0000][1][gc,age      ] GC(46) - age   1:      26984 bytes,      26984 total
[2025-06-24T14:13:42.379+0000][1][gc,age      ] GC(46) - age   2:     237376 bytes,     264360 total
[2025-06-24T14:13:42.380+0000][1][gc,age      ] GC(46) - age   3:       1112 bytes,     265472 total
[2025-06-24T14:13:42.380+0000][1][gc,heap     ] GC(46) Eden regions: 24->0(163)
[2025-06-24T14:13:42.380+0000][1][gc,heap     ] GC(46) Survivor regions: 1->1(4)
[2025-06-24T14:13:42.381+0000][1][gc,heap     ] GC(46) Old regions: 128->128
[2025-06-24T14:13:42.381+0000][1][gc,heap     ] GC(46) Humongous regions: 8->8
[2025-06-24T14:13:42.381+0000][1][gc,metaspace] GC(46) Metaspace: 158041K(161152K)->158041K(161152K) NonClass: 138945K(140160K)->138945K(140160K) Class: 19095K(20992K)->19095K(20992K)
[2025-06-24T14:13:42.382+0000][1][gc          ] GC(46) Pause Young (Normal) (G1 Evacuation Pause) 159M->135M(512M) 56.653ms
[2025-06-24T14:13:42.382+0000][1][gc,cpu      ] GC(46) User=0.28s Sys=0.01s Real=0.06s
[2025-06-24T14:13:42.382+0000][1][safepoint   ] Safepoint "G1CollectForAllocation", Time since last: 38258265438 ns, Reaching safepoint: 913517 ns, Cleanup: 253657 ns, At safepoint: 57799252 ns, Total: 58966426 ns
[2025-06-24T14:13:43.384+0000][1][safepoint   ] Safepoint "Cleanup", Time since last: 1000719672 ns, Reaching safepoint: 59302 ns, Cleanup: 281447 ns, At safepoint: 12293 ns, Total: 353042 ns
[2025-06-24T14:13:44.388+0000][1][safepoint   ] Safepoint "Cleanup", Time since last: 1002794311 ns, Reaching safepoint: 541819 ns, Cleanup: 976626 ns, At safepoint: 93798 ns, Total: 1612243 ns
[2025-06-24T14:13:45.389+0000][1][safepoint   ] Safepoint "Cleanup", Time since last: 1001190872 ns, Reaching safepoint: 52580 ns, Cleanup: 25300 ns, At safepoint: 27860 ns, Total: 105740 ns
[2025-06-24T14:13:54.399+0000][1][safepoint   ] Safepoint "Cleanup", Time since last: 9009809490 ns, Reaching safepoint: 167386 ns, Cleanup: 32049 ns, At safepoint: 12270 ns, Total: 211705 ns
[2025-06-24T14:13:56.401+0000][1][safepoint   ] Safepoint "Cleanup", Time since last: 2002114079 ns, Reaching safepoint: 50388 ns, Cleanup: 20273 ns, At safepoint: 6890 ns, Total: 77551 ns
[2025-06-24T14:14:14.708+0000][1][safepoint   ] Safepoint "Cleanup", Time since last: 19042440946 ns, Reaching safepoint: 482173 ns, Cleanup: 136025 ns, At safepoint: 28480 ns, Total: 646678 ns
[2025-06-24T14:14:15.712+0000][1][safepoint   ] Safepoint "Cleanup", Time since last: 1003763460 ns, Reaching safepoint: 117190 ns, Cleanup: 49571 ns, At safepoint: 11978 ns, Total: 178739 ns
[2025-06-24T14:14:20.717+0000][1][safepoint   ] Safepoint "Cleanup", Time since last: 5005372992 ns, Reaching safepoint: 157644 ns, Cleanup: 30279 ns, At safepoint: 11400 ns, Total: 199323 ns
[2025-06-24T14:14:54.550+0000][1][safepoint   ] Safepoint "Cleanup", Time since last: 34570748136 ns, Reaching safepoint: 6078378 ns, Cleanup: 161241 ns, At safepoint: 80517 ns, Total: 6320136 ns
[2025-06-24T14:15:02.574+0000][1][safepoint   ] Safepoint "Cleanup", Time since last: 8021714130 ns, Reaching safepoint: 94835 ns, Cleanup: 2766089 ns, At safepoint: 144746 ns, Total: 3005670 ns
[2025-06-24T14:15:04.194+0000][1][safepoint   ] Safepoint "Cleanup", Time since last: 2003452530 ns, Reaching safepoint: 6775928 ns, Cleanup: 2699539 ns, At safepoint: 103272 ns, Total: 9578739 ns
[2025-06-24T14:15:08.196+0000][1][safepoint   ] Safepoint "Cleanup", Time since last: 4001115839 ns, Reaching safepoint: 95460 ns, Cleanup: 657088 ns, At safepoint: 38330 ns, Total: 790878 ns
[2025-06-24T14:15:09.562+0000][1][safepoint   ] Safepoint "Cleanup", Time since last: 1363365368 ns, Reaching safepoint: 2289422 ns, Cleanup: 421132 ns, At safepoint: 184486 ns, Total: 2895040 ns
[2025-06-24T14:15:10.701+0000][1][safepoint   ] Safepoint "Cleanup", Time since last: 1138377819 ns, Reaching safepoint: 133207 ns, Cleanup: 45248 ns, At safepoint: 6451 ns, Total: 184906 ns
[2025-06-24T14:15:12.449+0000][1][safepoint   ] Safepoint "Cleanup", Time since last: 1747474145 ns, Reaching safepoint: 749609 ns, Cleanup: 37879 ns, At safepoint: 38544 ns, Total: 826032 ns
[2025-06-24T14:15:14.389+0000][1][safepoint   ] Safepoint "Cleanup", Time since last: 1939751880 ns, Reaching safepoint: 143197 ns, Cleanup: 143692 ns, At safepoint: 7923 ns, Total: 294812 ns
[2025-06-24T14:15:25.186+0000][1][safepoint   ] Safepoint "Cleanup", Time since last: 10797114654 ns, Reaching safepoint: 156957 ns, Cleanup: 24714 ns, At safepoint: 9953 ns, Total: 191624 ns
[2025-06-24T14:15:36.445+0000][1][safepoint   ] Safepoint "Cleanup", Time since last: 12013336533 ns, Reaching safepoint: 1023982 ns, Cleanup: 27156 ns, At safepoint: 14260 ns, Total: 1065398 ns
[2025-06-24T14:15:56.471+0000][1][safepoint   ] Safepoint "Cleanup", Time since last: 20026237768 ns, Reaching safepoint: 133828 ns, Cleanup: 24643 ns, At safepoint: 7589 ns, Total: 166060 ns
[2025-06-24T14:16:04.779+0000][1][safepoint   ] Safepoint "Cleanup", Time since last: 9013260207 ns, Reaching safepoint: 501098 ns, Cleanup: 529742 ns, At safepoint: 66683 ns, Total: 1097523 ns
[2025-06-24T14:16:05.780+0000][1][safepoint   ] Safepoint "Cleanup", Time since last: 1001283590 ns, Reaching safepoint: 110802 ns, Cleanup: 142815 ns, At safepoint: 13660 ns, Total: 267277 ns
[2025-06-24T14:16:14.796+0000][1][safepoint   ] Safepoint "Cleanup", Time since last: 9013463401 ns, Reaching safepoint: 2302370 ns, Cleanup: 18331 ns, At safepoint: 61067 ns, Total: 2381768 ns
[2025-06-24T14:16:53.202+0000][1][safepoint   ] Safepoint "Cleanup", Time since last: 39176678350 ns, Reaching safepoint: 176308 ns, Cleanup: 23847 ns, At safepoint: 7411 ns, Total: 207566 ns
[2025-06-24T14:16:56.207+0000][1][safepoint   ] Safepoint "Cleanup", Time since last: 3005192945 ns, Reaching safepoint: 91119 ns, Cleanup: 20579 ns, At safepoint: 5950 ns, Total: 117648 ns
[2025-06-24T14:17:01.214+0000][1][safepoint   ] Safepoint "Cleanup", Time since last: 5007390498 ns, Reaching safepoint: 218818 ns, Cleanup: 28933 ns, At safepoint: 15347 ns, Total: 263098 ns
[2025-06-24T14:17:02.448+0000][1][safepoint   ] Safepoint "Cleanup", Time since last: 2002460344 ns, Reaching safepoint: 86414 ns, Cleanup: 17715 ns, At safepoint: 5757 ns, Total: 109886 ns
[2025-06-24T14:17:10.452+0000][1][safepoint   ] Safepoint "Cleanup", Time since last: 8004395645 ns, Reaching safepoint: 73459 ns, Cleanup: 19793 ns, At safepoint: 6037 ns, Total: 99289 ns
[2025-06-24T14:17:11.454+0000][1][safepoint   ] Safepoint "Cleanup", Time since last: 1001155120 ns, Reaching safepoint: 98459 ns, Cleanup: 171696 ns, At safepoint: 17696 ns, Total: 287851 ns
[2025-06-24T14:17:17.459+0000][1][safepoint   ] Safepoint "Cleanup", Time since last: 6004723431 ns, Reaching safepoint: 73484 ns, Cleanup: 33682 ns, At safepoint: 5009 ns, Total: 112175 ns
[2025-06-24T14:17:18.492+0000][1][safepoint   ] Safepoint "Cleanup", Time since last: 1032977464 ns, Reaching safepoint: 26665 ns, Cleanup: 47325 ns, At safepoint: 16784 ns, Total: 90774 ns
[2025-06-24T14:17:19.493+0000][1][safepoint   ] Safepoint "Cleanup", Time since last: 1000632946 ns, Reaching safepoint: 76293 ns, Cleanup: 26935 ns, At safepoint: 8930 ns, Total: 112158 ns
[2025-06-24T14:17:24.504+0000][1][safepoint   ] Safepoint "Cleanup", Time since last: 5009972478 ns, Reaching safepoint: 611255 ns, Cleanup: 553699 ns, At safepoint: 74938 ns, Total: 1239892 ns
[2025-06-24T14:17:26.506+0000][1][safepoint   ] Safepoint "Cleanup", Time since last: 2002376011 ns, Reaching safepoint: 137395 ns, Cleanup: 52799 ns, At safepoint: 10009 ns, Total: 200203 ns
[2025-06-24T14:17:28.508+0000][1][safepoint   ] Safepoint "Cleanup", Time since last: 2001366426 ns, Reaching safepoint: 86188 ns, Cleanup: 24698 ns, At safepoint: 6206 ns, Total: 117092 ns
[2025-06-24T14:17:47.825+0000][1][safepoint   ] Safepoint "Cleanup", Time since last: 20022605414 ns, Reaching safepoint: 452705 ns, Cleanup: 19862 ns, At safepoint: 14391 ns, Total: 486958 ns
[2025-06-24T14:17:54.836+0000][1][safepoint   ] Safepoint "Cleanup", Time since last: 7011649801 ns, Reaching safepoint: 100008 ns, Cleanup: 12142 ns, At safepoint: 6091 ns, Total: 118241 ns
[2025-06-24T14:17:55.838+0000][1][safepoint   ] Safepoint "Cleanup", Time since last: 1001289112 ns, Reaching safepoint: 45256 ns, Cleanup: 67944 ns, At safepoint: 8165 ns, Total: 121365 ns
[2025-06-24T14:18:02.615+0000][1][gc,start    ] GC(47) Pause Young (Normal) (G1 Evacuation Pause)
[2025-06-24T14:18:02.621+0000][1][gc,task     ] GC(47) Using 13 workers of 13 for evacuation
[2025-06-24T14:18:02.622+0000][1][gc,age      ] GC(47) Desired survivor size 17825792 bytes, new threshold 15 (max threshold 15)
[2025-06-24T14:18:02.946+0000][1][gc,mmu      ] GC(47) MMU target violated: 201.0ms (200.0ms/201.0ms)
[2025-06-24T14:18:02.947+0000][1][gc,phases   ] GC(47)   Pre Evacuate Collection Set: 38.6ms
[2025-06-24T14:18:02.947+0000][1][gc,phases   ] GC(47)   Merge Heap Roots: 4.9ms
[2025-06-24T14:18:02.948+0000][1][gc,phases   ] GC(47)   Evacuate Collection Set: 238.9ms
[2025-06-24T14:18:02.948+0000][1][gc,phases   ] GC(47)   Post Evacuate Collection Set: 34.2ms
[2025-06-24T14:18:02.949+0000][1][gc,phases   ] GC(47)   Other: 12.3ms
[2025-06-24T14:18:02.949+0000][1][gc,age      ] GC(47) Age table with threshold 15 (max threshold 15)
[2025-06-24T14:18:02.950+0000][1][gc,age      ] GC(47) - age   1:    3304552 bytes,    3304552 total
[2025-06-24T14:18:02.950+0000][1][gc,age      ] GC(47) - age   3:     213216 bytes,    3517768 total
[2025-06-24T14:18:02.951+0000][1][gc,age      ] GC(47) - age   4:        288 bytes,    3518056 total
[2025-06-24T14:18:02.951+0000][1][gc,heap     ] GC(47) Eden regions: 271->0(64)
[2025-06-24T14:18:02.951+0000][1][gc,heap     ] GC(47) Survivor regions: 1->4(34)
[2025-06-24T14:18:02.952+0000][1][gc,heap     ] GC(47) Old regions: 128->128
[2025-06-24T14:18:02.952+0000][1][gc,heap     ] GC(47) Humongous regions: 8->8
[2025-06-24T14:18:02.952+0000][1][gc,metaspace] GC(47) Metaspace: 158349K(161344K)->158349K(161344K) NonClass: 139246K(140352K)->139246K(140352K) Class: 19102K(20992K)->19102K(20992K)
[2025-06-24T14:18:02.953+0000][1][gc          ] GC(47) Pause Young (Normal) (G1 Evacuation Pause) 406M->138M(512M) 337.973ms
[2025-06-24T14:18:02.954+0000][1][gc,cpu      ] GC(47) User=1.77s Sys=0.08s Real=0.34s
[2025-06-24T14:18:02.954+0000][1][safepoint   ] Safepoint "G1CollectForAllocation", Time since last: 7119255482 ns, Reaching safepoint: 398797 ns, Cleanup: 176624 ns, At safepoint: 340156899 ns, Total: 340732320 ns
[2025-06-24T14:19:45.894+0000][1][safepoint   ] Safepoint "Cleanup", Time since last: 104788897609 ns, Reaching safepoint: 20988173 ns, Cleanup: 78343 ns, At safepoint: 93433 ns, Total: 21159949 ns
[2025-06-24T14:19:46.900+0000][1][safepoint   ] Safepoint "Cleanup", Time since last: 1006583798 ns, Reaching safepoint: 38264 ns, Cleanup: 15887 ns, At safepoint: 5137 ns, Total: 59288 ns
[2025-06-24T14:20:02.140+0000][1][safepoint   ] Safepoint "Cleanup", Time since last: 16021363536 ns, Reaching safepoint: 5660235 ns, Cleanup: 555632 ns, At safepoint: 200080 ns, Total: 6415947 ns
[2025-06-24T14:20:03.142+0000][1][safepoint   ] Safepoint "Cleanup", Time since last: 1001341764 ns, Reaching safepoint: 89665 ns, Cleanup: 32952 ns, At safepoint: 5168 ns, Total: 127785 ns
[2025-06-24T14:20:04.151+0000][1][safepoint   ] Safepoint "Cleanup", Time since last: 1003285795 ns, Reaching safepoint: 5703579 ns, Cleanup: 53579 ns, At safepoint: 140356 ns, Total: 5897514 ns
[2025-06-24T14:20:37.554+0000][1][safepoint   ] Safepoint "Cleanup", Time since last: 34162202851 ns, Reaching safepoint: 324810 ns, Cleanup: 706685 ns, At safepoint: 67621 ns, Total: 1099116 ns
[2025-06-24T14:21:05.314+0000][1][gc,start    ] GC(48) Pause Young (Concurrent Start) (G1 Evacuation Pause)
[2025-06-24T14:21:05.321+0000][1][gc,task     ] GC(48) Using 13 workers of 13 for evacuation
[2025-06-24T14:21:05.323+0000][1][gc,age      ] GC(48) Desired survivor size 9437184 bytes, new threshold 15 (max threshold 15)
[2025-06-24T14:21:05.903+0000][1][gc,mmu      ] GC(48) MMU target violated: 201.0ms (200.0ms/201.0ms)
[2025-06-24T14:21:05.903+0000][1][gc,phases   ] GC(48)   Pre Evacuate Collection Set: 53.2ms
[2025-06-24T14:21:05.904+0000][1][gc,phases   ] GC(48)   Merge Heap Roots: 5.2ms
[2025-06-24T14:21:05.904+0000][1][gc,phases   ] GC(48)   Evacuate Collection Set: 486.8ms
[2025-06-24T14:21:05.905+0000][1][gc,phases   ] GC(48)   Post Evacuate Collection Set: 26.2ms
[2025-06-24T14:21:05.905+0000][1][gc,phases   ] GC(48)   Other: 12.9ms
[2025-06-24T14:21:05.906+0000][1][gc,age      ] GC(48) Age table with threshold 15 (max threshold 15)
[2025-06-24T14:21:05.906+0000][1][gc,age      ] GC(48) - age   1:    2870776 bytes,    2870776 total
[2025-06-24T14:21:05.906+0000][1][gc,age      ] GC(48) - age   2:    3155712 bytes,    6026488 total
[2025-06-24T14:21:05.907+0000][1][gc,age      ] GC(48) - age   4:     212952 bytes,    6239440 total
[2025-06-24T14:21:05.907+0000][1][gc,age      ] GC(48) - age   5:        288 bytes,    6239728 total
[2025-06-24T14:21:05.907+0000][1][gc,heap     ] GC(48) Eden regions: 140->0(18)
[2025-06-24T14:21:05.908+0000][1][gc,heap     ] GC(48) Survivor regions: 4->7(18)
[2025-06-24T14:21:05.908+0000][1][gc,heap     ] GC(48) Old regions: 128->128
[2025-06-24T14:21:05.908+0000][1][gc,heap     ] GC(48) Humongous regions: 8->8
[2025-06-24T14:21:05.908+0000][1][gc,metaspace] GC(48) Metaspace: 158395K(161408K)->158395K(161408K) NonClass: 139292K(140416K)->139292K(140416K) Class: 19102K(20992K)->19102K(20992K)
[2025-06-24T14:21:05.910+0000][1][gc          ] GC(48) Pause Young (Concurrent Start) (G1 Evacuation Pause) 278M->141M(512M) 596.354ms
[2025-06-24T14:21:05.911+0000][1][gc,cpu      ] GC(48) User=1.99s Sys=0.03s Real=0.60s
[2025-06-24T14:21:05.912+0000][1][safepoint   ] Safepoint "G1CollectForAllocation", Time since last: 28465052149 ns, Reaching safepoint: 3089286 ns, Cleanup: 263477 ns, At safepoint: 603446733 ns, Total: 606799496 ns
[2025-06-24T14:21:05.912+0000][1][gc          ] GC(49) Concurrent Mark Cycle
[2025-06-24T14:21:05.913+0000][1][gc,marking  ] GC(49) Concurrent Scan Root Regions
[2025-06-24T14:21:06.267+0000][1][gc,marking  ] GC(49) Concurrent Scan Root Regions 353.584ms
[2025-06-24T14:21:06.267+0000][1][gc,marking  ] GC(49) Concurrent Mark
[2025-06-24T14:21:06.268+0000][1][gc,marking  ] GC(49) Concurrent Mark From Roots
[2025-06-24T14:21:06.270+0000][1][gc,task     ] GC(49) Using 3 workers of 3 for marking
[2025-06-24T14:21:07.617+0000][1][gc,marking  ] GC(49) Concurrent Mark From Roots 1348.629ms
[2025-06-24T14:21:07.617+0000][1][gc,marking  ] GC(49) Concurrent Preclean
[2025-06-24T14:21:07.619+0000][1][gc,marking  ] GC(49) Concurrent Preclean 1.477ms
[2025-06-24T14:21:07.620+0000][1][gc,start    ] GC(49) Pause Remark
[2025-06-24T14:21:09.445+0000][1][gc,mmu      ] GC(49) MMU target violated: 201.0ms (200.0ms/201.0ms)
[2025-06-24T14:21:09.446+0000][1][gc          ] GC(49) Pause Remark 143M->143M(512M) 1825.564ms
[2025-06-24T14:21:09.446+0000][1][gc,cpu      ] GC(49) User=15.14s Sys=0.00s Real=1.82s
[2025-06-24T14:21:09.447+0000][1][safepoint   ] Safepoint "G1PauseRemark", Time since last: 1708311564 ns, Reaching safepoint: 121265 ns, Cleanup: 16816 ns, At safepoint: 1826807849 ns, Total: 1826945930 ns
[2025-06-24T14:21:09.448+0000][1][gc,marking  ] GC(49) Concurrent Mark 3180.142ms
[2025-06-24T14:21:09.449+0000][1][gc,marking  ] GC(49) Concurrent Rebuild Remembered Sets and Scrub Regions
[2025-06-24T14:21:10.990+0000][1][gc,marking  ] GC(49) Concurrent Rebuild Remembered Sets and Scrub Regions 1541.412ms
[2025-06-24T14:21:10.995+0000][1][gc,start    ] GC(49) Pause Cleanup
[2025-06-24T14:21:10.998+0000][1][gc          ] GC(49) Pause Cleanup 145M->145M(512M) 3.018ms
[2025-06-24T14:21:10.999+0000][1][gc,cpu      ] GC(49) User=0.01s Sys=0.00s Real=0.01s
[2025-06-24T14:21:10.999+0000][1][safepoint   ] Safepoint "G1PauseCleanup", Time since last: 1543557395 ns, Reaching safepoint: 4428104 ns, Cleanup: 63442 ns, At safepoint: 4245956 ns, Total: 8737502 ns
[2025-06-24T14:21:11.000+0000][1][gc,marking  ] GC(49) Concurrent Clear Claimed Marks
[2025-06-24T14:21:11.000+0000][1][gc,marking  ] GC(49) Concurrent Clear Claimed Marks 0.859ms
[2025-06-24T14:21:11.001+0000][1][gc,marking  ] GC(49) Concurrent Cleanup for Next Mark
[2025-06-24T14:21:11.008+0000][1][gc,marking  ] GC(49) Concurrent Cleanup for Next Mark 7.271ms
[2025-06-24T14:21:11.009+0000][1][gc          ] GC(49) Concurrent Mark Cycle 5096.377ms
[2025-06-24T14:21:33.372+0000][1][gc,start    ] GC(50) Pause Young (Prepare Mixed) (G1 Evacuation Pause)
[2025-06-24T14:21:33.375+0000][1][gc,task     ] GC(50) Using 13 workers of 13 for evacuation
[2025-06-24T14:21:33.376+0000][1][gc,age      ] GC(50) Desired survivor size 2097152 bytes, new threshold 1 (max threshold 15)
[2025-06-24T14:21:33.429+0000][1][gc,phases   ] GC(50)   Pre Evacuate Collection Set: 5.5ms
[2025-06-24T14:21:33.430+0000][1][gc,phases   ] GC(50)   Merge Heap Roots: 3.5ms
[2025-06-24T14:21:33.430+0000][1][gc,phases   ] GC(50)   Evacuate Collection Set: 32.4ms
[2025-06-24T14:21:33.433+0000][1][gc,phases   ] GC(50)   Post Evacuate Collection Set: 9.3ms
[2025-06-24T14:21:33.433+0000][1][gc,phases   ] GC(50)   Other: 4.3ms
[2025-06-24T14:21:33.434+0000][1][gc,age      ] GC(50) Age table with threshold 1 (max threshold 15)
[2025-06-24T14:21:33.436+0000][1][gc,age      ] GC(50) - age   1:      18368 bytes,      18368 total
[2025-06-24T14:21:33.436+0000][1][gc,heap     ] GC(50) Eden regions: 18->0(203)
[2025-06-24T14:21:33.436+0000][1][gc,heap     ] GC(50) Survivor regions: 7->1(4)
[2025-06-24T14:21:33.437+0000][1][gc,heap     ] GC(50) Old regions: 128->134
[2025-06-24T14:21:33.437+0000][1][gc,heap     ] GC(50) Humongous regions: 8->8
[2025-06-24T14:21:33.437+0000][1][gc,metaspace] GC(50) Metaspace: 158385K(161408K)->158385K(161408K) NonClass: 139284K(140416K)->139284K(140416K) Class: 19100K(20992K)->19100K(20992K)
[2025-06-24T14:21:33.438+0000][1][gc          ] GC(50) Pause Young (Prepare Mixed) (G1 Evacuation Pause) 159M->142M(512M) 65.755ms
[2025-06-24T14:21:33.438+0000][1][gc,cpu      ] GC(50) User=0.48s Sys=0.02s Real=0.07s
[2025-06-24T14:21:33.439+0000][1][safepoint   ] Safepoint "G1CollectForAllocation", Time since last: 23144707762 ns, Reaching safepoint: 1025301 ns, Cleanup: 28170 ns, At safepoint: 67037825 ns, Total: 68091296 ns
[2025-06-24T14:21:43.450+0000][1][safepoint   ] Safepoint "Cleanup", Time since last: 10010991668 ns, Reaching safepoint: 211611 ns, Cleanup: 40021 ns, At safepoint: 10408 ns, Total: 262040 ns
[2025-06-24T14:21:45.452+0000][1][safepoint   ] Safepoint "Cleanup", Time since last: 2001820482 ns, Reaching safepoint: 139726 ns, Cleanup: 26688 ns, At safepoint: 7258 ns, Total: 173672 ns
[2025-06-24T14:22:13.574+0000][1][safepoint   ] Safepoint "Cleanup", Time since last: 28874350146 ns, Reaching safepoint: 3923108 ns, Cleanup: 87996 ns, At safepoint: 80160 ns, Total: 4091264 ns
[2025-06-24T14:22:14.576+0000][1][safepoint   ] Safepoint "Cleanup", Time since last: 1001379163 ns, Reaching safepoint: 90699 ns, Cleanup: 17998 ns, At safepoint: 6054 ns, Total: 114751 ns
[2025-06-24T14:22:54.536+0000][1][safepoint   ] Safepoint "Cleanup", Time since last: 41036374896 ns, Reaching safepoint: 1264546 ns, Cleanup: 104506 ns, At safepoint: 53610 ns, Total: 1422662 ns
[2025-06-24T14:24:42.402+0000][1][safepoint   ] Safepoint "Cleanup", Time since last: 109332036365 ns, Reaching safepoint: 570872 ns, Cleanup: 856891 ns, At safepoint: 68349 ns, Total: 1496112 ns
[2025-06-24T14:24:43.409+0000][1][safepoint   ] Safepoint "Cleanup", Time since last: 1007202364 ns, Reaching safepoint: 71454 ns, Cleanup: 18328 ns, At safepoint: 5634 ns, Total: 95416 ns
[2025-06-24T14:25:01.109+0000][1][safepoint   ] Safepoint "Cleanup", Time since last: 18020510086 ns, Reaching safepoint: 2390524 ns, Cleanup: 46584 ns, At safepoint: 159830 ns, Total: 2596938 ns
[2025-06-24T14:25:02.297+0000][1][safepoint   ] Safepoint "Cleanup", Time since last: 1187680904 ns, Reaching safepoint: 43190 ns, Cleanup: 604417 ns, At safepoint: 114373 ns, Total: 761980 ns
[2025-06-24T14:25:04.519+0000][1][safepoint   ] Safepoint "Cleanup", Time since last: 2220859363 ns, Reaching safepoint: 286180 ns, Cleanup: 17510 ns, At safepoint: 48106 ns, Total: 351796 ns
[2025-06-24T14:25:05.631+0000][1][safepoint   ] Safepoint "Cleanup", Time since last: 1112661306 ns, Reaching safepoint: 181747 ns, Cleanup: 35603 ns, At safepoint: 11712 ns, Total: 229062 ns
[2025-06-24T14:25:11.148+0000][1][safepoint   ] Safepoint "Cleanup", Time since last: 5516403781 ns, Reaching safepoint: 48687 ns, Cleanup: 13776 ns, At safepoint: 4726 ns, Total: 67189 ns
[2025-06-24T14:25:40.401+0000][1][safepoint   ] Safepoint "Cleanup", Time since last: 30050407338 ns, Reaching safepoint: 6182018 ns, Cleanup: 136000 ns, At safepoint: 85726 ns, Total: 6403744 ns
[2025-06-24T14:26:21.501+0000][1][safepoint   ] Safepoint "Cleanup", Time since last: 42115416487 ns, Reaching safepoint: 453238 ns, Cleanup: 76055 ns, At safepoint: 14069 ns, Total: 543362 ns
[2025-06-24T14:27:08.357+0000][1][safepoint   ] Safepoint "Cleanup", Time since last: 47214644553 ns, Reaching safepoint: 219043 ns, Cleanup: 51553 ns, At safepoint: 15982 ns, Total: 286578 ns
[2025-06-24T14:27:42.637+0000][1][gc,start    ] GC(51) Pause Young (Mixed) (G1 Evacuation Pause)
[2025-06-24T14:27:42.647+0000][1][gc,task     ] GC(51) Using 13 workers of 13 for evacuation
[2025-06-24T14:27:42.649+0000][1][gc,age      ] GC(51) Desired survivor size 17825792 bytes, new threshold 15 (max threshold 15)
[2025-06-24T14:27:43.052+0000][1][gc,mmu      ] GC(51) MMU target violated: 201.0ms (200.0ms/201.0ms)
[2025-06-24T14:27:43.058+0000][1][gc,phases   ] GC(51)   Pre Evacuate Collection Set: 36.7ms
[2025-06-24T14:27:43.059+0000][1][gc,phases   ] GC(51)   Merge Heap Roots: 4.8ms
[2025-06-24T14:27:43.060+0000][1][gc,phases   ] GC(51)   Evacuate Collection Set: 332.1ms
[2025-06-24T14:27:43.060+0000][1][gc,phases   ] GC(51)   Post Evacuate Collection Set: 25.6ms
[2025-06-24T14:27:43.061+0000][1][gc,phases   ] GC(51)   Other: 15.9ms
[2025-06-24T14:27:43.061+0000][1][gc,age      ] GC(51) Age table with threshold 15 (max threshold 15)
[2025-06-24T14:27:43.062+0000][1][gc,age      ] GC(51) - age   1:    1353544 bytes,    1353544 total
[2025-06-24T14:27:43.062+0000][1][gc,age      ] GC(51) - age   2:         32 bytes,    1353576 total
[2025-06-24T14:27:43.063+0000][1][gc,heap     ] GC(51) Eden regions: 265->0(238)
[2025-06-24T14:27:43.063+0000][1][gc,heap     ] GC(51) Survivor regions: 1->2(34)
[2025-06-24T14:27:43.063+0000][1][gc,heap     ] GC(51) Old regions: 134->132
[2025-06-24T14:27:43.063+0000][1][gc,heap     ] GC(51) Humongous regions: 8->8
[2025-06-24T14:27:43.064+0000][1][gc,metaspace] GC(51) Metaspace: 158393K(161408K)->158393K(161408K) NonClass: 139293K(140416K)->139293K(140416K) Class: 19100K(20992K)->19100K(20992K)
[2025-06-24T14:27:43.065+0000][1][gc          ] GC(51) Pause Young (Mixed) (G1 Evacuation Pause) 407M->140M(512M) 428.245ms
[2025-06-24T14:27:43.065+0000][1][gc,cpu      ] GC(51) User=1.57s Sys=0.02s Real=0.43s
[2025-06-24T14:27:43.065+0000][1][safepoint   ] Safepoint "G1CollectForAllocation", Time since last: 35003070277 ns, Reaching safepoint: 4041831 ns, Cleanup: 709231 ns, At safepoint: 433596489 ns, Total: 438347551 ns
[2025-06-24T14:28:00.444+0000][1][safepoint   ] Safepoint "Cleanup", Time since last: 18081983931 ns, Reaching safepoint: 95696 ns, Cleanup: 22013 ns, At safepoint: 6083 ns, Total: 123792 ns
[2025-06-24T14:28:58.844+0000][1][safepoint   ] Safepoint "Cleanup", Time since last: 59886788277 ns, Reaching safepoint: 828909 ns, Cleanup: 152719 ns, At safepoint: 41214 ns, Total: 1022842 ns
[2025-06-24T14:29:30.062+0000][1][safepoint   ] Safepoint "Cleanup", Time since last: 31922158222 ns, Reaching safepoint: 107503 ns, Cleanup: 16955 ns, At safepoint: 6601 ns, Total: 131059 ns
[2025-06-24T14:29:57.858+0000][1][safepoint   ] Safepoint "Cleanup", Time since last: 28096245964 ns, Reaching safepoint: 4603946 ns, Cleanup: 127893 ns, At safepoint: 75282 ns, Total: 4807121 ns
[2025-06-24T14:30:56.764+0000][1][safepoint   ] Safepoint "Cleanup", Time since last: 60051587339 ns, Reaching safepoint: 3275252 ns, Cleanup: 185436 ns, At safepoint: 97092 ns, Total: 3557780 ns
[2025-06-24T14:31:41.878+0000][1][safepoint   ] Safepoint "Cleanup", Time since last: 45397802102 ns, Reaching safepoint: 2971836 ns, Cleanup: 100062 ns, At safepoint: 50517 ns, Total: 3122415 ns
[2025-06-24T14:32:01.597+0000][1][safepoint   ] Safepoint "Cleanup", Time since last: 20055290008 ns, Reaching safepoint: 158149 ns, Cleanup: 25141 ns, At safepoint: 10585 ns, Total: 193875 ns
[2025-06-24T14:32:03.295+0000][1][safepoint   ] Safepoint "Cleanup", Time since last: 1697512612 ns, Reaching safepoint: 25872 ns, Cleanup: 15283 ns, At safepoint: 4170 ns, Total: 45325 ns
[2025-06-24T14:32:16.046+0000][1][safepoint   ] Safepoint "Cleanup", Time since last: 13099408551 ns, Reaching safepoint: 133396 ns, Cleanup: 20164 ns, At safepoint: 10189 ns, Total: 163749 ns
[2025-06-24T14:32:28.071+0000][1][safepoint   ] Safepoint "Cleanup", Time since last: 12024730181 ns, Reaching safepoint: 140804 ns, Cleanup: 53729 ns, At safepoint: 37205 ns, Total: 231738 ns
[2025-06-24T14:32:31.115+0000][1][safepoint   ] Safepoint "Cleanup", Time since last: 3043432469 ns, Reaching safepoint: 238603 ns, Cleanup: 31912 ns, At safepoint: 12100 ns, Total: 282615 ns
[2025-06-24T14:32:33.132+0000][1][safepoint   ] Safepoint "Cleanup", Time since last: 2017370217 ns, Reaching safepoint: 161143 ns, Cleanup: 23901 ns, At safepoint: 11707 ns, Total: 196751 ns
[2025-06-24T14:33:34.099+0000][1][safepoint   ] Safepoint "Cleanup", Time since last: 62028744237 ns, Reaching safepoint: 197507 ns, Cleanup: 117521 ns, At safepoint: 17171 ns, Total: 332199 ns
[2025-06-24T14:33:50.847+0000][1][safepoint   ] Safepoint "Cleanup", Time since last: 17050725679 ns, Reaching safepoint: 1795160 ns, Cleanup: 83773 ns, At safepoint: 50003 ns, Total: 1928936 ns
[2025-06-24T14:33:51.851+0000][1][safepoint   ] Safepoint "Cleanup", Time since last: 1003718169 ns, Reaching safepoint: 64308 ns, Cleanup: 15875 ns, At safepoint: 6184 ns, Total: 86367 ns
[2025-06-24T14:34:14.364+0000][1][safepoint   ] Safepoint "Cleanup", Time since last: 22851981383 ns, Reaching safepoint: 2395698 ns, Cleanup: 180641 ns, At safepoint: 54782 ns, Total: 2631121 ns
[2025-06-24T14:34:36.260+0000][1][gc,start    ] GC(52) Pause Young (Mixed) (G1 Evacuation Pause)
[2025-06-24T14:34:36.270+0000][1][gc,task     ] GC(52) Using 13 workers of 13 for evacuation
[2025-06-24T14:34:36.272+0000][1][gc,age      ] GC(52) Desired survivor size 17825792 bytes, new threshold 15 (max threshold 15)
[2025-06-24T14:34:36.692+0000][1][gc,mmu      ] GC(52) MMU target violated: 201.0ms (200.0ms/201.0ms)
[2025-06-24T14:34:36.694+0000][1][gc,phases   ] GC(52)   Pre Evacuate Collection Set: 29.9ms
[2025-06-24T14:34:36.694+0000][1][gc,phases   ] GC(52)   Merge Heap Roots: 4.4ms
[2025-06-24T14:34:36.695+0000][1][gc,phases   ] GC(52)   Evacuate Collection Set: 344.9ms
[2025-06-24T14:34:36.695+0000][1][gc,phases   ] GC(52)   Post Evacuate Collection Set: 37.3ms
[2025-06-24T14:34:36.696+0000][1][gc,phases   ] GC(52)   Other: 11.0ms
[2025-06-24T14:34:36.696+0000][1][gc,age      ] GC(52) Age table with threshold 15 (max threshold 15)
[2025-06-24T14:34:36.697+0000][1][gc,age      ] GC(52) - age   1:      33872 bytes,      33872 total
[2025-06-24T14:34:36.697+0000][1][gc,age      ] GC(52) - age   2:    1332920 bytes,    1366792 total
[2025-06-24T14:34:36.697+0000][1][gc,age      ] GC(52) - age   3:         32 bytes,    1366824 total
[2025-06-24T14:34:36.698+0000][1][gc,heap     ] GC(52) Eden regions: 265->0(268)
[2025-06-24T14:34:36.698+0000][1][gc,heap     ] GC(52) Survivor regions: 2->2(34)
[2025-06-24T14:34:36.699+0000][1][gc,heap     ] GC(52) Old regions: 132->129
[2025-06-24T14:34:36.699+0000][1][gc,heap     ] GC(52) Humongous regions: 8->8
[2025-06-24T14:34:36.700+0000][1][gc,metaspace] GC(52) Metaspace: 158394K(161408K)->158394K(161408K) NonClass: 139294K(140416K)->139294K(140416K) Class: 19100K(20992K)->19100K(20992K)
[2025-06-24T14:34:36.701+0000][1][gc          ] GC(52) Pause Young (Mixed) (G1 Evacuation Pause) 405M->138M(512M) 441.885ms
[2025-06-24T14:34:36.702+0000][1][gc,cpu      ] GC(52) User=1.61s Sys=0.10s Real=0.45s
[2025-06-24T14:34:36.703+0000][1][safepoint   ] Safepoint "G1CollectForAllocation", Time since last: 21885918299 ns, Reaching safepoint: 3681633 ns, Cleanup: 646217 ns, At safepoint: 448494810 ns, Total: 452822660 ns
[2025-06-24T14:35:06.183+0000][1][safepoint   ] Safepoint "Cleanup", Time since last: 29838713996 ns, Reaching safepoint: 275956 ns, Cleanup: 946502 ns, At safepoint: 41852 ns, Total: 1264310 ns
[2025-06-24T14:35:35.928+0000][1][safepoint   ] Safepoint "Cleanup", Time since last: 30092265656 ns, Reaching safepoint: 14470873 ns, Cleanup: 252666 ns, At safepoint: 181399 ns, Total: 14904938 ns
[2025-06-24T14:35:51.218+0000][1][safepoint   ] Safepoint "Cleanup", Time since last: 16062085731 ns, Reaching safepoint: 762411 ns, Cleanup: 370576 ns, At safepoint: 116960 ns, Total: 1249947 ns
[2025-06-24T14:36:37.856+0000][1][safepoint   ] Safepoint "Cleanup", Time since last: 47108900380 ns, Reaching safepoint: 8205279 ns, Cleanup: 1465566 ns, At safepoint: 614753 ns, Total: 10285598 ns
[2025-06-24T14:37:11.989+0000][1][safepoint   ] Safepoint "Cleanup", Time since last: 35144308722 ns, Reaching safepoint: 2521174 ns, Cleanup: 114107 ns, At safepoint: 51702 ns, Total: 2686983 ns
[2025-06-24T14:37:16.994+0000][1][safepoint   ] Safepoint "Cleanup", Time since last: 5004503309 ns, Reaching safepoint: 156844 ns, Cleanup: 25692 ns, At safepoint: 11289 ns, Total: 193825 ns
[2025-06-24T14:37:21.000+0000][1][safepoint   ] Safepoint "Cleanup", Time since last: 4006092177 ns, Reaching safepoint: 180757 ns, Cleanup: 32618 ns, At safepoint: 14543 ns, Total: 227918 ns
[2025-06-24T14:37:27.014+0000][1][safepoint   ] Safepoint "Cleanup", Time since last: 6012037140 ns, Reaching safepoint: 666433 ns, Cleanup: 1192036 ns, At safepoint: 74135 ns, Total: 1932604 ns
[2025-06-24T14:37:37.035+0000][1][safepoint   ] Safepoint "Cleanup", Time since last: 10020376101 ns, Reaching safepoint: 159960 ns, Cleanup: 23416 ns, At safepoint: 10119 ns, Total: 193495 ns
[2025-06-24T14:39:37.308+0000][1][safepoint   ] Safepoint "Cleanup", Time since last: 122029713609 ns, Reaching safepoint: 726691 ns, Cleanup: 708185 ns, At safepoint: 36653 ns, Total: 1471529 ns
[2025-06-24T14:39:45.072+0000][1][safepoint   ] Safepoint "Cleanup", Time since last: 8014110197 ns, Reaching safepoint: 173318 ns, Cleanup: 569313 ns, At safepoint: 31173 ns, Total: 773804 ns
[2025-06-24T14:39:58.095+0000][1][safepoint   ] Safepoint "Cleanup", Time since last: 13022871308 ns, Reaching safepoint: 96406 ns, Cleanup: 26913 ns, At safepoint: 12470 ns, Total: 135789 ns
[2025-06-24T14:40:00.109+0000][1][safepoint   ] Safepoint "Cleanup", Time since last: 2014348535 ns, Reaching safepoint: 45532 ns, Cleanup: 18363 ns, At safepoint: 7416 ns, Total: 71311 ns
[2025-06-24T14:40:03.122+0000][1][safepoint   ] Safepoint "Cleanup", Time since last: 3013236281 ns, Reaching safepoint: 213158 ns, Cleanup: 43004 ns, At safepoint: 14882 ns, Total: 271044 ns
[2025-06-24T14:40:05.131+0000][1][safepoint   ] Safepoint "Cleanup", Time since last: 2008371309 ns, Reaching safepoint: 74781 ns, Cleanup: 32538 ns, At safepoint: 10878 ns, Total: 118197 ns
[2025-06-24T14:40:36.863+0000][1][safepoint   ] Safepoint "Cleanup", Time since last: 32041595166 ns, Reaching safepoint: 1787244 ns, Cleanup: 982207 ns, At safepoint: 578659 ns, Total: 3348110 ns
[2025-06-24T14:40:39.542+0000][1][safepoint   ] Safepoint "Cleanup", Time since last: 3007255340 ns, Reaching safepoint: 265020 ns, Cleanup: 34939 ns, At safepoint: 17054 ns, Total: 317013 ns
[2025-06-24T14:41:34.172+0000][1][gc,start    ] GC(53) Pause Young (Concurrent Start) (G1 Evacuation Pause)
[2025-06-24T14:41:34.178+0000][1][gc,task     ] GC(53) Using 13 workers of 13 for evacuation
[2025-06-24T14:41:34.179+0000][1][gc,age      ] GC(53) Desired survivor size 17825792 bytes, new threshold 15 (max threshold 15)
[2025-06-24T14:41:34.500+0000][1][gc,mmu      ] GC(53) MMU target violated: 201.0ms (200.0ms/201.0ms)
[2025-06-24T14:41:34.501+0000][1][gc,phases   ] GC(53)   Pre Evacuate Collection Set: 28.2ms
[2025-06-24T14:41:34.501+0000][1][gc,phases   ] GC(53)   Merge Heap Roots: 3.0ms
[2025-06-24T14:41:34.502+0000][1][gc,phases   ] GC(53)   Evacuate Collection Set: 266.5ms
[2025-06-24T14:41:34.503+0000][1][gc,phases   ] GC(53)   Post Evacuate Collection Set: 18.5ms
[2025-06-24T14:41:34.503+0000][1][gc,phases   ] GC(53)   Other: 9.9ms
[2025-06-24T14:41:34.504+0000][1][gc,age      ] GC(53) Age table with threshold 15 (max threshold 15)
[2025-06-24T14:41:34.504+0000][1][gc,age      ] GC(53) - age   1:      39384 bytes,      39384 total
[2025-06-24T14:41:34.505+0000][1][gc,age      ] GC(53) - age   2:       3048 bytes,      42432 total
[2025-06-24T14:41:34.505+0000][1][gc,age      ] GC(53) - age   3:    1332640 bytes,    1375072 total
[2025-06-24T14:41:34.506+0000][1][gc,age      ] GC(53) - age   4:         32 bytes,    1375104 total
[2025-06-24T14:41:34.506+0000][1][gc,heap     ] GC(53) Eden regions: 268->0(268)
[2025-06-24T14:41:34.506+0000][1][gc,heap     ] GC(53) Survivor regions: 2->2(34)
[2025-06-24T14:41:34.507+0000][1][gc,heap     ] GC(53) Old regions: 129->129
[2025-06-24T14:41:34.507+0000][1][gc,heap     ] GC(53) Humongous regions: 8->8
[2025-06-24T14:41:34.508+0000][1][gc,metaspace] GC(53) Metaspace: 158397K(161408K)->158397K(161408K) NonClass: 139297K(140416K)->139297K(140416K) Class: 19100K(20992K)->19100K(20992K)
[2025-06-24T14:41:34.509+0000][1][gc          ] GC(53) Pause Young (Concurrent Start) (G1 Evacuation Pause) 406M->138M(512M) 336.884ms
[2025-06-24T14:41:34.509+0000][1][gc,cpu      ] GC(53) User=1.08s Sys=0.02s Real=0.33s
[2025-06-24T14:41:34.510+0000][1][safepoint   ] Safepoint "G1CollectForAllocation", Time since last: 54893401412 ns, Reaching safepoint: 129204 ns, Cleanup: 417791 ns, At safepoint: 342461450 ns, Total: 343008445 ns
[2025-06-24T14:41:34.511+0000][1][gc          ] GC(54) Concurrent Mark Cycle
[2025-06-24T14:41:34.512+0000][1][gc,marking  ] GC(54) Concurrent Scan Root Regions
[2025-06-24T14:41:34.713+0000][1][gc,marking  ] GC(54) Concurrent Scan Root Regions 201.091ms
[2025-06-24T14:41:34.714+0000][1][gc,marking  ] GC(54) Concurrent Mark
[2025-06-24T14:41:34.715+0000][1][gc,marking  ] GC(54) Concurrent Mark From Roots
[2025-06-24T14:41:34.717+0000][1][gc,task     ] GC(54) Using 3 workers of 3 for marking
[2025-06-24T14:41:35.379+0000][1][gc,marking  ] GC(54) Concurrent Mark From Roots 663.861ms
[2025-06-24T14:41:35.380+0000][1][gc,marking  ] GC(54) Concurrent Preclean
[2025-06-24T14:41:35.381+0000][1][gc,marking  ] GC(54) Concurrent Preclean 1.064ms
[2025-06-24T14:41:35.381+0000][1][gc,start    ] GC(54) Pause Remark
[2025-06-24T14:41:35.920+0000][1][gc,mmu      ] GC(54) MMU target violated: 201.0ms (200.0ms/201.0ms)
[2025-06-24T14:41:35.920+0000][1][gc          ] GC(54) Pause Remark 141M->141M(512M) 538.712ms
[2025-06-24T14:41:35.921+0000][1][gc,cpu      ] GC(54) User=5.61s Sys=0.01s Real=0.54s
[2025-06-24T14:41:35.922+0000][1][safepoint   ] Safepoint "G1PauseRemark", Time since last: 871382146 ns, Reaching safepoint: 21296 ns, Cleanup: 5084 ns, At safepoint: 540150416 ns, Total: 540176796 ns
[2025-06-24T14:41:35.923+0000][1][gc,marking  ] GC(54) Concurrent Mark 1208.745ms
[2025-06-24T14:41:35.924+0000][1][gc,marking  ] GC(54) Concurrent Rebuild Remembered Sets and Scrub Regions
[2025-06-24T14:41:35.988+0000][1][gc,marking  ] GC(54) Concurrent Rebuild Remembered Sets and Scrub Regions 64.310ms
[2025-06-24T14:41:35.990+0000][1][gc,start    ] GC(54) Pause Cleanup
[2025-06-24T14:41:35.990+0000][1][gc          ] GC(54) Pause Cleanup 142M->142M(512M) 0.895ms
[2025-06-24T14:41:35.991+0000][1][gc,cpu      ] GC(54) User=0.00s Sys=0.00s Real=0.01s
[2025-06-24T14:41:35.992+0000][1][safepoint   ] Safepoint "G1PauseCleanup", Time since last: 67338278 ns, Reaching safepoint: 18555 ns, Cleanup: 607687 ns, At safepoint: 2042881 ns, Total: 2669123 ns
[2025-06-24T14:41:35.992+0000][1][gc,marking  ] GC(54) Concurrent Clear Claimed Marks
[2025-06-24T14:41:35.993+0000][1][gc,marking  ] GC(54) Concurrent Clear Claimed Marks 0.833ms
[2025-06-24T14:41:35.994+0000][1][gc,marking  ] GC(54) Concurrent Cleanup for Next Mark
[2025-06-24T14:41:36.001+0000][1][gc,marking  ] GC(54) Concurrent Cleanup for Next Mark 6.923ms
[2025-06-24T14:41:36.001+0000][1][gc          ] GC(54) Concurrent Mark Cycle 1489.959ms
[2025-06-24T14:41:47.692+0000][1][safepoint   ] Safepoint "Cleanup", Time since last: 12005490411 ns, Reaching safepoint: 142364 ns, Cleanup: 18155 ns, At safepoint: 5491 ns, Total: 166010 ns
[2025-06-24T14:42:53.082+0000][1][safepoint   ] Safepoint "Cleanup", Time since last: 66408021580 ns, Reaching safepoint: 2797079 ns, Cleanup: 829730 ns, At safepoint: 489200 ns, Total: 4116009 ns
[2025-06-24T14:43:37.395+0000][1][safepoint   ] Safepoint "Cleanup", Time since last: 45012610137 ns, Reaching safepoint: 249000 ns, Cleanup: 27955 ns, At safepoint: 12849 ns, Total: 289804 ns
[2025-06-24T14:43:47.403+0000][1][safepoint   ] Safepoint "Cleanup", Time since last: 10007507636 ns, Reaching safepoint: 177062 ns, Cleanup: 18245 ns, At safepoint: 6706 ns, Total: 202013 ns
[2025-06-24T14:44:53.937+0000][1][safepoint   ] Safepoint "Cleanup", Time since last: 67034994486 ns, Reaching safepoint: 137615769 ns, Cleanup: 2667334 ns, At safepoint: 999466 ns, Total: 141282569 ns
[2025-06-24T14:44:54.951+0000][1][safepoint   ] Safepoint "Cleanup", Time since last: 1010875193 ns, Reaching safepoint: 3296976 ns, Cleanup: 18343 ns, At safepoint: 69521 ns, Total: 3384840 ns
[2025-06-24T14:44:55.952+0000][1][safepoint   ] Safepoint "Cleanup", Time since last: 1001031846 ns, Reaching safepoint: 102158 ns, Cleanup: 468240 ns, At safepoint: 36997 ns, Total: 607395 ns
[2025-06-24T14:45:04.001+0000][1][safepoint   ] Safepoint "Cleanup", Time since last: 8039082968 ns, Reaching safepoint: 9045697 ns, Cleanup: 20738 ns, At safepoint: 108948 ns, Total: 9175383 ns
[2025-06-24T14:45:04.659+0000][1][safepoint   ] Safepoint "Cleanup", Time since last: 1001147328 ns, Reaching safepoint: 425549 ns, Cleanup: 28242 ns, At safepoint: 34369 ns, Total: 488160 ns
[2025-06-24T14:45:19.671+0000][1][safepoint   ] Safepoint "Cleanup", Time since last: 15009701625 ns, Reaching safepoint: 2348961 ns, Cleanup: 54452 ns, At safepoint: 407968 ns, Total: 2811381 ns
[2025-06-24T14:45:24.689+0000][1][safepoint   ] Safepoint "Cleanup", Time since last: 5016914385 ns, Reaching safepoint: 104755 ns, Cleanup: 35349 ns, At safepoint: 9554 ns, Total: 149658 ns
[2025-06-24T14:45:26.697+0000][1][safepoint   ] Safepoint "Cleanup", Time since last: 2007946668 ns, Reaching safepoint: 112801 ns, Cleanup: 21197 ns, At safepoint: 6685 ns, Total: 140683 ns
[2025-06-24T14:45:42.462+0000][1][safepoint   ] Safepoint "Cleanup", Time since last: 16055181305 ns, Reaching safepoint: 601238 ns, Cleanup: 94555 ns, At safepoint: 22707 ns, Total: 718500 ns
[2025-06-24T14:45:47.468+0000][1][safepoint   ] Safepoint "Cleanup", Time since last: 5005571280 ns, Reaching safepoint: 103071 ns, Cleanup: 25237 ns, At safepoint: 10944 ns, Total: 139252 ns
[2025-06-24T14:45:49.470+0000][1][safepoint   ] Safepoint "Cleanup", Time since last: 2001873732 ns, Reaching safepoint: 21081 ns, Cleanup: 11629 ns, At safepoint: 3195 ns, Total: 35905 ns
[2025-06-24T14:45:50.471+0000][1][safepoint   ] Safepoint "Cleanup", Time since last: 1001462291 ns, Reaching safepoint: 40218 ns, Cleanup: 30391 ns, At safepoint: 10266 ns, Total: 80875 ns
[2025-06-24T14:46:01.671+0000][1][safepoint   ] Safepoint "Cleanup", Time since last: 11199050493 ns, Reaching safepoint: 273264 ns, Cleanup: 37788 ns, At safepoint: 18384 ns, Total: 329436 ns
[2025-06-24T14:46:11.386+0000][1][safepoint   ] Safepoint "Cleanup", Time since last: 10029036549 ns, Reaching safepoint: 239204 ns, Cleanup: 35288 ns, At safepoint: 15346 ns, Total: 289838 ns
[2025-06-24T14:46:19.409+0000][1][safepoint   ] Safepoint "Cleanup", Time since last: 8022073099 ns, Reaching safepoint: 189905 ns, Cleanup: 19291 ns, At safepoint: 9515 ns, Total: 218711 ns
[2025-06-24T14:47:00.557+0000][1][safepoint   ] Safepoint "Cleanup", Time since last: 41877059461 ns, Reaching safepoint: 221331 ns, Cleanup: 27725 ns, At safepoint: 11816 ns, Total: 260872 ns
[2025-06-24T14:47:34.723+0000][1][safepoint   ] Safepoint "Cleanup", Time since last: 35133851456 ns, Reaching safepoint: 394959 ns, Cleanup: 31606 ns, At safepoint: 15320 ns, Total: 441885 ns
[2025-06-24T14:48:21.545+0000][1][safepoint   ] Safepoint "Cleanup", Time since last: 47141732616 ns, Reaching safepoint: 235712 ns, Cleanup: 24628 ns, At safepoint: 11698 ns, Total: 272038 ns
[2025-06-24T14:48:25.450+0000][1][gc,start    ] GC(55) Pause Young (Prepare Mixed) (G1 Evacuation Pause)
[2025-06-24T14:48:25.456+0000][1][gc,task     ] GC(55) Using 13 workers of 13 for evacuation
[2025-06-24T14:48:25.457+0000][1][gc,age      ] GC(55) Desired survivor size 17825792 bytes, new threshold 15 (max threshold 15)
[2025-06-24T14:48:25.691+0000][1][gc,mmu      ] GC(55) MMU target violated: 201.0ms (200.0ms/201.0ms)
[2025-06-24T14:48:25.692+0000][1][gc,phases   ] GC(55)   Pre Evacuate Collection Set: 44.2ms
[2025-06-24T14:48:25.693+0000][1][gc,phases   ] GC(55)   Merge Heap Roots: 4.9ms
[2025-06-24T14:48:25.693+0000][1][gc,phases   ] GC(55)   Evacuate Collection Set: 146.5ms
[2025-06-24T14:48:25.694+0000][1][gc,phases   ] GC(55)   Post Evacuate Collection Set: 34.4ms
[2025-06-24T14:48:25.695+0000][1][gc,phases   ] GC(55)   Other: 9.1ms
[2025-06-24T14:48:25.696+0000][1][gc,age      ] GC(55) Age table with threshold 15 (max threshold 15)
[2025-06-24T14:48:25.696+0000][1][gc,age      ] GC(55) - age   1:     770736 bytes,     770736 total
[2025-06-24T14:48:25.697+0000][1][gc,age      ] GC(55) - age   2:      10632 bytes,     781368 total
[2025-06-24T14:48:25.698+0000][1][gc,age      ] GC(55) - age   3:       2640 bytes,     784008 total
[2025-06-24T14:48:25.698+0000][1][gc,age      ] GC(55) - age   4:    1304576 bytes,    2088584 total
[2025-06-24T14:48:25.699+0000][1][gc,heap     ] GC(55) Eden regions: 268->0(266)
[2025-06-24T14:48:25.700+0000][1][gc,heap     ] GC(55) Survivor regions: 2->3(34)
[2025-06-24T14:48:25.700+0000][1][gc,heap     ] GC(55) Old regions: 129->129
[2025-06-24T14:48:25.701+0000][1][gc,heap     ] GC(55) Humongous regions: 8->8
[2025-06-24T14:48:25.702+0000][1][gc,metaspace] GC(55) Metaspace: 158405K(161408K)->158405K(161408K) NonClass: 139304K(140416K)->139304K(140416K) Class: 19100K(20992K)->19100K(20992K)
[2025-06-24T14:48:25.704+0000][1][gc          ] GC(55) Pause Young (Prepare Mixed) (G1 Evacuation Pause) 406M->139M(512M) 253.927ms
[2025-06-24T14:48:25.705+0000][1][gc,cpu      ] GC(55) User=1.54s Sys=0.01s Real=0.25s
[2025-06-24T14:48:25.706+0000][1][safepoint   ] Safepoint "G1CollectForAllocation", Time since last: 3901622631 ns, Reaching safepoint: 58163 ns, Cleanup: 154570 ns, At safepoint: 259007637 ns, Total: 259220370 ns
[2025-06-24T14:49:08.716+0000][1][safepoint   ] Safepoint "Cleanup", Time since last: 44054362610 ns, Reaching safepoint: 192518 ns, Cleanup: 33527 ns, At safepoint: 12711 ns, Total: 238756 ns
[2025-06-24T14:50:03.848+0000][1][safepoint   ] Safepoint "Cleanup", Time since last: 56153196623 ns, Reaching safepoint: 755562 ns, Cleanup: 77012 ns, At safepoint: 46777 ns, Total: 879351 ns
[2025-06-24T14:50:05.409+0000][1][safepoint   ] Safepoint "Cleanup", Time since last: 1562533874 ns, Reaching safepoint: 32087 ns, Cleanup: 338053 ns, At safepoint: 31012 ns, Total: 401152 ns
[2025-06-24T14:50:06.413+0000][1][safepoint   ] Safepoint "Cleanup", Time since last: 1000060430 ns, Reaching safepoint: 3364019 ns, Cleanup: 47223 ns, At safepoint: 100252 ns, Total: 3511494 ns
[2025-06-24T14:50:28.546+0000][1][safepoint   ] Safepoint "Cleanup", Time since last: 22132043461 ns, Reaching safepoint: 716553 ns, Cleanup: 61454 ns, At safepoint: 27670 ns, Total: 805677 ns
[2025-06-24T14:50:37.321+0000][1][safepoint   ] Safepoint "Cleanup", Time since last: 9007732224 ns, Reaching safepoint: 72959 ns, Cleanup: 12781 ns, At safepoint: 4958 ns, Total: 90698 ns
[2025-06-24T14:50:42.335+0000][1][safepoint   ] Safepoint "Cleanup", Time since last: 5013195449 ns, Reaching safepoint: 70894 ns, Cleanup: 15587 ns, At safepoint: 4187 ns, Total: 90668 ns
[2025-06-24T14:51:56.593+0000][1][safepoint   ] Safepoint "Cleanup", Time since last: 75283335635 ns, Reaching safepoint: 24030218 ns, Cleanup: 743319 ns, At safepoint: 427172 ns, Total: 25200709 ns
[2025-06-24T14:54:17.314+0000][1][gc,start    ] GC(56) Pause Young (Mixed) (G1 Evacuation Pause)
[2025-06-24T14:54:17.322+0000][1][gc,task     ] GC(56) Using 13 workers of 13 for evacuation
[2025-06-24T14:54:17.323+0000][1][gc,age      ] GC(56) Desired survivor size 17825792 bytes, new threshold 15 (max threshold 15)
[2025-06-24T14:54:17.795+0000][1][gc,mmu      ] GC(56) MMU target violated: 201.0ms (200.0ms/201.0ms)
[2025-06-24T14:54:17.796+0000][1][gc,phases   ] GC(56)   Pre Evacuate Collection Set: 47.5ms
[2025-06-24T14:54:17.797+0000][1][gc,phases   ] GC(56)   Merge Heap Roots: 2.9ms
[2025-06-24T14:54:17.797+0000][1][gc,phases   ] GC(56)   Evacuate Collection Set: 394.9ms
[2025-06-24T14:54:17.798+0000][1][gc,phases   ] GC(56)   Post Evacuate Collection Set: 22.4ms
[2025-06-24T14:54:17.799+0000][1][gc,phases   ] GC(56)   Other: 9.0ms
[2025-06-24T14:54:17.799+0000][1][gc,age      ] GC(56) Age table with threshold 15 (max threshold 15)
[2025-06-24T14:54:17.800+0000][1][gc,age      ] GC(56) - age   1:     448104 bytes,     448104 total
[2025-06-24T14:54:17.801+0000][1][gc,age      ] GC(56) - age   2:      72152 bytes,     520256 total
[2025-06-24T14:54:17.801+0000][1][gc,age      ] GC(56) - age   3:       8656 bytes,     528912 total
[2025-06-24T14:54:17.802+0000][1][gc,age      ] GC(56) - age   4:       2640 bytes,     531552 total
[2025-06-24T14:54:17.802+0000][1][gc,age      ] GC(56) - age   5:      94000 bytes,     625552 total
[2025-06-24T14:54:17.802+0000][1][gc,heap     ] GC(56) Eden regions: 266->0(275)
[2025-06-24T14:54:17.803+0000][1][gc,heap     ] GC(56) Survivor regions: 3->1(34)
[2025-06-24T14:54:17.804+0000][1][gc,heap     ] GC(56) Old regions: 129->124
[2025-06-24T14:54:17.805+0000][1][gc,heap     ] GC(56) Humongous regions: 8->8
[2025-06-24T14:54:17.805+0000][1][gc,metaspace] GC(56) Metaspace: 158412K(161472K)->158412K(161472K) NonClass: 139312K(140480K)->139312K(140480K) Class: 19100K(20992K)->19100K(20992K)
[2025-06-24T14:54:17.806+0000][1][gc          ] GC(56) Pause Young (Mixed) (G1 Evacuation Pause) 405M->132M(512M) 492.449ms
[2025-06-24T14:54:17.807+0000][1][gc,cpu      ] GC(56) User=1.96s Sys=0.02s Real=0.49s
[2025-06-24T14:54:17.807+0000][1][safepoint   ] Safepoint "G1CollectForAllocation", Time since last: 142498082133 ns, Reaching safepoint: 23322204 ns, Cleanup: 169737 ns, At safepoint: 496247137 ns, Total: 519739078 ns
[2025-06-24T14:59:21.530+0000][1][safepoint   ] Safepoint "Cleanup", Time since last: 307339478245 ns, Reaching safepoint: 1793013 ns, Cleanup: 1840071 ns, At safepoint: 36072 ns, Total: 3669156 ns
[2025-06-24T15:00:50.797+0000][1][safepoint   ] Safepoint "Cleanup", Time since last: 90095386217 ns, Reaching safepoint: 26700943 ns, Cleanup: 704231 ns, At safepoint: 419795 ns, Total: 27824969 ns
[2025-06-24T15:00:58.523+0000][1][safepoint   ] Safepoint "Cleanup", Time since last: 8008982759 ns, Reaching safepoint: 244176 ns, Cleanup: 44996 ns, At safepoint: 16463 ns, Total: 305635 ns
[2025-06-24T15:01:10.531+0000][1][safepoint   ] Safepoint "Cleanup", Time since last: 12008509511 ns, Reaching safepoint: 105499 ns, Cleanup: 16353 ns, At safepoint: 6068 ns, Total: 127920 ns
[2025-06-24T15:01:20.544+0000][1][safepoint   ] Safepoint "Cleanup", Time since last: 10007090498 ns, Reaching safepoint: 5697256 ns, Cleanup: 17155 ns, At safepoint: 62804 ns, Total: 5777215 ns
[2025-06-24T15:01:30.302+0000][1][gc,start    ] GC(57) Pause Young (Concurrent Start) (G1 Evacuation Pause)
[2025-06-24T15:01:30.306+0000][1][gc,task     ] GC(57) Using 13 workers of 13 for evacuation
[2025-06-24T15:01:30.308+0000][1][gc,age      ] GC(57) Desired survivor size 18350080 bytes, new threshold 15 (max threshold 15)
[2025-06-24T15:01:30.773+0000][1][gc,mmu      ] GC(57) MMU target violated: 201.0ms (200.0ms/201.0ms)
[2025-06-24T15:01:30.775+0000][1][gc,phases   ] GC(57)   Pre Evacuate Collection Set: 34.6ms
[2025-06-24T15:01:30.775+0000][1][gc,phases   ] GC(57)   Merge Heap Roots: 2.4ms
[2025-06-24T15:01:30.776+0000][1][gc,phases   ] GC(57)   Evacuate Collection Set: 392.1ms
[2025-06-24T15:01:30.776+0000][1][gc,phases   ] GC(57)   Post Evacuate Collection Set: 30.2ms
[2025-06-24T15:01:30.777+0000][1][gc,phases   ] GC(57)   Other: 11.8ms
[2025-06-24T15:01:30.777+0000][1][gc,age      ] GC(57) Age table with threshold 15 (max threshold 15)
[2025-06-24T15:01:30.778+0000][1][gc,age      ] GC(57) - age   1:      22696 bytes,      22696 total
[2025-06-24T15:01:30.778+0000][1][gc,age      ] GC(57) - age   2:     425712 bytes,     448408 total
[2025-06-24T15:01:30.779+0000][1][gc,age      ] GC(57) - age   3:      72032 bytes,     520440 total
[2025-06-24T15:01:30.779+0000][1][gc,age      ] GC(57) - age   4:       8408 bytes,     528848 total
[2025-06-24T15:01:30.780+0000][1][gc,age      ] GC(57) - age   5:       2640 bytes,     531488 total
[2025-06-24T15:01:30.780+0000][1][gc,age      ] GC(57) - age   6:      93968 bytes,     625456 total
[2025-06-24T15:01:30.781+0000][1][gc,heap     ] GC(57) Eden regions: 275->0(275)
[2025-06-24T15:01:30.782+0000][1][gc,heap     ] GC(57) Survivor regions: 1->1(35)
[2025-06-24T15:01:30.783+0000][1][gc,heap     ] GC(57) Old regions: 124->124
[2025-06-24T15:01:30.783+0000][1][gc,heap     ] GC(57) Humongous regions: 8->8
[2025-06-24T15:01:30.784+0000][1][gc,metaspace] GC(57) Metaspace: 158415K(161472K)->158415K(161472K) NonClass: 139314K(140480K)->139314K(140480K) Class: 19100K(20992K)->19100K(20992K)
[2025-06-24T15:01:30.787+0000][1][gc          ] GC(57) Pause Young (Concurrent Start) (G1 Evacuation Pause) 407M->132M(512M) 484.843ms
[2025-06-24T15:01:30.787+0000][1][gc,cpu      ] GC(57) User=1.38s Sys=0.02s Real=0.49s
[2025-06-24T15:01:30.788+0000][1][safepoint   ] Safepoint "G1CollectForAllocation", Time since last: 10019842620 ns, Reaching safepoint: 184912 ns, Cleanup: 161884 ns, At safepoint: 488923469 ns, Total: 489270265 ns
[2025-06-24T15:01:30.791+0000][1][gc          ] GC(58) Concurrent Mark Cycle
[2025-06-24T15:01:30.795+0000][1][gc,marking  ] GC(58) Concurrent Scan Root Regions
[2025-06-24T15:01:31.133+0000][1][gc,marking  ] GC(58) Concurrent Scan Root Regions 337.388ms
[2025-06-24T15:01:31.133+0000][1][gc,marking  ] GC(58) Concurrent Mark
[2025-06-24T15:01:31.134+0000][1][gc,marking  ] GC(58) Concurrent Mark From Roots
[2025-06-24T15:01:31.135+0000][1][gc,task     ] GC(58) Using 3 workers of 3 for marking
[2025-06-24T15:01:31.907+0000][1][gc,marking  ] GC(58) Concurrent Mark From Roots 773.810ms
[2025-06-24T15:01:31.908+0000][1][gc,marking  ] GC(58) Concurrent Preclean
[2025-06-24T15:01:31.909+0000][1][gc,marking  ] GC(58) Concurrent Preclean 0.938ms
[2025-06-24T15:01:31.910+0000][1][gc,start    ] GC(58) Pause Remark
[2025-06-24T15:01:32.521+0000][1][gc,mmu      ] GC(58) MMU target violated: 201.0ms (200.0ms/201.0ms)
[2025-06-24T15:01:32.522+0000][1][gc          ] GC(58) Pause Remark 135M->135M(512M) 611.834ms
[2025-06-24T15:01:32.522+0000][1][gc,cpu      ] GC(58) User=6.91s Sys=0.00s Real=0.61s
[2025-06-24T15:01:32.523+0000][1][safepoint   ] Safepoint "G1PauseRemark", Time since last: 1121335897 ns, Reaching safepoint: 24226 ns, Cleanup: 4748 ns, At safepoint: 613028714 ns, Total: 613057688 ns
[2025-06-24T15:01:32.524+0000][1][gc,marking  ] GC(58) Concurrent Mark 1390.507ms
[2025-06-24T15:01:32.525+0000][1][gc,marking  ] GC(58) Concurrent Rebuild Remembered Sets and Scrub Regions
[2025-06-24T15:01:32.613+0000][1][gc,marking  ] GC(58) Concurrent Rebuild Remembered Sets and Scrub Regions 88.667ms
[2025-06-24T15:01:32.618+0000][1][gc,start    ] GC(58) Pause Cleanup
[2025-06-24T15:01:32.620+0000][1][gc          ] GC(58) Pause Cleanup 135M->135M(512M) 1.896ms
[2025-06-24T15:01:32.621+0000][1][gc,cpu      ] GC(58) User=0.00s Sys=0.00s Real=0.00s
[2025-06-24T15:01:32.621+0000][1][safepoint   ] Safepoint "G1PauseCleanup", Time since last: 90769884 ns, Reaching safepoint: 4417004 ns, Cleanup: 141358 ns, At safepoint: 2971032 ns, Total: 7529394 ns
[2025-06-24T15:01:32.622+0000][1][gc,marking  ] GC(58) Concurrent Clear Claimed Marks
[2025-06-24T15:01:32.622+0000][1][gc,marking  ] GC(58) Concurrent Clear Claimed Marks 0.866ms
[2025-06-24T15:01:32.623+0000][1][gc,marking  ] GC(58) Concurrent Cleanup for Next Mark
[2025-06-24T15:01:32.631+0000][1][gc,marking  ] GC(58) Concurrent Cleanup for Next Mark 7.701ms
[2025-06-24T15:01:32.631+0000][1][gc          ] GC(58) Concurrent Mark Cycle 1840.360ms
[2025-06-24T15:01:53.092+0000][1][safepoint   ] Safepoint "Cleanup", Time since last: 20759769005 ns, Reaching safepoint: 181447 ns, Cleanup: 20038 ns, At safepoint: 11088 ns, Total: 212573 ns
[2025-06-24T15:07:00.717+0000][1][safepoint   ] Safepoint "Cleanup", Time since last: 310472865593 ns, Reaching safepoint: 31446557 ns, Cleanup: 1435889 ns, At safepoint: 850072 ns, Total: 33732518 ns
[2025-06-24T15:08:46.112+0000][1][gc,start    ] GC(59) Pause Young (Prepare Mixed) (G1 Evacuation Pause)
[2025-06-24T15:08:46.119+0000][1][gc,task     ] GC(59) Using 13 workers of 13 for evacuation
[2025-06-24T15:08:46.121+0000][1][gc,age      ] GC(59) Desired survivor size 18350080 bytes, new threshold 15 (max threshold 15)
[2025-06-24T15:08:46.314+0000][1][gc,phases   ] GC(59)   Pre Evacuate Collection Set: 36.6ms
[2025-06-24T15:08:46.314+0000][1][gc,phases   ] GC(59)   Merge Heap Roots: 4.9ms
[2025-06-24T15:08:46.315+0000][1][gc,phases   ] GC(59)   Evacuate Collection Set: 124.4ms
[2025-06-24T15:08:46.315+0000][1][gc,phases   ] GC(59)   Post Evacuate Collection Set: 22.1ms
[2025-06-24T15:08:46.315+0000][1][gc,phases   ] GC(59)   Other: 10.1ms
[2025-06-24T15:08:46.316+0000][1][gc,age      ] GC(59) Age table with threshold 15 (max threshold 15)
[2025-06-24T15:08:46.316+0000][1][gc,age      ] GC(59) - age   1:      41432 bytes,      41432 total
[2025-06-24T15:08:46.317+0000][1][gc,age      ] GC(59) - age   2:       3008 bytes,      44440 total
[2025-06-24T15:08:46.317+0000][1][gc,age      ] GC(59) - age   3:     416128 bytes,     460568 total
[2025-06-24T15:08:46.317+0000][1][gc,age      ] GC(59) - age   4:      71904 bytes,     532472 total
[2025-06-24T15:08:46.318+0000][1][gc,age      ] GC(59) - age   5:       8408 bytes,     540880 total
[2025-06-24T15:08:46.318+0000][1][gc,age      ] GC(59) - age   6:       2640 bytes,     543520 total
[2025-06-24T15:08:46.318+0000][1][gc,age      ] GC(59) - age   7:      92048 bytes,     635568 total
[2025-06-24T15:08:46.319+0000][1][gc,heap     ] GC(59) Eden regions: 275->0(275)
[2025-06-24T15:08:46.319+0000][1][gc,heap     ] GC(59) Survivor regions: 1->1(35)
[2025-06-24T15:08:46.319+0000][1][gc,heap     ] GC(59) Old regions: 124->124
[2025-06-24T15:08:46.320+0000][1][gc,heap     ] GC(59) Humongous regions: 8->8
[2025-06-24T15:08:46.320+0000][1][gc,metaspace] GC(59) Metaspace: 158415K(161472K)->158415K(161472K) NonClass: 139315K(140480K)->139315K(140480K) Class: 19100K(20992K)->19100K(20992K)
[2025-06-24T15:08:46.322+0000][1][gc          ] GC(59) Pause Young (Prepare Mixed) (G1 Evacuation Pause) 407M->132M(512M) 210.149ms
[2025-06-24T15:08:46.322+0000][1][gc,cpu      ] GC(59) User=1.25s Sys=0.00s Real=0.21s
[2025-06-24T15:08:46.323+0000][1][safepoint   ] Safepoint "G1CollectForAllocation", Time since last: 106621033104 ns, Reaching safepoint: 6237564 ns, Cleanup: 1689397 ns, At safepoint: 214244578 ns, Total: 222171539 ns
[2025-06-24T15:09:47.952+0000][1][safepoint   ] Safepoint "Cleanup", Time since last: 62099799550 ns, Reaching safepoint: 17425256 ns, Cleanup: 1877866 ns, At safepoint: 1148184 ns, Total: 20451306 ns
[2025-06-24T15:09:55.676+0000][1][safepoint   ] Safepoint "Cleanup", Time since last: 8007476478 ns, Reaching safepoint: 671054 ns, Cleanup: 13096 ns, At safepoint: 47416 ns, Total: 731566 ns
[2025-06-24T15:14:32.667+0000][1][safepoint   ] Safepoint "Cleanup", Time since last: 279304913061 ns, Reaching safepoint: 12484525 ns, Cleanup: 1876130 ns, At safepoint: 1547813 ns, Total: 15908468 ns
[2025-06-24T15:14:33.674+0000][1][safepoint   ] Safepoint "Cleanup", Time since last: 1007872480 ns, Reaching safepoint: 200225 ns, Cleanup: 35035 ns, At safepoint: 13372 ns, Total: 248632 ns
[2025-06-24T15:14:58.449+0000][1][safepoint   ] Safepoint "Cleanup", Time since last: 25020643859 ns, Reaching safepoint: 191324 ns, Cleanup: 30547 ns, At safepoint: 75457 ns, Total: 297328 ns
[2025-06-24T15:15:04.470+0000][1][safepoint   ] Safepoint "Cleanup", Time since last: 6021467793 ns, Reaching safepoint: 119690 ns, Cleanup: 23503 ns, At safepoint: 7268 ns, Total: 150461 ns
[2025-06-24T15:15:58.180+0000][1][gc,start    ] GC(60) Pause Young (Mixed) (G1 Evacuation Pause)
[2025-06-24T15:15:58.192+0000][1][gc,task     ] GC(60) Using 13 workers of 13 for evacuation
[2025-06-24T15:15:58.193+0000][1][gc,age      ] GC(60) Desired survivor size 18350080 bytes, new threshold 15 (max threshold 15)
[2025-06-24T15:15:58.411+0000][1][gc,mmu      ] GC(60) MMU target violated: 201.0ms (200.0ms/201.0ms)
[2025-06-24T15:15:58.412+0000][1][gc,phases   ] GC(60)   Pre Evacuate Collection Set: 35.7ms
[2025-06-24T15:15:58.413+0000][1][gc,phases   ] GC(60)   Merge Heap Roots: 2.2ms
[2025-06-24T15:15:58.413+0000][1][gc,phases   ] GC(60)   Evacuate Collection Set: 165.1ms
[2025-06-24T15:15:58.414+0000][1][gc,phases   ] GC(60)   Post Evacuate Collection Set: 10.5ms
[2025-06-24T15:15:58.415+0000][1][gc,phases   ] GC(60)   Other: 11.3ms
[2025-06-24T15:15:58.416+0000][1][gc,age      ] GC(60) Age table with threshold 15 (max threshold 15)
[2025-06-24T15:15:58.417+0000][1][gc,age      ] GC(60) - age   1:     689352 bytes,     689352 total
[2025-06-24T15:15:58.417+0000][1][gc,age      ] GC(60) - age   2:      20584 bytes,     709936 total
[2025-06-24T15:15:58.418+0000][1][gc,age      ] GC(60) - age   3:        784 bytes,     710720 total
[2025-06-24T15:15:58.418+0000][1][gc,age      ] GC(60) - age   4:     415360 bytes,    1126080 total
[2025-06-24T15:15:58.419+0000][1][gc,age      ] GC(60) - age   5:      70080 bytes,    1196160 total
[2025-06-24T15:15:58.420+0000][1][gc,age      ] GC(60) - age   6:       8184 bytes,    1204344 total
[2025-06-24T15:15:58.420+0000][1][gc,age      ] GC(60) - age   7:       2640 bytes,    1206984 total
[2025-06-24T15:15:58.421+0000][1][gc,age      ] GC(60) - age   8:      91984 bytes,    1298968 total
[2025-06-24T15:15:58.421+0000][1][gc,heap     ] GC(60) Eden regions: 275->0(276)
[2025-06-24T15:15:58.422+0000][1][gc,heap     ] GC(60) Survivor regions: 1->2(35)
[2025-06-24T15:15:58.423+0000][1][gc,heap     ] GC(60) Old regions: 124->121
[2025-06-24T15:15:58.423+0000][1][gc,heap     ] GC(60) Humongous regions: 8->8
[2025-06-24T15:15:58.424+0000][1][gc,metaspace] GC(60) Metaspace: 158421K(161472K)->158421K(161472K) NonClass: 139321K(140480K)->139321K(140480K) Class: 19100K(20992K)->19100K(20992K)
[2025-06-24T15:15:58.425+0000][1][gc          ] GC(60) Pause Young (Mixed) (G1 Evacuation Pause) 407M->130M(512M) 247.036ms
[2025-06-24T15:15:58.426+0000][1][gc,cpu      ] GC(60) User=0.97s Sys=0.03s Real=0.25s
[2025-06-24T15:15:58.426+0000][1][safepoint   ] Safepoint "G1CollectForAllocation", Time since last: 54121897832 ns, Reaching safepoint: 11684960 ns, Cleanup: 2626023 ns, At safepoint: 252632223 ns, Total: 266943206 ns
[2025-06-24T15:17:02.637+0000][1][safepoint   ] Safepoint "Cleanup", Time since last: 65076740605 ns, Reaching safepoint: 3659590 ns, Cleanup: 1053385 ns, At safepoint: 606427 ns, Total: 5319402 ns
[2025-06-24T15:17:12.665+0000][1][safepoint   ] Safepoint "Cleanup", Time since last: 10028575308 ns, Reaching safepoint: 236633 ns, Cleanup: 17730 ns, At safepoint: 7325 ns, Total: 261688 ns
[2025-06-24T15:17:25.504+0000][1][safepoint   ] Safepoint "Cleanup", Time since last: 13011909904 ns, Reaching safepoint: 93857 ns, Cleanup: 26035 ns, At safepoint: 12729 ns, Total: 132621 ns
[2025-06-24T15:18:25.084+0000][1][safepoint   ] Safepoint "Cleanup", Time since last: 60077546942 ns, Reaching safepoint: 287802 ns, Cleanup: 30120 ns, At safepoint: 14417 ns, Total: 332339 ns
[2025-06-24T15:18:42.116+0000][1][safepoint   ] Safepoint "Cleanup", Time since last: 17031531562 ns, Reaching safepoint: 255124 ns, Cleanup: 29637 ns, At safepoint: 21720 ns, Total: 306481 ns
[2025-06-24T15:20:06.491+0000][1][safepoint   ] Safepoint "Cleanup", Time since last: 85097380763 ns, Reaching safepoint: 3348005 ns, Cleanup: 694098 ns, At safepoint: 449672 ns, Total: 4491775 ns
[2025-06-24T15:22:08.788+0000][1][safepoint   ] Safepoint "Cleanup", Time since last: 123223336804 ns, Reaching safepoint: 7923098 ns, Cleanup: 1171954 ns, At safepoint: 403113 ns, Total: 9498165 ns
[2025-06-24T15:23:06.489+0000][1][gc,start    ] GC(61) Pause Young (Mixed) (G1 Evacuation Pause)
[2025-06-24T15:23:06.498+0000][1][gc,task     ] GC(61) Using 13 workers of 13 for evacuation
[2025-06-24T15:23:06.499+0000][1][gc,age      ] GC(61) Desired survivor size 18350080 bytes, new threshold 15 (max threshold 15)
[2025-06-24T15:23:06.725+0000][1][gc,mmu      ] GC(61) MMU target violated: 201.0ms (200.0ms/201.0ms)
[2025-06-24T15:23:06.726+0000][1][gc,phases   ] GC(61)   Pre Evacuate Collection Set: 35.5ms
[2025-06-24T15:23:06.726+0000][1][gc,phases   ] GC(61)   Merge Heap Roots: 4.8ms
[2025-06-24T15:23:06.726+0000][1][gc,phases   ] GC(61)   Evacuate Collection Set: 170.7ms
[2025-06-24T15:23:06.727+0000][1][gc,phases   ] GC(61)   Post Evacuate Collection Set: 10.1ms
[2025-06-24T15:23:06.727+0000][1][gc,phases   ] GC(61)   Other: 10.0ms
[2025-06-24T15:23:06.728+0000][1][gc,age      ] GC(61) Age table with threshold 15 (max threshold 15)
[2025-06-24T15:23:06.728+0000][1][gc,age      ] GC(61) - age   1:     209816 bytes,     209816 total
[2025-06-24T15:23:06.729+0000][1][gc,age      ] GC(61) - age   2:       6480 bytes,     216296 total
[2025-06-24T15:23:06.729+0000][1][gc,age      ] GC(61) - age   3:      20584 bytes,     236880 total
[2025-06-24T15:23:06.730+0000][1][gc,age      ] GC(61) - age   4:        784 bytes,     237664 total
[2025-06-24T15:23:06.730+0000][1][gc,age      ] GC(61) - age   5:     401024 bytes,     638688 total
[2025-06-24T15:23:06.731+0000][1][gc,age      ] GC(61) - age   6:      70080 bytes,     708768 total
[2025-06-24T15:23:06.731+0000][1][gc,age      ] GC(61) - age   7:       8184 bytes,     716952 total
[2025-06-24T15:23:06.732+0000][1][gc,age      ] GC(61) - age   8:       2640 bytes,     719592 total
[2025-06-24T15:23:06.732+0000][1][gc,age      ] GC(61) - age   9:      91952 bytes,     811544 total
[2025-06-24T15:23:06.733+0000][1][gc,heap     ] GC(61) Eden regions: 276->0(278)
[2025-06-24T15:23:06.733+0000][1][gc,heap     ] GC(61) Survivor regions: 2->1(35)
[2025-06-24T15:23:06.733+0000][1][gc,heap     ] GC(61) Old regions: 121->121
[2025-06-24T15:23:06.734+0000][1][gc,heap     ] GC(61) Humongous regions: 8->8
[2025-06-24T15:23:06.735+0000][1][gc,metaspace] GC(61) Metaspace: 158440K(161472K)->158440K(161472K) NonClass: 139340K(140480K)->139340K(140480K) Class: 19100K(20992K)->19100K(20992K)
[2025-06-24T15:23:06.737+0000][1][gc          ] GC(61) Pause Young (Mixed) (G1 Evacuation Pause) 406M->129M(512M) 248.517ms
[2025-06-24T15:23:06.738+0000][1][gc,cpu      ] GC(61) User=0.95s Sys=0.02s Real=0.25s
[2025-06-24T15:23:06.738+0000][1][safepoint   ] Safepoint "G1CollectForAllocation", Time since last: 58137003419 ns, Reaching safepoint: 3928509 ns, Cleanup: 666472 ns, At safepoint: 255175214 ns, Total: 259770195 ns
[2025-06-24T15:24:49.574+0000][1][safepoint   ] Safepoint "Cleanup", Time since last: 104126184816 ns, Reaching safepoint: 95243099 ns, Cleanup: 1496723 ns, At safepoint: 769629 ns, Total: 97509451 ns
[2025-06-24T15:27:55.466+0000][1][safepoint   ] Safepoint "Cleanup", Time since last: 187239935135 ns, Reaching safepoint: 3587737 ns, Cleanup: 66584 ns, At safepoint: 75462 ns, Total: 3729783 ns
[2025-06-24T15:30:24.461+0000][1][gc,start    ] GC(62) Pause Young (Concurrent Start) (G1 Evacuation Pause)
[2025-06-24T15:30:24.467+0000][1][gc,task     ] GC(62) Using 13 workers of 13 for evacuation
[2025-06-24T15:30:24.468+0000][1][gc,age      ] GC(62) Desired survivor size 18350080 bytes, new threshold 15 (max threshold 15)
[2025-06-24T15:30:24.766+0000][1][gc,mmu      ] GC(62) MMU target violated: 201.0ms (200.0ms/201.0ms)
[2025-06-24T15:30:24.767+0000][1][gc,phases   ] GC(62)   Pre Evacuate Collection Set: 42.2ms
[2025-06-24T15:30:24.767+0000][1][gc,phases   ] GC(62)   Merge Heap Roots: 2.9ms
[2025-06-24T15:30:24.768+0000][1][gc,phases   ] GC(62)   Evacuate Collection Set: 233.0ms
[2025-06-24T15:30:24.769+0000][1][gc,phases   ] GC(62)   Post Evacuate Collection Set: 13.3ms
[2025-06-24T15:30:24.770+0000][1][gc,phases   ] GC(62)   Other: 10.6ms
[2025-06-24T15:30:24.770+0000][1][gc,age      ] GC(62) Age table with threshold 15 (max threshold 15)
[2025-06-24T15:30:24.771+0000][1][gc,age      ] GC(62) - age   1:      22720 bytes,      22720 total
[2025-06-24T15:30:24.771+0000][1][gc,age      ] GC(62) - age   2:     179184 bytes,     201904 total
[2025-06-24T15:30:24.772+0000][1][gc,age      ] GC(62) - age   3:       6080 bytes,     207984 total
[2025-06-24T15:30:24.772+0000][1][gc,age      ] GC(62) - age   4:      20584 bytes,     228568 total
[2025-06-24T15:30:24.772+0000][1][gc,age      ] GC(62) - age   5:        784 bytes,     229352 total
[2025-06-24T15:30:24.773+0000][1][gc,age      ] GC(62) - age   6:     401024 bytes,     630376 total
[2025-06-24T15:30:24.773+0000][1][gc,age      ] GC(62) - age   7:      70080 bytes,     700456 total
[2025-06-24T15:30:24.773+0000][1][gc,age      ] GC(62) - age   8:       8184 bytes,     708640 total
[2025-06-24T15:30:24.774+0000][1][gc,age      ] GC(62) - age   9:       2640 bytes,     711280 total
[2025-06-24T15:30:24.774+0000][1][gc,age      ] GC(62) - age  10:      91952 bytes,     803232 total
[2025-06-24T15:30:24.775+0000][1][gc,heap     ] GC(62) Eden regions: 278->0(278)
[2025-06-24T15:30:24.775+0000][1][gc,heap     ] GC(62) Survivor regions: 1->1(35)
[2025-06-24T15:30:24.775+0000][1][gc,heap     ] GC(62) Old regions: 121->121
[2025-06-24T15:30:24.776+0000][1][gc,heap     ] GC(62) Humongous regions: 8->8
[2025-06-24T15:30:24.777+0000][1][gc,metaspace] GC(62) Metaspace: 158445K(161536K)->158445K(161536K) NonClass: 139345K(140544K)->139345K(140544K) Class: 19100K(20992K)->19100K(20992K)
[2025-06-24T15:30:24.779+0000][1][gc          ] GC(62) Pause Young (Concurrent Start) (G1 Evacuation Pause) 407M->129M(512M) 318.565ms
[2025-06-24T15:30:24.779+0000][1][gc,cpu      ] GC(62) User=1.07s Sys=0.00s Real=0.32s
[2025-06-24T15:30:24.780+0000][1][safepoint   ] Safepoint "G1CollectForAllocation", Time since last: 150262442937 ns, Reaching safepoint: 19864045 ns, Cleanup: 1540510 ns, At safepoint: 323743331 ns, Total: 345147886 ns
[2025-06-24T15:30:24.781+0000][1][gc          ] GC(63) Concurrent Mark Cycle
[2025-06-24T15:30:24.783+0000][1][gc,marking  ] GC(63) Concurrent Scan Root Regions
[2025-06-24T15:30:24.994+0000][1][gc,marking  ] GC(63) Concurrent Scan Root Regions 210.797ms
[2025-06-24T15:30:24.995+0000][1][gc,marking  ] GC(63) Concurrent Mark
[2025-06-24T15:30:24.996+0000][1][gc,marking  ] GC(63) Concurrent Mark From Roots
[2025-06-24T15:30:24.997+0000][1][gc,task     ] GC(63) Using 3 workers of 3 for marking
[2025-06-24T15:30:25.688+0000][1][gc,marking  ] GC(63) Concurrent Mark From Roots 692.246ms
[2025-06-24T15:30:25.689+0000][1][gc,marking  ] GC(63) Concurrent Preclean
[2025-06-24T15:30:25.689+0000][1][gc,marking  ] GC(63) Concurrent Preclean 0.663ms
[2025-06-24T15:30:25.690+0000][1][gc,start    ] GC(63) Pause Remark
[2025-06-24T15:30:26.237+0000][1][gc,mmu      ] GC(63) MMU target violated: 201.0ms (200.0ms/201.0ms)
[2025-06-24T15:30:26.238+0000][1][gc          ] GC(63) Pause Remark 133M->133M(512M) 547.878ms
[2025-06-24T15:30:26.238+0000][1][gc,cpu      ] GC(63) User=5.15s Sys=0.00s Real=0.55s
[2025-06-24T15:30:26.238+0000][1][safepoint   ] Safepoint "G1PauseRemark", Time since last: 909554926 ns, Reaching safepoint: 42698 ns, Cleanup: 5312 ns, At safepoint: 548735018 ns, Total: 548783028 ns
[2025-06-24T15:30:26.239+0000][1][gc,marking  ] GC(63) Concurrent Mark 1244.291ms
[2025-06-24T15:30:26.240+0000][1][gc,marking  ] GC(63) Concurrent Rebuild Remembered Sets and Scrub Regions
[2025-06-24T15:30:26.303+0000][1][gc,marking  ] GC(63) Concurrent Rebuild Remembered Sets and Scrub Regions 63.501ms
[2025-06-24T15:30:26.304+0000][1][gc,start    ] GC(63) Pause Cleanup
[2025-06-24T15:30:26.305+0000][1][gc          ] GC(63) Pause Cleanup 133M->133M(512M) 0.830ms
[2025-06-24T15:30:26.305+0000][1][gc,cpu      ] GC(63) User=0.00s Sys=0.00s Real=0.00s
[2025-06-24T15:30:26.306+0000][1][safepoint   ] Safepoint "G1PauseCleanup", Time since last: 65231601 ns, Reaching safepoint: 53036 ns, Cleanup: 219400 ns, At safepoint: 1624497 ns, Total: 1896933 ns
[2025-06-24T15:30:26.306+0000][1][gc,marking  ] GC(63) Concurrent Clear Claimed Marks
[2025-06-24T15:30:26.306+0000][1][gc,marking  ] GC(63) Concurrent Clear Claimed Marks 0.470ms
[2025-06-24T15:30:26.306+0000][1][gc,marking  ] GC(63) Concurrent Cleanup for Next Mark
[2025-06-24T15:30:26.314+0000][1][gc,marking  ] GC(63) Concurrent Cleanup for Next Mark 7.372ms
[2025-06-24T15:30:26.314+0000][1][gc          ] GC(63) Concurrent Mark Cycle 1532.947ms
[2025-06-24T15:30:49.137+0000][1][safepoint   ] Safepoint "Cleanup", Time since last: 23042221278 ns, Reaching safepoint: 1018851 ns, Cleanup: 18999 ns, At safepoint: 10792 ns, Total: 1048642 ns
[2025-06-24T15:33:24.211+0000][1][safepoint   ] Safepoint "Cleanup", Time since last: 156236657214 ns, Reaching safepoint: 409181 ns, Cleanup: 82767 ns, At safepoint: 20810 ns, Total: 512758 ns
[2025-06-24T15:37:42.590+0000][1][gc,start    ] GC(64) Pause Young (Prepare Mixed) (G1 Evacuation Pause)
[2025-06-24T15:37:42.604+0000][1][gc,task     ] GC(64) Using 13 workers of 13 for evacuation
[2025-06-24T15:37:42.606+0000][1][gc,age      ] GC(64) Desired survivor size 18350080 bytes, new threshold 15 (max threshold 15)
[2025-06-24T15:37:42.766+0000][1][gc,phases   ] GC(64)   Pre Evacuate Collection Set: 56.1ms
[2025-06-24T15:37:42.767+0000][1][gc,phases   ] GC(64)   Merge Heap Roots: 2.9ms
[2025-06-24T15:37:42.767+0000][1][gc,phases   ] GC(64)   Evacuate Collection Set: 80.6ms
[2025-06-24T15:37:42.767+0000][1][gc,phases   ] GC(64)   Post Evacuate Collection Set: 16.7ms
[2025-06-24T15:37:42.768+0000][1][gc,phases   ] GC(64)   Other: 9.9ms
[2025-06-24T15:37:42.768+0000][1][gc,age      ] GC(64) Age table with threshold 15 (max threshold 15)
[2025-06-24T15:37:42.768+0000][1][gc,age      ] GC(64) - age   1:      35592 bytes,      35592 total
[2025-06-24T15:37:42.768+0000][1][gc,age      ] GC(64) - age   2:       2576 bytes,      38168 total
[2025-06-24T15:37:42.768+0000][1][gc,age      ] GC(64) - age   3:     178680 bytes,     216848 total
[2025-06-24T15:37:42.769+0000][1][gc,age      ] GC(64) - age   4:       6056 bytes,     222904 total
[2025-06-24T15:37:42.769+0000][1][gc,age      ] GC(64) - age   5:      20584 bytes,     243488 total
[2025-06-24T15:37:42.769+0000][1][gc,age      ] GC(64) - age   6:        784 bytes,     244272 total
[2025-06-24T15:37:42.769+0000][1][gc,age      ] GC(64) - age   7:     401024 bytes,     645296 total
[2025-06-24T15:37:42.769+0000][1][gc,age      ] GC(64) - age   8:      70080 bytes,     715376 total
[2025-06-24T15:37:42.770+0000][1][gc,age      ] GC(64) - age   9:       8184 bytes,     723560 total
[2025-06-24T15:37:42.770+0000][1][gc,age      ] GC(64) - age  10:       2640 bytes,     726200 total
[2025-06-24T15:37:42.770+0000][1][gc,age      ] GC(64) - age  11:      91952 bytes,     818152 total
[2025-06-24T15:37:42.770+0000][1][gc,heap     ] GC(64) Eden regions: 278->0(278)
[2025-06-24T15:37:42.771+0000][1][gc,heap     ] GC(64) Survivor regions: 1->1(35)
[2025-06-24T15:37:42.771+0000][1][gc,heap     ] GC(64) Old regions: 121->121
[2025-06-24T15:37:42.771+0000][1][gc,heap     ] GC(64) Humongous regions: 8->8
[2025-06-24T15:37:42.771+0000][1][gc,metaspace] GC(64) Metaspace: 158445K(161536K)->158445K(161536K) NonClass: 139345K(140544K)->139345K(140544K) Class: 19100K(20992K)->19100K(20992K)
[2025-06-24T15:37:42.772+0000][1][gc          ] GC(64) Pause Young (Prepare Mixed) (G1 Evacuation Pause) 407M->129M(512M) 183.425ms
[2025-06-24T15:37:42.773+0000][1][gc,cpu      ] GC(64) User=0.96s Sys=0.00s Real=0.19s
[2025-06-24T15:37:42.773+0000][1][safepoint   ] Safepoint "G1CollectForAllocation", Time since last: 261490966141 ns, Reaching safepoint: 1337539 ns, Cleanup: 947174 ns, At safepoint: 189232307 ns, Total: 191517020 ns
[2025-06-24T15:39:40.864+0000][1][safepoint   ] Safepoint "Cleanup", Time since last: 119239064272 ns, Reaching safepoint: 1344957 ns, Cleanup: 1085224 ns, At safepoint: 63899 ns, Total: 2494080 ns
[2025-06-24T15:40:56.526+0000][1][safepoint   ] Safepoint "Cleanup", Time since last: 76093717531 ns, Reaching safepoint: 6308798 ns, Cleanup: 74616 ns, At safepoint: 49263 ns, Total: 6432677 ns
[2025-06-24T15:44:16.558+0000][1][safepoint   ] Safepoint "Cleanup", Time since last: 202288004871 ns, Reaching safepoint: 1786940 ns, Cleanup: 420845 ns, At safepoint: 61056 ns, Total: 2268841 ns
[2025-06-24T15:44:17.560+0000][1][safepoint   ] Safepoint "Cleanup", Time since last: 1002168652 ns, Reaching safepoint: 58829 ns, Cleanup: 23749 ns, At safepoint: 9536 ns, Total: 92114 ns
[2025-06-24T15:45:00.117+0000][1][gc,start    ] GC(65) Pause Young (Mixed) (G1 Evacuation Pause)
[2025-06-24T15:45:00.122+0000][1][gc,task     ] GC(65) Using 13 workers of 13 for evacuation
[2025-06-24T15:45:00.123+0000][1][gc,age      ] GC(65) Desired survivor size 18350080 bytes, new threshold 15 (max threshold 15)
[2025-06-24T15:45:00.430+0000][1][gc,mmu      ] GC(65) MMU target violated: 201.0ms (200.0ms/201.0ms)
[2025-06-24T15:45:00.430+0000][1][gc,phases   ] GC(65)   Pre Evacuate Collection Set: 35.0ms
[2025-06-24T15:45:00.431+0000][1][gc,phases   ] GC(65)   Merge Heap Roots: 3.9ms
[2025-06-24T15:45:00.431+0000][1][gc,phases   ] GC(65)   Evacuate Collection Set: 252.8ms
[2025-06-24T15:45:00.431+0000][1][gc,phases   ] GC(65)   Post Evacuate Collection Set: 11.7ms
[2025-06-24T15:45:00.431+0000][1][gc,phases   ] GC(65)   Other: 8.2ms
[2025-06-24T15:45:00.432+0000][1][gc,age      ] GC(65) Age table with threshold 15 (max threshold 15)
[2025-06-24T15:45:00.432+0000][1][gc,age      ] GC(65) - age   1:     109816 bytes,     109816 total
[2025-06-24T15:45:00.433+0000][1][gc,age      ] GC(65) - age   2:        336 bytes,     110152 total
[2025-06-24T15:45:00.433+0000][1][gc,age      ] GC(65) - age   3:        352 bytes,     110504 total
[2025-06-24T15:45:00.434+0000][1][gc,age      ] GC(65) - age   4:     178640 bytes,     289144 total
[2025-06-24T15:45:00.434+0000][1][gc,age      ] GC(65) - age   5:       5200 bytes,     294344 total
[2025-06-24T15:45:00.434+0000][1][gc,age      ] GC(65) - age   6:      20584 bytes,     314928 total
[2025-06-24T15:45:00.434+0000][1][gc,age      ] GC(65) - age   7:        784 bytes,     315712 total
[2025-06-24T15:45:00.435+0000][1][gc,age      ] GC(65) - age   8:     398640 bytes,     714352 total
[2025-06-24T15:45:00.435+0000][1][gc,age      ] GC(65) - age   9:      70080 bytes,     784432 total
[2025-06-24T15:45:00.435+0000][1][gc,age      ] GC(65) - age  10:       8184 bytes,     792616 total
[2025-06-24T15:45:00.435+0000][1][gc,age      ] GC(65) - age  11:       2640 bytes,     795256 total
[2025-06-24T15:45:00.435+0000][1][gc,age      ] GC(65) - age  12:      23480 bytes,     818736 total
[2025-06-24T15:45:00.436+0000][1][gc,heap     ] GC(65) Eden regions: 278->0(280)
[2025-06-24T15:45:00.436+0000][1][gc,heap     ] GC(65) Survivor regions: 1->1(35)
[2025-06-24T15:45:00.437+0000][1][gc,heap     ] GC(65) Old regions: 121->119
[2025-06-24T15:45:00.437+0000][1][gc,heap     ] GC(65) Humongous regions: 8->8
[2025-06-24T15:45:00.437+0000][1][gc,metaspace] GC(65) Metaspace: 158449K(161536K)->158449K(161536K) NonClass: 139349K(140544K)->139349K(140544K) Class: 19100K(20992K)->19100K(20992K)
[2025-06-24T15:45:00.439+0000][1][gc          ] GC(65) Pause Young (Mixed) (G1 Evacuation Pause) 407M->127M(512M) 321.431ms
[2025-06-24T15:45:00.439+0000][1][gc,cpu      ] GC(65) User=1.49s Sys=0.01s Real=0.33s
[2025-06-24T15:45:00.439+0000][1][safepoint   ] Safepoint "G1CollectForAllocation", Time since last: 42929473464 ns, Reaching safepoint: 281795 ns, Cleanup: 442264 ns, At safepoint: 326106107 ns, Total: 326830166 ns
[2025-06-24T15:45:03.442+0000][1][safepoint   ] Safepoint "Cleanup", Time since last: 3001570924 ns, Reaching safepoint: 510242 ns, Cleanup: 9898 ns, At safepoint: 46649 ns, Total: 566789 ns
[2025-06-24T15:45:04.443+0000][1][safepoint   ] Safepoint "Cleanup", Time since last: 1001047808 ns, Reaching safepoint: 113067 ns, Cleanup: 46714 ns, At safepoint: 15468 ns, Total: 175249 ns
[2025-06-24T15:46:58.771+0000][1][safepoint   ] Safepoint "Cleanup", Time since last: 114986772095 ns, Reaching safepoint: 1177178 ns, Cleanup: 32984 ns, At safepoint: 16781 ns, Total: 1226943 ns
[2025-06-24T15:47:18.571+0000][1][safepoint   ] Safepoint "Cleanup", Time since last: 20020140943 ns, Reaching safepoint: 147631 ns, Cleanup: 17747 ns, At safepoint: 7697 ns, Total: 173075 ns
[2025-06-24T15:47:48.374+0000][1][safepoint   ] Safepoint "Cleanup", Time since last: 30032311131 ns, Reaching safepoint: 145314 ns, Cleanup: 37298 ns, At safepoint: 7726 ns, Total: 190338 ns
[2025-06-24T15:47:51.391+0000][1][safepoint   ] Safepoint "Cleanup", Time since last: 3016413111 ns, Reaching safepoint: 296451 ns, Cleanup: 44800 ns, At safepoint: 20046 ns, Total: 361297 ns
[2025-06-24T15:47:57.398+0000][1][safepoint   ] Safepoint "Cleanup", Time since last: 6006703310 ns, Reaching safepoint: 62711 ns, Cleanup: 352774 ns, At safepoint: 38702 ns, Total: 454187 ns
[2025-06-24T15:48:13.230+0000][1][safepoint   ] Safepoint "Cleanup", Time since last: 16011122531 ns, Reaching safepoint: 966581 ns, Cleanup: 23016 ns, At safepoint: 12347 ns, Total: 1001944 ns
[2025-06-24T15:50:06.019+0000][1][safepoint   ] Safepoint "Cleanup", Time since last: 114389756724 ns, Reaching safepoint: 106765 ns, Cleanup: 21993 ns, At safepoint: 5747 ns, Total: 134505 ns
[2025-06-24T15:50:26.003+0000][1][safepoint   ] Safepoint "Cleanup", Time since last: 19983266894 ns, Reaching safepoint: 118181 ns, Cleanup: 496070 ns, At safepoint: 85844 ns, Total: 700095 ns
[2025-06-24T15:50:56.888+0000][1][safepoint   ] Safepoint "Cleanup", Time since last: 31049207245 ns, Reaching safepoint: 736722 ns, Cleanup: 38049 ns, At safepoint: 18357 ns, Total: 793128 ns
[2025-06-24T15:51:25.683+0000][1][safepoint   ] Safepoint "Cleanup", Time since last: 29033930616 ns, Reaching safepoint: 139190 ns, Cleanup: 25130 ns, At safepoint: 54369 ns, Total: 218689 ns
[2025-06-24T15:51:58.283+0000][1][safepoint   ] Safepoint "Cleanup", Time since last: 33016230253 ns, Reaching safepoint: 133313 ns, Cleanup: 15183 ns, At safepoint: 5190 ns, Total: 153686 ns
[2025-06-24T15:52:08.263+0000][1][gc,start    ] GC(66) Pause Young (Mixed) (G1 Evacuation Pause)
[2025-06-24T15:52:08.271+0000][1][gc,task     ] GC(66) Using 13 workers of 13 for evacuation
[2025-06-24T15:52:08.272+0000][1][gc,age      ] GC(66) Desired survivor size 18874368 bytes, new threshold 15 (max threshold 15)
[2025-06-24T15:52:08.485+0000][1][gc,mmu      ] GC(66) MMU target violated: 201.0ms (200.0ms/201.0ms)
[2025-06-24T15:52:08.486+0000][1][gc,phases   ] GC(66)   Pre Evacuate Collection Set: 41.5ms
[2025-06-24T15:52:08.486+0000][1][gc,phases   ] GC(66)   Merge Heap Roots: 3.6ms
[2025-06-24T15:52:08.487+0000][1][gc,phases   ] GC(66)   Evacuate Collection Set: 153.4ms
[2025-06-24T15:52:08.487+0000][1][gc,phases   ] GC(66)   Post Evacuate Collection Set: 10.1ms
[2025-06-24T15:52:08.488+0000][1][gc,phases   ] GC(66)   Other: 10.6ms
[2025-06-24T15:52:08.489+0000][1][gc,age      ] GC(66) Age table with threshold 15 (max threshold 15)
[2025-06-24T15:52:08.489+0000][1][gc,age      ] GC(66) - age   1:     322808 bytes,     322808 total
[2025-06-24T15:52:08.490+0000][1][gc,age      ] GC(66) - age   2:      17880 bytes,     340688 total
[2025-06-24T15:52:08.490+0000][1][gc,age      ] GC(66) - age   3:        336 bytes,     341024 total
[2025-06-24T15:52:08.491+0000][1][gc,age      ] GC(66) - age   4:        352 bytes,     341376 total
[2025-06-24T15:52:08.492+0000][1][gc,age      ] GC(66) - age   5:     118400 bytes,     459776 total
[2025-06-24T15:52:08.492+0000][1][gc,age      ] GC(66) - age   6:       4080 bytes,     463856 total
[2025-06-24T15:52:08.493+0000][1][gc,age      ] GC(66) - age   7:      20584 bytes,     484440 total
[2025-06-24T15:52:08.493+0000][1][gc,age      ] GC(66) - age   8:        752 bytes,     485192 total
[2025-06-24T15:52:08.494+0000][1][gc,age      ] GC(66) - age   9:     398640 bytes,     883832 total
[2025-06-24T15:52:08.494+0000][1][gc,age      ] GC(66) - age  10:      70080 bytes,     953912 total
[2025-06-24T15:52:08.495+0000][1][gc,age      ] GC(66) - age  11:       8184 bytes,     962096 total
[2025-06-24T15:52:08.495+0000][1][gc,age      ] GC(66) - age  12:       2640 bytes,     964736 total
[2025-06-24T15:52:08.496+0000][1][gc,age      ] GC(66) - age  13:      23480 bytes,     988216 total
[2025-06-24T15:52:08.496+0000][1][gc,heap     ] GC(66) Eden regions: 280->0(278)
[2025-06-24T15:52:08.497+0000][1][gc,heap     ] GC(66) Survivor regions: 1->2(36)
[2025-06-24T15:52:08.497+0000][1][gc,heap     ] GC(66) Old regions: 119->119
[2025-06-24T15:52:08.498+0000][1][gc,heap     ] GC(66) Humongous regions: 8->8
[2025-06-24T15:52:08.498+0000][1][gc,metaspace] GC(66) Metaspace: 158458K(161536K)->158458K(161536K) NonClass: 139357K(140544K)->139357K(140544K) Class: 19100K(20992K)->19100K(20992K)
[2025-06-24T15:52:08.499+0000][1][gc          ] GC(66) Pause Young (Mixed) (G1 Evacuation Pause) 407M->127M(512M) 236.369ms
[2025-06-24T15:52:08.500+0000][1][gc,cpu      ] GC(66) User=0.91s Sys=0.01s Real=0.24s
[2025-06-24T15:52:08.501+0000][1][safepoint   ] Safepoint "G1CollectForAllocation", Time since last: 9975240538 ns, Reaching safepoint: 240480 ns, Cleanup: 677647 ns, At safepoint: 241371421 ns, Total: 242289548 ns
[2025-06-24T15:52:25.533+0000][1][safepoint   ] Safepoint "Cleanup", Time since last: 17032301124 ns, Reaching safepoint: 330547 ns, Cleanup: 48063 ns, At safepoint: 98910 ns, Total: 477520 ns
[2025-06-24T15:56:29.143+0000][1][safepoint   ] Safepoint "Cleanup", Time since last: 246279191863 ns, Reaching safepoint: 21315978 ns, Cleanup: 1278986 ns, At safepoint: 478207 ns, Total: 23073171 ns
[2025-06-24T15:59:13.012+0000][1][safepoint   ] Safepoint "Cleanup", Time since last: 165284115452 ns, Reaching safepoint: 9770037 ns, Cleanup: 2668373 ns, At safepoint: 1241829 ns, Total: 13680239 ns
[2025-06-24T15:59:21.022+0000][1][safepoint   ] Safepoint "Cleanup", Time since last: 8010805935 ns, Reaching safepoint: 119664 ns, Cleanup: 43725 ns, At safepoint: 13655 ns, Total: 177044 ns
[2025-06-24T15:59:26.289+0000][1][gc,start    ] GC(67) Pause Young (Concurrent Start) (G1 Evacuation Pause)
[2025-06-24T15:59:26.293+0000][1][gc,task     ] GC(67) Using 13 workers of 13 for evacuation
[2025-06-24T15:59:26.295+0000][1][gc,age      ] GC(67) Desired survivor size 18350080 bytes, new threshold 15 (max threshold 15)
[2025-06-24T15:59:26.607+0000][1][gc,mmu      ] GC(67) MMU target violated: 201.0ms (200.0ms/201.0ms)
[2025-06-24T15:59:26.608+0000][1][gc,phases   ] GC(67)   Pre Evacuate Collection Set: 33.5ms
[2025-06-24T15:59:26.608+0000][1][gc,phases   ] GC(67)   Merge Heap Roots: 1.3ms
[2025-06-24T15:59:26.609+0000][1][gc,phases   ] GC(67)   Evacuate Collection Set: 255.8ms
[2025-06-24T15:59:26.609+0000][1][gc,phases   ] GC(67)   Post Evacuate Collection Set: 17.1ms
[2025-06-24T15:59:26.610+0000][1][gc,phases   ] GC(67)   Other: 10.1ms
[2025-06-24T15:59:26.610+0000][1][gc,age      ] GC(67) Age table with threshold 15 (max threshold 15)
[2025-06-24T15:59:26.611+0000][1][gc,age      ] GC(67) - age   1:      22912 bytes,      22912 total
[2025-06-24T15:59:26.611+0000][1][gc,age      ] GC(67) - age   2:     231248 bytes,     254160 total
[2025-06-24T15:59:26.612+0000][1][gc,age      ] GC(67) - age   3:      17384 bytes,     271544 total
[2025-06-24T15:59:26.612+0000][1][gc,age      ] GC(67) - age   4:        336 bytes,     271880 total
[2025-06-24T15:59:26.613+0000][1][gc,age      ] GC(67) - age   5:        352 bytes,     272232 total
[2025-06-24T15:59:26.613+0000][1][gc,age      ] GC(67) - age   6:     118400 bytes,     390632 total
[2025-06-24T15:59:26.614+0000][1][gc,age      ] GC(67) - age   7:       4080 bytes,     394712 total
[2025-06-24T15:59:26.614+0000][1][gc,age      ] GC(67) - age   8:      20584 bytes,     415296 total
[2025-06-24T15:59:26.615+0000][1][gc,age      ] GC(67) - age   9:        752 bytes,     416048 total
[2025-06-24T15:59:26.615+0000][1][gc,age      ] GC(67) - age  10:     398640 bytes,     814688 total
[2025-06-24T15:59:26.616+0000][1][gc,age      ] GC(67) - age  11:      70080 bytes,     884768 total
[2025-06-24T15:59:26.616+0000][1][gc,age      ] GC(67) - age  12:       8184 bytes,     892952 total
[2025-06-24T15:59:26.617+0000][1][gc,age      ] GC(67) - age  13:       2640 bytes,     895592 total
[2025-06-24T15:59:26.617+0000][1][gc,age      ] GC(67) - age  14:      23480 bytes,     919072 total
[2025-06-24T15:59:26.618+0000][1][gc,heap     ] GC(67) Eden regions: 278->0(278)
[2025-06-24T15:59:26.618+0000][1][gc,heap     ] GC(67) Survivor regions: 2->2(35)
[2025-06-24T15:59:26.619+0000][1][gc,heap     ] GC(67) Old regions: 119->119
[2025-06-24T15:59:26.619+0000][1][gc,heap     ] GC(67) Humongous regions: 8->8
[2025-06-24T15:59:26.620+0000][1][gc,metaspace] GC(67) Metaspace: 158458K(161536K)->158458K(161536K) NonClass: 139357K(140544K)->139357K(140544K) Class: 19100K(20992K)->19100K(20992K)
[2025-06-24T15:59:26.621+0000][1][gc          ] GC(67) Pause Young (Concurrent Start) (G1 Evacuation Pause) 405M->127M(512M) 331.665ms
[2025-06-24T15:59:26.622+0000][1][gc,cpu      ] GC(67) User=1.05s Sys=0.00s Real=0.33s
[2025-06-24T15:59:26.622+0000][1][safepoint   ] Safepoint "G1CollectForAllocation", Time since last: 5503016679 ns, Reaching safepoint: 23421 ns, Cleanup: 5040 ns, At safepoint: 335115792 ns, Total: 335144253 ns
[2025-06-24T15:59:26.624+0000][1][gc          ] GC(68) Concurrent Mark Cycle
[2025-06-24T15:59:26.625+0000][1][gc,marking  ] GC(68) Concurrent Scan Root Regions
[2025-06-24T15:59:26.820+0000][1][gc,marking  ] GC(68) Concurrent Scan Root Regions 195.356ms
[2025-06-24T15:59:26.821+0000][1][gc,marking  ] GC(68) Concurrent Mark
[2025-06-24T15:59:26.822+0000][1][gc,marking  ] GC(68) Concurrent Mark From Roots
[2025-06-24T15:59:26.824+0000][1][gc,task     ] GC(68) Using 3 workers of 3 for marking
[2025-06-24T15:59:27.542+0000][1][gc,marking  ] GC(68) Concurrent Mark From Roots 719.724ms
[2025-06-24T15:59:27.542+0000][1][gc,marking  ] GC(68) Concurrent Preclean
[2025-06-24T15:59:27.543+0000][1][gc,marking  ] GC(68) Concurrent Preclean 0.836ms
[2025-06-24T15:59:27.544+0000][1][gc,start    ] GC(68) Pause Remark
[2025-06-24T15:59:27.930+0000][1][gc,mmu      ] GC(68) MMU target violated: 201.0ms (200.0ms/201.0ms)
[2025-06-24T15:59:27.931+0000][1][gc          ] GC(68) Pause Remark 131M->131M(512M) 387.260ms
[2025-06-24T15:59:27.932+0000][1][gc,cpu      ] GC(68) User=4.35s Sys=0.00s Real=0.39s
[2025-06-24T15:59:27.932+0000][1][safepoint   ] Safepoint "G1PauseRemark", Time since last: 921318371 ns, Reaching safepoint: 38977 ns, Cleanup: 4560 ns, At safepoint: 388379208 ns, Total: 388422745 ns
[2025-06-24T15:59:27.933+0000][1][gc,marking  ] GC(68) Concurrent Mark 1111.896ms
[2025-06-24T15:59:27.934+0000][1][gc,marking  ] GC(68) Concurrent Rebuild Remembered Sets and Scrub Regions
[2025-06-24T15:59:27.988+0000][1][gc,marking  ] GC(68) Concurrent Rebuild Remembered Sets and Scrub Regions 55.046ms
[2025-06-24T15:59:27.990+0000][1][gc,start    ] GC(68) Pause Cleanup
[2025-06-24T15:59:27.991+0000][1][gc          ] GC(68) Pause Cleanup 131M->131M(512M) 1.333ms
[2025-06-24T15:59:27.992+0000][1][gc,cpu      ] GC(68) User=0.00s Sys=0.00s Real=0.00s
[2025-06-24T15:59:27.992+0000][1][safepoint   ] Safepoint "G1PauseCleanup", Time since last: 57346943 ns, Reaching safepoint: 17520 ns, Cleanup: 25220 ns, At safepoint: 2623238 ns, Total: 2665978 ns
[2025-06-24T15:59:27.993+0000][1][gc,marking  ] GC(68) Concurrent Clear Claimed Marks
[2025-06-24T15:59:27.994+0000][1][gc,marking  ] GC(68) Concurrent Clear Claimed Marks 1.235ms
[2025-06-24T15:59:27.995+0000][1][gc,marking  ] GC(68) Concurrent Cleanup for Next Mark
[2025-06-24T15:59:28.002+0000][1][gc,marking  ] GC(68) Concurrent Cleanup for Next Mark 6.824ms
[2025-06-24T15:59:28.003+0000][1][gc          ] GC(68) Concurrent Mark Cycle 1379.056ms
[2025-06-24T16:00:21.033+0000][1][safepoint   ] Safepoint "Cleanup", Time since last: 53205279561 ns, Reaching safepoint: 2583426 ns, Cleanup: 3084137 ns, At safepoint: 102797 ns, Total: 5770360 ns
[2025-06-24T16:00:29.873+0000][1][safepoint   ] Safepoint "Cleanup", Time since last: 9016713150 ns, Reaching safepoint: 78585 ns, Cleanup: 23180 ns, At safepoint: 9347 ns, Total: 111112 ns
[2025-06-24T16:00:31.875+0000][1][safepoint   ] Safepoint "Cleanup", Time since last: 2001980049 ns, Reaching safepoint: 34015 ns, Cleanup: 22875 ns, At safepoint: 10052 ns, Total: 66942 ns
[2025-06-24T16:00:46.884+0000][1][safepoint   ] Safepoint "Cleanup", Time since last: 15008767570 ns, Reaching safepoint: 164750 ns, Cleanup: 40826 ns, At safepoint: 17485 ns, Total: 223061 ns
[2025-06-24T16:02:50.135+0000][1][safepoint   ] Safepoint "Cleanup", Time since last: 124090349783 ns, Reaching safepoint: 12520894 ns, Cleanup: 1356042 ns, At safepoint: 458948 ns, Total: 14335884 ns
[2025-06-24T16:05:38.060+0000][1][safepoint   ] Safepoint "Cleanup", Time since last: 169152008259 ns, Reaching safepoint: 2839428 ns, Cleanup: 865004 ns, At safepoint: 422270 ns, Total: 4126702 ns
[2025-06-24T16:05:43.067+0000][1][safepoint   ] Safepoint "Cleanup", Time since last: 5006083954 ns, Reaching safepoint: 255789 ns, Cleanup: 32679 ns, At safepoint: 14866 ns, Total: 303334 ns
[2025-06-24T16:06:45.709+0000][1][gc,start    ] GC(69) Pause Young (Prepare Mixed) (G1 Evacuation Pause)
[2025-06-24T16:06:45.718+0000][1][gc,task     ] GC(69) Using 13 workers of 13 for evacuation
[2025-06-24T16:06:45.719+0000][1][gc,age      ] GC(69) Desired survivor size 18350080 bytes, new threshold 15 (max threshold 15)
[2025-06-24T16:06:46.062+0000][1][gc,mmu      ] GC(69) MMU target violated: 201.0ms (200.0ms/201.0ms)
[2025-06-24T16:06:46.064+0000][1][gc,phases   ] GC(69)   Pre Evacuate Collection Set: 57.9ms
[2025-06-24T16:06:46.064+0000][1][gc,phases   ] GC(69)   Merge Heap Roots: 8.0ms
[2025-06-24T16:06:46.065+0000][1][gc,phases   ] GC(69)   Evacuate Collection Set: 212.2ms
[2025-06-24T16:06:46.066+0000][1][gc,phases   ] GC(69)   Post Evacuate Collection Set: 57.3ms
[2025-06-24T16:06:46.066+0000][1][gc,phases   ] GC(69)   Other: 13.4ms
[2025-06-24T16:06:46.067+0000][1][gc,age      ] GC(69) Age table with threshold 15 (max threshold 15)
[2025-06-24T16:06:46.067+0000][1][gc,age      ] GC(69) - age   1:      24624 bytes,      24624 total
[2025-06-24T16:06:46.068+0000][1][gc,age      ] GC(69) - age   2:       2176 bytes,      26800 total
[2025-06-24T16:06:46.068+0000][1][gc,age      ] GC(69) - age   3:     229080 bytes,     255880 total
[2025-06-24T16:06:46.068+0000][1][gc,age      ] GC(69) - age   4:      17320 bytes,     273200 total
[2025-06-24T16:06:46.069+0000][1][gc,age      ] GC(69) - age   5:        336 bytes,     273536 total
[2025-06-24T16:06:46.070+0000][1][gc,age      ] GC(69) - age   6:        352 bytes,     273888 total
[2025-06-24T16:06:46.070+0000][1][gc,age      ] GC(69) - age   7:     118400 bytes,     392288 total
[2025-06-24T16:06:46.070+0000][1][gc,age      ] GC(69) - age   8:       4080 bytes,     396368 total
[2025-06-24T16:06:46.071+0000][1][gc,age      ] GC(69) - age   9:      20584 bytes,     416952 total
[2025-06-24T16:06:46.071+0000][1][gc,age      ] GC(69) - age  10:        752 bytes,     417704 total
[2025-06-24T16:06:46.073+0000][1][gc,age      ] GC(69) - age  11:     398640 bytes,     816344 total
[2025-06-24T16:06:46.074+0000][1][gc,age      ] GC(69) - age  12:      70080 bytes,     886424 total
[2025-06-24T16:06:46.075+0000][1][gc,age      ] GC(69) - age  13:       8184 bytes,     894608 total
[2025-06-24T16:06:46.075+0000][1][gc,age      ] GC(69) - age  14:       2640 bytes,     897248 total
[2025-06-24T16:06:46.076+0000][1][gc,age      ] GC(69) - age  15:      23480 bytes,     920728 total
[2025-06-24T16:06:46.076+0000][1][gc,heap     ] GC(69) Eden regions: 278->0(280)
[2025-06-24T16:06:46.077+0000][1][gc,heap     ] GC(69) Survivor regions: 2->1(35)
[2025-06-24T16:06:46.079+0000][1][gc,heap     ] GC(69) Old regions: 119->119
[2025-06-24T16:06:46.080+0000][1][gc,heap     ] GC(69) Humongous regions: 8->8
[2025-06-24T16:06:46.080+0000][1][gc,metaspace] GC(69) Metaspace: 158458K(161536K)->158458K(161536K) NonClass: 139358K(140544K)->139358K(140544K) Class: 19100K(20992K)->19100K(20992K)
[2025-06-24T16:06:46.082+0000][1][gc          ] GC(69) Pause Young (Prepare Mixed) (G1 Evacuation Pause) 405M->127M(512M) 373.407ms
[2025-06-24T16:06:46.083+0000][1][gc,cpu      ] GC(69) User=1.74s Sys=0.03s Real=0.37s
[2025-06-24T16:06:46.084+0000][1][safepoint   ] Safepoint "G1CollectForAllocation", Time since last: 63060623374 ns, Reaching safepoint: 7830504 ns, Cleanup: 1918330 ns, At safepoint: 377823022 ns, Total: 387571856 ns
[2025-06-24T16:09:24.223+0000][1][safepoint   ] Safepoint "Cleanup", Time since last: 159734793358 ns, Reaching safepoint: 9794114 ns, Cleanup: 5560978 ns, At safepoint: 258326 ns, Total: 15613418 ns
[2025-06-24T16:10:08.065+0000][1][safepoint   ] Safepoint "Cleanup", Time since last: 44060871175 ns, Reaching safepoint: 231931 ns, Cleanup: 26612 ns, At safepoint: 12694 ns, Total: 271237 ns
[2025-06-24T16:12:22.121+0000][1][safepoint   ] Safepoint "Cleanup", Time since last: 135147381391 ns, Reaching safepoint: 328883 ns, Cleanup: 28078 ns, At safepoint: 11712 ns, Total: 368673 ns
[2025-06-24T16:13:14.958+0000][1][safepoint   ] Safepoint "Cleanup", Time since last: 53050610519 ns, Reaching safepoint: 160112 ns, Cleanup: 25885 ns, At safepoint: 11539 ns, Total: 197536 ns
[2025-06-24T16:14:01.583+0000][1][safepoint   ] Safepoint "Cleanup", Time since last: 47023709259 ns, Reaching safepoint: 387429 ns, Cleanup: 1177786 ns, At safepoint: 81451 ns, Total: 1646666 ns
[2025-06-24T16:14:06.390+0000][1][gc,start    ] GC(70) Pause Young (Mixed) (G1 Evacuation Pause)
[2025-06-24T16:14:06.398+0000][1][gc,task     ] GC(70) Using 13 workers of 13 for evacuation
[2025-06-24T16:14:06.399+0000][1][gc,age      ] GC(70) Desired survivor size 18874368 bytes, new threshold 15 (max threshold 15)
[2025-06-24T16:14:06.691+0000][1][gc,mmu      ] GC(70) MMU target violated: 201.0ms (200.0ms/201.0ms)
[2025-06-24T16:14:06.692+0000][1][gc,phases   ] GC(70)   Pre Evacuate Collection Set: 36.0ms
[2025-06-24T16:14:06.692+0000][1][gc,phases   ] GC(70)   Merge Heap Roots: 2.5ms
[2025-06-24T16:14:06.692+0000][1][gc,phases   ] GC(70)   Evacuate Collection Set: 236.0ms
[2025-06-24T16:14:06.693+0000][1][gc,phases   ] GC(70)   Post Evacuate Collection Set: 11.5ms
[2025-06-24T16:14:06.693+0000][1][gc,phases   ] GC(70)   Other: 12.3ms
[2025-06-24T16:14:06.693+0000][1][gc,age      ] GC(70) Age table with threshold 15 (max threshold 15)
[2025-06-24T16:14:06.694+0000][1][gc,age      ] GC(70) - age   1:      71400 bytes,      71400 total
[2025-06-24T16:14:06.694+0000][1][gc,age      ] GC(70) - age   2:       1832 bytes,      73232 total
[2025-06-24T16:14:06.695+0000][1][gc,age      ] GC(70) - age   3:       1960 bytes,      75192 total
[2025-06-24T16:14:06.695+0000][1][gc,age      ] GC(70) - age   4:     229040 bytes,     304232 total
[2025-06-24T16:14:06.695+0000][1][gc,age      ] GC(70) - age   5:      16400 bytes,     320632 total
[2025-06-24T16:14:06.696+0000][1][gc,age      ] GC(70) - age   6:        336 bytes,     320968 total
[2025-06-24T16:14:06.696+0000][1][gc,age      ] GC(70) - age   7:        352 bytes,     321320 total
[2025-06-24T16:14:06.697+0000][1][gc,age      ] GC(70) - age   8:     118400 bytes,     439720 total
[2025-06-24T16:14:06.697+0000][1][gc,age      ] GC(70) - age   9:       2816 bytes,     442536 total
[2025-06-24T16:14:06.698+0000][1][gc,age      ] GC(70) - age  10:      20584 bytes,     463120 total
[2025-06-24T16:14:06.698+0000][1][gc,age      ] GC(70) - age  11:        752 bytes,     463872 total
[2025-06-24T16:14:06.698+0000][1][gc,age      ] GC(70) - age  12:     398640 bytes,     862512 total
[2025-06-24T16:14:06.699+0000][1][gc,age      ] GC(70) - age  13:      69856 bytes,     932368 total
[2025-06-24T16:14:06.699+0000][1][gc,age      ] GC(70) - age  14:       8184 bytes,     940552 total
[2025-06-24T16:14:06.700+0000][1][gc,age      ] GC(70) - age  15:       2640 bytes,     943192 total
[2025-06-24T16:14:06.700+0000][1][gc,heap     ] GC(70) Eden regions: 280->0(281)
[2025-06-24T16:14:06.700+0000][1][gc,heap     ] GC(70) Survivor regions: 1->1(36)
[2025-06-24T16:14:06.701+0000][1][gc,heap     ] GC(70) Old regions: 119->118
[2025-06-24T16:14:06.701+0000][1][gc,heap     ] GC(70) Humongous regions: 8->8
[2025-06-24T16:14:06.701+0000][1][gc,metaspace] GC(70) Metaspace: 158463K(161536K)->158463K(161536K) NonClass: 139363K(140544K)->139363K(140544K) Class: 19100K(20992K)->19100K(20992K)
[2025-06-24T16:14:06.702+0000][1][gc          ] GC(70) Pause Young (Mixed) (G1 Evacuation Pause) 407M->126M(512M) 312.512ms
[2025-06-24T16:14:06.703+0000][1][gc,cpu      ] GC(70) User=1.20s Sys=0.02s Real=0.31s
[2025-06-24T16:14:06.703+0000][1][safepoint   ] Safepoint "G1CollectForAllocation", Time since last: 4802039256 ns, Reaching safepoint: 127748 ns, Cleanup: 636287 ns, At safepoint: 317366560 ns, Total: 318130595 ns
[2025-06-24T16:15:04.309+0000][1][safepoint   ] Safepoint "Cleanup", Time since last: 58044252102 ns, Reaching safepoint: 5579009 ns, Cleanup: 17160 ns, At safepoint: 56677 ns, Total: 5652846 ns
[2025-06-24T16:15:05.310+0000][1][safepoint   ] Safepoint "Cleanup", Time since last: 1001177711 ns, Reaching safepoint: 48391 ns, Cleanup: 15889 ns, At safepoint: 8043 ns, Total: 72323 ns
[2025-06-24T16:15:56.530+0000][1][safepoint   ] Safepoint "Cleanup", Time since last: 51591820974 ns, Reaching safepoint: 550374 ns, Cleanup: 35549 ns, At safepoint: 18160 ns, Total: 604083 ns
[2025-06-24T16:17:45.825+0000][1][safepoint   ] Safepoint "Cleanup", Time since last: 110137127348 ns, Reaching safepoint: 222894 ns, Cleanup: 24788 ns, At safepoint: 10934 ns, Total: 258616 ns
[2025-06-24T16:18:13.858+0000][1][safepoint   ] Safepoint "Cleanup", Time since last: 28033000496 ns, Reaching safepoint: 121692 ns, Cleanup: 21422 ns, At safepoint: 39624 ns, Total: 182738 ns
[2025-06-24T16:19:10.524+0000][1][safepoint   ] Safepoint "Cleanup", Time since last: 57039829818 ns, Reaching safepoint: 1699717 ns, Cleanup: 32070 ns, At safepoint: 17877 ns, Total: 1749664 ns
[2025-06-24T16:19:20.399+0000][1][safepoint   ] Safepoint "Cleanup", Time since last: 10006591776 ns, Reaching safepoint: 54678 ns, Cleanup: 25171 ns, At safepoint: 9489 ns, Total: 89338 ns
[2025-06-24T16:19:57.210+0000][1][safepoint   ] Safepoint "Cleanup", Time since last: 37024703702 ns, Reaching safepoint: 125165 ns, Cleanup: 18794 ns, At safepoint: 6479 ns, Total: 150438 ns
[2025-06-24T16:20:07.071+0000][1][safepoint   ] Safepoint "Cleanup", Time since last: 9860584068 ns, Reaching safepoint: 43869 ns, Cleanup: 404421 ns, At safepoint: 23502 ns, Total: 471792 ns
[2025-06-24T16:20:08.073+0000][1][safepoint   ] Safepoint "Cleanup", Time since last: 1001597918 ns, Reaching safepoint: 33714 ns, Cleanup: 23539 ns, At safepoint: 9411 ns, Total: 66664 ns
[2025-06-24T16:21:17.100+0000][1][gc,start    ] GC(71) Pause Young (Mixed) (G1 Evacuation Pause)
[2025-06-24T16:21:17.106+0000][1][gc,task     ] GC(71) Using 13 workers of 13 for evacuation
[2025-06-24T16:21:17.107+0000][1][gc,age      ] GC(71) Desired survivor size 18874368 bytes, new threshold 15 (max threshold 15)
[2025-06-24T16:21:17.360+0000][1][gc,mmu      ] GC(71) MMU target violated: 201.0ms (200.0ms/201.0ms)
[2025-06-24T16:21:17.361+0000][1][gc,phases   ] GC(71)   Pre Evacuate Collection Set: 25.0ms
[2025-06-24T16:21:17.361+0000][1][gc,phases   ] GC(71)   Merge Heap Roots: 2.6ms
[2025-06-24T16:21:17.361+0000][1][gc,phases   ] GC(71)   Evacuate Collection Set: 205.0ms
[2025-06-24T16:21:17.362+0000][1][gc,phases   ] GC(71)   Post Evacuate Collection Set: 15.9ms
[2025-06-24T16:21:17.362+0000][1][gc,phases   ] GC(71)   Other: 9.4ms
[2025-06-24T16:21:17.363+0000][1][gc,age      ] GC(71) Age table with threshold 15 (max threshold 15)
[2025-06-24T16:21:17.363+0000][1][gc,age      ] GC(71) - age   1:     350760 bytes,     350760 total
[2025-06-24T16:21:17.363+0000][1][gc,age      ] GC(71) - age   2:       5152 bytes,     355912 total
[2025-06-24T16:21:17.364+0000][1][gc,age      ] GC(71) - age   3:       1680 bytes,     357592 total
[2025-06-24T16:21:17.364+0000][1][gc,age      ] GC(71) - age   4:       1960 bytes,     359552 total
[2025-06-24T16:21:17.364+0000][1][gc,age      ] GC(71) - age   5:     122384 bytes,     481936 total
[2025-06-24T16:21:17.365+0000][1][gc,age      ] GC(71) - age   6:      16400 bytes,     498336 total
[2025-06-24T16:21:17.365+0000][1][gc,age      ] GC(71) - age   7:        336 bytes,     498672 total
[2025-06-24T16:21:17.365+0000][1][gc,age      ] GC(71) - age   8:        352 bytes,     499024 total
[2025-06-24T16:21:17.365+0000][1][gc,age      ] GC(71) - age   9:     118104 bytes,     617128 total
[2025-06-24T16:21:17.365+0000][1][gc,age      ] GC(71) - age  10:       2776 bytes,     619904 total
[2025-06-24T16:21:17.366+0000][1][gc,age      ] GC(71) - age  11:      20584 bytes,     640488 total
[2025-06-24T16:21:17.366+0000][1][gc,age      ] GC(71) - age  12:        752 bytes,     641240 total
[2025-06-24T16:21:17.366+0000][1][gc,age      ] GC(71) - age  13:     398640 bytes,    1039880 total
[2025-06-24T16:21:17.366+0000][1][gc,age      ] GC(71) - age  14:      69560 bytes,    1109440 total
[2025-06-24T16:21:17.367+0000][1][gc,age      ] GC(71) - age  15:       8184 bytes,    1117624 total
[2025-06-24T16:21:17.367+0000][1][gc,heap     ] GC(71) Eden regions: 281->0(279)
[2025-06-24T16:21:17.368+0000][1][gc,heap     ] GC(71) Survivor regions: 1->2(36)
[2025-06-24T16:21:17.368+0000][1][gc,heap     ] GC(71) Old regions: 118->118
[2025-06-24T16:21:17.369+0000][1][gc,heap     ] GC(71) Humongous regions: 8->8
[2025-06-24T16:21:17.369+0000][1][gc,metaspace] GC(71) Metaspace: 158476K(161536K)->158476K(161536K) NonClass: 139375K(140544K)->139375K(140544K) Class: 19100K(20992K)->19100K(20992K)
[2025-06-24T16:21:17.371+0000][1][gc          ] GC(71) Pause Young (Mixed) (G1 Evacuation Pause) 407M->126M(512M) 270.731ms
[2025-06-24T16:21:17.371+0000][1][gc,cpu      ] GC(71) User=1.02s Sys=0.01s Real=0.27s
[2025-06-24T16:21:17.372+0000][1][safepoint   ] Safepoint "G1CollectForAllocation", Time since last: 69587336955 ns, Reaching safepoint: 4443816 ns, Cleanup: 1150659 ns, At safepoint: 276926634 ns, Total: 282521109 ns
[2025-06-24T16:23:45.555+0000][1][safepoint   ] Safepoint "Cleanup", Time since last: 149138557828 ns, Reaching safepoint: 12555691 ns, Cleanup: 2463635 ns, At safepoint: 639894 ns, Total: 15659220 ns
[2025-06-24T16:24:19.442+0000][1][safepoint   ] Safepoint "Cleanup", Time since last: 34032116849 ns, Reaching safepoint: 3629496 ns, Cleanup: 194844 ns, At safepoint: 110542 ns, Total: 3934882 ns
[2025-06-24T16:25:42.452+0000][1][safepoint   ] Safepoint "Cleanup", Time since last: 84103011958 ns, Reaching safepoint: 5358463 ns, Cleanup: 4144420 ns, At safepoint: 772633 ns, Total: 10275516 ns
[2025-06-24T16:25:52.457+0000][1][safepoint   ] Safepoint "Cleanup", Time since last: 10004995498 ns, Reaching safepoint: 85272 ns, Cleanup: 15096 ns, At safepoint: 5781 ns, Total: 106149 ns
[2025-06-24T16:25:54.459+0000][1][safepoint   ] Safepoint "Cleanup", Time since last: 2002190848 ns, Reaching safepoint: 37426 ns, Cleanup: 14094 ns, At safepoint: 4741 ns, Total: 56261 ns
[2025-06-24T16:26:02.470+0000][1][safepoint   ] Safepoint "Cleanup", Time since last: 8011158855 ns, Reaching safepoint: 182447 ns, Cleanup: 24912 ns, At safepoint: 11439 ns, Total: 218798 ns
[2025-06-24T16:26:14.317+0000][1][safepoint   ] Safepoint "Cleanup", Time since last: 12013484668 ns, Reaching safepoint: 124238 ns, Cleanup: 18744 ns, At safepoint: 8378 ns, Total: 151360 ns
[2025-06-24T16:28:15.648+0000][1][safepoint   ] Safepoint "Cleanup", Time since last: 122072883653 ns, Reaching safepoint: 2187995 ns, Cleanup: 2976710 ns, At safepoint: 3248022 ns, Total: 8412727 ns
[2025-06-24T16:28:40.935+0000][1][gc,start    ] GC(72) Pause Young (Concurrent Start) (G1 Evacuation Pause)
[2025-06-24T16:28:40.947+0000][1][gc,task     ] GC(72) Using 13 workers of 13 for evacuation
[2025-06-24T16:28:40.948+0000][1][gc,age      ] GC(72) Desired survivor size 18874368 bytes, new threshold 15 (max threshold 15)
[2025-06-24T16:28:41.141+0000][1][gc,phases   ] GC(72)   Pre Evacuate Collection Set: 24.3ms
[2025-06-24T16:28:41.141+0000][1][gc,phases   ] GC(72)   Merge Heap Roots: 1.8ms
[2025-06-24T16:28:41.142+0000][1][gc,phases   ] GC(72)   Evacuate Collection Set: 151.3ms
[2025-06-24T16:28:41.142+0000][1][gc,phases   ] GC(72)   Post Evacuate Collection Set: 9.6ms
[2025-06-24T16:28:41.143+0000][1][gc,phases   ] GC(72)   Other: 10.2ms
[2025-06-24T16:28:41.143+0000][1][gc,age      ] GC(72) Age table with threshold 15 (max threshold 15)
[2025-06-24T16:28:41.144+0000][1][gc,age      ] GC(72) - age   1:      41400 bytes,      41400 total
[2025-06-24T16:28:41.144+0000][1][gc,age      ] GC(72) - age   2:     274160 bytes,     315560 total
[2025-06-24T16:28:41.145+0000][1][gc,age      ] GC(72) - age   3:       4712 bytes,     320272 total
[2025-06-24T16:28:41.145+0000][1][gc,age      ] GC(72) - age   4:       1680 bytes,     321952 total
[2025-06-24T16:28:41.145+0000][1][gc,age      ] GC(72) - age   5:       1960 bytes,     323912 total
[2025-06-24T16:28:41.146+0000][1][gc,age      ] GC(72) - age   6:     122384 bytes,     446296 total
[2025-06-24T16:28:41.146+0000][1][gc,age      ] GC(72) - age   7:      16400 bytes,     462696 total
[2025-06-24T16:28:41.147+0000][1][gc,age      ] GC(72) - age   8:        336 bytes,     463032 total
[2025-06-24T16:28:41.147+0000][1][gc,age      ] GC(72) - age   9:        352 bytes,     463384 total
[2025-06-24T16:28:41.147+0000][1][gc,age      ] GC(72) - age  10:     118104 bytes,     581488 total
[2025-06-24T16:28:41.148+0000][1][gc,age      ] GC(72) - age  11:       2776 bytes,     584264 total
[2025-06-24T16:28:41.149+0000][1][gc,age      ] GC(72) - age  12:      20584 bytes,     604848 total
[2025-06-24T16:28:41.149+0000][1][gc,age      ] GC(72) - age  13:        752 bytes,     605600 total
[2025-06-24T16:28:41.149+0000][1][gc,age      ] GC(72) - age  14:     398640 bytes,    1004240 total
[2025-06-24T16:28:41.150+0000][1][gc,age      ] GC(72) - age  15:      69560 bytes,    1073800 total
[2025-06-24T16:28:41.150+0000][1][gc,heap     ] GC(72) Eden regions: 279->0(279)
[2025-06-24T16:28:41.151+0000][1][gc,heap     ] GC(72) Survivor regions: 2->2(36)
[2025-06-24T16:28:41.151+0000][1][gc,heap     ] GC(72) Old regions: 118->118
[2025-06-24T16:28:41.152+0000][1][gc,heap     ] GC(72) Humongous regions: 8->8
[2025-06-24T16:28:41.152+0000][1][gc,metaspace] GC(72) Metaspace: 158477K(161536K)->158477K(161536K) NonClass: 139376K(140544K)->139376K(140544K) Class: 19100K(20992K)->19100K(20992K)
[2025-06-24T16:28:41.153+0000][1][gc          ] GC(72) Pause Young (Concurrent Start) (G1 Evacuation Pause) 405M->126M(512M) 218.348ms
[2025-06-24T16:28:41.154+0000][1][gc,cpu      ] GC(72) User=0.67s Sys=0.02s Real=0.22s
[2025-06-24T16:28:41.155+0000][1][safepoint   ] Safepoint "G1CollectForAllocation", Time since last: 25497700883 ns, Reaching safepoint: 170868 ns, Cleanup: 447325 ns, At safepoint: 226075566 ns, Total: 226693759 ns
[2025-06-24T16:28:41.155+0000][1][gc          ] GC(73) Concurrent Mark Cycle
[2025-06-24T16:28:41.157+0000][1][gc,marking  ] GC(73) Concurrent Scan Root Regions
[2025-06-24T16:28:41.261+0000][1][gc,marking  ] GC(73) Concurrent Scan Root Regions 104.382ms
[2025-06-24T16:28:41.262+0000][1][gc,marking  ] GC(73) Concurrent Mark
[2025-06-24T16:28:41.262+0000][1][gc,marking  ] GC(73) Concurrent Mark From Roots
[2025-06-24T16:28:41.263+0000][1][gc,task     ] GC(73) Using 3 workers of 3 for marking
[2025-06-24T16:28:41.739+0000][1][gc,marking  ] GC(73) Concurrent Mark From Roots 476.350ms
[2025-06-24T16:28:41.739+0000][1][gc,marking  ] GC(73) Concurrent Preclean
[2025-06-24T16:28:41.740+0000][1][gc,marking  ] GC(73) Concurrent Preclean 1.090ms
[2025-06-24T16:28:41.741+0000][1][gc,start    ] GC(73) Pause Remark
[2025-06-24T16:28:42.076+0000][1][gc,mmu      ] GC(73) MMU target violated: 201.0ms (200.0ms/201.0ms)
[2025-06-24T16:28:42.077+0000][1][gc          ] GC(73) Pause Remark 130M->130M(512M) 335.783ms
[2025-06-24T16:28:42.078+0000][1][gc,cpu      ] GC(73) User=3.25s Sys=0.00s Real=0.33s
[2025-06-24T16:28:42.078+0000][1][safepoint   ] Safepoint "G1PauseRemark", Time since last: 586394084 ns, Reaching safepoint: 40691 ns, Cleanup: 4549 ns, At safepoint: 337476577 ns, Total: 337521817 ns
[2025-06-24T16:28:42.079+0000][1][gc,marking  ] GC(73) Concurrent Mark 817.654ms
[2025-06-24T16:28:42.081+0000][1][gc,marking  ] GC(73) Concurrent Rebuild Remembered Sets and Scrub Regions
[2025-06-24T16:28:42.134+0000][1][gc,marking  ] GC(73) Concurrent Rebuild Remembered Sets and Scrub Regions 53.822ms
[2025-06-24T16:28:42.137+0000][1][gc,start    ] GC(73) Pause Cleanup
[2025-06-24T16:28:42.138+0000][1][gc          ] GC(73) Pause Cleanup 130M->130M(512M) 1.185ms
[2025-06-24T16:28:42.139+0000][1][gc,cpu      ] GC(73) User=0.01s Sys=0.00s Real=0.01s
[2025-06-24T16:28:42.140+0000][1][safepoint   ] Safepoint "G1PauseCleanup", Time since last: 56674651 ns, Reaching safepoint: 15197 ns, Cleanup: 1989083 ns, At safepoint: 2731545 ns, Total: 4735825 ns
[2025-06-24T16:28:42.141+0000][1][gc,marking  ] GC(73) Concurrent Clear Claimed Marks
[2025-06-24T16:28:42.142+0000][1][gc,marking  ] GC(73) Concurrent Clear Claimed Marks 0.970ms
[2025-06-24T16:28:42.143+0000][1][gc,marking  ] GC(73) Concurrent Cleanup for Next Mark
[2025-06-24T16:28:42.150+0000][1][gc,marking  ] GC(73) Concurrent Cleanup for Next Mark 7.076ms
[2025-06-24T16:28:42.151+0000][1][gc          ] GC(73) Concurrent Mark Cycle 995.332ms
[2025-06-24T16:29:23.979+0000][1][safepoint   ] Safepoint "Cleanup", Time since last: 42019568079 ns, Reaching safepoint: 361243 ns, Cleanup: 33106 ns, At safepoint: 15208 ns, Total: 409557 ns
[2025-06-24T16:30:28.715+0000][1][safepoint   ] Safepoint "Cleanup", Time since last: 65058498342 ns, Reaching safepoint: 292093 ns, Cleanup: 22410 ns, At safepoint: 6023 ns, Total: 320526 ns
[2025-06-24T16:30:53.528+0000][1][safepoint   ] Safepoint "Cleanup", Time since last: 25022357563 ns, Reaching safepoint: 142616 ns, Cleanup: 21708 ns, At safepoint: 7522 ns, Total: 171846 ns
[2025-06-24T16:31:00.532+0000][1][safepoint   ] Safepoint "Cleanup", Time since last: 7004235789 ns, Reaching safepoint: 200226 ns, Cleanup: 27566 ns, At safepoint: 12724 ns, Total: 240516 ns
[2025-06-24T16:31:40.231+0000][1][safepoint   ] Safepoint "Cleanup", Time since last: 40048679189 ns, Reaching safepoint: 211582 ns, Cleanup: 14671 ns, At safepoint: 5224 ns, Total: 231477 ns
[2025-06-24T16:31:43.233+0000][1][safepoint   ] Safepoint "Cleanup", Time since last: 3001298129 ns, Reaching safepoint: 58576 ns, Cleanup: 31269 ns, At safepoint: 12447 ns, Total: 102292 ns
[2025-06-24T16:31:53.238+0000][1][safepoint   ] Safepoint "Cleanup", Time since last: 10005370345 ns, Reaching safepoint: 237231 ns, Cleanup: 32055 ns, At safepoint: 14242 ns, Total: 283528 ns
[2025-06-24T16:32:03.251+0000][1][safepoint   ] Safepoint "Cleanup", Time since last: 10012921186 ns, Reaching safepoint: 75367 ns, Cleanup: 21831 ns, At safepoint: 9855 ns, Total: 107053 ns
[2025-06-24T16:34:14.601+0000][1][safepoint   ] Safepoint "Cleanup", Time since last: 132158468019 ns, Reaching safepoint: 6898837 ns, Cleanup: 1614396 ns, At safepoint: 647584 ns, Total: 9160817 ns
[2025-06-24T16:36:04.647+0000][1][gc,start    ] GC(74) Pause Young (Prepare Mixed) (G1 Evacuation Pause)
[2025-06-24T16:36:04.655+0000][1][gc,task     ] GC(74) Using 13 workers of 13 for evacuation
[2025-06-24T16:36:04.657+0000][1][gc,age      ] GC(74) Desired survivor size 18874368 bytes, new threshold 15 (max threshold 15)
[2025-06-24T16:36:04.784+0000][1][gc,phases   ] GC(74)   Pre Evacuate Collection Set: 33.4ms
[2025-06-24T16:36:04.785+0000][1][gc,phases   ] GC(74)   Merge Heap Roots: 4.2ms
[2025-06-24T16:36:04.785+0000][1][gc,phases   ] GC(74)   Evacuate Collection Set: 71.4ms
[2025-06-24T16:36:04.786+0000][1][gc,phases   ] GC(74)   Post Evacuate Collection Set: 13.3ms
[2025-06-24T16:36:04.786+0000][1][gc,phases   ] GC(74)   Other: 10.0ms
[2025-06-24T16:36:04.787+0000][1][gc,age      ] GC(74) Age table with threshold 15 (max threshold 15)
[2025-06-24T16:36:04.787+0000][1][gc,age      ] GC(74) - age   1:      32248 bytes,      32248 total
[2025-06-24T16:36:04.788+0000][1][gc,age      ] GC(74) - age   2:       2944 bytes,      35192 total
[2025-06-24T16:36:04.788+0000][1][gc,age      ] GC(74) - age   3:     271136 bytes,     306328 total
[2025-06-24T16:36:04.788+0000][1][gc,age      ] GC(74) - age   4:       4600 bytes,     310928 total
[2025-06-24T16:36:04.789+0000][1][gc,age      ] GC(74) - age   5:       1680 bytes,     312608 total
[2025-06-24T16:36:04.789+0000][1][gc,age      ] GC(74) - age   6:       1960 bytes,     314568 total
[2025-06-24T16:36:04.790+0000][1][gc,age      ] GC(74) - age   7:     122384 bytes,     436952 total
[2025-06-24T16:36:04.791+0000][1][gc,age      ] GC(74) - age   8:      16400 bytes,     453352 total
[2025-06-24T16:36:04.791+0000][1][gc,age      ] GC(74) - age   9:        336 bytes,     453688 total
[2025-06-24T16:36:04.792+0000][1][gc,age      ] GC(74) - age  10:        352 bytes,     454040 total
[2025-06-24T16:36:04.792+0000][1][gc,age      ] GC(74) - age  11:     118104 bytes,     572144 total
[2025-06-24T16:36:04.793+0000][1][gc,age      ] GC(74) - age  12:       2776 bytes,     574920 total
[2025-06-24T16:36:04.793+0000][1][gc,age      ] GC(74) - age  13:      20584 bytes,     595504 total
[2025-06-24T16:36:04.794+0000][1][gc,age      ] GC(74) - age  14:        752 bytes,     596256 total
[2025-06-24T16:36:04.794+0000][1][gc,age      ] GC(74) - age  15:     398640 bytes,     994896 total
[2025-06-24T16:36:04.795+0000][1][gc,heap     ] GC(74) Eden regions: 279->0(279)
[2025-06-24T16:36:04.796+0000][1][gc,heap     ] GC(74) Survivor regions: 2->2(36)
[2025-06-24T16:36:04.797+0000][1][gc,heap     ] GC(74) Old regions: 118->118
[2025-06-24T16:36:04.797+0000][1][gc,heap     ] GC(74) Humongous regions: 8->8
[2025-06-24T16:36:04.798+0000][1][gc,metaspace] GC(74) Metaspace: 158489K(161536K)->158489K(161536K) NonClass: 139388K(140544K)->139388K(140544K) Class: 19100K(20992K)->19100K(20992K)
[2025-06-24T16:36:04.800+0000][1][gc          ] GC(74) Pause Young (Prepare Mixed) (G1 Evacuation Pause) 405M->126M(512M) 152.194ms
[2025-06-24T16:36:04.800+0000][1][gc,cpu      ] GC(74) User=0.79s Sys=0.00s Real=0.15s
[2025-06-24T16:36:04.801+0000][1][safepoint   ] Safepoint "G1CollectForAllocation", Time since last: 111191528094 ns, Reaching safepoint: 4432381 ns, Cleanup: 884542 ns, At safepoint: 156198761 ns, Total: 161515684 ns
[2025-06-24T16:36:13.844+0000][1][safepoint   ] Safepoint "Cleanup", Time since last: 9004496314 ns, Reaching safepoint: 178317 ns, Cleanup: 29203 ns, At safepoint: 12007 ns, Total: 219527 ns
[2025-06-24T16:37:21.296+0000][1][safepoint   ] Safepoint "Cleanup", Time since last: 68128786962 ns, Reaching safepoint: 1583295 ns, Cleanup: 749426 ns, At safepoint: 451015 ns, Total: 2783736 ns
[2025-06-24T16:40:34.434+0000][1][safepoint   ] Safepoint "Cleanup", Time since last: 194790704742 ns, Reaching safepoint: 6921250 ns, Cleanup: 3524472 ns, At safepoint: 137459 ns, Total: 10583181 ns
[2025-06-24T16:43:26.872+0000][1][gc,start    ] GC(75) Pause Young (Mixed) (G1 Evacuation Pause)
[2025-06-24T16:43:26.880+0000][1][gc,task     ] GC(75) Using 13 workers of 13 for evacuation
[2025-06-24T16:43:26.881+0000][1][gc,age      ] GC(75) Desired survivor size 18874368 bytes, new threshold 15 (max threshold 15)
[2025-06-24T16:43:27.214+0000][1][gc,mmu      ] GC(75) MMU target violated: 201.0ms (200.0ms/201.0ms)
[2025-06-24T16:43:27.215+0000][1][gc,phases   ] GC(75)   Pre Evacuate Collection Set: 36.9ms
[2025-06-24T16:43:27.216+0000][1][gc,phases   ] GC(75)   Merge Heap Roots: 3.0ms
[2025-06-24T16:43:27.216+0000][1][gc,phases   ] GC(75)   Evacuate Collection Set: 270.7ms
[2025-06-24T16:43:27.217+0000][1][gc,phases   ] GC(75)   Post Evacuate Collection Set: 17.8ms
[2025-06-24T16:43:27.217+0000][1][gc,phases   ] GC(75)   Other: 9.8ms
[2025-06-24T16:43:27.217+0000][1][gc,age      ] GC(75) Age table with threshold 15 (max threshold 15)
[2025-06-24T16:43:27.218+0000][1][gc,age      ] GC(75) - age   1:      53616 bytes,      53616 total
[2025-06-24T16:43:27.218+0000][1][gc,age      ] GC(75) - age   2:       9152 bytes,      62768 total
[2025-06-24T16:43:27.218+0000][1][gc,age      ] GC(75) - age   3:       2728 bytes,      65496 total
[2025-06-24T16:43:27.219+0000][1][gc,age      ] GC(75) - age   4:     270872 bytes,     336368 total
[2025-06-24T16:43:27.219+0000][1][gc,age      ] GC(75) - age   5:       4376 bytes,     340744 total
[2025-06-24T16:43:27.219+0000][1][gc,age      ] GC(75) - age   6:       1680 bytes,     342424 total
[2025-06-24T16:43:27.219+0000][1][gc,age      ] GC(75) - age   7:       1960 bytes,     344384 total
[2025-06-24T16:43:27.219+0000][1][gc,age      ] GC(75) - age   8:     122384 bytes,     466768 total
[2025-06-24T16:43:27.220+0000][1][gc,age      ] GC(75) - age   9:      16400 bytes,     483168 total
[2025-06-24T16:43:27.220+0000][1][gc,age      ] GC(75) - age  10:        336 bytes,     483504 total
[2025-06-24T16:43:27.220+0000][1][gc,age      ] GC(75) - age  11:        352 bytes,     483856 total
[2025-06-24T16:43:27.220+0000][1][gc,age      ] GC(75) - age  12:     118104 bytes,     601960 total
[2025-06-24T16:43:27.220+0000][1][gc,age      ] GC(75) - age  13:       2776 bytes,     604736 total
[2025-06-24T16:43:27.221+0000][1][gc,age      ] GC(75) - age  14:      20584 bytes,     625320 total
[2025-06-24T16:43:27.221+0000][1][gc,age      ] GC(75) - age  15:        752 bytes,     626072 total
[2025-06-24T16:43:27.221+0000][1][gc,heap     ] GC(75) Eden regions: 279->0(281)
[2025-06-24T16:43:27.221+0000][1][gc,heap     ] GC(75) Survivor regions: 2->1(36)
[2025-06-24T16:43:27.221+0000][1][gc,heap     ] GC(75) Old regions: 118->118
[2025-06-24T16:43:27.222+0000][1][gc,heap     ] GC(75) Humongous regions: 8->8
[2025-06-24T16:43:27.222+0000][1][gc,metaspace] GC(75) Metaspace: 158495K(161536K)->158495K(161536K) NonClass: 139393K(140544K)->139393K(140544K) Class: 19102K(20992K)->19102K(20992K)
[2025-06-24T16:43:27.224+0000][1][gc          ] GC(75) Pause Young (Mixed) (G1 Evacuation Pause) 405M->125M(512M) 352.252ms
[2025-06-24T16:43:27.224+0000][1][gc,cpu      ] GC(75) User=1.76s Sys=0.03s Real=0.35s
[2025-06-24T16:43:27.225+0000][1][safepoint   ] Safepoint "G1CollectForAllocation", Time since last: 173308997397 ns, Reaching safepoint: 14224037 ns, Cleanup: 1471284 ns, At safepoint: 356254379 ns, Total: 371949700 ns
[2025-06-24T16:43:49.053+0000][1][safepoint   ] Safepoint "Cleanup", Time since last: 22020623250 ns, Reaching safepoint: 115062 ns, Cleanup: 681025 ns, At safepoint: 27969 ns, Total: 824056 ns
[2025-06-24T16:45:02.871+0000][1][safepoint   ] Safepoint "Cleanup", Time since last: 74113847305 ns, Reaching safepoint: 1405589 ns, Cleanup: 92738 ns, At safepoint: 41777 ns, Total: 1540104 ns
[2025-06-24T16:46:02.974+0000][1][safepoint   ] Safepoint "Cleanup", Time since last: 60628876958 ns, Reaching safepoint: 2765574 ns, Cleanup: 385532 ns, At safepoint: 65113 ns, Total: 3216219 ns
[2025-06-24T16:50:03.961+0000][1][safepoint   ] Safepoint "Cleanup", Time since last: 242375357197 ns, Reaching safepoint: 2484849 ns, Cleanup: 11235 ns, At safepoint: 40275 ns, Total: 2536359 ns
[2025-06-24T16:50:04.963+0000][1][safepoint   ] Safepoint "Cleanup", Time since last: 1002114795 ns, Reaching safepoint: 32837 ns, Cleanup: 14082 ns, At safepoint: 4709 ns, Total: 51628 ns
[2025-06-24T16:50:38.796+0000][1][gc,start    ] GC(76) Pause Young (Concurrent Start) (G1 Evacuation Pause)
[2025-06-24T16:50:38.805+0000][1][gc,task     ] GC(76) Using 13 workers of 13 for evacuation
[2025-06-24T16:50:38.806+0000][1][gc,age      ] GC(76) Desired survivor size 18874368 bytes, new threshold 15 (max threshold 15)
[2025-06-24T16:50:39.151+0000][1][gc,mmu      ] GC(76) MMU target violated: 201.0ms (200.0ms/201.0ms)
[2025-06-24T16:50:39.151+0000][1][gc,phases   ] GC(76)   Pre Evacuate Collection Set: 40.4ms
[2025-06-24T16:50:39.152+0000][1][gc,phases   ] GC(76)   Merge Heap Roots: 2.3ms
[2025-06-24T16:50:39.152+0000][1][gc,phases   ] GC(76)   Evacuate Collection Set: 277.7ms
[2025-06-24T16:50:39.152+0000][1][gc,phases   ] GC(76)   Post Evacuate Collection Set: 19.7ms
[2025-06-24T16:50:39.152+0000][1][gc,phases   ] GC(76)   Other: 12.6ms
[2025-06-24T16:50:39.153+0000][1][gc,age      ] GC(76) Age table with threshold 15 (max threshold 15)
[2025-06-24T16:50:39.153+0000][1][gc,age      ] GC(76) - age   1:     437552 bytes,     437552 total
[2025-06-24T16:50:39.153+0000][1][gc,age      ] GC(76) - age   2:       7264 bytes,     444816 total
[2025-06-24T16:50:39.153+0000][1][gc,age      ] GC(76) - age   3:       9088 bytes,     453904 total
[2025-06-24T16:50:39.153+0000][1][gc,age      ] GC(76) - age   4:       2728 bytes,     456632 total
[2025-06-24T16:50:39.154+0000][1][gc,age      ] GC(76) - age   5:     118904 bytes,     575536 total
[2025-06-24T16:50:39.154+0000][1][gc,age      ] GC(76) - age   6:       3744 bytes,     579280 total
[2025-06-24T16:50:39.154+0000][1][gc,age      ] GC(76) - age   7:       1680 bytes,     580960 total
[2025-06-24T16:50:39.154+0000][1][gc,age      ] GC(76) - age   8:       1960 bytes,     582920 total
[2025-06-24T16:50:39.154+0000][1][gc,age      ] GC(76) - age   9:     122016 bytes,     704936 total
[2025-06-24T16:50:39.155+0000][1][gc,age      ] GC(76) - age  10:      16400 bytes,     721336 total
[2025-06-24T16:50:39.155+0000][1][gc,age      ] GC(76) - age  11:        336 bytes,     721672 total
[2025-06-24T16:50:39.155+0000][1][gc,age      ] GC(76) - age  12:        352 bytes,     722024 total
[2025-06-24T16:50:39.155+0000][1][gc,age      ] GC(76) - age  13:     118104 bytes,     840128 total
[2025-06-24T16:50:39.155+0000][1][gc,age      ] GC(76) - age  14:       2776 bytes,     842904 total
[2025-06-24T16:50:39.155+0000][1][gc,age      ] GC(76) - age  15:      20584 bytes,     863488 total
[2025-06-24T16:50:39.156+0000][1][gc,heap     ] GC(76) Eden regions: 281->0(281)
[2025-06-24T16:50:39.156+0000][1][gc,heap     ] GC(76) Survivor regions: 1->1(36)
[2025-06-24T16:50:39.156+0000][1][gc,heap     ] GC(76) Old regions: 118->118
[2025-06-24T16:50:39.156+0000][1][gc,heap     ] GC(76) Humongous regions: 8->8
[2025-06-24T16:50:39.157+0000][1][gc,metaspace] GC(76) Metaspace: 158528K(161600K)->158528K(161600K) NonClass: 139426K(140608K)->139426K(140608K) Class: 19102K(20992K)->19102K(20992K)
[2025-06-24T16:50:39.158+0000][1][gc          ] GC(76) Pause Young (Concurrent Start) (G1 Evacuation Pause) 406M->126M(512M) 362.136ms
[2025-06-24T16:50:39.158+0000][1][gc,cpu      ] GC(76) User=1.13s Sys=0.02s Real=0.36s
[2025-06-24T16:50:39.159+0000][1][safepoint   ] Safepoint "G1CollectForAllocation", Time since last: 33974752536 ns, Reaching safepoint: 2073197 ns, Cleanup: 2258834 ns, At safepoint: 372450323 ns, Total: 376782354 ns
[2025-06-24T16:50:39.161+0000][1][gc          ] GC(77) Concurrent Mark Cycle
[2025-06-24T16:50:39.162+0000][1][gc,marking  ] GC(77) Concurrent Scan Root Regions
[2025-06-24T16:50:39.431+0000][1][gc,marking  ] GC(77) Concurrent Scan Root Regions 268.975ms
[2025-06-24T16:50:39.431+0000][1][gc,marking  ] GC(77) Concurrent Mark
[2025-06-24T16:50:39.432+0000][1][gc,marking  ] GC(77) Concurrent Mark From Roots
[2025-06-24T16:50:39.434+0000][1][gc,task     ] GC(77) Using 3 workers of 3 for marking
[2025-06-24T16:50:40.346+0000][1][gc,marking  ] GC(77) Concurrent Mark From Roots 913.431ms
[2025-06-24T16:50:40.346+0000][1][gc,marking  ] GC(77) Concurrent Preclean
[2025-06-24T16:50:40.348+0000][1][gc,marking  ] GC(77) Concurrent Preclean 1.388ms
[2025-06-24T16:50:40.349+0000][1][gc,start    ] GC(77) Pause Remark
[2025-06-24T16:50:40.626+0000][1][gc,mmu      ] GC(77) MMU target violated: 201.0ms (200.0ms/201.0ms)
[2025-06-24T16:50:40.626+0000][1][gc          ] GC(77) Pause Remark 131M->131M(512M) 277.118ms
[2025-06-24T16:50:40.627+0000][1][gc,cpu      ] GC(77) User=2.75s Sys=0.00s Real=0.28s
[2025-06-24T16:50:40.627+0000][1][safepoint   ] Safepoint "G1PauseRemark", Time since last: 1190427842 ns, Reaching safepoint: 91959 ns, Cleanup: 8562 ns, At safepoint: 278207712 ns, Total: 278308233 ns
[2025-06-24T16:50:40.628+0000][1][gc,marking  ] GC(77) Concurrent Mark 1196.433ms
[2025-06-24T16:50:40.629+0000][1][gc,marking  ] GC(77) Concurrent Rebuild Remembered Sets and Scrub Regions
[2025-06-24T16:50:40.690+0000][1][gc,marking  ] GC(77) Concurrent Rebuild Remembered Sets and Scrub Regions 61.685ms
[2025-06-24T16:50:40.691+0000][1][gc,start    ] GC(77) Pause Cleanup
[2025-06-24T16:50:40.692+0000][1][gc          ] GC(77) Pause Cleanup 131M->131M(512M) 0.879ms
[2025-06-24T16:50:40.693+0000][1][gc,cpu      ] GC(77) User=0.00s Sys=0.00s Real=0.01s
[2025-06-24T16:50:40.693+0000][1][safepoint   ] Safepoint "G1PauseCleanup", Time since last: 63477406 ns, Reaching safepoint: 18205 ns, Cleanup: 518275 ns, At safepoint: 1889459 ns, Total: 2425939 ns
[2025-06-24T16:50:40.694+0000][1][gc,marking  ] GC(77) Concurrent Clear Claimed Marks
[2025-06-24T16:50:40.694+0000][1][gc,marking  ] GC(77) Concurrent Clear Claimed Marks 0.609ms
[2025-06-24T16:50:40.695+0000][1][gc,marking  ] GC(77) Concurrent Cleanup for Next Mark
[2025-06-24T16:50:40.703+0000][1][gc,marking  ] GC(77) Concurrent Cleanup for Next Mark 7.722ms
[2025-06-24T16:50:40.703+0000][1][gc          ] GC(77) Concurrent Mark Cycle 1542.768ms
[2025-06-24T16:51:17.378+0000][1][safepoint   ] Safepoint "Cleanup", Time since last: 36875049214 ns, Reaching safepoint: 161012 ns, Cleanup: 22749 ns, At safepoint: 11197 ns, Total: 194958 ns
[2025-06-24T16:58:05.084+0000][1][gc,start    ] GC(78) Pause Young (Prepare Mixed) (G1 Evacuation Pause)
[2025-06-24T16:58:05.095+0000][1][gc,task     ] GC(78) Using 13 workers of 13 for evacuation
[2025-06-24T16:58:05.096+0000][1][gc,age      ] GC(78) Desired survivor size 18874368 bytes, new threshold 15 (max threshold 15)
[2025-06-24T16:58:05.228+0000][1][gc,phases   ] GC(78)   Pre Evacuate Collection Set: 24.1ms
[2025-06-24T16:58:05.229+0000][1][gc,phases   ] GC(78)   Merge Heap Roots: 3.7ms
[2025-06-24T16:58:05.229+0000][1][gc,phases   ] GC(78)   Evacuate Collection Set: 81.8ms
[2025-06-24T16:58:05.229+0000][1][gc,phases   ] GC(78)   Post Evacuate Collection Set: 18.7ms
[2025-06-24T16:58:05.230+0000][1][gc,phases   ] GC(78)   Other: 8.8ms
[2025-06-24T16:58:05.231+0000][1][gc,age      ] GC(78) Age table with threshold 15 (max threshold 15)
[2025-06-24T16:58:05.231+0000][1][gc,age      ] GC(78) - age   1:      95968 bytes,      95968 total
[2025-06-24T16:58:05.231+0000][1][gc,age      ] GC(78) - age   2:     318912 bytes,     414880 total
[2025-06-24T16:58:05.232+0000][1][gc,age      ] GC(78) - age   3:       6664 bytes,     421544 total
[2025-06-24T16:58:05.233+0000][1][gc,age      ] GC(78) - age   4:       9088 bytes,     430632 total
[2025-06-24T16:58:05.233+0000][1][gc,age      ] GC(78) - age   5:       2728 bytes,     433360 total
[2025-06-24T16:58:05.233+0000][1][gc,age      ] GC(78) - age   6:     118904 bytes,     552264 total
[2025-06-24T16:58:05.234+0000][1][gc,age      ] GC(78) - age   7:       3744 bytes,     556008 total
[2025-06-24T16:58:05.234+0000][1][gc,age      ] GC(78) - age   8:       1680 bytes,     557688 total
[2025-06-24T16:58:05.235+0000][1][gc,age      ] GC(78) - age   9:       1960 bytes,     559648 total
[2025-06-24T16:58:05.236+0000][1][gc,age      ] GC(78) - age  10:     122016 bytes,     681664 total
[2025-06-24T16:58:05.236+0000][1][gc,age      ] GC(78) - age  11:      16400 bytes,     698064 total
[2025-06-24T16:58:05.237+0000][1][gc,age      ] GC(78) - age  12:        336 bytes,     698400 total
[2025-06-24T16:58:05.237+0000][1][gc,age      ] GC(78) - age  13:        352 bytes,     698752 total
[2025-06-24T16:58:05.238+0000][1][gc,age      ] GC(78) - age  14:     118104 bytes,     816856 total
[2025-06-24T16:58:05.238+0000][1][gc,age      ] GC(78) - age  15:       2776 bytes,     819632 total
[2025-06-24T16:58:05.239+0000][1][gc,heap     ] GC(78) Eden regions: 281->0(281)
[2025-06-24T16:58:05.240+0000][1][gc,heap     ] GC(78) Survivor regions: 1->1(36)
[2025-06-24T16:58:05.240+0000][1][gc,heap     ] GC(78) Old regions: 118->118
[2025-06-24T16:58:05.241+0000][1][gc,heap     ] GC(78) Humongous regions: 8->8
[2025-06-24T16:58:05.243+0000][1][gc,metaspace] GC(78) Metaspace: 158528K(161600K)->158528K(161600K) NonClass: 139426K(140608K)->139426K(140608K) Class: 19102K(20992K)->19102K(20992K)
[2025-06-24T16:58:05.245+0000][1][gc          ] GC(78) Pause Young (Prepare Mixed) (G1 Evacuation Pause) 407M->126M(512M) 161.854ms
[2025-06-24T16:58:05.245+0000][1][gc,cpu      ] GC(78) User=0.80s Sys=0.01s Real=0.17s
[2025-06-24T16:58:05.246+0000][1][safepoint   ] Safepoint "G1CollectForAllocation", Time since last: 410196379540 ns, Reaching safepoint: 823132 ns, Cleanup: 2174803 ns, At safepoint: 166602901 ns, Total: 169600836 ns
[2025-06-24T16:59:03.977+0000][1][safepoint   ] Safepoint "Cleanup", Time since last: 59089629834 ns, Reaching safepoint: 133811 ns, Cleanup: 14157 ns, At safepoint: 4909 ns, Total: 152877 ns
[2025-06-24T17:05:29.756+0000][1][gc,start    ] GC(79) Pause Young (Mixed) (G1 Evacuation Pause)
[2025-06-24T17:05:29.764+0000][1][gc,task     ] GC(79) Using 13 workers of 13 for evacuation
[2025-06-24T17:05:29.765+0000][1][gc,age      ] GC(79) Desired survivor size 18874368 bytes, new threshold 15 (max threshold 15)
[2025-06-24T17:05:29.975+0000][1][gc,mmu      ] GC(79) MMU target violated: 201.0ms (200.0ms/201.0ms)
[2025-06-24T17:05:29.975+0000][1][gc,phases   ] GC(79)   Pre Evacuate Collection Set: 22.1ms
[2025-06-24T17:05:29.976+0000][1][gc,phases   ] GC(79)   Merge Heap Roots: 2.4ms
[2025-06-24T17:05:29.976+0000][1][gc,phases   ] GC(79)   Evacuate Collection Set: 172.1ms
[2025-06-24T17:05:29.977+0000][1][gc,phases   ] GC(79)   Post Evacuate Collection Set: 10.5ms
[2025-06-24T17:05:29.977+0000][1][gc,phases   ] GC(79)   Other: 6.3ms
[2025-06-24T17:05:29.978+0000][1][gc,age      ] GC(79) Age table with threshold 15 (max threshold 15)
[2025-06-24T17:05:29.978+0000][1][gc,age      ] GC(79) - age   1:      22392 bytes,      22392 total
[2025-06-24T17:05:29.979+0000][1][gc,age      ] GC(79) - age   2:      49912 bytes,      72304 total
[2025-06-24T17:05:29.980+0000][1][gc,age      ] GC(79) - age   3:     316872 bytes,     389176 total
[2025-06-24T17:05:29.980+0000][1][gc,age      ] GC(79) - age   4:       6664 bytes,     395840 total
[2025-06-24T17:05:29.981+0000][1][gc,age      ] GC(79) - age   5:       9088 bytes,     404928 total
[2025-06-24T17:05:29.981+0000][1][gc,age      ] GC(79) - age   6:       2728 bytes,     407656 total
[2025-06-24T17:05:29.982+0000][1][gc,age      ] GC(79) - age   7:     118904 bytes,     526560 total
[2025-06-24T17:05:29.983+0000][1][gc,age      ] GC(79) - age   8:       3744 bytes,     530304 total
[2025-06-24T17:05:29.983+0000][1][gc,age      ] GC(79) - age   9:       1680 bytes,     531984 total
[2025-06-24T17:05:29.984+0000][1][gc,age      ] GC(79) - age  10:       1960 bytes,     533944 total
[2025-06-24T17:05:29.984+0000][1][gc,age      ] GC(79) - age  11:     122016 bytes,     655960 total
[2025-06-24T17:05:29.985+0000][1][gc,age      ] GC(79) - age  12:      16400 bytes,     672360 total
[2025-06-24T17:05:29.985+0000][1][gc,age      ] GC(79) - age  13:        336 bytes,     672696 total
[2025-06-24T17:05:29.986+0000][1][gc,age      ] GC(79) - age  14:        352 bytes,     673048 total
[2025-06-24T17:05:29.986+0000][1][gc,age      ] GC(79) - age  15:     118104 bytes,     791152 total
[2025-06-24T17:05:29.987+0000][1][gc,heap     ] GC(79) Eden regions: 281->0(282)
[2025-06-24T17:05:29.987+0000][1][gc,heap     ] GC(79) Survivor regions: 1->1(36)
[2025-06-24T17:05:29.988+0000][1][gc,heap     ] GC(79) Old regions: 118->117
[2025-06-24T17:05:29.989+0000][1][gc,heap     ] GC(79) Humongous regions: 8->8
[2025-06-24T17:05:29.990+0000][1][gc,metaspace] GC(79) Metaspace: 158531K(161600K)->158531K(161600K) NonClass: 139429K(140608K)->139429K(140608K) Class: 19102K(20992K)->19102K(20992K)
[2025-06-24T17:05:29.991+0000][1][gc          ] GC(79) Pause Young (Mixed) (G1 Evacuation Pause) 407M->125M(512M) 235.671ms
[2025-06-24T17:05:29.992+0000][1][gc,cpu      ] GC(79) User=1.18s Sys=0.01s Real=0.24s
[2025-06-24T17:05:29.993+0000][1][safepoint   ] Safepoint "G1CollectForAllocation", Time since last: 388051409483 ns, Reaching safepoint: 26874541 ns, Cleanup: 1243392 ns, At safepoint: 239359936 ns, Total: 267477869 ns
[2025-06-24T17:05:45.007+0000][1][safepoint   ] Safepoint "Cleanup", Time since last: 15014555907 ns, Reaching safepoint: 119578 ns, Cleanup: 17796 ns, At safepoint: 8391 ns, Total: 145765 ns
[2025-06-24T17:06:04.881+0000][1][safepoint   ] Safepoint "Cleanup", Time since last: 20066680290 ns, Reaching safepoint: 80328 ns, Cleanup: 17289 ns, At safepoint: 7473 ns, Total: 105090 ns
[2025-06-24T17:09:01.077+0000][1][safepoint   ] Safepoint "Cleanup", Time since last: 177158193038 ns, Reaching safepoint: 16268189 ns, Cleanup: 1200692 ns, At safepoint: 525895 ns, Total: 17994776 ns
[2025-06-24T17:09:17.092+0000][1][safepoint   ] Safepoint "Cleanup", Time since last: 16014721116 ns, Reaching safepoint: 362617 ns, Cleanup: 42409 ns, At safepoint: 24773 ns, Total: 429799 ns
[2025-06-24T17:11:39.022+0000][1][safepoint   ] Safepoint "Cleanup", Time since last: 143107614036 ns, Reaching safepoint: 7451644 ns, Cleanup: 1235652 ns, At safepoint: 682056 ns, Total: 9369352 ns
[2025-06-24T17:11:40.026+0000][1][safepoint   ] Safepoint "Cleanup", Time since last: 1005680425 ns, Reaching safepoint: 45668 ns, Cleanup: 14369 ns, At safepoint: 5316 ns, Total: 65353 ns
[2025-06-24T17:11:45.046+0000][1][safepoint   ] Safepoint "Cleanup", Time since last: 5019413799 ns, Reaching safepoint: 92026 ns, Cleanup: 26379 ns, At safepoint: 9177 ns, Total: 127582 ns
[2025-06-24T17:12:09.891+0000][1][safepoint   ] Safepoint "Cleanup", Time since last: 25039994572 ns, Reaching safepoint: 180051 ns, Cleanup: 24711 ns, At safepoint: 11740 ns, Total: 216502 ns
[2025-06-24T17:12:55.004+0000][1][gc,start    ] GC(80) Pause Young (Concurrent Start) (G1 Evacuation Pause)
[2025-06-24T17:12:55.009+0000][1][gc,task     ] GC(80) Using 13 workers of 13 for evacuation
[2025-06-24T17:12:55.010+0000][1][gc,age      ] GC(80) Desired survivor size 18874368 bytes, new threshold 15 (max threshold 15)
[2025-06-24T17:12:55.253+0000][1][gc,mmu      ] GC(80) MMU target violated: 201.0ms (200.0ms/201.0ms)
[2025-06-24T17:12:55.254+0000][1][gc,phases   ] GC(80)   Pre Evacuate Collection Set: 45.3ms
[2025-06-24T17:12:55.254+0000][1][gc,phases   ] GC(80)   Merge Heap Roots: 3.0ms
[2025-06-24T17:12:55.255+0000][1][gc,phases   ] GC(80)   Evacuate Collection Set: 181.5ms
[2025-06-24T17:12:55.255+0000][1][gc,phases   ] GC(80)   Post Evacuate Collection Set: 8.6ms
[2025-06-24T17:12:55.256+0000][1][gc,phases   ] GC(80)   Other: 10.2ms
[2025-06-24T17:12:55.256+0000][1][gc,age      ] GC(80) Age table with threshold 15 (max threshold 15)
[2025-06-24T17:12:55.256+0000][1][gc,age      ] GC(80) - age   1:      25704 bytes,      25704 total
[2025-06-24T17:12:55.257+0000][1][gc,age      ] GC(80) - age   2:        152 bytes,      25856 total
[2025-06-24T17:12:55.257+0000][1][gc,age      ] GC(80) - age   3:      49696 bytes,      75552 total
[2025-06-24T17:12:55.257+0000][1][gc,age      ] GC(80) - age   4:     316872 bytes,     392424 total
[2025-06-24T17:12:55.258+0000][1][gc,age      ] GC(80) - age   5:       6440 bytes,     398864 total
[2025-06-24T17:12:55.258+0000][1][gc,age      ] GC(80) - age   6:       9088 bytes,     407952 total
[2025-06-24T17:12:55.259+0000][1][gc,age      ] GC(80) - age   7:       2728 bytes,     410680 total
[2025-06-24T17:12:55.259+0000][1][gc,age      ] GC(80) - age   8:     118904 bytes,     529584 total
[2025-06-24T17:12:55.259+0000][1][gc,age      ] GC(80) - age   9:       2504 bytes,     532088 total
[2025-06-24T17:12:55.260+0000][1][gc,age      ] GC(80) - age  10:       1680 bytes,     533768 total
[2025-06-24T17:12:55.260+0000][1][gc,age      ] GC(80) - age  11:       1960 bytes,     535728 total
[2025-06-24T17:12:55.261+0000][1][gc,age      ] GC(80) - age  12:     122016 bytes,     657744 total
[2025-06-24T17:12:55.261+0000][1][gc,age      ] GC(80) - age  13:      16400 bytes,     674144 total
[2025-06-24T17:12:55.261+0000][1][gc,age      ] GC(80) - age  14:        336 bytes,     674480 total
[2025-06-24T17:12:55.262+0000][1][gc,age      ] GC(80) - age  15:        352 bytes,     674832 total
[2025-06-24T17:12:55.263+0000][1][gc,heap     ] GC(80) Eden regions: 282->0(282)
[2025-06-24T17:12:55.263+0000][1][gc,heap     ] GC(80) Survivor regions: 1->1(36)
[2025-06-24T17:12:55.263+0000][1][gc,heap     ] GC(80) Old regions: 117->117
[2025-06-24T17:12:55.264+0000][1][gc,heap     ] GC(80) Humongous regions: 8->8
[2025-06-24T17:12:55.264+0000][1][gc,metaspace] GC(80) Metaspace: 158534K(161600K)->158534K(161600K) NonClass: 139432K(140608K)->139432K(140608K) Class: 19102K(20992K)->19102K(20992K)
[2025-06-24T17:12:55.265+0000][1][gc          ] GC(80) Pause Young (Concurrent Start) (G1 Evacuation Pause) 407M->125M(512M) 261.556ms
[2025-06-24T17:12:55.266+0000][1][gc,cpu      ] GC(80) User=0.86s Sys=0.00s Real=0.26s
[2025-06-24T17:12:55.266+0000][1][safepoint   ] Safepoint "G1CollectForAllocation", Time since last: 45492997131 ns, Reaching safepoint: 841499 ns, Cleanup: 564882 ns, At safepoint: 267685986 ns, Total: 269092367 ns
[2025-06-24T17:12:55.267+0000][1][gc          ] GC(81) Concurrent Mark Cycle
[2025-06-24T17:12:55.268+0000][1][gc,marking  ] GC(81) Concurrent Scan Root Regions
[2025-06-24T17:12:55.402+0000][1][gc,marking  ] GC(81) Concurrent Scan Root Regions 133.845ms
[2025-06-24T17:12:55.403+0000][1][gc,marking  ] GC(81) Concurrent Mark
[2025-06-24T17:12:55.403+0000][1][gc,marking  ] GC(81) Concurrent Mark From Roots
[2025-06-24T17:12:55.404+0000][1][gc,task     ] GC(81) Using 3 workers of 3 for marking
[2025-06-24T17:12:55.766+0000][1][gc,marking  ] GC(81) Concurrent Mark From Roots 362.834ms
[2025-06-24T17:12:55.767+0000][1][gc,marking  ] GC(81) Concurrent Preclean
[2025-06-24T17:12:55.767+0000][1][gc,marking  ] GC(81) Concurrent Preclean 0.833ms
[2025-06-24T17:12:55.768+0000][1][gc,start    ] GC(81) Pause Remark
[2025-06-24T17:12:56.031+0000][1][gc,mmu      ] GC(81) MMU target violated: 201.0ms (200.0ms/201.0ms)
[2025-06-24T17:12:56.032+0000][1][gc          ] GC(81) Pause Remark 129M->129M(512M) 263.888ms
[2025-06-24T17:12:56.033+0000][1][gc,cpu      ] GC(81) User=2.85s Sys=0.00s Real=0.26s
[2025-06-24T17:12:56.033+0000][1][safepoint   ] Safepoint "G1PauseRemark", Time since last: 502182905 ns, Reaching safepoint: 19819 ns, Cleanup: 3990 ns, At safepoint: 265276233 ns, Total: 265300042 ns
[2025-06-24T17:12:56.035+0000][1][gc,marking  ] GC(81) Concurrent Mark 632.217ms
[2025-06-24T17:12:56.036+0000][1][gc,marking  ] GC(81) Concurrent Rebuild Remembered Sets and Scrub Regions
[2025-06-24T17:12:56.087+0000][1][gc,marking  ] GC(81) Concurrent Rebuild Remembered Sets and Scrub Regions 51.444ms
[2025-06-24T17:12:56.088+0000][1][gc,start    ] GC(81) Pause Cleanup
[2025-06-24T17:12:56.089+0000][1][gc          ] GC(81) Pause Cleanup 129M->129M(512M) 1.062ms
[2025-06-24T17:12:56.090+0000][1][gc,cpu      ] GC(81) User=0.00s Sys=0.00s Real=0.00s
[2025-06-24T17:12:56.091+0000][1][safepoint   ] Safepoint "G1PauseCleanup", Time since last: 54267349 ns, Reaching safepoint: 14046 ns, Cleanup: 65918 ns, At safepoint: 2730479 ns, Total: 2810443 ns
[2025-06-24T17:12:56.091+0000][1][gc,marking  ] GC(81) Concurrent Clear Claimed Marks
[2025-06-24T17:12:56.092+0000][1][gc,marking  ] GC(81) Concurrent Clear Claimed Marks 0.886ms
[2025-06-24T17:12:56.093+0000][1][gc,marking  ] GC(81) Concurrent Cleanup for Next Mark
[2025-06-24T17:12:56.103+0000][1][gc,marking  ] GC(81) Concurrent Cleanup for Next Mark 9.844ms
[2025-06-24T17:12:56.103+0000][1][gc          ] GC(81) Concurrent Mark Cycle 836.466ms
[2025-06-24T17:13:15.104+0000][1][safepoint   ] Safepoint "Cleanup", Time since last: 19012662987 ns, Reaching safepoint: 463328 ns, Cleanup: 42985 ns, At safepoint: 23247 ns, Total: 529560 ns
[2025-06-24T17:13:37.965+0000][1][safepoint   ] Safepoint "Cleanup", Time since last: 23017710468 ns, Reaching safepoint: 470606 ns, Cleanup: 33595 ns, At safepoint: 16472 ns, Total: 520673 ns
[2025-06-24T17:15:02.509+0000][1][safepoint   ] Safepoint "Cleanup", Time since last: 85092706753 ns, Reaching safepoint: 10234216 ns, Cleanup: 986921 ns, At safepoint: 446697 ns, Total: 11667834 ns
[2025-06-24T17:18:33.406+0000][1][safepoint   ] Safepoint "Cleanup", Time since last: 212209082210 ns, Reaching safepoint: 6704517 ns, Cleanup: 1334747 ns, At safepoint: 925071 ns, Total: 8964335 ns
[2025-06-24T17:18:38.420+0000][1][safepoint   ] Safepoint "Cleanup", Time since last: 5015785742 ns, Reaching safepoint: 96891 ns, Cleanup: 15868 ns, At safepoint: 5692 ns, Total: 118451 ns
[2025-06-24T17:20:20.144+0000][1][gc,start    ] GC(82) Pause Young (Prepare Mixed) (G1 Evacuation Pause)
[2025-06-24T17:20:20.179+0000][1][gc,task     ] GC(82) Using 13 workers of 13 for evacuation
[2025-06-24T17:20:20.182+0000][1][gc,age      ] GC(82) Desired survivor size 18874368 bytes, new threshold 15 (max threshold 15)
[2025-06-24T17:20:45.848+0000][1][gc,mmu      ] GC(82) MMU target violated: 201.0ms (200.0ms/201.0ms)
[2025-06-24T17:20:45.851+0000][1][gc,phases   ] GC(82)   Pre Evacuate Collection Set: 254.8ms
[2025-06-24T17:20:45.853+0000][1][gc,phases   ] GC(82)   Merge Heap Roots: 42.3ms
[2025-06-24T17:20:45.857+0000][1][gc,phases   ] GC(82)   Evacuate Collection Set: 26298.7ms
[2025-06-24T17:20:45.860+0000][1][gc,phases   ] GC(82)   Post Evacuate Collection Set: 132.1ms
[2025-06-24T17:20:45.863+0000][1][gc,phases   ] GC(82)   Other: 32.9ms
[2025-06-24T17:20:45.865+0000][1][gc,age      ] GC(82) Age table with threshold 15 (max threshold 15)
[2025-06-24T17:20:45.866+0000][1][gc,age      ] GC(82) - age   1:     472352 bytes,     472352 total
[2025-06-24T17:20:45.867+0000][1][gc,age      ] GC(82) - age   2:       3352 bytes,     475704 total
[2025-06-24T17:20:45.868+0000][1][gc,age      ] GC(82) - age   4:      49696 bytes,     525400 total
[2025-06-24T17:20:45.884+0000][1][gc,age      ] GC(82) - age   5:     312816 bytes,     838216 total
[2025-06-24T17:20:45.886+0000][1][gc,age      ] GC(82) - age   6:       6304 bytes,     844520 total
[2025-06-24T17:20:45.887+0000][1][gc,age      ] GC(82) - age   7:       9088 bytes,     853608 total
[2025-06-24T17:20:45.888+0000][1][gc,age      ] GC(82) - age   8:       2728 bytes,     856336 total
[2025-06-24T17:20:45.889+0000][1][gc,age      ] GC(82) - age   9:     118864 bytes,     975200 total
[2025-06-24T17:20:45.891+0000][1][gc,age      ] GC(82) - age  10:       2232 bytes,     977432 total
[2025-06-24T17:20:45.893+0000][1][gc,age      ] GC(82) - age  11:       1680 bytes,     979112 total
[2025-06-24T17:20:45.894+0000][1][gc,age      ] GC(82) - age  12:       1960 bytes,     981072 total
[2025-06-24T17:20:45.895+0000][1][gc,age      ] GC(82) - age  13:     122016 bytes,    1103088 total
[2025-06-24T17:20:45.896+0000][1][gc,age      ] GC(82) - age  14:      16400 bytes,    1119488 total
[2025-06-24T17:20:45.900+0000][1][gc,age      ] GC(82) - age  15:        336 bytes,    1119824 total
[2025-06-24T17:20:45.902+0000][1][gc,heap     ] GC(82) Eden regions: 282->0(23)
[2025-06-24T17:20:45.903+0000][1][gc,heap     ] GC(82) Survivor regions: 1->2(36)
[2025-06-24T17:20:45.905+0000][1][gc,heap     ] GC(82) Old regions: 117->117
[2025-06-24T17:20:45.907+0000][1][gc,heap     ] GC(82) Humongous regions: 8->8
[2025-06-24T17:20:45.911+0000][1][gc,metaspace] GC(82) Metaspace: 158583K(161600K)->158583K(161600K) NonClass: 139478K(140608K)->139478K(140608K) Class: 19105K(20992K)->19105K(20992K)
[2025-06-24T17:20:45.917+0000][1][gc          ] GC(82) Pause Young (Prepare Mixed) (G1 Evacuation Pause) 407M->125M(512M) 26853.419ms
[2025-06-24T17:20:45.919+0000][1][gc,cpu      ] GC(82) User=157.07s Sys=24.84s Real=26.89s
[2025-06-24T17:20:45.925+0000][1][safepoint   ] Safepoint "G1CollectForAllocation", Time since last: 102199971705 ns, Reaching safepoint: 73108478 ns, Cleanup: 119881254 ns, At safepoint: 26923370637 ns, Total: 27116360369 ns
[2025-06-24T17:21:16.127+0000][1][gc,start    ] GC(83) Pause Young (Mixed) (G1 Evacuation Pause)
[2025-06-24T17:21:16.130+0000][1][gc,task     ] GC(83) Using 13 workers of 13 for evacuation
[2025-06-24T17:21:16.131+0000][1][gc,age      ] GC(83) Desired survivor size 2097152 bytes, new threshold 15 (max threshold 15)
[2025-06-24T17:21:16.390+0000][1][gc,mmu      ] GC(83) MMU target violated: 201.0ms (200.0ms/201.0ms)
[2025-06-24T17:21:16.392+0000][1][gc,phases   ] GC(83)   Pre Evacuate Collection Set: 9.7ms
[2025-06-24T17:21:16.393+0000][1][gc,phases   ] GC(83)   Merge Heap Roots: 1.7ms
[2025-06-24T17:21:16.393+0000][1][gc,phases   ] GC(83)   Evacuate Collection Set: 233.9ms
[2025-06-24T17:21:16.394+0000][1][gc,phases   ] GC(83)   Post Evacuate Collection Set: 12.5ms
[2025-06-24T17:21:16.394+0000][1][gc,phases   ] GC(83)   Other: 5.3ms
[2025-06-24T17:21:16.395+0000][1][gc,age      ] GC(83) Age table with threshold 15 (max threshold 15)
[2025-06-24T17:21:16.396+0000][1][gc,age      ] GC(83) - age   1:     375168 bytes,     375168 total
[2025-06-24T17:21:16.396+0000][1][gc,age      ] GC(83) - age   2:      44544 bytes,     419712 total
[2025-06-24T17:21:16.397+0000][1][gc,age      ] GC(83) - age   3:       3160 bytes,     422872 total
[2025-06-24T17:21:16.398+0000][1][gc,age      ] GC(83) - age   5:      49696 bytes,     472568 total
[2025-06-24T17:21:16.398+0000][1][gc,age      ] GC(83) - age   6:     118680 bytes,     591248 total
[2025-06-24T17:21:16.399+0000][1][gc,age      ] GC(83) - age   7:       6304 bytes,     597552 total
[2025-06-24T17:21:16.399+0000][1][gc,age      ] GC(83) - age   8:       9088 bytes,     606640 total
[2025-06-24T17:21:16.400+0000][1][gc,age      ] GC(83) - age   9:       2728 bytes,     609368 total
[2025-06-24T17:21:16.400+0000][1][gc,age      ] GC(83) - age  10:     118832 bytes,     728200 total
[2025-06-24T17:21:16.401+0000][1][gc,age      ] GC(83) - age  11:       2232 bytes,     730432 total
[2025-06-24T17:21:16.401+0000][1][gc,age      ] GC(83) - age  12:       1680 bytes,     732112 total
[2025-06-24T17:21:16.402+0000][1][gc,age      ] GC(83) - age  13:       1960 bytes,     734072 total
[2025-06-24T17:21:16.403+0000][1][gc,age      ] GC(83) - age  14:     122016 bytes,     856088 total
[2025-06-24T17:21:16.404+0000][1][gc,age      ] GC(83) - age  15:      16400 bytes,     872488 total
[2025-06-24T17:21:16.405+0000][1][gc,heap     ] GC(83) Eden regions: 23->0(24)
[2025-06-24T17:21:16.407+0000][1][gc,heap     ] GC(83) Survivor regions: 2->1(4)
[2025-06-24T17:21:16.408+0000][1][gc,heap     ] GC(83) Old regions: 117->117
[2025-06-24T17:21:16.409+0000][1][gc,heap     ] GC(83) Humongous regions: 8->8
[2025-06-24T17:21:16.410+0000][1][gc,metaspace] GC(83) Metaspace: 158592K(161600K)->158592K(161600K) NonClass: 139487K(140608K)->139487K(140608K) Class: 19105K(20992K)->19105K(20992K)
[2025-06-24T17:21:16.411+0000][1][gc          ] GC(83) Pause Young (Mixed) (G1 Evacuation Pause) 148M->125M(512M) 284.311ms
[2025-06-24T17:21:16.412+0000][1][gc,cpu      ] GC(83) User=1.17s Sys=0.04s Real=0.29s
[2025-06-24T17:21:16.413+0000][1][safepoint   ] Safepoint "G1CollectForAllocation", Time since last: 29757062496 ns, Reaching safepoint: 1998819 ns, Cleanup: 837340 ns, At safepoint: 286961377 ns, Total: 289797536 ns
[2025-06-24T17:21:54.107+0000][1][gc,start    ] GC(84) Pause Young (Mixed) (G1 Evacuation Pause)
[2025-06-24T17:21:54.116+0000][1][gc,task     ] GC(84) Using 13 workers of 13 for evacuation
[2025-06-24T17:21:54.117+0000][1][gc,age      ] GC(84) Desired survivor size 2097152 bytes, new threshold 15 (max threshold 15)
[2025-06-24T17:21:54.713+0000][1][gc,mmu      ] GC(84) MMU target violated: 201.0ms (200.0ms/201.0ms)
[2025-06-24T17:21:54.719+0000][1][gc,phases   ] GC(84)   Pre Evacuate Collection Set: 20.8ms
[2025-06-24T17:21:54.724+0000][1][gc,phases   ] GC(84)   Merge Heap Roots: 3.9ms
[2025-06-24T17:21:54.726+0000][1][gc,phases   ] GC(84)   Evacuate Collection Set: 522.6ms
[2025-06-24T17:21:54.729+0000][1][gc,phases   ] GC(84)   Post Evacuate Collection Set: 44.3ms
[2025-06-24T17:21:54.740+0000][1][gc,phases   ] GC(84)   Other: 13.3ms
[2025-06-24T17:21:54.742+0000][1][gc,age      ] GC(84) Age table with threshold 15 (max threshold 15)
[2025-06-24T17:21:54.748+0000][1][gc,age      ] GC(84) - age   1:      37432 bytes,      37432 total
[2025-06-24T17:21:54.758+0000][1][gc,age      ] GC(84) - age   2:     356992 bytes,     394424 total
[2025-06-24T17:21:54.776+0000][1][gc,age      ] GC(84) - age   3:      44296 bytes,     438720 total
[2025-06-24T17:21:54.781+0000][1][gc,age      ] GC(84) - age   4:       2968 bytes,     441688 total
[2025-06-24T17:21:54.785+0000][1][gc,age      ] GC(84) - age   6:      49696 bytes,     491384 total
[2025-06-24T17:21:54.786+0000][1][gc,age      ] GC(84) - age   7:     118680 bytes,     610064 total
[2025-06-24T17:21:54.793+0000][1][gc,age      ] GC(84) - age   8:       6304 bytes,     616368 total
[2025-06-24T17:21:54.797+0000][1][gc,age      ] GC(84) - age   9:       9088 bytes,     625456 total
[2025-06-24T17:21:54.804+0000][1][gc,age      ] GC(84) - age  10:       2728 bytes,     628184 total
[2025-06-24T17:21:54.814+0000][1][gc,age      ] GC(84) - age  11:     118832 bytes,     747016 total
[2025-06-24T17:21:54.824+0000][1][gc,age      ] GC(84) - age  12:       2232 bytes,     749248 total
[2025-06-24T17:21:54.842+0000][1][gc,age      ] GC(84) - age  13:       1680 bytes,     750928 total
[2025-06-24T17:21:54.852+0000][1][gc,age      ] GC(84) - age  14:       1960 bytes,     752888 total
[2025-06-24T17:21:54.863+0000][1][gc,age      ] GC(84) - age  15:     122016 bytes,     874904 total
[2025-06-24T17:21:54.875+0000][1][gc,heap     ] GC(84) Eden regions: 24->0(24)
[2025-06-24T17:21:54.883+0000][1][gc,heap     ] GC(84) Survivor regions: 1->1(4)
[2025-06-24T17:21:54.885+0000][1][gc,heap     ] GC(84) Old regions: 117->116
[2025-06-24T17:21:54.886+0000][1][gc,heap     ] GC(84) Humongous regions: 8->8
[2025-06-24T17:21:54.890+0000][1][gc,metaspace] GC(84) Metaspace: 158592K(161600K)->158592K(161600K) NonClass: 139487K(140608K)->139487K(140608K) Class: 19105K(20992K)->19105K(20992K)
[2025-06-24T17:21:54.900+0000][1][gc          ] GC(84) Pause Young (Mixed) (G1 Evacuation Pause) 149M->124M(512M) 793.443ms
[2025-06-24T17:21:54.904+0000][1][gc,cpu      ] GC(84) User=3.67s Sys=0.02s Real=0.80s
[2025-06-24T17:21:54.910+0000][1][safepoint   ] Safepoint "G1CollectForAllocation", Time since last: 37850213663 ns, Reaching safepoint: 13529912 ns, Cleanup: 2431116 ns, At safepoint: 805266295 ns, Total: 821227323 ns
[2025-06-24T17:22:33.742+0000][1][gc,start    ] GC(85) Pause Young (Mixed) (G1 Evacuation Pause)
[2025-06-24T17:22:33.746+0000][1][gc,task     ] GC(85) Using 13 workers of 13 for evacuation
[2025-06-24T17:22:33.747+0000][1][gc,age      ] GC(85) Desired survivor size 2097152 bytes, new threshold 15 (max threshold 15)
[2025-06-24T17:22:33.858+0000][1][gc,phases   ] GC(85)   Pre Evacuate Collection Set: 7.5ms
[2025-06-24T17:22:33.859+0000][1][gc,phases   ] GC(85)   Merge Heap Roots: 1.3ms
[2025-06-24T17:22:33.859+0000][1][gc,phases   ] GC(85)   Evacuate Collection Set: 87.9ms
[2025-06-24T17:22:33.859+0000][1][gc,phases   ] GC(85)   Post Evacuate Collection Set: 12.0ms
[2025-06-24T17:22:33.860+0000][1][gc,phases   ] GC(85)   Other: 4.3ms
[2025-06-24T17:22:33.860+0000][1][gc,age      ] GC(85) Age table with threshold 15 (max threshold 15)
[2025-06-24T17:22:33.860+0000][1][gc,age      ] GC(85) - age   1:      18128 bytes,      18128 total
[2025-06-24T17:22:33.860+0000][1][gc,age      ] GC(85) - age   2:       6408 bytes,      24536 total
[2025-06-24T17:22:33.861+0000][1][gc,age      ] GC(85) - age   3:     356808 bytes,     381344 total
[2025-06-24T17:22:33.861+0000][1][gc,age      ] GC(85) - age   4:      44168 bytes,     425512 total
[2025-06-24T17:22:33.861+0000][1][gc,age      ] GC(85) - age   5:       2968 bytes,     428480 total
[2025-06-24T17:22:33.862+0000][1][gc,age      ] GC(85) - age   7:      49696 bytes,     478176 total
[2025-06-24T17:22:33.862+0000][1][gc,age      ] GC(85) - age   8:     118680 bytes,     596856 total
[2025-06-24T17:22:33.862+0000][1][gc,age      ] GC(85) - age   9:       6304 bytes,     603160 total
[2025-06-24T17:22:33.863+0000][1][gc,age      ] GC(85) - age  10:       9088 bytes,     612248 total
[2025-06-24T17:22:33.863+0000][1][gc,age      ] GC(85) - age  11:       2728 bytes,     614976 total
[2025-06-24T17:22:33.864+0000][1][gc,age      ] GC(85) - age  12:     118832 bytes,     733808 total
[2025-06-24T17:22:33.864+0000][1][gc,age      ] GC(85) - age  13:       2232 bytes,     736040 total
[2025-06-24T17:22:33.864+0000][1][gc,age      ] GC(85) - age  14:       1680 bytes,     737720 total
[2025-06-24T17:22:33.865+0000][1][gc,age      ] GC(85) - age  15:       1960 bytes,     739680 total
[2025-06-24T17:22:33.866+0000][1][gc,heap     ] GC(85) Eden regions: 24->0(24)
[2025-06-24T17:22:33.866+0000][1][gc,heap     ] GC(85) Survivor regions: 1->1(4)
[2025-06-24T17:22:33.867+0000][1][gc,heap     ] GC(85) Old regions: 116->116
[2025-06-24T17:22:33.867+0000][1][gc,heap     ] GC(85) Humongous regions: 8->8
[2025-06-24T17:22:33.867+0000][1][gc,metaspace] GC(85) Metaspace: 158592K(161600K)->158592K(161600K) NonClass: 139487K(140608K)->139487K(140608K) Class: 19105K(20992K)->19105K(20992K)
[2025-06-24T17:22:33.868+0000][1][gc          ] GC(85) Pause Young (Mixed) (G1 Evacuation Pause) 148M->124M(512M) 126.175ms
[2025-06-24T17:22:33.868+0000][1][gc,cpu      ] GC(85) User=0.79s Sys=0.00s Real=0.13s
[2025-06-24T17:22:33.869+0000][1][safepoint   ] Safepoint "G1CollectForAllocation", Time since last: 39227227664 ns, Reaching safepoint: 2972163 ns, Cleanup: 1222852 ns, At safepoint: 127509859 ns, Total: 131704874 ns
[2025-06-24T17:23:11.907+0000][1][gc,start    ] GC(86) Pause Young (Concurrent Start) (G1 Evacuation Pause)
[2025-06-24T17:23:11.910+0000][1][gc,task     ] GC(86) Using 13 workers of 13 for evacuation
[2025-06-24T17:23:11.911+0000][1][gc,age      ] GC(86) Desired survivor size 2097152 bytes, new threshold 15 (max threshold 15)
[2025-06-24T17:23:12.003+0000][1][gc,phases   ] GC(86)   Pre Evacuate Collection Set: 3.2ms
[2025-06-24T17:23:12.004+0000][1][gc,phases   ] GC(86)   Merge Heap Roots: 0.5ms
[2025-06-24T17:23:12.004+0000][1][gc,phases   ] GC(86)   Evacuate Collection Set: 84.8ms
[2025-06-24T17:23:12.005+0000][1][gc,phases   ] GC(86)   Post Evacuate Collection Set: 1.8ms
[2025-06-24T17:23:12.005+0000][1][gc,phases   ] GC(86)   Other: 2.9ms
[2025-06-24T17:23:12.006+0000][1][gc,age      ] GC(86) Age table with threshold 15 (max threshold 15)
[2025-06-24T17:23:12.006+0000][1][gc,age      ] GC(86) - age   1:      18624 bytes,      18624 total
[2025-06-24T17:23:12.007+0000][1][gc,age      ] GC(86) - age   2:        464 bytes,      19088 total
[2025-06-24T17:23:12.007+0000][1][gc,age      ] GC(86) - age   3:       5784 bytes,      24872 total
[2025-06-24T17:23:12.008+0000][1][gc,age      ] GC(86) - age   4:     356624 bytes,     381496 total
[2025-06-24T17:23:12.008+0000][1][gc,age      ] GC(86) - age   5:      44040 bytes,     425536 total
[2025-06-24T17:23:12.008+0000][1][gc,age      ] GC(86) - age   6:       2968 bytes,     428504 total
[2025-06-24T17:23:12.009+0000][1][gc,age      ] GC(86) - age   8:      49696 bytes,     478200 total
[2025-06-24T17:23:12.009+0000][1][gc,age      ] GC(86) - age   9:     118680 bytes,     596880 total
[2025-06-24T17:23:12.010+0000][1][gc,age      ] GC(86) - age  10:       6304 bytes,     603184 total
[2025-06-24T17:23:12.010+0000][1][gc,age      ] GC(86) - age  11:       9088 bytes,     612272 total
[2025-06-24T17:23:12.010+0000][1][gc,age      ] GC(86) - age  12:       2728 bytes,     615000 total
[2025-06-24T17:23:12.011+0000][1][gc,age      ] GC(86) - age  13:     118832 bytes,     733832 total
[2025-06-24T17:23:12.011+0000][1][gc,age      ] GC(86) - age  14:       2232 bytes,     736064 total
[2025-06-24T17:23:12.012+0000][1][gc,age      ] GC(86) - age  15:       1680 bytes,     737744 total
[2025-06-24T17:23:12.012+0000][1][gc,heap     ] GC(86) Eden regions: 24->0(24)
[2025-06-24T17:23:12.013+0000][1][gc,heap     ] GC(86) Survivor regions: 1->1(4)
[2025-06-24T17:23:12.013+0000][1][gc,heap     ] GC(86) Old regions: 116->116
[2025-06-24T17:23:12.013+0000][1][gc,heap     ] GC(86) Humongous regions: 8->8
[2025-06-24T17:23:12.014+0000][1][gc,metaspace] GC(86) Metaspace: 158592K(161600K)->158592K(161600K) NonClass: 139487K(140608K)->139487K(140608K) Class: 19105K(20992K)->19105K(20992K)
[2025-06-24T17:23:12.014+0000][1][gc          ] GC(86) Pause Young (Concurrent Start) (G1 Evacuation Pause) 148M->124M(512M) 107.103ms
[2025-06-24T17:23:12.015+0000][1][gc,cpu      ] GC(86) User=0.27s Sys=0.00s Real=0.11s
[2025-06-24T17:23:12.016+0000][1][safepoint   ] Safepoint "G1CollectForAllocation", Time since last: 38229901465 ns, Reaching safepoint: 171803 ns, Cleanup: 12756 ns, At safepoint: 108518965 ns, Total: 108703524 ns
[2025-06-24T17:23:12.016+0000][1][gc          ] GC(87) Concurrent Mark Cycle
[2025-06-24T17:23:12.017+0000][1][gc,marking  ] GC(87) Concurrent Scan Root Regions
[2025-06-24T17:23:12.208+0000][1][gc,marking  ] GC(87) Concurrent Scan Root Regions 191.186ms
[2025-06-24T17:23:12.209+0000][1][gc,marking  ] GC(87) Concurrent Mark
[2025-06-24T17:23:12.209+0000][1][gc,marking  ] GC(87) Concurrent Mark From Roots
[2025-06-24T17:23:12.211+0000][1][gc,task     ] GC(87) Using 3 workers of 3 for marking
[2025-06-24T17:23:12.821+0000][1][gc,marking  ] GC(87) Concurrent Mark From Roots 611.288ms
[2025-06-24T17:23:12.821+0000][1][gc,marking  ] GC(87) Concurrent Preclean
[2025-06-24T17:23:12.822+0000][1][gc,marking  ] GC(87) Concurrent Preclean 0.705ms
[2025-06-24T17:23:12.823+0000][1][gc,start    ] GC(87) Pause Remark
[2025-06-24T17:23:13.113+0000][1][gc,mmu      ] GC(87) MMU target violated: 201.0ms (200.0ms/201.0ms)
[2025-06-24T17:23:13.114+0000][1][gc          ] GC(87) Pause Remark 125M->125M(512M) 290.825ms
[2025-06-24T17:23:13.115+0000][1][gc,cpu      ] GC(87) User=3.22s Sys=0.00s Real=0.29s
[2025-06-24T17:23:13.116+0000][1][safepoint   ] Safepoint "G1PauseRemark", Time since last: 807037812 ns, Reaching safepoint: 46375 ns, Cleanup: 5615 ns, At safepoint: 292736290 ns, Total: 292788280 ns
[2025-06-24T17:23:13.116+0000][1][gc,marking  ] GC(87) Concurrent Mark 907.476ms
[2025-06-24T17:23:13.119+0000][1][gc,marking  ] GC(87) Concurrent Rebuild Remembered Sets and Scrub Regions
[2025-06-24T17:23:13.176+0000][1][gc,marking  ] GC(87) Concurrent Rebuild Remembered Sets and Scrub Regions 58.099ms
[2025-06-24T17:23:13.177+0000][1][gc,start    ] GC(87) Pause Cleanup
[2025-06-24T17:23:13.181+0000][1][gc          ] GC(87) Pause Cleanup 125M->125M(512M) 3.535ms
[2025-06-24T17:23:13.181+0000][1][gc,cpu      ] GC(87) User=0.00s Sys=0.00s Real=0.01s
[2025-06-24T17:23:13.182+0000][1][safepoint   ] Safepoint "G1PauseCleanup", Time since last: 61509688 ns, Reaching safepoint: 16192 ns, Cleanup: 30825 ns, At safepoint: 5282902 ns, Total: 5329919 ns
[2025-06-24T17:23:13.183+0000][1][gc,marking  ] GC(87) Concurrent Clear Claimed Marks
[2025-06-24T17:23:13.184+0000][1][gc,marking  ] GC(87) Concurrent Clear Claimed Marks 1.036ms
[2025-06-24T17:23:13.185+0000][1][gc,marking  ] GC(87) Concurrent Cleanup for Next Mark
[2025-06-24T17:23:13.193+0000][1][gc,marking  ] GC(87) Concurrent Cleanup for Next Mark 7.907ms
[2025-06-24T17:23:13.194+0000][1][gc          ] GC(87) Concurrent Mark Cycle 1177.897ms
[2025-06-24T17:23:50.980+0000][1][gc,start    ] GC(88) Pause Young (Prepare Mixed) (G1 Evacuation Pause)
[2025-06-24T17:23:50.982+0000][1][gc,task     ] GC(88) Using 13 workers of 13 for evacuation
[2025-06-24T17:23:50.983+0000][1][gc,age      ] GC(88) Desired survivor size 2097152 bytes, new threshold 15 (max threshold 15)
[2025-06-24T17:23:50.993+0000][1][gc,phases   ] GC(88)   Pre Evacuate Collection Set: 1.3ms
[2025-06-24T17:23:50.994+0000][1][gc,phases   ] GC(88)   Merge Heap Roots: 0.6ms
[2025-06-24T17:23:50.995+0000][1][gc,phases   ] GC(88)   Evacuate Collection Set: 6.2ms
[2025-06-24T17:23:50.995+0000][1][gc,phases   ] GC(88)   Post Evacuate Collection Set: 1.5ms
[2025-06-24T17:23:50.996+0000][1][gc,phases   ] GC(88)   Other: 2.0ms
[2025-06-24T17:23:50.996+0000][1][gc,age      ] GC(88) Age table with threshold 15 (max threshold 15)
[2025-06-24T17:23:50.997+0000][1][gc,age      ] GC(88) - age   1:      35808 bytes,      35808 total
[2025-06-24T17:23:50.998+0000][1][gc,age      ] GC(88) - age   2:        464 bytes,      36272 total
[2025-06-24T17:23:50.998+0000][1][gc,age      ] GC(88) - age   3:        248 bytes,      36520 total
[2025-06-24T17:23:50.999+0000][1][gc,age      ] GC(88) - age   4:       5784 bytes,      42304 total
[2025-06-24T17:23:50.999+0000][1][gc,age      ] GC(88) - age   5:     356528 bytes,     398832 total
[2025-06-24T17:23:51.000+0000][1][gc,age      ] GC(88) - age   6:      44008 bytes,     442840 total
[2025-06-24T17:23:51.001+0000][1][gc,age      ] GC(88) - age   7:       2968 bytes,     445808 total
[2025-06-24T17:23:51.001+0000][1][gc,age      ] GC(88) - age   9:      49696 bytes,     495504 total
[2025-06-24T17:23:51.001+0000][1][gc,age      ] GC(88) - age  10:     118680 bytes,     614184 total
[2025-06-24T17:23:51.002+0000][1][gc,age      ] GC(88) - age  11:       6304 bytes,     620488 total
[2025-06-24T17:23:51.003+0000][1][gc,age      ] GC(88) - age  12:       9088 bytes,     629576 total
[2025-06-24T17:23:51.003+0000][1][gc,age      ] GC(88) - age  13:       2728 bytes,     632304 total
[2025-06-24T17:23:51.004+0000][1][gc,age      ] GC(88) - age  14:     118832 bytes,     751136 total
[2025-06-24T17:23:51.004+0000][1][gc,age      ] GC(88) - age  15:       2232 bytes,     753368 total
[2025-06-24T17:23:51.005+0000][1][gc,heap     ] GC(88) Eden regions: 24->0(283)
[2025-06-24T17:23:51.007+0000][1][gc,heap     ] GC(88) Survivor regions: 1->1(4)
[2025-06-24T17:23:51.008+0000][1][gc,heap     ] GC(88) Old regions: 116->116
[2025-06-24T17:23:51.009+0000][1][gc,heap     ] GC(88) Humongous regions: 8->8
[2025-06-24T17:23:51.010+0000][1][gc,metaspace] GC(88) Metaspace: 158592K(161600K)->158592K(161600K) NonClass: 139487K(140608K)->139487K(140608K) Class: 19105K(20992K)->19105K(20992K)
[2025-06-24T17:23:51.011+0000][1][gc          ] GC(88) Pause Young (Prepare Mixed) (G1 Evacuation Pause) 148M->124M(512M) 30.163ms
[2025-06-24T17:23:51.011+0000][1][gc,cpu      ] GC(88) User=0.06s Sys=0.02s Real=0.03s
[2025-06-24T17:23:51.012+0000][1][safepoint   ] Safepoint "G1CollectForAllocation", Time since last: 37995938550 ns, Reaching safepoint: 229580 ns, Cleanup: 9107 ns, At safepoint: 31750317 ns, Total: 31989004 ns
[2025-06-24T17:25:45.040+0000][1][safepoint   ] Safepoint "Cleanup", Time since last: 114747822648 ns, Reaching safepoint: 5105528 ns, Cleanup: 4459920 ns, At safepoint: 64967 ns, Total: 9630415 ns
