[2025-06-24T13:11:41.057+0000][239][gc,init] CardTable entry size: 512
[2025-06-24T13:11:41.059+0000][239][gc     ] Using G1
[2025-06-24T13:11:41.066+0000][239][gc,init] Version: 21.0.6+7-LTS (release)
[2025-06-24T13:11:41.067+0000][239][gc,init] CPUs: 16 total, 16 available
[2025-06-24T13:11:41.067+0000][239][gc,init] Memory: 2048M
[2025-06-24T13:11:41.067+0000][239][gc,init] Large Page Support: Disabled
[2025-06-24T13:11:41.068+0000][239][gc,init] NUMA Support: Disabled
[2025-06-24T13:11:41.068+0000][239][gc,init] Compressed Oops: Enabled (32-bit)
[2025-06-24T13:11:41.069+0000][239][gc,init] Heap Region Size: 1M
[2025-06-24T13:11:41.070+0000][239][gc,init] Heap Min Capacity: 512M
[2025-06-24T13:11:41.071+0000][239][gc,init] Heap Initial Capacity: 512M
[2025-06-24T13:11:41.071+0000][239][gc,init] Heap Max Capacity: 512M
[2025-06-24T13:11:41.072+0000][239][gc,init] Pre-touch: Disabled
[2025-06-24T13:11:41.072+0000][239][gc,init] Parallel Workers: 13
[2025-06-24T13:11:41.072+0000][239][gc,init] Concurrent Workers: 3
[2025-06-24T13:11:41.073+0000][239][gc,init] Concurrent Refinement Workers: 13
[2025-06-24T13:11:41.073+0000][239][gc,init] Periodic GC: Disabled
[2025-06-24T13:11:41.073+0000][239][gc,metaspace] CDS archive(s) not mapped
[2025-06-24T13:11:41.074+0000][239][gc,metaspace] Compressed class space mapped at: 0x0000000100000000-0x0000000140000000, reserved size: 1073741824
[2025-06-24T13:11:41.074+0000][239][gc,metaspace] Narrow klass base: 0x0000000000000000, Narrow klass shift: 3, Narrow klass range: 0x140000000
[2025-06-24T13:11:41.455+0000][239][gc,heap,exit] Heap
[2025-06-24T13:11:41.456+0000][239][gc,heap,exit]  garbage-first heap   total 524288K, used 4096K [0x00000000e0000000, 0x0000000100000000)
[2025-06-24T13:11:41.456+0000][239][gc,heap,exit]   region size 1024K, 4 young (4096K), 0 survivors (0K)
[2025-06-24T13:11:41.457+0000][239][gc,heap,exit]  Metaspace       used 5742K, committed 5888K, reserved 1114112K
[2025-06-24T13:11:41.457+0000][239][gc,heap,exit]   class space    used 452K, committed 512K, reserved 1048576K
