[2025-06-23T09:50:25.027+0000][1][gc,init] CardTable entry size: 512
[2025-06-23T09:50:25.028+0000][1][gc     ] Using G1
[2025-06-23T09:50:25.352+0000][1][gc,init] Version: 21.0.6+7-LTS (release)
[2025-06-23T09:50:25.352+0000][1][gc,init] CPUs: 16 total, 16 available
[2025-06-23T09:50:25.353+0000][1][gc,init] Memory: 2048M
[2025-06-23T09:50:25.354+0000][1][gc,init] Large Page Support: Disabled
[2025-06-23T09:50:25.355+0000][1][gc,init] NUMA Support: Disabled
[2025-06-23T09:50:25.355+0000][1][gc,init] Compressed Oops: Enabled (32-bit)
[2025-06-23T09:50:25.355+0000][1][gc,init] Heap Region Size: 1M
[2025-06-23T09:50:25.355+0000][1][gc,init] Heap Min Capacity: 512M
[2025-06-23T09:50:25.356+0000][1][gc,init] Heap Initial Capacity: 512M
[2025-06-23T09:50:25.356+0000][1][gc,init] Heap Max Capacity: 512M
[2025-06-23T09:50:25.356+0000][1][gc,init] Pre-touch: Enabled
[2025-06-23T09:50:25.357+0000][1][gc,init] Parallel Workers: 13
[2025-06-23T09:50:25.357+0000][1][gc,init] Concurrent Workers: 3
[2025-06-23T09:50:25.357+0000][1][gc,init] Concurrent Refinement Workers: 13
[2025-06-23T09:50:25.357+0000][1][gc,init] Periodic GC: Disabled
[2025-06-23T09:50:25.384+0000][1][gc,metaspace] CDS archive(s) mapped at: [0x00007f2157000000-0x00007f2157c97000-0x00007f2157c97000), size 13201408, SharedBaseAddress: 0x00007f2157000000, ArchiveRelocationMode: 1.
[2025-06-23T09:50:25.385+0000][1][gc,metaspace] Compressed class space mapped at: 0x00007f2158000000-0x00007f2198000000, reserved size: 1073741824
[2025-06-23T09:50:25.385+0000][1][gc,metaspace] Narrow klass base: 0x00007f2157000000, Narrow klass shift: 0, Narrow klass range: 0x100000000
[2025-06-23T09:50:26.335+0000][1][safepoint   ] Safepoint "ICBufferFull", Time since last: 942350463 ns, Reaching safepoint: 275551 ns, Cleanup: 250226 ns, At safepoint: 50235 ns, Total: 576012 ns
[2025-06-23T09:50:27.253+0000][1][gc,start    ] GC(0) Pause Young (Normal) (G1 Evacuation Pause)
[2025-06-23T09:50:27.260+0000][1][gc,task     ] GC(0) Using 12 workers of 13 for evacuation
[2025-06-23T09:50:27.261+0000][1][gc,age      ] GC(0) Desired survivor size 2097152 bytes, new threshold 15 (max threshold 15)
[2025-06-23T09:50:27.280+0000][1][gc,phases   ] GC(0)   Pre Evacuate Collection Set: 3.0ms
[2025-06-23T09:50:27.282+0000][1][gc,phases   ] GC(0)   Merge Heap Roots: 2.2ms
[2025-06-23T09:50:27.282+0000][1][gc,phases   ] GC(0)   Evacuate Collection Set: 7.4ms
[2025-06-23T09:50:27.283+0000][1][gc,phases   ] GC(0)   Post Evacuate Collection Set: 2.6ms
[2025-06-23T09:50:27.285+0000][1][gc,phases   ] GC(0)   Other: 5.3ms
[2025-06-23T09:50:27.286+0000][1][gc,age      ] GC(0) Age table with threshold 15 (max threshold 15)
[2025-06-23T09:50:27.288+0000][1][gc,age      ] GC(0) - age   1:    3979704 bytes,    3979704 total
[2025-06-23T09:50:27.289+0000][1][gc,heap     ] GC(0) Eden regions: 25->0(37)
[2025-06-23T09:50:27.289+0000][1][gc,heap     ] GC(0) Survivor regions: 0->4(4)
[2025-06-23T09:50:27.291+0000][1][gc,heap     ] GC(0) Old regions: 2->3
[2025-06-23T09:50:27.291+0000][1][gc,heap     ] GC(0) Humongous regions: 1->1
[2025-06-23T09:50:27.294+0000][1][gc,metaspace] GC(0) Metaspace: 8646K(8896K)->8646K(8896K) NonClass: 7702K(7872K)->7702K(7872K) Class: 944K(1024K)->944K(1024K)
[2025-06-23T09:50:27.296+0000][1][gc          ] GC(0) Pause Young (Normal) (G1 Evacuation Pause) 27M->6M(512M) 42.429ms
[2025-06-23T09:50:27.296+0000][1][gc,cpu      ] GC(0) User=0.04s Sys=0.09s Real=0.04s
[2025-06-23T09:50:27.297+0000][1][safepoint   ] Safepoint "G1CollectForAllocation", Time since last: 917162141 ns, Reaching safepoint: 17096 ns, Cleanup: 225816 ns, At safepoint: 44304703 ns, Total: 44547615 ns
[2025-06-23T09:50:28.520+0000][1][safepoint   ] Safepoint "Cleanup", Time since last: 1222851903 ns, Reaching safepoint: 8838 ns, Cleanup: 116623 ns, At safepoint: 12462 ns, Total: 137923 ns
[2025-06-23T09:50:29.238+0000][1][gc,start    ] GC(1) Pause Young (Normal) (G1 Evacuation Pause)
[2025-06-23T09:50:29.239+0000][1][gc,task     ] GC(1) Using 12 workers of 13 for evacuation
[2025-06-23T09:50:29.239+0000][1][gc,age      ] GC(1) Desired survivor size 3145728 bytes, new threshold 1 (max threshold 15)
[2025-06-23T09:50:29.247+0000][1][gc,phases   ] GC(1)   Pre Evacuate Collection Set: 0.4ms
[2025-06-23T09:50:29.248+0000][1][gc,phases   ] GC(1)   Merge Heap Roots: 0.3ms
[2025-06-23T09:50:29.249+0000][1][gc,phases   ] GC(1)   Evacuate Collection Set: 4.1ms
[2025-06-23T09:50:29.249+0000][1][gc,phases   ] GC(1)   Post Evacuate Collection Set: 2.6ms
[2025-06-23T09:50:29.250+0000][1][gc,phases   ] GC(1)   Other: 1.6ms
[2025-06-23T09:50:29.251+0000][1][gc,age      ] GC(1) Age table with threshold 1 (max threshold 15)
[2025-06-23T09:50:29.251+0000][1][gc,age      ] GC(1) - age   1:    2566184 bytes,    2566184 total
[2025-06-23T09:50:29.252+0000][1][gc,heap     ] GC(1) Eden regions: 37->0(153)
[2025-06-23T09:50:29.252+0000][1][gc,heap     ] GC(1) Survivor regions: 4->3(6)
[2025-06-23T09:50:29.253+0000][1][gc,heap     ] GC(1) Old regions: 3->7
[2025-06-23T09:50:29.254+0000][1][gc,heap     ] GC(1) Humongous regions: 1->1
[2025-06-23T09:50:29.254+0000][1][gc,metaspace] GC(1) Metaspace: 15316K(15616K)->15316K(15616K) NonClass: 13531K(13696K)->13531K(13696K) Class: 1785K(1920K)->1785K(1920K)
[2025-06-23T09:50:29.255+0000][1][gc          ] GC(1) Pause Young (Normal) (G1 Evacuation Pause) 43M->8M(512M) 17.097ms
[2025-06-23T09:50:29.255+0000][1][gc,cpu      ] GC(1) User=0.03s Sys=0.03s Real=0.01s
[2025-06-23T09:50:29.256+0000][1][safepoint   ] Safepoint "G1CollectForAllocation", Time since last: 717506308 ns, Reaching safepoint: 46528 ns, Cleanup: 96619 ns, At safepoint: 18017107 ns, Total: 18160254 ns
[2025-06-23T09:50:30.040+0000][1][gc,start    ] GC(2) Pause Young (Normal) (G1 Evacuation Pause)
[2025-06-23T09:50:30.041+0000][1][gc,task     ] GC(2) Using 12 workers of 13 for evacuation
[2025-06-23T09:50:30.042+0000][1][gc,age      ] GC(2) Desired survivor size 10485760 bytes, new threshold 15 (max threshold 15)
[2025-06-23T09:50:30.050+0000][1][gc,phases   ] GC(2)   Pre Evacuate Collection Set: 0.7ms
[2025-06-23T09:50:30.051+0000][1][gc,phases   ] GC(2)   Merge Heap Roots: 0.3ms
[2025-06-23T09:50:30.051+0000][1][gc,phases   ] GC(2)   Evacuate Collection Set: 4.1ms
[2025-06-23T09:50:30.052+0000][1][gc,phases   ] GC(2)   Post Evacuate Collection Set: 2.1ms
[2025-06-23T09:50:30.053+0000][1][gc,phases   ] GC(2)   Other: 1.6ms
[2025-06-23T09:50:30.054+0000][1][gc,age      ] GC(2) Age table with threshold 15 (max threshold 15)
[2025-06-23T09:50:30.055+0000][1][gc,age      ] GC(2) - age   1:    1143320 bytes,    1143320 total
[2025-06-23T09:50:30.055+0000][1][gc,age      ] GC(2) - age   2:    2440496 bytes,    3583816 total
[2025-06-23T09:50:30.056+0000][1][gc,heap     ] GC(2) Eden regions: 153->0(253)
[2025-06-23T09:50:30.056+0000][1][gc,heap     ] GC(2) Survivor regions: 3->4(20)
[2025-06-23T09:50:30.057+0000][1][gc,heap     ] GC(2) Old regions: 7->7
[2025-06-23T09:50:30.057+0000][1][gc,heap     ] GC(2) Humongous regions: 1->1
[2025-06-23T09:50:30.058+0000][1][gc,metaspace] GC(2) Metaspace: 19940K(20288K)->19940K(20288K) NonClass: 17815K(18048K)->17815K(18048K) Class: 2124K(2240K)->2124K(2240K)
[2025-06-23T09:50:30.058+0000][1][gc          ] GC(2) Pause Young (Normal) (G1 Evacuation Pause) 161M->9M(512M) 17.901ms
[2025-06-23T09:50:30.059+0000][1][gc,cpu      ] GC(2) User=0.06s Sys=0.00s Real=0.02s
[2025-06-23T09:50:30.059+0000][1][safepoint   ] Safepoint "G1CollectForAllocation", Time since last: 795036029 ns, Reaching safepoint: 7989 ns, Cleanup: 95064 ns, At safepoint: 18956250 ns, Total: 19059303 ns
[2025-06-23T09:50:30.651+0000][1][gc,start    ] GC(3) Pause Young (Normal) (G1 Evacuation Pause)
[2025-06-23T09:50:30.652+0000][1][gc,task     ] GC(3) Using 12 workers of 13 for evacuation
[2025-06-23T09:50:30.652+0000][1][gc,age      ] GC(3) Desired survivor size 17301504 bytes, new threshold 15 (max threshold 15)
[2025-06-23T09:50:30.659+0000][1][gc,phases   ] GC(3)   Pre Evacuate Collection Set: 0.3ms
[2025-06-23T09:50:30.660+0000][1][gc,phases   ] GC(3)   Merge Heap Roots: 0.2ms
[2025-06-23T09:50:30.660+0000][1][gc,phases   ] GC(3)   Evacuate Collection Set: 4.3ms
[2025-06-23T09:50:30.661+0000][1][gc,phases   ] GC(3)   Post Evacuate Collection Set: 1.6ms
[2025-06-23T09:50:30.661+0000][1][gc,phases   ] GC(3)   Other: 0.9ms
[2025-06-23T09:50:30.662+0000][1][gc,age      ] GC(3) Age table with threshold 15 (max threshold 15)
[2025-06-23T09:50:30.663+0000][1][gc,age      ] GC(3) - age   1:    1745688 bytes,    1745688 total
[2025-06-23T09:50:30.663+0000][1][gc,age      ] GC(3) - age   2:    1123280 bytes,    2868968 total
[2025-06-23T09:50:30.663+0000][1][gc,age      ] GC(3) - age   3:    2440464 bytes,    5309432 total
[2025-06-23T09:50:30.664+0000][1][gc,heap     ] GC(3) Eden regions: 253->0(301)
[2025-06-23T09:50:30.664+0000][1][gc,heap     ] GC(3) Survivor regions: 4->6(33)
[2025-06-23T09:50:30.664+0000][1][gc,heap     ] GC(3) Old regions: 7->7
[2025-06-23T09:50:30.665+0000][1][gc,heap     ] GC(3) Humongous regions: 1->1
[2025-06-23T09:50:30.665+0000][1][gc,metaspace] GC(3) Metaspace: 20426K(20864K)->20426K(20864K) NonClass: 18238K(18496K)->18238K(18496K) Class: 2188K(2368K)->2188K(2368K)
[2025-06-23T09:50:30.665+0000][1][gc          ] GC(3) Pause Young (Normal) (G1 Evacuation Pause) 262M->11M(512M) 14.021ms
[2025-06-23T09:50:30.665+0000][1][gc,cpu      ] GC(3) User=0.04s Sys=0.03s Real=0.01s
[2025-06-23T09:50:30.666+0000][1][safepoint   ] Safepoint "G1CollectForAllocation", Time since last: 591706448 ns, Reaching safepoint: 11814 ns, Cleanup: 162660 ns, At safepoint: 14541276 ns, Total: 14715750 ns
[2025-06-23T09:50:31.026+0000][1][gc,start    ] GC(4) Pause Young (Concurrent Start) (Metadata GC Threshold)
[2025-06-23T09:50:31.027+0000][1][gc,task     ] GC(4) Using 12 workers of 13 for evacuation
[2025-06-23T09:50:31.027+0000][1][gc,age      ] GC(4) Desired survivor size 20447232 bytes, new threshold 15 (max threshold 15)
[2025-06-23T09:50:31.036+0000][1][gc,phases   ] GC(4)   Pre Evacuate Collection Set: 1.4ms
[2025-06-23T09:50:31.036+0000][1][gc,phases   ] GC(4)   Merge Heap Roots: 0.3ms
[2025-06-23T09:50:31.037+0000][1][gc,phases   ] GC(4)   Evacuate Collection Set: 4.2ms
[2025-06-23T09:50:31.037+0000][1][gc,phases   ] GC(4)   Post Evacuate Collection Set: 1.6ms
[2025-06-23T09:50:31.038+0000][1][gc,phases   ] GC(4)   Other: 1.2ms
[2025-06-23T09:50:31.038+0000][1][gc,age      ] GC(4) Age table with threshold 15 (max threshold 15)
[2025-06-23T09:50:31.039+0000][1][gc,age      ] GC(4) - age   1:    1496440 bytes,    1496440 total
[2025-06-23T09:50:31.039+0000][1][gc,age      ] GC(4) - age   2:    1729312 bytes,    3225752 total
[2025-06-23T09:50:31.039+0000][1][gc,age      ] GC(4) - age   3:    1123248 bytes,    4349000 total
[2025-06-23T09:50:31.040+0000][1][gc,age      ] GC(4) - age   4:    2440080 bytes,    6789080 total
[2025-06-23T09:50:31.040+0000][1][gc,heap     ] GC(4) Eden regions: 205->0(299)
[2025-06-23T09:50:31.040+0000][1][gc,heap     ] GC(4) Survivor regions: 6->8(39)
[2025-06-23T09:50:31.041+0000][1][gc,heap     ] GC(4) Old regions: 7->7
[2025-06-23T09:50:31.041+0000][1][gc,heap     ] GC(4) Humongous regions: 1->1
[2025-06-23T09:50:31.041+0000][1][gc,metaspace] GC(4) Metaspace: 21130K(21504K)->21130K(21504K) NonClass: 18855K(19072K)->18855K(19072K) Class: 2274K(2432K)->2274K(2432K)
[2025-06-23T09:50:31.042+0000][1][gc          ] GC(4) Pause Young (Concurrent Start) (Metadata GC Threshold) 216M->13M(512M) 15.486ms
[2025-06-23T09:50:31.042+0000][1][gc,cpu      ] GC(4) User=0.03s Sys=0.01s Real=0.02s
[2025-06-23T09:50:31.042+0000][1][gc          ] GC(5) Concurrent Mark Cycle
[2025-06-23T09:50:31.042+0000][1][safepoint   ] Safepoint "CollectForMetadataAllocation", Time since last: 360137268 ns, Reaching safepoint: 211494 ns, Cleanup: 60633 ns, At safepoint: 16397045 ns, Total: 16669172 ns
[2025-06-23T09:50:31.043+0000][1][gc,marking  ] GC(5) Concurrent Scan Root Regions
[2025-06-23T09:50:31.048+0000][1][gc,marking  ] GC(5) Concurrent Scan Root Regions 5.595ms
[2025-06-23T09:50:31.049+0000][1][gc,marking  ] GC(5) Concurrent Mark
[2025-06-23T09:50:31.049+0000][1][gc,marking  ] GC(5) Concurrent Mark From Roots
[2025-06-23T09:50:31.050+0000][1][gc,task     ] GC(5) Using 3 workers of 3 for marking
[2025-06-23T09:50:31.056+0000][1][gc,marking  ] GC(5) Concurrent Mark From Roots 7.200ms
[2025-06-23T09:50:31.057+0000][1][gc,marking  ] GC(5) Concurrent Preclean
[2025-06-23T09:50:31.058+0000][1][gc,marking  ] GC(5) Concurrent Preclean 0.579ms
[2025-06-23T09:50:31.059+0000][1][gc,start    ] GC(5) Pause Remark
[2025-06-23T09:50:31.066+0000][1][gc          ] GC(5) Pause Remark 14M->14M(512M) 6.955ms
[2025-06-23T09:50:31.066+0000][1][gc,cpu      ] GC(5) User=0.01s Sys=0.01s Real=0.00s
[2025-06-23T09:50:31.067+0000][1][safepoint   ] Safepoint "G1PauseRemark", Time since last: 16234597 ns, Reaching safepoint: 152549 ns, Cleanup: 5462 ns, At safepoint: 7945500 ns, Total: 8103511 ns
[2025-06-23T09:50:31.067+0000][1][gc,marking  ] GC(5) Concurrent Mark 18.270ms
[2025-06-23T09:50:31.068+0000][1][gc,marking  ] GC(5) Concurrent Rebuild Remembered Sets and Scrub Regions
[2025-06-23T09:50:31.070+0000][1][gc,marking  ] GC(5) Concurrent Rebuild Remembered Sets and Scrub Regions 2.857ms
[2025-06-23T09:50:31.071+0000][1][gc,start    ] GC(5) Pause Cleanup
[2025-06-23T09:50:31.073+0000][1][gc          ] GC(5) Pause Cleanup 14M->14M(512M) 1.280ms
[2025-06-23T09:50:31.073+0000][1][gc,cpu      ] GC(5) User=0.00s Sys=0.00s Real=0.00s
[2025-06-23T09:50:31.074+0000][1][safepoint   ] Safepoint "G1PauseCleanup", Time since last: 4221183 ns, Reaching safepoint: 235937 ns, Cleanup: 15478 ns, At safepoint: 3205872 ns, Total: 3457287 ns
[2025-06-23T09:50:31.075+0000][1][gc,marking  ] GC(5) Concurrent Clear Claimed Marks
[2025-06-23T09:50:31.076+0000][1][gc,marking  ] GC(5) Concurrent Clear Claimed Marks 0.411ms
[2025-06-23T09:50:31.076+0000][1][gc,marking  ] GC(5) Concurrent Cleanup for Next Mark
[2025-06-23T09:50:31.081+0000][1][gc,marking  ] GC(5) Concurrent Cleanup for Next Mark 5.454ms
[2025-06-23T09:50:31.082+0000][1][gc          ] GC(5) Concurrent Mark Cycle 40.190ms
[2025-06-23T09:50:32.154+0000][1][safepoint   ] Safepoint "Cleanup", Time since last: 1079673017 ns, Reaching safepoint: 7586 ns, Cleanup: 104877 ns, At safepoint: 11473 ns, Total: 123936 ns
[2025-06-23T09:50:32.931+0000][1][safepoint   ] Safepoint "ICBufferFull", Time since last: 776722210 ns, Reaching safepoint: 18018 ns, Cleanup: 215998 ns, At safepoint: 5062 ns, Total: 239078 ns
[2025-06-23T09:50:33.203+0000][1][gc,start    ] GC(6) Pause Young (Prepare Mixed) (G1 Evacuation Pause)
[2025-06-23T09:50:33.204+0000][1][gc,task     ] GC(6) Using 12 workers of 13 for evacuation
[2025-06-23T09:50:33.204+0000][1][gc,age      ] GC(6) Desired survivor size 20447232 bytes, new threshold 15 (max threshold 15)
[2025-06-23T09:50:33.223+0000][1][gc,phases   ] GC(6)   Pre Evacuate Collection Set: 0.6ms
[2025-06-23T09:50:33.224+0000][1][gc,phases   ] GC(6)   Merge Heap Roots: 1.0ms
[2025-06-23T09:50:33.225+0000][1][gc,phases   ] GC(6)   Evacuate Collection Set: 15.0ms
[2025-06-23T09:50:33.225+0000][1][gc,phases   ] GC(6)   Post Evacuate Collection Set: 2.0ms
[2025-06-23T09:50:33.226+0000][1][gc,phases   ] GC(6)   Other: 0.8ms
[2025-06-23T09:50:33.226+0000][1][gc,age      ] GC(6) Age table with threshold 15 (max threshold 15)
[2025-06-23T09:50:33.227+0000][1][gc,age      ] GC(6) - age   1:   14469024 bytes,   14469024 total
[2025-06-23T09:50:33.228+0000][1][gc,age      ] GC(6) - age   2:    1473008 bytes,   15942032 total
[2025-06-23T09:50:33.228+0000][1][gc,age      ] GC(6) - age   3:    1726456 bytes,   17668488 total
[2025-06-23T09:50:33.229+0000][1][gc,age      ] GC(6) - age   4:    1101496 bytes,   18769984 total
[2025-06-23T09:50:33.229+0000][1][gc,age      ] GC(6) - age   5:    2407960 bytes,   21177944 total
[2025-06-23T09:50:33.229+0000][1][gc,heap     ] GC(6) Eden regions: 299->0(285)
[2025-06-23T09:50:33.230+0000][1][gc,heap     ] GC(6) Survivor regions: 8->22(39)
[2025-06-23T09:50:33.230+0000][1][gc,heap     ] GC(6) Old regions: 7->7
[2025-06-23T09:50:33.230+0000][1][gc,heap     ] GC(6) Humongous regions: 11->2
[2025-06-23T09:50:33.231+0000][1][gc,metaspace] GC(6) Metaspace: 33048K(33536K)->33048K(33536K) NonClass: 29353K(29632K)->29353K(29632K) Class: 3694K(3904K)->3694K(3904K)
[2025-06-23T09:50:33.231+0000][1][gc          ] GC(6) Pause Young (Prepare Mixed) (G1 Evacuation Pause) 322M->28M(512M) 28.116ms
[2025-06-23T09:50:33.232+0000][1][gc,cpu      ] GC(6) User=0.18s Sys=0.00s Real=0.03s
[2025-06-23T09:50:33.232+0000][1][safepoint   ] Safepoint "G1CollectForAllocation", Time since last: 271336971 ns, Reaching safepoint: 268628 ns, Cleanup: 57605 ns, At safepoint: 29145646 ns, Total: 29471879 ns
[2025-06-23T09:50:34.233+0000][1][safepoint   ] Safepoint "Cleanup", Time since last: 1000837961 ns, Reaching safepoint: 121939 ns, Cleanup: 40289 ns, At safepoint: 26163 ns, Total: 188391 ns
[2025-06-23T09:50:34.617+0000][1][gc,start    ] GC(7) Pause Young (Mixed) (G1 Evacuation Pause)
[2025-06-23T09:50:34.618+0000][1][gc,task     ] GC(7) Using 12 workers of 13 for evacuation
[2025-06-23T09:50:34.618+0000][1][gc,age      ] GC(7) Desired survivor size 20447232 bytes, new threshold 5 (max threshold 15)
[2025-06-23T09:50:34.632+0000][1][gc,phases   ] GC(7)   Pre Evacuate Collection Set: 0.3ms
[2025-06-23T09:50:34.632+0000][1][gc,phases   ] GC(7)   Merge Heap Roots: 0.2ms
[2025-06-23T09:50:34.633+0000][1][gc,phases   ] GC(7)   Evacuate Collection Set: 10.6ms
[2025-06-23T09:50:34.634+0000][1][gc,phases   ] GC(7)   Post Evacuate Collection Set: 2.1ms
[2025-06-23T09:50:34.634+0000][1][gc,phases   ] GC(7)   Other: 1.1ms
[2025-06-23T09:50:34.635+0000][1][gc,age      ] GC(7) Age table with threshold 5 (max threshold 15)
[2025-06-23T09:50:34.635+0000][1][gc,age      ] GC(7) - age   1:    4522896 bytes,    4522896 total
[2025-06-23T09:50:34.636+0000][1][gc,age      ] GC(7) - age   2:   14431144 bytes,   18954040 total
[2025-06-23T09:50:34.636+0000][1][gc,age      ] GC(7) - age   3:    1472624 bytes,   20426664 total
[2025-06-23T09:50:34.636+0000][1][gc,age      ] GC(7) - age   4:    1725720 bytes,   22152384 total
[2025-06-23T09:50:34.637+0000][1][gc,age      ] GC(7) - age   5:    1101496 bytes,   23253880 total
[2025-06-23T09:50:34.637+0000][1][gc,heap     ] GC(7) Eden regions: 285->0(283)
[2025-06-23T09:50:34.638+0000][1][gc,heap     ] GC(7) Survivor regions: 22->24(39)
[2025-06-23T09:50:34.638+0000][1][gc,heap     ] GC(7) Old regions: 7->8
[2025-06-23T09:50:34.639+0000][1][gc,heap     ] GC(7) Humongous regions: 9->3
[2025-06-23T09:50:34.639+0000][1][gc,metaspace] GC(7) Metaspace: 35308K(35840K)->35308K(35840K) NonClass: 31432K(31744K)->31432K(31744K) Class: 3876K(4096K)->3876K(4096K)
[2025-06-23T09:50:34.640+0000][1][gc          ] GC(7) Pause Young (Mixed) (G1 Evacuation Pause) 320M->34M(512M) 23.059ms
[2025-06-23T09:50:34.640+0000][1][gc,cpu      ] GC(7) User=0.06s Sys=0.03s Real=0.03s
[2025-06-23T09:50:34.641+0000][1][safepoint   ] Safepoint "G1CollectForAllocation", Time since last: 383652817 ns, Reaching safepoint: 9442 ns, Cleanup: 4683 ns, At safepoint: 24169067 ns, Total: 24183192 ns
[2025-06-23T09:50:35.152+0000][1][gc,start    ] GC(8) Pause Young (Concurrent Start) (Metadata GC Threshold)
[2025-06-23T09:50:35.152+0000][1][gc,task     ] GC(8) Using 12 workers of 13 for evacuation
[2025-06-23T09:50:35.153+0000][1][gc,age      ] GC(8) Desired survivor size 20447232 bytes, new threshold 4 (max threshold 15)
[2025-06-23T09:50:35.167+0000][1][gc,phases   ] GC(8)   Pre Evacuate Collection Set: 0.4ms
[2025-06-23T09:50:35.167+0000][1][gc,phases   ] GC(8)   Merge Heap Roots: 0.1ms
[2025-06-23T09:50:35.168+0000][1][gc,phases   ] GC(8)   Evacuate Collection Set: 10.9ms
[2025-06-23T09:50:35.168+0000][1][gc,phases   ] GC(8)   Post Evacuate Collection Set: 1.9ms
[2025-06-23T09:50:35.169+0000][1][gc,phases   ] GC(8)   Other: 1.1ms
[2025-06-23T09:50:35.169+0000][1][gc,age      ] GC(8) Age table with threshold 4 (max threshold 15)
[2025-06-23T09:50:35.170+0000][1][gc,age      ] GC(8) - age   1:    4281872 bytes,    4281872 total
[2025-06-23T09:50:35.170+0000][1][gc,age      ] GC(8) - age   2:    4512160 bytes,    8794032 total
[2025-06-23T09:50:35.171+0000][1][gc,age      ] GC(8) - age   3:   14429048 bytes,   23223080 total
[2025-06-23T09:50:35.171+0000][1][gc,age      ] GC(8) - age   4:    1472624 bytes,   24695704 total
[2025-06-23T09:50:35.172+0000][1][gc,heap     ] GC(8) Eden regions: 123->0(280)
[2025-06-23T09:50:35.172+0000][1][gc,heap     ] GC(8) Survivor regions: 24->27(39)
[2025-06-23T09:50:35.173+0000][1][gc,heap     ] GC(8) Old regions: 8->11
[2025-06-23T09:50:35.173+0000][1][gc,heap     ] GC(8) Humongous regions: 9->4
[2025-06-23T09:50:35.174+0000][1][gc,metaspace] GC(8) Metaspace: 35537K(36096K)->35537K(36096K) NonClass: 31621K(31936K)->31621K(31936K) Class: 3915K(4160K)->3915K(4160K)
[2025-06-23T09:50:35.174+0000][1][gc          ] GC(8) Pause Young (Concurrent Start) (Metadata GC Threshold) 163M->41M(512M) 22.420ms
[2025-06-23T09:50:35.175+0000][1][gc,cpu      ] GC(8) User=0.13s Sys=0.00s Real=0.02s
[2025-06-23T09:50:35.175+0000][1][gc          ] GC(9) Concurrent Mark Cycle
[2025-06-23T09:50:35.175+0000][1][safepoint   ] Safepoint "CollectForMetadataAllocation", Time since last: 510792724 ns, Reaching safepoint: 6167 ns, Cleanup: 7092 ns, At safepoint: 23628251 ns, Total: 23641510 ns
[2025-06-23T09:50:35.176+0000][1][gc,marking  ] GC(9) Concurrent Scan Root Regions
[2025-06-23T09:50:35.180+0000][1][gc,marking  ] GC(9) Concurrent Scan Root Regions 3.697ms
[2025-06-23T09:50:35.180+0000][1][gc,marking  ] GC(9) Concurrent Mark
[2025-06-23T09:50:35.181+0000][1][gc,marking  ] GC(9) Concurrent Mark From Roots
[2025-06-23T09:50:35.181+0000][1][gc,task     ] GC(9) Using 3 workers of 3 for marking
[2025-06-23T09:50:35.185+0000][1][gc,marking  ] GC(9) Concurrent Mark From Roots 4.559ms
[2025-06-23T09:50:35.186+0000][1][gc,marking  ] GC(9) Concurrent Preclean
[2025-06-23T09:50:35.187+0000][1][gc,marking  ] GC(9) Concurrent Preclean 0.589ms
[2025-06-23T09:50:35.188+0000][1][gc,start    ] GC(9) Pause Remark
[2025-06-23T09:50:35.192+0000][1][gc          ] GC(9) Pause Remark 41M->41M(512M) 4.693ms
[2025-06-23T09:50:35.193+0000][1][gc,cpu      ] GC(9) User=0.01s Sys=0.01s Real=0.00s
[2025-06-23T09:50:35.193+0000][1][safepoint   ] Safepoint "G1PauseRemark", Time since last: 12166142 ns, Reaching safepoint: 12771 ns, Cleanup: 9364 ns, At safepoint: 5758871 ns, Total: 5781006 ns
[2025-06-23T09:50:35.194+0000][1][gc,marking  ] GC(9) Concurrent Mark 13.692ms
[2025-06-23T09:50:35.195+0000][1][gc,marking  ] GC(9) Concurrent Rebuild Remembered Sets and Scrub Regions
[2025-06-23T09:50:35.197+0000][1][gc,marking  ] GC(9) Concurrent Rebuild Remembered Sets and Scrub Regions 2.831ms
[2025-06-23T09:50:35.198+0000][1][gc,start    ] GC(9) Pause Cleanup
[2025-06-23T09:50:35.199+0000][1][gc          ] GC(9) Pause Cleanup 41M->41M(512M) 0.862ms
[2025-06-23T09:50:35.200+0000][1][gc,cpu      ] GC(9) User=0.00s Sys=0.00s Real=0.00s
[2025-06-23T09:50:35.200+0000][1][safepoint   ] Safepoint "G1PauseCleanup", Time since last: 4956842 ns, Reaching safepoint: 171658 ns, Cleanup: 11734 ns, At safepoint: 1828413 ns, Total: 2011805 ns
[2025-06-23T09:50:35.201+0000][1][gc,marking  ] GC(9) Concurrent Clear Claimed Marks
[2025-06-23T09:50:35.202+0000][1][gc,marking  ] GC(9) Concurrent Clear Claimed Marks 0.537ms
[2025-06-23T09:50:35.202+0000][1][gc,marking  ] GC(9) Concurrent Cleanup for Next Mark
[2025-06-23T09:50:35.204+0000][1][gc,marking  ] GC(9) Concurrent Cleanup for Next Mark 1.655ms
[2025-06-23T09:50:35.205+0000][1][gc          ] GC(9) Concurrent Mark Cycle 29.871ms
[2025-06-23T09:50:36.851+0000][1][safepoint   ] Safepoint "Cleanup", Time since last: 1650971162 ns, Reaching safepoint: 27936 ns, Cleanup: 155548 ns, At safepoint: 9373 ns, Total: 192857 ns
[2025-06-23T09:50:36.858+0000][1][gc,start    ] GC(10) Pause Young (Prepare Mixed) (G1 Evacuation Pause)
[2025-06-23T09:50:36.859+0000][1][gc,task     ] GC(10) Using 12 workers of 13 for evacuation
[2025-06-23T09:50:36.859+0000][1][gc,age      ] GC(10) Desired survivor size 20447232 bytes, new threshold 3 (max threshold 15)
[2025-06-23T09:50:36.886+0000][1][gc,phases   ] GC(10)   Pre Evacuate Collection Set: 0.7ms
[2025-06-23T09:50:36.887+0000][1][gc,phases   ] GC(10)   Merge Heap Roots: 0.4ms
[2025-06-23T09:50:36.888+0000][1][gc,phases   ] GC(10)   Evacuate Collection Set: 22.4ms
[2025-06-23T09:50:36.888+0000][1][gc,phases   ] GC(10)   Post Evacuate Collection Set: 2.8ms
[2025-06-23T09:50:36.889+0000][1][gc,phases   ] GC(10)   Other: 1.0ms
[2025-06-23T09:50:36.889+0000][1][gc,age      ] GC(10) Age table with threshold 3 (max threshold 15)
[2025-06-23T09:50:36.890+0000][1][gc,age      ] GC(10) - age   1:   10709848 bytes,   10709848 total
[2025-06-23T09:50:36.890+0000][1][gc,age      ] GC(10) - age   2:    4229584 bytes,   14939432 total
[2025-06-23T09:50:36.890+0000][1][gc,age      ] GC(10) - age   3:    4505672 bytes,   19445104 total
[2025-06-23T09:50:36.891+0000][1][gc,heap     ] GC(10) Eden regions: 280->0(284)
[2025-06-23T09:50:36.891+0000][1][gc,heap     ] GC(10) Survivor regions: 27->23(39)
[2025-06-23T09:50:36.892+0000][1][gc,heap     ] GC(10) Old regions: 11->27
[2025-06-23T09:50:36.892+0000][1][gc,heap     ] GC(10) Humongous regions: 16->6
[2025-06-23T09:50:36.893+0000][1][gc,metaspace] GC(10) Metaspace: 44030K(44672K)->44030K(44672K) NonClass: 39095K(39488K)->39095K(39488K) Class: 4935K(5184K)->4935K(5184K)
[2025-06-23T09:50:36.893+0000][1][gc          ] GC(10) Pause Young (Prepare Mixed) (G1 Evacuation Pause) 333M->55M(512M) 34.861ms
[2025-06-23T09:50:36.893+0000][1][gc,cpu      ] GC(10) User=0.25s Sys=0.01s Real=0.03s
[2025-06-23T09:50:36.894+0000][1][safepoint   ] Safepoint "G1CollectForAllocation", Time since last: 6619618 ns, Reaching safepoint: 21767 ns, Cleanup: 13903 ns, At safepoint: 36049159 ns, Total: 36084829 ns
[2025-06-23T09:50:38.062+0000][1][safepoint   ] Safepoint "Cleanup", Time since last: 1167509732 ns, Reaching safepoint: 3561 ns, Cleanup: 78391 ns, At safepoint: 12387 ns, Total: 94339 ns
[2025-06-23T09:50:38.752+0000][1][gc,start    ] GC(11) Pause Young (Mixed) (Metadata GC Threshold)
[2025-06-23T09:50:38.753+0000][1][gc,task     ] GC(11) Using 12 workers of 13 for evacuation
[2025-06-23T09:50:38.753+0000][1][gc,age      ] GC(11) Desired survivor size 20447232 bytes, new threshold 15 (max threshold 15)
[2025-06-23T09:50:38.765+0000][1][gc,phases   ] GC(11)   Pre Evacuate Collection Set: 0.4ms
[2025-06-23T09:50:38.766+0000][1][gc,phases   ] GC(11)   Merge Heap Roots: 0.2ms
[2025-06-23T09:50:38.766+0000][1][gc,phases   ] GC(11)   Evacuate Collection Set: 9.2ms
[2025-06-23T09:50:38.768+0000][1][gc,phases   ] GC(11)   Post Evacuate Collection Set: 1.6ms
[2025-06-23T09:50:38.768+0000][1][gc,phases   ] GC(11)   Other: 1.3ms
[2025-06-23T09:50:38.769+0000][1][gc,age      ] GC(11) Age table with threshold 15 (max threshold 15)
[2025-06-23T09:50:38.769+0000][1][gc,age      ] GC(11) - age   1:    8617616 bytes,    8617616 total
[2025-06-23T09:50:38.770+0000][1][gc,age      ] GC(11) - age   2:    6007680 bytes,   14625296 total
[2025-06-23T09:50:38.770+0000][1][gc,age      ] GC(11) - age   3:    4228184 bytes,   18853480 total
[2025-06-23T09:50:38.771+0000][1][gc,age      ] GC(11) - age   4:    4495992 bytes,   23349472 total
[2025-06-23T09:50:38.772+0000][1][gc,heap     ] GC(11) Eden regions: 213->0(282)
[2025-06-23T09:50:38.772+0000][1][gc,heap     ] GC(11) Survivor regions: 23->25(39)
[2025-06-23T09:50:38.773+0000][1][gc,heap     ] GC(11) Old regions: 27->28
[2025-06-23T09:50:38.774+0000][1][gc,heap     ] GC(11) Humongous regions: 19->8
[2025-06-23T09:50:38.774+0000][1][gc,metaspace] GC(11) Metaspace: 59406K(60416K)->59406K(60416K) NonClass: 52900K(53504K)->52900K(53504K) Class: 6505K(6912K)->6505K(6912K)
[2025-06-23T09:50:38.775+0000][1][gc          ] GC(11) Pause Young (Mixed) (Metadata GC Threshold) 281M->60M(512M) 23.238ms
[2025-06-23T09:50:38.776+0000][1][gc,cpu      ] GC(11) User=0.10s Sys=0.00s Real=0.02s
[2025-06-23T09:50:38.777+0000][1][safepoint   ] Safepoint "CollectForMetadataAllocation", Time since last: 689939221 ns, Reaching safepoint: 90545 ns, Cleanup: 57644 ns, At safepoint: 24805847 ns, Total: 24954036 ns
[2025-06-23T09:50:38.777+0000][1][safepoint   ] Safepoint "CollectForMetadataAllocation", Time since last: 615808 ns, Reaching safepoint: 144442 ns, Cleanup: 3552 ns, At safepoint: 26570 ns, Total: 174564 ns
[2025-06-23T09:50:38.833+0000][1][gc,start    ] GC(12) Pause Young (Concurrent Start) (Metadata GC Threshold)
[2025-06-23T09:50:38.833+0000][1][gc,task     ] GC(12) Using 12 workers of 13 for evacuation
[2025-06-23T09:50:38.834+0000][1][gc,age      ] GC(12) Desired survivor size 20447232 bytes, new threshold 4 (max threshold 15)
[2025-06-23T09:50:38.848+0000][1][gc,phases   ] GC(12)   Pre Evacuate Collection Set: 0.6ms
[2025-06-23T09:50:38.849+0000][1][gc,phases   ] GC(12)   Merge Heap Roots: 0.3ms
[2025-06-23T09:50:38.849+0000][1][gc,phases   ] GC(12)   Evacuate Collection Set: 10.2ms
[2025-06-23T09:50:38.850+0000][1][gc,phases   ] GC(12)   Post Evacuate Collection Set: 1.5ms
[2025-06-23T09:50:38.850+0000][1][gc,phases   ] GC(12)   Other: 1.9ms
[2025-06-23T09:50:38.851+0000][1][gc,age      ] GC(12) Age table with threshold 4 (max threshold 15)
[2025-06-23T09:50:38.851+0000][1][gc,age      ] GC(12) - age   1:    2078072 bytes,    2078072 total
[2025-06-23T09:50:38.851+0000][1][gc,age      ] GC(12) - age   2:    8544208 bytes,   10622280 total
[2025-06-23T09:50:38.852+0000][1][gc,age      ] GC(12) - age   3:    6006944 bytes,   16629224 total
[2025-06-23T09:50:38.853+0000][1][gc,age      ] GC(12) - age   4:    4228184 bytes,   20857408 total
[2025-06-23T09:50:38.853+0000][1][gc,heap     ] GC(12) Eden regions: 6->0(286)
[2025-06-23T09:50:38.854+0000][1][gc,heap     ] GC(12) Survivor regions: 25->21(39)
[2025-06-23T09:50:38.854+0000][1][gc,heap     ] GC(12) Old regions: 28->33
[2025-06-23T09:50:38.855+0000][1][gc,heap     ] GC(12) Humongous regions: 8->8
[2025-06-23T09:50:38.855+0000][1][gc,metaspace] GC(12) Metaspace: 59628K(60736K)->59628K(60736K) NonClass: 53068K(53760K)->53068K(53760K) Class: 6560K(6976K)->6560K(6976K)
[2025-06-23T09:50:38.856+0000][1][gc          ] GC(12) Pause Young (Concurrent Start) (Metadata GC Threshold) 66M->61M(512M) 23.336ms
[2025-06-23T09:50:38.856+0000][1][gc,cpu      ] GC(12) User=0.12s Sys=0.01s Real=0.02s
[2025-06-23T09:50:38.856+0000][1][gc          ] GC(13) Concurrent Mark Cycle
[2025-06-23T09:50:38.857+0000][1][gc,marking  ] GC(13) Concurrent Scan Root Regions
[2025-06-23T09:50:38.857+0000][1][safepoint   ] Safepoint "CollectForMetadataAllocation", Time since last: 55129978 ns, Reaching safepoint: 8561 ns, Cleanup: 29256 ns, At safepoint: 24420835 ns, Total: 24458652 ns
[2025-06-23T09:50:38.863+0000][1][gc,marking  ] GC(13) Concurrent Scan Root Regions 5.864ms
[2025-06-23T09:50:38.864+0000][1][gc,marking  ] GC(13) Concurrent Mark
[2025-06-23T09:50:38.865+0000][1][gc,marking  ] GC(13) Concurrent Mark From Roots
[2025-06-23T09:50:38.865+0000][1][gc,task     ] GC(13) Using 3 workers of 3 for marking
[2025-06-23T09:50:38.876+0000][1][gc,marking  ] GC(13) Concurrent Mark From Roots 11.915ms
[2025-06-23T09:50:38.877+0000][1][gc,marking  ] GC(13) Concurrent Preclean
[2025-06-23T09:50:38.878+0000][1][gc,marking  ] GC(13) Concurrent Preclean 0.690ms
[2025-06-23T09:50:38.879+0000][1][gc,start    ] GC(13) Pause Remark
[2025-06-23T09:50:38.884+0000][1][gc          ] GC(13) Pause Remark 62M->62M(512M) 5.016ms
[2025-06-23T09:50:38.884+0000][1][gc,cpu      ] GC(13) User=0.02s Sys=0.01s Real=0.00s
[2025-06-23T09:50:38.885+0000][1][safepoint   ] Safepoint "G1PauseRemark", Time since last: 21363161 ns, Reaching safepoint: 169001 ns, Cleanup: 27241 ns, At safepoint: 6550781 ns, Total: 6747023 ns
[2025-06-23T09:50:38.886+0000][1][gc,marking  ] GC(13) Concurrent Mark 21.616ms
[2025-06-23T09:50:38.886+0000][1][gc,marking  ] GC(13) Concurrent Rebuild Remembered Sets and Scrub Regions
[2025-06-23T09:50:38.892+0000][1][gc,marking  ] GC(13) Concurrent Rebuild Remembered Sets and Scrub Regions 6.381ms
[2025-06-23T09:50:38.894+0000][1][gc,start    ] GC(13) Pause Cleanup
[2025-06-23T09:50:38.895+0000][1][gc          ] GC(13) Pause Cleanup 63M->63M(512M) 1.177ms
[2025-06-23T09:50:38.895+0000][1][gc,cpu      ] GC(13) User=0.00s Sys=0.00s Real=0.00s
[2025-06-23T09:50:38.896+0000][1][safepoint   ] Safepoint "G1PauseCleanup", Time since last: 8140302 ns, Reaching safepoint: 211838 ns, Cleanup: 21183 ns, At safepoint: 2268915 ns, Total: 2501936 ns
[2025-06-23T09:50:38.896+0000][1][gc,marking  ] GC(13) Concurrent Clear Claimed Marks
[2025-06-23T09:50:38.897+0000][1][gc,marking  ] GC(13) Concurrent Clear Claimed Marks 0.804ms
[2025-06-23T09:50:38.898+0000][1][gc,marking  ] GC(13) Concurrent Cleanup for Next Mark
[2025-06-23T09:50:38.899+0000][1][gc,marking  ] GC(13) Concurrent Cleanup for Next Mark 1.693ms
[2025-06-23T09:50:38.900+0000][1][gc          ] GC(13) Concurrent Mark Cycle 43.619ms
[2025-06-23T09:50:39.897+0000][1][safepoint   ] Safepoint "Cleanup", Time since last: 1000684476 ns, Reaching safepoint: 205498 ns, Cleanup: 132115 ns, At safepoint: 56222 ns, Total: 393835 ns
[2025-06-23T09:50:40.753+0000][1][safepoint   ] Safepoint "ICBufferFull", Time since last: 856068018 ns, Reaching safepoint: 10504 ns, Cleanup: 123976 ns, At safepoint: 43079 ns, Total: 177559 ns
[2025-06-23T09:50:41.375+0000][1][gc,start    ] GC(14) Pause Young (Prepare Mixed) (G1 Evacuation Pause)
[2025-06-23T09:50:41.376+0000][1][gc,task     ] GC(14) Using 12 workers of 13 for evacuation
[2025-06-23T09:50:41.377+0000][1][gc,age      ] GC(14) Desired survivor size 20447232 bytes, new threshold 4 (max threshold 15)
[2025-06-23T09:50:41.419+0000][1][gc,phases   ] GC(14)   Pre Evacuate Collection Set: 1.1ms
[2025-06-23T09:50:41.419+0000][1][gc,phases   ] GC(14)   Merge Heap Roots: 0.5ms
[2025-06-23T09:50:41.420+0000][1][gc,phases   ] GC(14)   Evacuate Collection Set: 36.1ms
[2025-06-23T09:50:41.420+0000][1][gc,phases   ] GC(14)   Post Evacuate Collection Set: 3.1ms
[2025-06-23T09:50:41.420+0000][1][gc,phases   ] GC(14)   Other: 1.5ms
[2025-06-23T09:50:41.421+0000][1][gc,age      ] GC(14) Age table with threshold 4 (max threshold 15)
[2025-06-23T09:50:41.421+0000][1][gc,age      ] GC(14) - age   1:   24142336 bytes,   24142336 total
[2025-06-23T09:50:41.422+0000][1][gc,age      ] GC(14) - age   2:    1887056 bytes,   26029392 total
[2025-06-23T09:50:41.422+0000][1][gc,age      ] GC(14) - age   3:    8280848 bytes,   34310240 total
[2025-06-23T09:50:41.423+0000][1][gc,age      ] GC(14) - age   4:    5987328 bytes,   40297568 total
[2025-06-23T09:50:41.423+0000][1][gc,heap     ] GC(14) Eden regions: 286->0(268)
[2025-06-23T09:50:41.424+0000][1][gc,heap     ] GC(14) Survivor regions: 21->39(39)
[2025-06-23T09:50:41.425+0000][1][gc,heap     ] GC(14) Old regions: 33->42
[2025-06-23T09:50:41.425+0000][1][gc,heap     ] GC(14) Humongous regions: 8->8
[2025-06-23T09:50:41.425+0000][1][gc,metaspace] GC(14) Metaspace: 71517K(72832K)->71517K(72832K) NonClass: 63397K(64192K)->63397K(64192K) Class: 8119K(8640K)->8119K(8640K)
[2025-06-23T09:50:41.426+0000][1][gc          ] GC(14) Pause Young (Prepare Mixed) (G1 Evacuation Pause) 347M->88M(512M) 50.387ms
[2025-06-23T09:50:41.426+0000][1][gc,cpu      ] GC(14) User=0.48s Sys=0.03s Real=0.05s
[2025-06-23T09:50:41.427+0000][1][safepoint   ] Safepoint "G1CollectForAllocation", Time since last: 621829681 ns, Reaching safepoint: 33670 ns, Cleanup: 331261 ns, At safepoint: 51235508 ns, Total: 51600439 ns
[2025-06-23T09:50:42.428+0000][1][safepoint   ] Safepoint "Cleanup", Time since last: 1000966783 ns, Reaching safepoint: 156888 ns, Cleanup: 64739 ns, At safepoint: 16374 ns, Total: 238001 ns
[2025-06-23T09:50:43.429+0000][1][safepoint   ] Safepoint "Cleanup", Time since last: 1001003860 ns, Reaching safepoint: 438761 ns, Cleanup: 87106 ns, At safepoint: 31358 ns, Total: 557225 ns
[2025-06-23T09:50:44.457+0000][1][gc,start    ] GC(15) Pause Young (Mixed) (Metadata GC Threshold)
[2025-06-23T09:50:44.458+0000][1][gc,task     ] GC(15) Using 12 workers of 13 for evacuation
[2025-06-23T09:50:44.459+0000][1][gc,age      ] GC(15) Desired survivor size 20447232 bytes, new threshold 1 (max threshold 15)
[2025-06-23T09:50:44.500+0000][1][gc,phases   ] GC(15)   Pre Evacuate Collection Set: 0.3ms
[2025-06-23T09:50:44.501+0000][1][gc,phases   ] GC(15)   Merge Heap Roots: 0.1ms
[2025-06-23T09:50:44.501+0000][1][gc,phases   ] GC(15)   Evacuate Collection Set: 36.9ms
[2025-06-23T09:50:44.502+0000][1][gc,phases   ] GC(15)   Post Evacuate Collection Set: 3.4ms
[2025-06-23T09:50:44.502+0000][1][gc,phases   ] GC(15)   Other: 0.9ms
[2025-06-23T09:50:44.503+0000][1][gc,age      ] GC(15) Age table with threshold 1 (max threshold 15)
[2025-06-23T09:50:44.503+0000][1][gc,age      ] GC(15) - age   1:    9153128 bytes,    9153128 total
[2025-06-23T09:50:44.504+0000][1][gc,heap     ] GC(15) Eden regions: 161->0(287)
[2025-06-23T09:50:44.504+0000][1][gc,heap     ] GC(15) Survivor regions: 39->12(39)
[2025-06-23T09:50:44.505+0000][1][gc,heap     ] GC(15) Old regions: 42->81
[2025-06-23T09:50:44.505+0000][1][gc,heap     ] GC(15) Humongous regions: 8->8
[2025-06-23T09:50:44.506+0000][1][gc,metaspace] GC(15) Metaspace: 99990K(101376K)->99990K(101376K) NonClass: 88405K(89216K)->88405K(89216K) Class: 11584K(12160K)->11584K(12160K)
[2025-06-23T09:50:44.506+0000][1][gc          ] GC(15) Pause Young (Mixed) (Metadata GC Threshold) 248M->100M(512M) 48.552ms
[2025-06-23T09:50:44.506+0000][1][gc,cpu      ] GC(15) User=0.43s Sys=0.02s Real=0.04s
[2025-06-23T09:50:44.507+0000][1][safepoint   ] Safepoint "CollectForMetadataAllocation", Time since last: 1028090573 ns, Reaching safepoint: 4807 ns, Cleanup: 75741 ns, At safepoint: 49635826 ns, Total: 49716374 ns
[2025-06-23T09:50:44.538+0000][1][gc,start    ] GC(16) Pause Young (Concurrent Start) (Metadata GC Threshold)
[2025-06-23T09:50:44.539+0000][1][gc,task     ] GC(16) Using 12 workers of 13 for evacuation
[2025-06-23T09:50:44.539+0000][1][gc,age      ] GC(16) Desired survivor size 19922944 bytes, new threshold 15 (max threshold 15)
[2025-06-23T09:50:44.549+0000][1][gc,phases   ] GC(16)   Pre Evacuate Collection Set: 0.7ms
[2025-06-23T09:50:44.549+0000][1][gc,phases   ] GC(16)   Merge Heap Roots: 0.2ms
[2025-06-23T09:50:44.550+0000][1][gc,phases   ] GC(16)   Evacuate Collection Set: 6.5ms
[2025-06-23T09:50:44.550+0000][1][gc,phases   ] GC(16)   Post Evacuate Collection Set: 1.2ms
[2025-06-23T09:50:44.550+0000][1][gc,phases   ] GC(16)   Other: 1.5ms
[2025-06-23T09:50:44.551+0000][1][gc,age      ] GC(16) Age table with threshold 15 (max threshold 15)
[2025-06-23T09:50:44.551+0000][1][gc,age      ] GC(16) - age   1:     117416 bytes,     117416 total
[2025-06-23T09:50:44.552+0000][1][gc,age      ] GC(16) - age   2:    8952184 bytes,    9069600 total
[2025-06-23T09:50:44.552+0000][1][gc,heap     ] GC(16) Eden regions: 3->0(297)
[2025-06-23T09:50:44.552+0000][1][gc,heap     ] GC(16) Survivor regions: 12->10(38)
[2025-06-23T09:50:44.553+0000][1][gc,heap     ] GC(16) Old regions: 81->81
[2025-06-23T09:50:44.553+0000][1][gc,heap     ] GC(16) Humongous regions: 8->8
[2025-06-23T09:50:44.553+0000][1][gc,metaspace] GC(16) Metaspace: 100282K(101696K)->100282K(101696K) NonClass: 88650K(89472K)->88650K(89472K) Class: 11631K(12224K)->11631K(12224K)
[2025-06-23T09:50:44.554+0000][1][gc          ] GC(16) Pause Young (Concurrent Start) (Metadata GC Threshold) 103M->99M(512M) 15.900ms
[2025-06-23T09:50:44.554+0000][1][gc,cpu      ] GC(16) User=0.04s Sys=0.02s Real=0.01s
[2025-06-23T09:50:44.554+0000][1][gc          ] GC(17) Concurrent Mark Cycle
[2025-06-23T09:50:44.555+0000][1][gc,marking  ] GC(17) Concurrent Scan Root Regions
[2025-06-23T09:50:44.555+0000][1][safepoint   ] Safepoint "CollectForMetadataAllocation", Time since last: 30615621 ns, Reaching safepoint: 17582 ns, Cleanup: 16096 ns, At safepoint: 16923834 ns, Total: 16957512 ns
[2025-06-23T09:50:44.559+0000][1][gc,marking  ] GC(17) Concurrent Scan Root Regions 3.810ms
[2025-06-23T09:50:44.559+0000][1][gc,marking  ] GC(17) Concurrent Mark
[2025-06-23T09:50:44.560+0000][1][gc,marking  ] GC(17) Concurrent Mark From Roots
[2025-06-23T09:50:44.560+0000][1][gc,task     ] GC(17) Using 3 workers of 3 for marking
[2025-06-23T09:50:44.587+0000][1][safepoint   ] Safepoint "CollectForMetadataAllocation", Time since last: 31930618 ns, Reaching safepoint: 80590 ns, Cleanup: 21072 ns, At safepoint: 124243 ns, Total: 225905 ns
[2025-06-23T09:50:44.593+0000][1][gc,marking  ] GC(17) Concurrent Mark From Roots 33.351ms
[2025-06-23T09:50:44.594+0000][1][gc,marking  ] GC(17) Concurrent Preclean
[2025-06-23T09:50:44.595+0000][1][gc,marking  ] GC(17) Concurrent Preclean 0.792ms
[2025-06-23T09:50:44.596+0000][1][gc,start    ] GC(17) Pause Remark
[2025-06-23T09:50:44.601+0000][1][gc          ] GC(17) Pause Remark 101M->101M(512M) 5.541ms
[2025-06-23T09:50:44.602+0000][1][gc,cpu      ] GC(17) User=0.03s Sys=0.01s Real=0.01s
[2025-06-23T09:50:44.603+0000][1][safepoint   ] Safepoint "G1PauseRemark", Time since last: 8921611 ns, Reaching safepoint: 95677 ns, Cleanup: 6118 ns, At safepoint: 7367554 ns, Total: 7469349 ns
[2025-06-23T09:50:44.604+0000][1][gc,marking  ] GC(17) Concurrent Mark 44.603ms
[2025-06-23T09:50:44.605+0000][1][gc,marking  ] GC(17) Concurrent Rebuild Remembered Sets and Scrub Regions
[2025-06-23T09:50:44.621+0000][1][gc,marking  ] GC(17) Concurrent Rebuild Remembered Sets and Scrub Regions 16.681ms
[2025-06-23T09:50:44.622+0000][1][gc,start    ] GC(17) Pause Cleanup
[2025-06-23T09:50:44.623+0000][1][gc          ] GC(17) Pause Cleanup 103M->103M(512M) 0.834ms
[2025-06-23T09:50:44.623+0000][1][gc,cpu      ] GC(17) User=0.00s Sys=0.00s Real=0.00s
[2025-06-23T09:50:44.624+0000][1][safepoint   ] Safepoint "G1PauseCleanup", Time since last: 18863657 ns, Reaching safepoint: 87989 ns, Cleanup: 14026 ns, At safepoint: 2043504 ns, Total: 2145519 ns
[2025-06-23T09:50:44.625+0000][1][gc,marking  ] GC(17) Concurrent Clear Claimed Marks
[2025-06-23T09:50:44.626+0000][1][gc,marking  ] GC(17) Concurrent Clear Claimed Marks 0.635ms
[2025-06-23T09:50:44.626+0000][1][gc,marking  ] GC(17) Concurrent Cleanup for Next Mark
[2025-06-23T09:50:44.628+0000][1][gc,marking  ] GC(17) Concurrent Cleanup for Next Mark 1.569ms
[2025-06-23T09:50:44.629+0000][1][gc          ] GC(17) Concurrent Mark Cycle 74.278ms
[2025-06-23T09:50:45.690+0000][1][safepoint   ] Safepoint "ICBufferFull", Time since last: 1065110337 ns, Reaching safepoint: 6847 ns, Cleanup: 186190 ns, At safepoint: 4498 ns, Total: 197535 ns
[2025-06-23T09:50:46.460+0000][1][safepoint   ] Safepoint "ICBufferFull", Time since last: 769999894 ns, Reaching safepoint: 16165 ns, Cleanup: 204854 ns, At safepoint: 5208 ns, Total: 226227 ns
[2025-06-23T09:50:47.461+0000][1][safepoint   ] Safepoint "Cleanup", Time since last: 1001099278 ns, Reaching safepoint: 24562 ns, Cleanup: 120775 ns, At safepoint: 5159 ns, Total: 150496 ns
[2025-06-23T09:50:49.273+0000][1][safepoint   ] Safepoint "Cleanup", Time since last: 1811788359 ns, Reaching safepoint: 18099 ns, Cleanup: 132052 ns, At safepoint: 25907 ns, Total: 176058 ns
[2025-06-23T09:50:50.274+0000][1][safepoint   ] Safepoint "Cleanup", Time since last: 1000815618 ns, Reaching safepoint: 116522 ns, Cleanup: 68124 ns, At safepoint: 25484 ns, Total: 210130 ns
[2025-06-23T09:50:51.346+0000][1][safepoint   ] Safepoint "Cleanup", Time since last: 1071528979 ns, Reaching safepoint: 6184 ns, Cleanup: 64604 ns, At safepoint: 13147 ns, Total: 83935 ns
[2025-06-23T09:50:52.930+0000][1][safepoint   ] Safepoint "Cleanup", Time since last: 1583945180 ns, Reaching safepoint: 23241 ns, Cleanup: 117082 ns, At safepoint: 18995 ns, Total: 159318 ns
[2025-06-23T09:50:53.512+0000][1][gc,start    ] GC(18) Pause Young (Prepare Mixed) (G1 Evacuation Pause)
[2025-06-23T09:50:53.512+0000][1][gc,task     ] GC(18) Using 12 workers of 13 for evacuation
[2025-06-23T09:50:53.513+0000][1][gc,age      ] GC(18) Desired survivor size 20447232 bytes, new threshold 15 (max threshold 15)
[2025-06-23T09:50:53.553+0000][1][gc,phases   ] GC(18)   Pre Evacuate Collection Set: 0.9ms
[2025-06-23T09:50:53.554+0000][1][gc,phases   ] GC(18)   Merge Heap Roots: 0.4ms
[2025-06-23T09:50:53.554+0000][1][gc,phases   ] GC(18)   Evacuate Collection Set: 32.7ms
[2025-06-23T09:50:53.554+0000][1][gc,phases   ] GC(18)   Post Evacuate Collection Set: 5.0ms
[2025-06-23T09:50:53.554+0000][1][gc,phases   ] GC(18)   Other: 1.8ms
[2025-06-23T09:50:53.555+0000][1][gc,age      ] GC(18) Age table with threshold 15 (max threshold 15)
[2025-06-23T09:50:53.555+0000][1][gc,age      ] GC(18) - age   1:   21279304 bytes,   21279304 total
[2025-06-23T09:50:53.556+0000][1][gc,age      ] GC(18) - age   2:      92160 bytes,   21371464 total
[2025-06-23T09:50:53.556+0000][1][gc,age      ] GC(18) - age   3:    8737016 bytes,   30108480 total
[2025-06-23T09:50:53.556+0000][1][gc,heap     ] GC(18) Eden regions: 297->0(258)
[2025-06-23T09:50:53.557+0000][1][gc,heap     ] GC(18) Survivor regions: 10->31(39)
[2025-06-23T09:50:53.557+0000][1][gc,heap     ] GC(18) Old regions: 81->81
[2025-06-23T09:50:53.557+0000][1][gc,heap     ] GC(18) Humongous regions: 8->8
[2025-06-23T09:50:53.557+0000][1][gc,metaspace] GC(18) Metaspace: 144171K(147712K)->144171K(147712K) NonClass: 126014K(127872K)->126014K(127872K) Class: 18157K(19840K)->18157K(19840K)
[2025-06-23T09:50:53.558+0000][1][gc          ] GC(18) Pause Young (Prepare Mixed) (G1 Evacuation Pause) 396M->119M(512M) 46.403ms
[2025-06-23T09:50:53.558+0000][1][gc,cpu      ] GC(18) User=0.37s Sys=0.01s Real=0.05s
[2025-06-23T09:50:53.559+0000][1][safepoint   ] Safepoint "G1CollectForAllocation", Time since last: 581641178 ns, Reaching safepoint: 22363 ns, Cleanup: 122060 ns, At safepoint: 47381873 ns, Total: 47526296 ns
[2025-06-23T09:50:54.574+0000][1][safepoint   ] Safepoint "ICBufferFull", Time since last: 1014934079 ns, Reaching safepoint: 30673 ns, Cleanup: 190105 ns, At safepoint: 16735 ns, Total: 237513 ns
[2025-06-23T09:50:55.098+0000][1][safepoint   ] Safepoint "ICBufferFull", Time since last: 523312847 ns, Reaching safepoint: 139736 ns, Cleanup: 102734 ns, At safepoint: 95027 ns, Total: 337497 ns
[2025-06-23T09:50:55.728+0000][1][safepoint   ] Safepoint "ICBufferFull", Time since last: 630438634 ns, Reaching safepoint: 146748 ns, Cleanup: 123675 ns, At safepoint: 67386 ns, Total: 337809 ns
[2025-06-23T09:50:57.296+0000][1][safepoint   ] Safepoint "Cleanup", Time since last: 1567058957 ns, Reaching safepoint: 32680 ns, Cleanup: 127415 ns, At safepoint: 4486 ns, Total: 164581 ns
[2025-06-23T09:50:58.302+0000][1][safepoint   ] Safepoint "Cleanup", Time since last: 1005751695 ns, Reaching safepoint: 25687 ns, Cleanup: 121104 ns, At safepoint: 28111 ns, Total: 174902 ns
[2025-06-23T09:50:59.883+0000][1][safepoint   ] Safepoint "Cleanup", Time since last: 1581661539 ns, Reaching safepoint: 7784 ns, Cleanup: 81189 ns, At safepoint: 23833 ns, Total: 112806 ns
[2025-06-23T09:51:01.148+0000][1][safepoint   ] Safepoint "Cleanup", Time since last: 1283853668 ns, Reaching safepoint: 37827 ns, Cleanup: 73561 ns, At safepoint: 2518 ns, Total: 113906 ns
[2025-06-23T09:51:02.487+0000][1][safepoint   ] Safepoint "ICBufferFull", Time since last: 1338602406 ns, Reaching safepoint: 169373 ns, Cleanup: 106615 ns, At safepoint: 10788 ns, Total: 286776 ns
[2025-06-23T09:51:03.488+0000][1][safepoint   ] Safepoint "Cleanup", Time since last: 1000913991 ns, Reaching safepoint: 15437 ns, Cleanup: 35158 ns, At safepoint: 3122 ns, Total: 53717 ns
[2025-06-23T09:51:04.489+0000][1][safepoint   ] Safepoint "Cleanup", Time since last: 1001113826 ns, Reaching safepoint: 12909 ns, Cleanup: 16941 ns, At safepoint: 2936 ns, Total: 32786 ns
[2025-06-23T09:51:05.490+0000][1][safepoint   ] Safepoint "Cleanup", Time since last: 1001021414 ns, Reaching safepoint: 15981 ns, Cleanup: 19625 ns, At safepoint: 3559 ns, Total: 39165 ns
[2025-06-23T09:51:07.492+0000][1][safepoint   ] Safepoint "Cleanup", Time since last: 2001460475 ns, Reaching safepoint: 37140 ns, Cleanup: 22767 ns, At safepoint: 3111 ns, Total: 63018 ns
[2025-06-23T09:51:08.493+0000][1][safepoint   ] Safepoint "Cleanup", Time since last: 1001149351 ns, Reaching safepoint: 56674 ns, Cleanup: 42926 ns, At safepoint: 6651 ns, Total: 106251 ns
[2025-06-23T09:51:10.002+0000][1][safepoint   ] Safepoint "Cleanup", Time since last: 1508730633 ns, Reaching safepoint: 8876 ns, Cleanup: 21421 ns, At safepoint: 1734 ns, Total: 32031 ns
[2025-06-23T09:51:11.003+0000][1][safepoint   ] Safepoint "Cleanup", Time since last: 1001024386 ns, Reaching safepoint: 27118 ns, Cleanup: 44539 ns, At safepoint: 3213 ns, Total: 74870 ns
[2025-06-23T09:51:12.727+0000][1][safepoint   ] Safepoint "Cleanup", Time since last: 1724156921 ns, Reaching safepoint: 50198 ns, Cleanup: 81660 ns, At safepoint: 5365 ns, Total: 137223 ns
[2025-06-23T09:51:13.728+0000][1][safepoint   ] Safepoint "Cleanup", Time since last: 1001036862 ns, Reaching safepoint: 17702 ns, Cleanup: 25661 ns, At safepoint: 5496 ns, Total: 48859 ns
[2025-06-23T09:51:14.730+0000][1][safepoint   ] Safepoint "Cleanup", Time since last: 1001334531 ns, Reaching safepoint: 10913 ns, Cleanup: 17214 ns, At safepoint: 2731 ns, Total: 30858 ns
[2025-06-23T09:51:17.732+0000][1][safepoint   ] Safepoint "Cleanup", Time since last: 3002169664 ns, Reaching safepoint: 23595 ns, Cleanup: 17103 ns, At safepoint: 3092 ns, Total: 43790 ns
[2025-06-23T09:51:20.734+0000][1][safepoint   ] Safepoint "Cleanup", Time since last: 3001745907 ns, Reaching safepoint: 29018 ns, Cleanup: 21488 ns, At safepoint: 4245 ns, Total: 54751 ns
[2025-06-23T09:51:21.735+0000][1][safepoint   ] Safepoint "Cleanup", Time since last: 1001355521 ns, Reaching safepoint: 12726 ns, Cleanup: 18753 ns, At safepoint: 4351 ns, Total: 35830 ns
[2025-06-23T09:51:26.182+0000][1][safepoint   ] Safepoint "Cleanup", Time since last: 4446565203 ns, Reaching safepoint: 24318 ns, Cleanup: 45346 ns, At safepoint: 4088 ns, Total: 73752 ns
[2025-06-23T09:51:27.183+0000][1][safepoint   ] Safepoint "Cleanup", Time since last: 1001142310 ns, Reaching safepoint: 28405 ns, Cleanup: 25945 ns, At safepoint: 5350 ns, Total: 59700 ns
[2025-06-23T09:51:28.184+0000][1][safepoint   ] Safepoint "Cleanup", Time since last: 1001131181 ns, Reaching safepoint: 30859 ns, Cleanup: 15528 ns, At safepoint: 4020 ns, Total: 50407 ns
[2025-06-23T09:51:34.175+0000][1][safepoint   ] Safepoint "Cleanup", Time since last: 6002403980 ns, Reaching safepoint: 89409 ns, Cleanup: 42110 ns, At safepoint: 4747 ns, Total: 136266 ns
[2025-06-23T09:51:35.176+0000][1][safepoint   ] Safepoint "Cleanup", Time since last: 1000983375 ns, Reaching safepoint: 37651 ns, Cleanup: 22096 ns, At safepoint: 4603 ns, Total: 64350 ns
[2025-06-23T09:51:36.177+0000][1][safepoint   ] Safepoint "Cleanup", Time since last: 1001059341 ns, Reaching safepoint: 12734 ns, Cleanup: 19901 ns, At safepoint: 2733 ns, Total: 35368 ns
[2025-06-23T09:51:41.179+0000][1][safepoint   ] Safepoint "Cleanup", Time since last: 5001929653 ns, Reaching safepoint: 45791 ns, Cleanup: 32153 ns, At safepoint: 6839 ns, Total: 84783 ns
[2025-06-23T09:51:47.181+0000][1][safepoint   ] Safepoint "Cleanup", Time since last: 6001570893 ns, Reaching safepoint: 43007 ns, Cleanup: 21391 ns, At safepoint: 4978 ns, Total: 69376 ns
[2025-06-23T09:51:50.183+0000][1][safepoint   ] Safepoint "Cleanup", Time since last: 3001851404 ns, Reaching safepoint: 181304 ns, Cleanup: 53647 ns, At safepoint: 27974 ns, Total: 262925 ns
[2025-06-23T09:51:51.555+0000][1][safepoint   ] Safepoint "Cleanup", Time since last: 1372425859 ns, Reaching safepoint: 158411 ns, Cleanup: 185772 ns, At safepoint: 68633 ns, Total: 412816 ns
[2025-06-23T09:51:52.741+0000][1][safepoint   ] Safepoint "Cleanup", Time since last: 1185616634 ns, Reaching safepoint: 37107 ns, Cleanup: 168903 ns, At safepoint: 89277 ns, Total: 295287 ns
[2025-06-23T09:51:53.862+0000][1][safepoint   ] Safepoint "Cleanup", Time since last: 1120377413 ns, Reaching safepoint: 113420 ns, Cleanup: 154536 ns, At safepoint: 39941 ns, Total: 307897 ns
[2025-06-23T09:51:54.867+0000][1][safepoint   ] Safepoint "Cleanup", Time since last: 1004924005 ns, Reaching safepoint: 176118 ns, Cleanup: 77366 ns, At safepoint: 69991 ns, Total: 323475 ns
[2025-06-23T09:51:55.910+0000][1][safepoint   ] Safepoint "Cleanup", Time since last: 1042402391 ns, Reaching safepoint: 23932 ns, Cleanup: 73088 ns, At safepoint: 27149 ns, Total: 124169 ns
[2025-06-23T09:51:57.222+0000][1][safepoint   ] Safepoint "Cleanup", Time since last: 1312441731 ns, Reaching safepoint: 88828 ns, Cleanup: 81730 ns, At safepoint: 9324 ns, Total: 179882 ns
[2025-06-23T09:51:58.224+0000][1][safepoint   ] Safepoint "Cleanup", Time since last: 1001463405 ns, Reaching safepoint: 56659 ns, Cleanup: 17333 ns, At safepoint: 4627 ns, Total: 78619 ns
[2025-06-23T09:52:00.201+0000][1][safepoint   ] Safepoint "Cleanup", Time since last: 2001459079 ns, Reaching safepoint: 47271 ns, Cleanup: 22707 ns, At safepoint: 27050 ns, Total: 97028 ns
[2025-06-23T09:52:05.203+0000][1][safepoint   ] Safepoint "Cleanup", Time since last: 5001231772 ns, Reaching safepoint: 52925 ns, Cleanup: 25120 ns, At safepoint: 4893 ns, Total: 82938 ns
[2025-06-23T09:52:07.204+0000][1][safepoint   ] Safepoint "Cleanup", Time since last: 2001130269 ns, Reaching safepoint: 52651 ns, Cleanup: 21829 ns, At safepoint: 4871 ns, Total: 79351 ns
[2025-06-23T09:52:10.205+0000][1][safepoint   ] Safepoint "Cleanup", Time since last: 3001270790 ns, Reaching safepoint: 52612 ns, Cleanup: 39033 ns, At safepoint: 3868 ns, Total: 95513 ns
[2025-06-23T09:52:11.206+0000][1][safepoint   ] Safepoint "Cleanup", Time since last: 1000976927 ns, Reaching safepoint: 16344 ns, Cleanup: 17933 ns, At safepoint: 4593 ns, Total: 38870 ns
[2025-06-23T09:52:12.207+0000][1][safepoint   ] Safepoint "Cleanup", Time since last: 1001107905 ns, Reaching safepoint: 26750 ns, Cleanup: 15588 ns, At safepoint: 3688 ns, Total: 46026 ns
[2025-06-23T09:52:15.209+0000][1][safepoint   ] Safepoint "Cleanup", Time since last: 3001497826 ns, Reaching safepoint: 42995 ns, Cleanup: 24797 ns, At safepoint: 4801 ns, Total: 72593 ns
[2025-06-23T09:52:17.211+0000][1][safepoint   ] Safepoint "Cleanup", Time since last: 2001730132 ns, Reaching safepoint: 21226 ns, Cleanup: 16651 ns, At safepoint: 5243 ns, Total: 43120 ns
[2025-06-23T09:52:22.213+0000][1][safepoint   ] Safepoint "Cleanup", Time since last: 5002063183 ns, Reaching safepoint: 62771 ns, Cleanup: 33882 ns, At safepoint: 6242 ns, Total: 102895 ns
[2025-06-23T09:52:25.199+0000][1][safepoint   ] Safepoint "Cleanup", Time since last: 2986247122 ns, Reaching safepoint: 26095 ns, Cleanup: 18229 ns, At safepoint: 2683 ns, Total: 47007 ns
[2025-06-23T09:52:27.200+0000][1][safepoint   ] Safepoint "Cleanup", Time since last: 2000988572 ns, Reaching safepoint: 78343 ns, Cleanup: 30460 ns, At safepoint: 7442 ns, Total: 116245 ns
[2025-06-23T09:52:37.195+0000][1][safepoint   ] Safepoint "Cleanup", Time since last: 10003293141 ns, Reaching safepoint: 350251 ns, Cleanup: 140687 ns, At safepoint: 912076 ns, Total: 1403014 ns
[2025-06-23T09:52:38.204+0000][1][safepoint   ] Safepoint "Cleanup", Time since last: 1008874171 ns, Reaching safepoint: 134694 ns, Cleanup: 55865 ns, At safepoint: 14373 ns, Total: 204932 ns
[2025-06-23T09:52:39.205+0000][1][safepoint   ] Safepoint "Cleanup", Time since last: 1000793740 ns, Reaching safepoint: 39102 ns, Cleanup: 50396 ns, At safepoint: 8842 ns, Total: 98340 ns
[2025-06-23T09:52:40.207+0000][1][safepoint   ] Safepoint "Cleanup", Time since last: 1000958677 ns, Reaching safepoint: 146599 ns, Cleanup: 238515 ns, At safepoint: 28940 ns, Total: 414054 ns
[2025-06-23T09:52:41.208+0000][1][safepoint   ] Safepoint "Cleanup", Time since last: 1001273902 ns, Reaching safepoint: 71251 ns, Cleanup: 51272 ns, At safepoint: 9314 ns, Total: 131837 ns
[2025-06-23T09:52:42.209+0000][1][safepoint   ] Safepoint "Cleanup", Time since last: 1000842682 ns, Reaching safepoint: 51375 ns, Cleanup: 17227 ns, At safepoint: 5342 ns, Total: 73944 ns
[2025-06-23T09:52:48.211+0000][1][safepoint   ] Safepoint "Cleanup", Time since last: 6002089360 ns, Reaching safepoint: 60332 ns, Cleanup: 20586 ns, At safepoint: 5296 ns, Total: 86214 ns
[2025-06-23T09:52:49.212+0000][1][safepoint   ] Safepoint "Cleanup", Time since last: 1001001502 ns, Reaching safepoint: 26954 ns, Cleanup: 15323 ns, At safepoint: 3400 ns, Total: 45677 ns
[2025-06-23T09:52:50.213+0000][1][safepoint   ] Safepoint "Cleanup", Time since last: 1000945544 ns, Reaching safepoint: 49370 ns, Cleanup: 22573 ns, At safepoint: 4709 ns, Total: 76652 ns
[2025-06-23T09:52:55.215+0000][1][safepoint   ] Safepoint "Cleanup", Time since last: 5001705035 ns, Reaching safepoint: 137041 ns, Cleanup: 28080 ns, At safepoint: 5396 ns, Total: 170517 ns
[2025-06-23T09:52:58.216+0000][1][safepoint   ] Safepoint "Cleanup", Time since last: 3001345995 ns, Reaching safepoint: 72827 ns, Cleanup: 22150 ns, At safepoint: 4501 ns, Total: 99478 ns
[2025-06-23T09:53:00.199+0000][1][safepoint   ] Safepoint "Cleanup", Time since last: 2001062685 ns, Reaching safepoint: 77590 ns, Cleanup: 59859 ns, At safepoint: 6986 ns, Total: 144435 ns
[2025-06-23T09:53:02.200+0000][1][safepoint   ] Safepoint "Cleanup", Time since last: 2001414359 ns, Reaching safepoint: 18139 ns, Cleanup: 36877 ns, At safepoint: 3893 ns, Total: 58909 ns
[2025-06-23T09:53:05.202+0000][1][safepoint   ] Safepoint "Cleanup", Time since last: 3002080130 ns, Reaching safepoint: 37792 ns, Cleanup: 36195 ns, At safepoint: 6211 ns, Total: 80198 ns
[2025-06-23T09:53:07.204+0000][1][safepoint   ] Safepoint "Cleanup", Time since last: 2001568290 ns, Reaching safepoint: 66189 ns, Cleanup: 16426 ns, At safepoint: 4605 ns, Total: 87220 ns
[2025-06-23T09:53:08.205+0000][1][safepoint   ] Safepoint "Cleanup", Time since last: 1000878812 ns, Reaching safepoint: 50629 ns, Cleanup: 21866 ns, At safepoint: 5543 ns, Total: 78038 ns
[2025-06-23T09:53:10.207+0000][1][safepoint   ] Safepoint "Cleanup", Time since last: 2001774899 ns, Reaching safepoint: 87603 ns, Cleanup: 34923 ns, At safepoint: 5567 ns, Total: 128093 ns
[2025-06-23T09:53:15.211+0000][1][safepoint   ] Safepoint "Cleanup", Time since last: 5004055733 ns, Reaching safepoint: 83597 ns, Cleanup: 93103 ns, At safepoint: 11518 ns, Total: 188218 ns
[2025-06-23T09:53:17.218+0000][1][safepoint   ] Safepoint "Cleanup", Time since last: 2006185560 ns, Reaching safepoint: 152964 ns, Cleanup: 65746 ns, At safepoint: 19812 ns, Total: 238522 ns
[2025-06-23T09:53:20.224+0000][1][safepoint   ] Safepoint "Cleanup", Time since last: 3005764160 ns, Reaching safepoint: 85732 ns, Cleanup: 48329 ns, At safepoint: 8395 ns, Total: 142456 ns
[2025-06-23T09:53:22.225+0000][1][safepoint   ] Safepoint "Cleanup", Time since last: 2001608495 ns, Reaching safepoint: 183900 ns, Cleanup: 26365 ns, At safepoint: 12460 ns, Total: 222725 ns
[2025-06-23T09:53:25.227+0000][1][safepoint   ] Safepoint "Cleanup", Time since last: 3001254258 ns, Reaching safepoint: 38771 ns, Cleanup: 16060 ns, At safepoint: 3430 ns, Total: 58261 ns
[2025-06-23T09:53:26.241+0000][1][safepoint   ] Safepoint "Cleanup", Time since last: 1013779089 ns, Reaching safepoint: 29277 ns, Cleanup: 20539 ns, At safepoint: 3076 ns, Total: 52892 ns
[2025-06-23T09:53:27.242+0000][1][safepoint   ] Safepoint "Cleanup", Time since last: 1001426926 ns, Reaching safepoint: 31621 ns, Cleanup: 20434 ns, At safepoint: 3851 ns, Total: 55906 ns
[2025-06-23T09:53:30.220+0000][1][safepoint   ] Safepoint "Cleanup", Time since last: 3001410776 ns, Reaching safepoint: 36455 ns, Cleanup: 22223 ns, At safepoint: 5586 ns, Total: 64264 ns
[2025-06-23T09:53:35.221+0000][1][safepoint   ] Safepoint "Cleanup", Time since last: 5001650568 ns, Reaching safepoint: 32957 ns, Cleanup: 23799 ns, At safepoint: 6021 ns, Total: 62777 ns
[2025-06-23T09:53:37.223+0000][1][safepoint   ] Safepoint "Cleanup", Time since last: 2001600391 ns, Reaching safepoint: 40964 ns, Cleanup: 22562 ns, At safepoint: 3718 ns, Total: 67244 ns
[2025-06-23T09:53:39.225+0000][1][safepoint   ] Safepoint "Cleanup", Time since last: 2001853946 ns, Reaching safepoint: 52527 ns, Cleanup: 16986 ns, At safepoint: 4131 ns, Total: 73644 ns
[2025-06-23T09:53:40.226+0000][1][safepoint   ] Safepoint "Cleanup", Time since last: 1001168362 ns, Reaching safepoint: 59941 ns, Cleanup: 28392 ns, At safepoint: 4253 ns, Total: 92586 ns
[2025-06-23T09:53:42.228+0000][1][safepoint   ] Safepoint "Cleanup", Time since last: 2001365808 ns, Reaching safepoint: 19094 ns, Cleanup: 19994 ns, At safepoint: 4787 ns, Total: 43875 ns
[2025-06-23T09:53:44.230+0000][1][safepoint   ] Safepoint "Cleanup", Time since last: 2002130376 ns, Reaching safepoint: 35141 ns, Cleanup: 19657 ns, At safepoint: 4051 ns, Total: 58849 ns
[2025-06-23T09:53:46.586+0000][1][gc,start    ] GC(19) Pause Young (Mixed) (G1 Evacuation Pause)
[2025-06-23T09:53:46.592+0000][1][gc,task     ] GC(19) Using 13 workers of 13 for evacuation
[2025-06-23T09:53:46.594+0000][1][gc,age      ] GC(19) Desired survivor size 19398656 bytes, new threshold 1 (max threshold 15)
[2025-06-23T09:53:47.236+0000][1][gc,mmu      ] GC(19) MMU target violated: 201.0ms (200.0ms/201.0ms)
[2025-06-23T09:53:47.237+0000][1][gc,phases   ] GC(19)   Pre Evacuate Collection Set: 36.5ms
[2025-06-23T09:53:47.237+0000][1][gc,phases   ] GC(19)   Merge Heap Roots: 5.4ms
[2025-06-23T09:53:47.237+0000][1][gc,phases   ] GC(19)   Evacuate Collection Set: 565.8ms
[2025-06-23T09:53:47.238+0000][1][gc,phases   ] GC(19)   Post Evacuate Collection Set: 31.2ms
[2025-06-23T09:53:47.238+0000][1][gc,phases   ] GC(19)   Other: 8.0ms
[2025-06-23T09:53:47.238+0000][1][gc,age      ] GC(19) Age table with threshold 1 (max threshold 15)
[2025-06-23T09:53:47.239+0000][1][gc,age      ] GC(19) - age   1:    5190000 bytes,    5190000 total
[2025-06-23T09:53:47.239+0000][1][gc,heap     ] GC(19) Eden regions: 258->0(276)
[2025-06-23T09:53:47.240+0000][1][gc,heap     ] GC(19) Survivor regions: 31->8(37)
[2025-06-23T09:53:47.240+0000][1][gc,heap     ] GC(19) Old regions: 81->109
[2025-06-23T09:53:47.240+0000][1][gc,heap     ] GC(19) Humongous regions: 8->8
[2025-06-23T09:53:47.241+0000][1][gc,metaspace] GC(19) Metaspace: 151732K(155200K)->151732K(155200K) NonClass: 132845K(134656K)->132845K(134656K) Class: 18886K(20544K)->18886K(20544K)
[2025-06-23T09:53:47.241+0000][1][gc          ] GC(19) Pause Young (Mixed) (G1 Evacuation Pause) 377M->124M(512M) 654.891ms
[2025-06-23T09:53:47.241+0000][1][gc,cpu      ] GC(19) User=5.54s Sys=0.09s Real=0.66s
[2025-06-23T09:53:47.242+0000][1][safepoint   ] Safepoint "G1CollectForAllocation", Time since last: 2352438780 ns, Reaching safepoint: 44540 ns, Cleanup: 8533 ns, At safepoint: 659699306 ns, Total: 659752379 ns
[2025-06-23T09:53:48.246+0000][1][safepoint   ] Safepoint "Cleanup", Time since last: 1001424476 ns, Reaching safepoint: 2329116 ns, Cleanup: 38997 ns, At safepoint: 82194 ns, Total: 2450307 ns
[2025-06-23T09:53:51.248+0000][1][safepoint   ] Safepoint "Cleanup", Time since last: 3001428336 ns, Reaching safepoint: 57163 ns, Cleanup: 21975 ns, At safepoint: 4242 ns, Total: 83380 ns
[2025-06-23T09:53:52.251+0000][1][safepoint   ] Safepoint "Cleanup", Time since last: 1001108857 ns, Reaching safepoint: 2321650 ns, Cleanup: 18766 ns, At safepoint: 37886 ns, Total: 2378302 ns
[2025-06-23T09:53:55.253+0000][1][safepoint   ] Safepoint "Cleanup", Time since last: 3001404817 ns, Reaching safepoint: 90023 ns, Cleanup: 18071 ns, At safepoint: 4819 ns, Total: 112913 ns
[2025-06-23T09:53:57.254+0000][1][safepoint   ] Safepoint "Cleanup", Time since last: 2000907254 ns, Reaching safepoint: 59177 ns, Cleanup: 20964 ns, At safepoint: 5810 ns, Total: 85951 ns
[2025-06-23T09:54:00.242+0000][1][safepoint   ] Safepoint "Cleanup", Time since last: 3001585172 ns, Reaching safepoint: 68383 ns, Cleanup: 25042 ns, At safepoint: 6249 ns, Total: 99674 ns
[2025-06-23T09:54:05.246+0000][1][safepoint   ] Safepoint "Cleanup", Time since last: 5003091371 ns, Reaching safepoint: 57846 ns, Cleanup: 22871 ns, At safepoint: 4807 ns, Total: 85524 ns
[2025-06-23T09:54:07.247+0000][1][safepoint   ] Safepoint "Cleanup", Time since last: 2001658915 ns, Reaching safepoint: 81785 ns, Cleanup: 31780 ns, At safepoint: 6655 ns, Total: 120220 ns
[2025-06-23T09:54:10.249+0000][1][safepoint   ] Safepoint "Cleanup", Time since last: 3001518419 ns, Reaching safepoint: 64197 ns, Cleanup: 21491 ns, At safepoint: 9335 ns, Total: 95023 ns
[2025-06-23T09:54:12.251+0000][1][safepoint   ] Safepoint "Cleanup", Time since last: 2001965731 ns, Reaching safepoint: 63828 ns, Cleanup: 21821 ns, At safepoint: 5683 ns, Total: 91332 ns
[2025-06-23T09:54:15.253+0000][1][safepoint   ] Safepoint "Cleanup", Time since last: 3002158600 ns, Reaching safepoint: 16857 ns, Cleanup: 20022 ns, At safepoint: 4826 ns, Total: 41705 ns
[2025-06-23T09:54:17.255+0000][1][safepoint   ] Safepoint "Cleanup", Time since last: 2001389309 ns, Reaching safepoint: 39623 ns, Cleanup: 43984 ns, At safepoint: 4226 ns, Total: 87833 ns
[2025-06-23T09:54:20.256+0000][1][safepoint   ] Safepoint "Cleanup", Time since last: 3001658207 ns, Reaching safepoint: 44382 ns, Cleanup: 18909 ns, At safepoint: 4748 ns, Total: 68039 ns
[2025-06-23T09:54:22.259+0000][1][safepoint   ] Safepoint "Cleanup", Time since last: 2002077255 ns, Reaching safepoint: 42514 ns, Cleanup: 18460 ns, At safepoint: 6101 ns, Total: 67075 ns
[2025-06-23T09:54:25.261+0000][1][safepoint   ] Safepoint "Cleanup", Time since last: 3002139761 ns, Reaching safepoint: 334643 ns, Cleanup: 127482 ns, At safepoint: 17175 ns, Total: 479300 ns
[2025-06-23T09:54:28.264+0000][1][safepoint   ] Safepoint "Cleanup", Time since last: 3003065537 ns, Reaching safepoint: 46386 ns, Cleanup: 15963 ns, At safepoint: 3933 ns, Total: 66282 ns
[2025-06-23T09:54:40.267+0000][1][safepoint   ] Safepoint "Cleanup", Time since last: 12004036832 ns, Reaching safepoint: 57829 ns, Cleanup: 22084 ns, At safepoint: 4814 ns, Total: 84727 ns
[2025-06-23T09:54:42.268+0000][1][safepoint   ] Safepoint "Cleanup", Time since last: 2001358950 ns, Reaching safepoint: 23154 ns, Cleanup: 95894 ns, At safepoint: 8771 ns, Total: 127819 ns
[2025-06-23T09:54:47.271+0000][1][safepoint   ] Safepoint "Cleanup", Time since last: 5002034622 ns, Reaching safepoint: 500915 ns, Cleanup: 19450 ns, At safepoint: 34068 ns, Total: 554433 ns
[2025-06-23T09:54:50.273+0000][1][safepoint   ] Safepoint "Cleanup", Time since last: 3001372330 ns, Reaching safepoint: 99439 ns, Cleanup: 24376 ns, At safepoint: 8761 ns, Total: 132576 ns
[2025-06-23T09:54:53.274+0000][1][safepoint   ] Safepoint "Cleanup", Time since last: 3001290846 ns, Reaching safepoint: 76008 ns, Cleanup: 21557 ns, At safepoint: 4832 ns, Total: 102397 ns
[2025-06-23T09:54:57.276+0000][1][safepoint   ] Safepoint "Cleanup", Time since last: 4001793540 ns, Reaching safepoint: 202633 ns, Cleanup: 50291 ns, At safepoint: 7235 ns, Total: 260159 ns
[2025-06-23T09:54:59.278+0000][1][safepoint   ] Safepoint "Cleanup", Time since last: 2001526196 ns, Reaching safepoint: 197684 ns, Cleanup: 73198 ns, At safepoint: 20905 ns, Total: 291787 ns
[2025-06-23T09:55:00.259+0000][1][safepoint   ] Safepoint "Cleanup", Time since last: 1004890198 ns, Reaching safepoint: 49340 ns, Cleanup: 22304 ns, At safepoint: 3996 ns, Total: 75640 ns
[2025-06-23T09:55:01.261+0000][1][safepoint   ] Safepoint "Cleanup", Time since last: 1001144849 ns, Reaching safepoint: 37241 ns, Cleanup: 25426 ns, At safepoint: 4474 ns, Total: 67141 ns
[2025-06-23T09:55:04.614+0000][1][safepoint   ] Safepoint "Cleanup", Time since last: 3351474197 ns, Reaching safepoint: 2189774 ns, Cleanup: 18075 ns, At safepoint: 36605 ns, Total: 2244454 ns
[2025-06-23T09:55:05.621+0000][1][safepoint   ] Safepoint "Cleanup", Time since last: 1000763149 ns, Reaching safepoint: 5462506 ns, Cleanup: 61938 ns, At safepoint: 63203 ns, Total: 5587647 ns
[2025-06-23T09:55:06.622+0000][1][safepoint   ] Safepoint "Cleanup", Time since last: 1000895266 ns, Reaching safepoint: 192072 ns, Cleanup: 493195 ns, At safepoint: 52018 ns, Total: 737285 ns
[2025-06-23T09:55:07.630+0000][1][safepoint   ] Safepoint "Cleanup", Time since last: 1000804077 ns, Reaching safepoint: 6632045 ns, Cleanup: 47625 ns, At safepoint: 64502 ns, Total: 6744172 ns
[2025-06-23T09:55:08.631+0000][1][safepoint   ] Safepoint "Cleanup", Time since last: 1000680397 ns, Reaching safepoint: 44554 ns, Cleanup: 48857 ns, At safepoint: 26051 ns, Total: 119462 ns
[2025-06-23T09:55:09.633+0000][1][safepoint   ] Safepoint "Cleanup", Time since last: 1001227301 ns, Reaching safepoint: 273144 ns, Cleanup: 412411 ns, At safepoint: 198481 ns, Total: 884036 ns
[2025-06-23T09:55:10.659+0000][1][safepoint   ] Safepoint "Cleanup", Time since last: 1025647309 ns, Reaching safepoint: 29198 ns, Cleanup: 165300 ns, At safepoint: 20291 ns, Total: 214789 ns
[2025-06-23T09:55:11.660+0000][1][safepoint   ] Safepoint "Cleanup", Time since last: 1000986486 ns, Reaching safepoint: 133314 ns, Cleanup: 148224 ns, At safepoint: 13569 ns, Total: 295107 ns
[2025-06-23T09:55:13.118+0000][1][safepoint   ] Safepoint "Cleanup", Time since last: 1457769333 ns, Reaching safepoint: 32702 ns, Cleanup: 152756 ns, At safepoint: 29033 ns, Total: 214491 ns
[2025-06-23T09:55:14.521+0000][1][safepoint   ] Safepoint "Cleanup", Time since last: 1403277606 ns, Reaching safepoint: 14679 ns, Cleanup: 43471 ns, At safepoint: 3368 ns, Total: 61518 ns
[2025-06-23T09:55:20.523+0000][1][safepoint   ] Safepoint "Cleanup", Time since last: 6001961288 ns, Reaching safepoint: 28352 ns, Cleanup: 15818 ns, At safepoint: 4518 ns, Total: 48688 ns
[2025-06-23T09:55:21.525+0000][1][safepoint   ] Safepoint "Cleanup", Time since last: 1001096116 ns, Reaching safepoint: 52722 ns, Cleanup: 31710 ns, At safepoint: 5460 ns, Total: 89892 ns
[2025-06-23T09:55:22.526+0000][1][safepoint   ] Safepoint "Cleanup", Time since last: 1000990862 ns, Reaching safepoint: 38774 ns, Cleanup: 17541 ns, At safepoint: 4486 ns, Total: 60801 ns
[2025-06-23T09:55:24.527+0000][1][safepoint   ] Safepoint "Cleanup", Time since last: 2000836326 ns, Reaching safepoint: 65853 ns, Cleanup: 29678 ns, At safepoint: 8006 ns, Total: 103537 ns
[2025-06-23T09:55:30.292+0000][1][safepoint   ] Safepoint "Cleanup", Time since last: 5779837032 ns, Reaching safepoint: 53432 ns, Cleanup: 19707 ns, At safepoint: 5026 ns, Total: 78165 ns
[2025-06-23T09:55:32.293+0000][1][safepoint   ] Safepoint "Cleanup", Time since last: 2000957134 ns, Reaching safepoint: 53605 ns, Cleanup: 22386 ns, At safepoint: 5295 ns, Total: 81286 ns
[2025-06-23T09:55:37.295+0000][1][safepoint   ] Safepoint "Cleanup", Time since last: 5001538393 ns, Reaching safepoint: 82566 ns, Cleanup: 25278 ns, At safepoint: 7635 ns, Total: 115479 ns
[2025-06-23T09:55:41.297+0000][1][safepoint   ] Safepoint "Cleanup", Time since last: 4001385340 ns, Reaching safepoint: 75602 ns, Cleanup: 26023 ns, At safepoint: 6955 ns, Total: 108580 ns
[2025-06-23T09:55:44.298+0000][1][safepoint   ] Safepoint "Cleanup", Time since last: 3001391060 ns, Reaching safepoint: 49161 ns, Cleanup: 31291 ns, At safepoint: 6350 ns, Total: 86802 ns
[2025-06-23T09:55:48.300+0000][1][safepoint   ] Safepoint "Cleanup", Time since last: 4002251730 ns, Reaching safepoint: 162319 ns, Cleanup: 65793 ns, At safepoint: 19506 ns, Total: 247618 ns
[2025-06-23T09:55:50.306+0000][1][safepoint   ] Safepoint "Cleanup", Time since last: 2002821059 ns, Reaching safepoint: 2344841 ns, Cleanup: 351017 ns, At safepoint: 210347 ns, Total: 2906205 ns
[2025-06-23T09:55:51.308+0000][1][safepoint   ] Safepoint "Cleanup", Time since last: 1001752422 ns, Reaching safepoint: 140551 ns, Cleanup: 75105 ns, At safepoint: 13246 ns, Total: 228902 ns
[2025-06-23T09:55:55.314+0000][1][safepoint   ] Safepoint "Cleanup", Time since last: 4005247005 ns, Reaching safepoint: 89474 ns, Cleanup: 38099 ns, At safepoint: 6715 ns, Total: 134288 ns
[2025-06-23T09:55:58.330+0000][1][safepoint   ] Safepoint "Cleanup", Time since last: 3002715954 ns, Reaching safepoint: 14022279 ns, Cleanup: 44206 ns, At safepoint: 121641 ns, Total: 14188126 ns
[2025-06-23T09:55:59.345+0000][1][safepoint   ] Safepoint "Cleanup", Time since last: 1002989460 ns, Reaching safepoint: 8185570 ns, Cleanup: 2815679 ns, At safepoint: 252264 ns, Total: 11253513 ns
[2025-06-23T09:56:00.280+0000][1][safepoint   ] Safepoint "Cleanup", Time since last: 1008546238 ns, Reaching safepoint: 245358 ns, Cleanup: 91938 ns, At safepoint: 18117 ns, Total: 355413 ns
[2025-06-23T09:56:03.284+0000][1][safepoint   ] Safepoint "Cleanup", Time since last: 3002987873 ns, Reaching safepoint: 200942 ns, Cleanup: 62722 ns, At safepoint: 25175 ns, Total: 288839 ns
[2025-06-23T09:56:05.287+0000][1][safepoint   ] Safepoint "Cleanup", Time since last: 2003005699 ns, Reaching safepoint: 153281 ns, Cleanup: 70796 ns, At safepoint: 20072 ns, Total: 244149 ns
[2025-06-23T09:56:06.288+0000][1][safepoint   ] Safepoint "Cleanup", Time since last: 1001287094 ns, Reaching safepoint: 117572 ns, Cleanup: 47632 ns, At safepoint: 11615 ns, Total: 176819 ns
[2025-06-23T09:56:09.296+0000][1][safepoint   ] Safepoint "Cleanup", Time since last: 3001624641 ns, Reaching safepoint: 5763133 ns, Cleanup: 54871 ns, At safepoint: 169985 ns, Total: 5987989 ns
[2025-06-23T09:56:10.299+0000][1][safepoint   ] Safepoint "Cleanup", Time since last: 1002486728 ns, Reaching safepoint: 142289 ns, Cleanup: 64200 ns, At safepoint: 12505 ns, Total: 218994 ns
[2025-06-23T09:56:11.301+0000][1][safepoint   ] Safepoint "Cleanup", Time since last: 1001967579 ns, Reaching safepoint: 77354 ns, Cleanup: 69351 ns, At safepoint: 14686 ns, Total: 161391 ns
[2025-06-23T09:56:13.303+0000][1][safepoint   ] Safepoint "Cleanup", Time since last: 2001818623 ns, Reaching safepoint: 33079 ns, Cleanup: 27858 ns, At safepoint: 5535 ns, Total: 66472 ns
[2025-06-23T09:56:14.304+0000][1][safepoint   ] Safepoint "Cleanup", Time since last: 1001392213 ns, Reaching safepoint: 45522 ns, Cleanup: 22373 ns, At safepoint: 4409 ns, Total: 72304 ns
[2025-06-23T09:56:16.306+0000][1][safepoint   ] Safepoint "Cleanup", Time since last: 2001461402 ns, Reaching safepoint: 78211 ns, Cleanup: 21833 ns, At safepoint: 6100 ns, Total: 106144 ns
[2025-06-23T09:56:20.307+0000][1][safepoint   ] Safepoint "Cleanup", Time since last: 4001577887 ns, Reaching safepoint: 161206 ns, Cleanup: 38373 ns, At safepoint: 56660 ns, Total: 256239 ns
[2025-06-23T09:56:21.639+0000][1][safepoint   ] Safepoint "Cleanup", Time since last: 1000880908 ns, Reaching safepoint: 330747779 ns, Cleanup: 63555 ns, At safepoint: 268964 ns, Total: 331080298 ns
[2025-06-23T09:56:22.641+0000][1][safepoint   ] Safepoint "Cleanup", Time since last: 1001069512 ns, Reaching safepoint: 86319 ns, Cleanup: 19829 ns, At safepoint: 46637 ns, Total: 152785 ns
[2025-06-23T09:56:27.395+0000][1][safepoint   ] Safepoint "Cleanup", Time since last: 4754771043 ns, Reaching safepoint: 99190 ns, Cleanup: 17981 ns, At safepoint: 7093 ns, Total: 124264 ns
[2025-06-23T09:56:30.378+0000][1][safepoint   ] Safepoint "Cleanup", Time since last: 3001725897 ns, Reaching safepoint: 50575 ns, Cleanup: 15335 ns, At safepoint: 4150 ns, Total: 70060 ns
[2025-06-23T09:56:32.380+0000][1][safepoint   ] Safepoint "Cleanup", Time since last: 2001585032 ns, Reaching safepoint: 164007 ns, Cleanup: 38173 ns, At safepoint: 14219 ns, Total: 216399 ns
[2025-06-23T09:56:35.382+0000][1][safepoint   ] Safepoint "Cleanup", Time since last: 3002252876 ns, Reaching safepoint: 30206 ns, Cleanup: 16281 ns, At safepoint: 5115 ns, Total: 51602 ns
[2025-06-23T09:56:37.384+0000][1][safepoint   ] Safepoint "Cleanup", Time since last: 2001403295 ns, Reaching safepoint: 86790 ns, Cleanup: 27018 ns, At safepoint: 7618 ns, Total: 121426 ns
[2025-06-23T09:56:39.386+0000][1][safepoint   ] Safepoint "Cleanup", Time since last: 2001935692 ns, Reaching safepoint: 103494 ns, Cleanup: 43322 ns, At safepoint: 18676 ns, Total: 165492 ns
[2025-06-23T09:56:42.390+0000][1][safepoint   ] Safepoint "Cleanup", Time since last: 3003647043 ns, Reaching safepoint: 29073 ns, Cleanup: 189060 ns, At safepoint: 13274 ns, Total: 231407 ns
[2025-06-23T09:56:44.392+0000][1][safepoint   ] Safepoint "Cleanup", Time since last: 2001672903 ns, Reaching safepoint: 66604 ns, Cleanup: 31395 ns, At safepoint: 5249 ns, Total: 103248 ns
[2025-06-23T09:56:45.393+0000][1][safepoint   ] Safepoint "Cleanup", Time since last: 1001185833 ns, Reaching safepoint: 20258 ns, Cleanup: 20314 ns, At safepoint: 5160 ns, Total: 45732 ns
[2025-06-23T09:56:47.395+0000][1][safepoint   ] Safepoint "Cleanup", Time since last: 2001712397 ns, Reaching safepoint: 114591 ns, Cleanup: 102799 ns, At safepoint: 12550 ns, Total: 229940 ns
[2025-06-23T09:56:49.478+0000][1][safepoint   ] Safepoint "Cleanup", Time since last: 2001744733 ns, Reaching safepoint: 81631377 ns, Cleanup: 133980 ns, At safepoint: 133099 ns, Total: 81898456 ns
[2025-06-23T09:56:50.481+0000][1][safepoint   ] Safepoint "Cleanup", Time since last: 1001053024 ns, Reaching safepoint: 981241 ns, Cleanup: 154801 ns, At safepoint: 109452 ns, Total: 1245494 ns
[2025-06-23T09:56:51.481+0000][1][safepoint   ] Safepoint "Cleanup", Time since last: 1000721680 ns, Reaching safepoint: 61734 ns, Cleanup: 30758 ns, At safepoint: 5181 ns, Total: 97673 ns
[2025-06-23T09:56:52.483+0000][1][safepoint   ] Safepoint "Cleanup", Time since last: 1001066771 ns, Reaching safepoint: 137267 ns, Cleanup: 53745 ns, At safepoint: 8246 ns, Total: 199258 ns
[2025-06-23T09:56:55.485+0000][1][safepoint   ] Safepoint "Cleanup", Time since last: 3001726508 ns, Reaching safepoint: 70474 ns, Cleanup: 19892 ns, At safepoint: 5750 ns, Total: 96116 ns
[2025-06-23T09:56:56.485+0000][1][safepoint   ] Safepoint "Cleanup", Time since last: 1000721829 ns, Reaching safepoint: 19365 ns, Cleanup: 16759 ns, At safepoint: 3696 ns, Total: 39820 ns
[2025-06-23T09:56:57.487+0000][1][safepoint   ] Safepoint "Cleanup", Time since last: 1000865973 ns, Reaching safepoint: 701616 ns, Cleanup: 18020 ns, At safepoint: 50972 ns, Total: 770608 ns
[2025-06-23T09:57:00.466+0000][1][safepoint   ] Safepoint "Cleanup", Time since last: 3001562582 ns, Reaching safepoint: 66191 ns, Cleanup: 19096 ns, At safepoint: 6227 ns, Total: 91514 ns
[2025-06-23T09:57:02.467+0000][1][safepoint   ] Safepoint "Cleanup", Time since last: 2000984489 ns, Reaching safepoint: 58989 ns, Cleanup: 66764 ns, At safepoint: 6123 ns, Total: 131876 ns
[2025-06-23T09:57:05.469+0000][1][safepoint   ] Safepoint "Cleanup", Time since last: 3001634523 ns, Reaching safepoint: 78204 ns, Cleanup: 25054 ns, At safepoint: 8562 ns, Total: 111820 ns
[2025-06-23T09:57:07.471+0000][1][safepoint   ] Safepoint "Cleanup", Time since last: 2001901446 ns, Reaching safepoint: 66779 ns, Cleanup: 181088 ns, At safepoint: 30135 ns, Total: 278002 ns
[2025-06-23T09:57:09.473+0000][1][safepoint   ] Safepoint "Cleanup", Time since last: 2001282391 ns, Reaching safepoint: 71423 ns, Cleanup: 115609 ns, At safepoint: 7203 ns, Total: 194235 ns
[2025-06-23T09:57:10.474+0000][1][safepoint   ] Safepoint "Cleanup", Time since last: 1000875135 ns, Reaching safepoint: 41953 ns, Cleanup: 28351 ns, At safepoint: 5954 ns, Total: 76258 ns
[2025-06-23T09:57:12.475+0000][1][safepoint   ] Safepoint "Cleanup", Time since last: 2001208780 ns, Reaching safepoint: 26804 ns, Cleanup: 50960 ns, At safepoint: 5180 ns, Total: 82944 ns
[2025-06-23T09:57:21.478+0000][1][safepoint   ] Safepoint "Cleanup", Time since last: 9003094593 ns, Reaching safepoint: 62498 ns, Cleanup: 16949 ns, At safepoint: 4938 ns, Total: 84385 ns
[2025-06-23T09:57:37.412+0000][1][safepoint   ] Safepoint "Cleanup", Time since last: 15960027718 ns, Reaching safepoint: 1055233 ns, Cleanup: 43732 ns, At safepoint: 8914 ns, Total: 1107879 ns
[2025-06-23T09:57:39.414+0000][1][safepoint   ] Safepoint "Cleanup", Time since last: 2001778547 ns, Reaching safepoint: 73546 ns, Cleanup: 26376 ns, At safepoint: 5014 ns, Total: 104936 ns
[2025-06-23T09:57:40.416+0000][1][safepoint   ] Safepoint "Cleanup", Time since last: 1001283079 ns, Reaching safepoint: 24255 ns, Cleanup: 22264 ns, At safepoint: 6366 ns, Total: 52885 ns
[2025-06-23T09:57:42.418+0000][1][safepoint   ] Safepoint "Cleanup", Time since last: 2001563406 ns, Reaching safepoint: 163386 ns, Cleanup: 273390 ns, At safepoint: 16988 ns, Total: 453764 ns
[2025-06-23T09:57:44.420+0000][1][safepoint   ] Safepoint "Cleanup", Time since last: 2002286089 ns, Reaching safepoint: 51949 ns, Cleanup: 28289 ns, At safepoint: 9913 ns, Total: 90151 ns
[2025-06-23T09:57:49.423+0000][1][safepoint   ] Safepoint "Cleanup", Time since last: 5002985036 ns, Reaching safepoint: 62076 ns, Cleanup: 16494 ns, At safepoint: 5228 ns, Total: 83798 ns
[2025-06-23T09:57:51.424+0000][1][safepoint   ] Safepoint "Cleanup", Time since last: 2001123685 ns, Reaching safepoint: 28284 ns, Cleanup: 20796 ns, At safepoint: 3894 ns, Total: 52974 ns
[2025-06-23T09:57:59.427+0000][1][safepoint   ] Safepoint "Cleanup", Time since last: 8002505727 ns, Reaching safepoint: 119453 ns, Cleanup: 28417 ns, At safepoint: 7156 ns, Total: 155026 ns
[2025-06-23T09:58:07.410+0000][1][safepoint   ] Safepoint "Cleanup", Time since last: 8003096351 ns, Reaching safepoint: 120935 ns, Cleanup: 40805 ns, At safepoint: 8925 ns, Total: 170665 ns
[2025-06-23T09:58:09.413+0000][1][safepoint   ] Safepoint "Cleanup", Time since last: 2002249345 ns, Reaching safepoint: 114820 ns, Cleanup: 36702 ns, At safepoint: 7882 ns, Total: 159404 ns
[2025-06-23T09:58:19.415+0000][1][safepoint   ] Safepoint "Cleanup", Time since last: 10002716456 ns, Reaching safepoint: 69219 ns, Cleanup: 99472 ns, At safepoint: 8060 ns, Total: 176751 ns
[2025-06-23T09:58:27.626+0000][1][safepoint   ] Safepoint "Cleanup", Time since last: 8210013698 ns, Reaching safepoint: 74525 ns, Cleanup: 22882 ns, At safepoint: 5028 ns, Total: 102435 ns
[2025-06-23T09:58:28.627+0000][1][safepoint   ] Safepoint "Cleanup", Time since last: 1001311620 ns, Reaching safepoint: 27689 ns, Cleanup: 26686 ns, At safepoint: 4450 ns, Total: 58825 ns
[2025-06-23T09:58:29.628+0000][1][safepoint   ] Safepoint "Cleanup", Time since last: 1000887562 ns, Reaching safepoint: 173080 ns, Cleanup: 410216 ns, At safepoint: 18291 ns, Total: 601587 ns
[2025-06-23T09:58:32.594+0000][1][safepoint   ] Safepoint "Cleanup", Time since last: 3002087189 ns, Reaching safepoint: 83972 ns, Cleanup: 28608 ns, At safepoint: 6022 ns, Total: 118602 ns
[2025-06-23T09:58:37.598+0000][1][safepoint   ] Safepoint "Cleanup", Time since last: 5003288484 ns, Reaching safepoint: 100850 ns, Cleanup: 38627 ns, At safepoint: 7224 ns, Total: 146701 ns
[2025-06-23T09:58:51.604+0000][1][safepoint   ] Safepoint "Cleanup", Time since last: 14006573592 ns, Reaching safepoint: 59369 ns, Cleanup: 22205 ns, At safepoint: 5515 ns, Total: 87089 ns
[2025-06-23T09:58:57.608+0000][1][safepoint   ] Safepoint "Cleanup", Time since last: 6003439563 ns, Reaching safepoint: 105599 ns, Cleanup: 28704 ns, At safepoint: 8325 ns, Total: 142628 ns
[2025-06-23T09:59:00.590+0000][1][safepoint   ] Safepoint "Cleanup", Time since last: 3002141888 ns, Reaching safepoint: 215255 ns, Cleanup: 33443 ns, At safepoint: 12137 ns, Total: 260835 ns
[2025-06-23T09:59:02.591+0000][1][safepoint   ] Safepoint "Cleanup", Time since last: 2001443053 ns, Reaching safepoint: 56324 ns, Cleanup: 28719 ns, At safepoint: 8235 ns, Total: 93278 ns
[2025-06-23T09:59:08.593+0000][1][safepoint   ] Safepoint "Cleanup", Time since last: 6001751953 ns, Reaching safepoint: 85780 ns, Cleanup: 29645 ns, At safepoint: 5708 ns, Total: 121133 ns
[2025-06-23T09:59:15.596+0000][1][safepoint   ] Safepoint "Cleanup", Time since last: 7002546522 ns, Reaching safepoint: 52939 ns, Cleanup: 15973 ns, At safepoint: 4431 ns, Total: 73343 ns
[2025-06-23T09:59:22.599+0000][1][safepoint   ] Safepoint "Cleanup", Time since last: 7002951819 ns, Reaching safepoint: 162567 ns, Cleanup: 45782 ns, At safepoint: 9747 ns, Total: 218096 ns
[2025-06-23T09:59:27.936+0000][1][safepoint   ] Safepoint "Cleanup", Time since last: 5003447471 ns, Reaching safepoint: 333298100 ns, Cleanup: 20974 ns, At safepoint: 120269 ns, Total: 333439343 ns
[2025-06-23T09:59:28.967+0000][1][safepoint   ] Safepoint "Cleanup", Time since last: 1031144992 ns, Reaching safepoint: 104298 ns, Cleanup: 98049 ns, At safepoint: 5780 ns, Total: 208127 ns
[2025-06-23T09:59:34.964+0000][1][safepoint   ] Safepoint "Cleanup", Time since last: 6002500986 ns, Reaching safepoint: 99396 ns, Cleanup: 15946 ns, At safepoint: 4447 ns, Total: 119789 ns
[2025-06-23T09:59:36.965+0000][1][safepoint   ] Safepoint "Cleanup", Time since last: 2001425838 ns, Reaching safepoint: 72472 ns, Cleanup: 15946 ns, At safepoint: 6463 ns, Total: 94881 ns
[2025-06-23T09:59:37.966+0000][1][safepoint   ] Safepoint "Cleanup", Time since last: 1001149013 ns, Reaching safepoint: 70556 ns, Cleanup: 17006 ns, At safepoint: 4922 ns, Total: 92484 ns
[2025-06-23T09:59:39.968+0000][1][safepoint   ] Safepoint "Cleanup", Time since last: 2001132541 ns, Reaching safepoint: 65699 ns, Cleanup: 15706 ns, At safepoint: 4903 ns, Total: 86308 ns
[2025-06-23T09:59:42.969+0000][1][safepoint   ] Safepoint "Cleanup", Time since last: 3001437899 ns, Reaching safepoint: 28875 ns, Cleanup: 29729 ns, At safepoint: 8978 ns, Total: 67582 ns
[2025-06-23T09:59:44.971+0000][1][safepoint   ] Safepoint "Cleanup", Time since last: 2001720857 ns, Reaching safepoint: 29460 ns, Cleanup: 17991 ns, At safepoint: 4801 ns, Total: 52252 ns
[2025-06-23T09:59:46.972+0000][1][safepoint   ] Safepoint "Cleanup", Time since last: 2001323936 ns, Reaching safepoint: 99891 ns, Cleanup: 89052 ns, At safepoint: 8825 ns, Total: 197768 ns
[2025-06-23T09:59:49.983+0000][1][safepoint   ] Safepoint "Cleanup", Time since last: 3010854045 ns, Reaching safepoint: 53684 ns, Cleanup: 15905 ns, At safepoint: 4846 ns, Total: 74435 ns
[2025-06-23T09:59:51.985+0000][1][safepoint   ] Safepoint "Cleanup", Time since last: 2001213893 ns, Reaching safepoint: 23450 ns, Cleanup: 26686 ns, At safepoint: 6655 ns, Total: 56791 ns
[2025-06-23T10:00:00.056+0000][1][gc,start    ] GC(20) Pause Young (Concurrent Start) (G1 Evacuation Pause)
[2025-06-23T10:00:00.064+0000][1][gc,task     ] GC(20) Using 13 workers of 13 for evacuation
[2025-06-23T10:00:00.065+0000][1][gc,age      ] GC(20) Desired survivor size 18874368 bytes, new threshold 15 (max threshold 15)
[2025-06-23T10:00:00.550+0000][1][gc,mmu      ] GC(20) MMU target violated: 201.0ms (200.0ms/201.0ms)
[2025-06-23T10:00:00.551+0000][1][gc,phases   ] GC(20)   Pre Evacuate Collection Set: 46.6ms
[2025-06-23T10:00:00.552+0000][1][gc,phases   ] GC(20)   Merge Heap Roots: 5.8ms
[2025-06-23T10:00:00.552+0000][1][gc,phases   ] GC(20)   Evacuate Collection Set: 417.4ms
[2025-06-23T10:00:00.552+0000][1][gc,phases   ] GC(20)   Post Evacuate Collection Set: 27.1ms
[2025-06-23T10:00:00.553+0000][1][gc,phases   ] GC(20)   Other: 12.0ms
[2025-06-23T10:00:00.553+0000][1][gc,age      ] GC(20) Age table with threshold 15 (max threshold 15)
[2025-06-23T10:00:00.554+0000][1][gc,age      ] GC(20) - age   1:    1479336 bytes,    1479336 total
[2025-06-23T10:00:00.554+0000][1][gc,age      ] GC(20) - age   2:    4930080 bytes,    6409416 total
[2025-06-23T10:00:00.554+0000][1][gc,heap     ] GC(20) Eden regions: 276->0(198)
[2025-06-23T10:00:00.554+0000][1][gc,heap     ] GC(20) Survivor regions: 8->8(36)
[2025-06-23T10:00:00.554+0000][1][gc,heap     ] GC(20) Old regions: 109->109
[2025-06-23T10:00:00.555+0000][1][gc,heap     ] GC(20) Humongous regions: 8->8
[2025-06-23T10:00:00.555+0000][1][gc,metaspace] GC(20) Metaspace: 153554K(157056K)->153554K(157056K) NonClass: 134504K(136384K)->134504K(136384K) Class: 19049K(20672K)->19049K(20672K)
[2025-06-23T10:00:00.556+0000][1][gc          ] GC(20) Pause Young (Concurrent Start) (G1 Evacuation Pause) 400M->124M(512M) 517.857ms
[2025-06-23T10:00:00.557+0000][1][gc,cpu      ] GC(20) User=2.39s Sys=0.02s Real=0.52s
[2025-06-23T10:00:00.558+0000][1][safepoint   ] Safepoint "G1CollectForAllocation", Time since last: 8066712026 ns, Reaching safepoint: 163617 ns, Cleanup: 27663 ns, At safepoint: 523850449 ns, Total: 524041729 ns
[2025-06-23T10:00:00.559+0000][1][gc          ] GC(21) Concurrent Mark Cycle
[2025-06-23T10:00:00.560+0000][1][gc,marking  ] GC(21) Concurrent Scan Root Regions
[2025-06-23T10:00:00.704+0000][1][gc,marking  ] GC(21) Concurrent Scan Root Regions 143.770ms
[2025-06-23T10:00:00.705+0000][1][gc,marking  ] GC(21) Concurrent Mark
[2025-06-23T10:00:00.705+0000][1][gc,marking  ] GC(21) Concurrent Mark From Roots
[2025-06-23T10:00:00.706+0000][1][gc,task     ] GC(21) Using 3 workers of 3 for marking
[2025-06-23T10:00:01.295+0000][1][gc,marking  ] GC(21) Concurrent Mark From Roots 589.470ms
[2025-06-23T10:00:01.295+0000][1][gc,marking  ] GC(21) Concurrent Preclean
[2025-06-23T10:00:01.297+0000][1][gc,marking  ] GC(21) Concurrent Preclean 1.489ms
[2025-06-23T10:00:01.297+0000][1][gc,start    ] GC(21) Pause Remark
[2025-06-23T10:00:02.929+0000][1][gc,mmu      ] GC(21) MMU target violated: 201.0ms (200.0ms/201.0ms)
[2025-06-23T10:00:02.930+0000][1][gc          ] GC(21) Pause Remark 127M->127M(512M) 1632.624ms
[2025-06-23T10:00:02.931+0000][1][gc,cpu      ] GC(21) User=11.81s Sys=0.00s Real=1.63s
[2025-06-23T10:00:02.931+0000][1][safepoint   ] Safepoint "G1PauseRemark", Time since last: 739401836 ns, Reaching safepoint: 19638 ns, Cleanup: 18051 ns, At safepoint: 1634169978 ns, Total: 1634207667 ns
[2025-06-23T10:00:02.933+0000][1][gc,marking  ] GC(21) Concurrent Mark 2227.968ms
[2025-06-23T10:00:02.935+0000][1][gc,marking  ] GC(21) Concurrent Rebuild Remembered Sets and Scrub Regions
[2025-06-23T10:00:02.997+0000][1][gc,marking  ] GC(21) Concurrent Rebuild Remembered Sets and Scrub Regions 63.746ms
[2025-06-23T10:00:03.012+0000][1][gc,start    ] GC(21) Pause Cleanup
[2025-06-23T10:00:03.013+0000][1][gc          ] GC(21) Pause Cleanup 127M->127M(512M) 1.012ms
[2025-06-23T10:00:03.013+0000][1][gc,cpu      ] GC(21) User=0.00s Sys=0.00s Real=0.00s
[2025-06-23T10:00:03.014+0000][1][safepoint   ] Safepoint "G1PauseCleanup", Time since last: 66761652 ns, Reaching safepoint: 13346451 ns, Cleanup: 35221 ns, At safepoint: 2527190 ns, Total: 15908862 ns
[2025-06-23T10:00:03.015+0000][1][gc,marking  ] GC(21) Concurrent Clear Claimed Marks
[2025-06-23T10:00:03.015+0000][1][gc,marking  ] GC(21) Concurrent Clear Claimed Marks 0.703ms
[2025-06-23T10:00:03.016+0000][1][gc,marking  ] GC(21) Concurrent Cleanup for Next Mark
[2025-06-23T10:00:03.026+0000][1][gc,marking  ] GC(21) Concurrent Cleanup for Next Mark 9.997ms
[2025-06-23T10:00:03.028+0000][1][gc          ] GC(21) Concurrent Mark Cycle 2468.274ms
[2025-06-23T10:00:05.015+0000][1][safepoint   ] Safepoint "Cleanup", Time since last: 2001069933 ns, Reaching safepoint: 245160 ns, Cleanup: 53589 ns, At safepoint: 47287 ns, Total: 346036 ns
[2025-06-23T10:00:06.016+0000][1][safepoint   ] Safepoint "Cleanup", Time since last: 1000733308 ns, Reaching safepoint: 47418 ns, Cleanup: 179733 ns, At safepoint: 5208 ns, Total: 232359 ns
[2025-06-23T10:00:07.017+0000][1][safepoint   ] Safepoint "Cleanup", Time since last: 1000851557 ns, Reaching safepoint: 140450 ns, Cleanup: 42964 ns, At safepoint: 9655 ns, Total: 193069 ns
[2025-06-23T10:00:08.019+0000][1][safepoint   ] Safepoint "Cleanup", Time since last: 1000968245 ns, Reaching safepoint: 125769 ns, Cleanup: 43553 ns, At safepoint: 9012 ns, Total: 178334 ns
[2025-06-23T10:00:10.020+0000][1][safepoint   ] Safepoint "Cleanup", Time since last: 2001148946 ns, Reaching safepoint: 83961 ns, Cleanup: 38574 ns, At safepoint: 13049 ns, Total: 135584 ns
[2025-06-23T10:00:22.026+0000][1][safepoint   ] Safepoint "Cleanup", Time since last: 12004453716 ns, Reaching safepoint: 1228744 ns, Cleanup: 227829 ns, At safepoint: 95368 ns, Total: 1551941 ns
[2025-06-23T10:00:23.028+0000][1][safepoint   ] Safepoint "Cleanup", Time since last: 1001617486 ns, Reaching safepoint: 98821 ns, Cleanup: 17895 ns, At safepoint: 5743 ns, Total: 122459 ns
[2025-06-23T10:00:27.677+0000][1][safepoint   ] Safepoint "Cleanup", Time since last: 4648862498 ns, Reaching safepoint: 244101 ns, Cleanup: 164665 ns, At safepoint: 40024 ns, Total: 448790 ns
[2025-06-23T10:00:29.679+0000][1][safepoint   ] Safepoint "Cleanup", Time since last: 2002469805 ns, Reaching safepoint: 20608 ns, Cleanup: 15873 ns, At safepoint: 4073 ns, Total: 40554 ns
[2025-06-23T10:00:42.647+0000][1][safepoint   ] Safepoint "Cleanup", Time since last: 13006876167 ns, Reaching safepoint: 1490642 ns, Cleanup: 93775 ns, At safepoint: 44885 ns, Total: 1629302 ns
[2025-06-23T10:00:48.651+0000][1][safepoint   ] Safepoint "Cleanup", Time since last: 6003075473 ns, Reaching safepoint: 64562 ns, Cleanup: 970854 ns, At safepoint: 25236 ns, Total: 1060652 ns
[2025-06-23T10:00:49.653+0000][1][safepoint   ] Safepoint "Cleanup", Time since last: 1001621171 ns, Reaching safepoint: 17709 ns, Cleanup: 15518 ns, At safepoint: 3861 ns, Total: 37088 ns
[2025-06-23T10:00:51.654+0000][1][safepoint   ] Safepoint "Cleanup", Time since last: 2001439678 ns, Reaching safepoint: 22270 ns, Cleanup: 25346 ns, At safepoint: 5286 ns, Total: 52902 ns
[2025-06-23T10:00:59.659+0000][1][safepoint   ] Safepoint "Cleanup", Time since last: 8004343935 ns, Reaching safepoint: 144001 ns, Cleanup: 31359 ns, At safepoint: 10228 ns, Total: 185588 ns
[2025-06-23T10:01:07.632+0000][1][safepoint   ] Safepoint "Cleanup", Time since last: 8004748581 ns, Reaching safepoint: 215771 ns, Cleanup: 49331 ns, At safepoint: 12737 ns, Total: 277839 ns
[2025-06-23T10:01:09.635+0000][1][safepoint   ] Safepoint "Cleanup", Time since last: 2002952824 ns, Reaching safepoint: 65899 ns, Cleanup: 33885 ns, At safepoint: 5307 ns, Total: 105091 ns
[2025-06-23T10:01:12.636+0000][1][safepoint   ] Safepoint "Cleanup", Time since last: 3001603217 ns, Reaching safepoint: 125246 ns, Cleanup: 37659 ns, At safepoint: 10660 ns, Total: 173565 ns
[2025-06-23T10:01:14.639+0000][1][safepoint   ] Safepoint "Cleanup", Time since last: 2001981437 ns, Reaching safepoint: 26363 ns, Cleanup: 23629 ns, At safepoint: 7919 ns, Total: 57911 ns
[2025-06-23T10:01:17.641+0000][1][safepoint   ] Safepoint "Cleanup", Time since last: 3002255344 ns, Reaching safepoint: 52751 ns, Cleanup: 44939 ns, At safepoint: 13535 ns, Total: 111225 ns
[2025-06-23T10:01:20.644+0000][1][safepoint   ] Safepoint "Cleanup", Time since last: 3003313792 ns, Reaching safepoint: 71037 ns, Cleanup: 32999 ns, At safepoint: 9936 ns, Total: 113972 ns
[2025-06-23T10:01:21.646+0000][1][safepoint   ] Safepoint "Cleanup", Time since last: 1001529519 ns, Reaching safepoint: 21658 ns, Cleanup: 17491 ns, At safepoint: 4032 ns, Total: 43181 ns
[2025-06-23T10:01:24.647+0000][1][safepoint   ] Safepoint "Cleanup", Time since last: 3001355724 ns, Reaching safepoint: 70866 ns, Cleanup: 23902 ns, At safepoint: 4818 ns, Total: 99586 ns
[2025-06-23T10:01:27.649+0000][1][safepoint   ] Safepoint "Cleanup", Time since last: 3001755251 ns, Reaching safepoint: 90518 ns, Cleanup: 18777 ns, At safepoint: 6125 ns, Total: 115420 ns
[2025-06-23T10:01:29.651+0000][1][safepoint   ] Safepoint "Cleanup", Time since last: 2002129666 ns, Reaching safepoint: 37878 ns, Cleanup: 23293 ns, At safepoint: 5541 ns, Total: 66712 ns
[2025-06-23T10:01:34.632+0000][1][safepoint   ] Safepoint "Cleanup", Time since last: 5003617652 ns, Reaching safepoint: 65256 ns, Cleanup: 24165 ns, At safepoint: 7427 ns, Total: 96848 ns
[2025-06-23T10:01:39.635+0000][1][safepoint   ] Safepoint "Cleanup", Time since last: 5002561327 ns, Reaching safepoint: 60244 ns, Cleanup: 19685 ns, At safepoint: 4740 ns, Total: 84669 ns
[2025-06-23T10:01:44.637+0000][1][safepoint   ] Safepoint "Cleanup", Time since last: 5002321918 ns, Reaching safepoint: 68846 ns, Cleanup: 26706 ns, At safepoint: 6671 ns, Total: 102223 ns
[2025-06-23T10:01:48.640+0000][1][safepoint   ] Safepoint "Cleanup", Time since last: 4002963168 ns, Reaching safepoint: 47655 ns, Cleanup: 25756 ns, At safepoint: 7371 ns, Total: 80782 ns
[2025-06-23T10:01:49.641+0000][1][safepoint   ] Safepoint "Cleanup", Time since last: 1001259747 ns, Reaching safepoint: 21787 ns, Cleanup: 21704 ns, At safepoint: 6243 ns, Total: 49734 ns
[2025-06-23T10:01:52.644+0000][1][safepoint   ] Safepoint "Cleanup", Time since last: 3002236670 ns, Reaching safepoint: 19246 ns, Cleanup: 16691 ns, At safepoint: 4702 ns, Total: 40639 ns
[2025-06-23T10:02:02.619+0000][1][safepoint   ] Safepoint "Cleanup", Time since last: 10003001099 ns, Reaching safepoint: 76128 ns, Cleanup: 77668 ns, At safepoint: 6571 ns, Total: 160367 ns
[2025-06-23T10:02:04.621+0000][1][safepoint   ] Safepoint "Cleanup", Time since last: 2001523010 ns, Reaching safepoint: 194213 ns, Cleanup: 41079 ns, At safepoint: 10080 ns, Total: 245372 ns
[2025-06-23T10:02:07.623+0000][1][safepoint   ] Safepoint "Cleanup", Time since last: 3001645717 ns, Reaching safepoint: 129606 ns, Cleanup: 53445 ns, At safepoint: 11673 ns, Total: 194724 ns
[2025-06-23T10:02:14.632+0000][1][safepoint   ] Safepoint "Cleanup", Time since last: 7008905375 ns, Reaching safepoint: 67503 ns, Cleanup: 28446 ns, At safepoint: 6879 ns, Total: 102828 ns
[2025-06-23T10:02:17.634+0000][1][safepoint   ] Safepoint "Cleanup", Time since last: 3002241748 ns, Reaching safepoint: 89779 ns, Cleanup: 85653 ns, At safepoint: 10872 ns, Total: 186304 ns
[2025-06-23T10:02:27.639+0000][1][safepoint   ] Safepoint "Cleanup", Time since last: 10003795480 ns, Reaching safepoint: 560075 ns, Cleanup: 66987 ns, At safepoint: 32554 ns, Total: 659616 ns
[2025-06-23T10:02:34.625+0000][1][safepoint   ] Safepoint "Cleanup", Time since last: 7002666218 ns, Reaching safepoint: 79601 ns, Cleanup: 21293 ns, At safepoint: 6107 ns, Total: 107001 ns
[2025-06-23T10:02:59.635+0000][1][safepoint   ] Safepoint "Cleanup", Time since last: 25007211729 ns, Reaching safepoint: 2959869 ns, Cleanup: 189019 ns, At safepoint: 88235 ns, Total: 3237123 ns
[2025-06-23T10:03:07.610+0000][1][safepoint   ] Safepoint "Cleanup", Time since last: 8003715069 ns, Reaching safepoint: 78328 ns, Cleanup: 16941 ns, At safepoint: 6839 ns, Total: 102108 ns
[2025-06-23T10:03:21.619+0000][1][safepoint   ] Safepoint "Cleanup", Time since last: 14008675493 ns, Reaching safepoint: 62511 ns, Cleanup: 226445 ns, At safepoint: 44622 ns, Total: 333578 ns
[2025-06-23T10:03:44.609+0000][1][safepoint   ] Safepoint "Cleanup", Time since last: 23009898419 ns, Reaching safepoint: 186762 ns, Cleanup: 40835 ns, At safepoint: 9542 ns, Total: 237139 ns
[2025-06-23T10:03:49.611+0000][1][safepoint   ] Safepoint "Cleanup", Time since last: 5002104891 ns, Reaching safepoint: 90378 ns, Cleanup: 24509 ns, At safepoint: 8015 ns, Total: 122902 ns
[2025-06-23T10:04:02.070+0000][1][gc,start    ] GC(22) Pause Young (Prepare Mixed) (G1 Evacuation Pause)
[2025-06-23T10:04:02.077+0000][1][gc,task     ] GC(22) Using 13 workers of 13 for evacuation
[2025-06-23T10:04:02.079+0000][1][gc,age      ] GC(22) Desired survivor size 11534336 bytes, new threshold 15 (max threshold 15)
[2025-06-23T10:04:02.416+0000][1][gc,mmu      ] GC(22) MMU target violated: 201.0ms (200.0ms/201.0ms)
[2025-06-23T10:04:02.418+0000][1][gc,phases   ] GC(22)   Pre Evacuate Collection Set: 30.0ms
[2025-06-23T10:04:02.422+0000][1][gc,phases   ] GC(22)   Merge Heap Roots: 6.5ms
[2025-06-23T10:04:02.422+0000][1][gc,phases   ] GC(22)   Evacuate Collection Set: 261.5ms
[2025-06-23T10:04:02.422+0000][1][gc,phases   ] GC(22)   Post Evacuate Collection Set: 32.6ms
[2025-06-23T10:04:02.424+0000][1][gc,phases   ] GC(22)   Other: 12.9ms
[2025-06-23T10:04:02.424+0000][1][gc,age      ] GC(22) Age table with threshold 15 (max threshold 15)
[2025-06-23T10:04:02.425+0000][1][gc,age      ] GC(22) - age   1:    1354416 bytes,    1354416 total
[2025-06-23T10:04:02.426+0000][1][gc,age      ] GC(22) - age   2:    1359232 bytes,    2713648 total
[2025-06-23T10:04:02.426+0000][1][gc,age      ] GC(22) - age   3:    4394152 bytes,    7107800 total
[2025-06-23T10:04:02.427+0000][1][gc,heap     ] GC(22) Eden regions: 164->0(269)
[2025-06-23T10:04:02.427+0000][1][gc,heap     ] GC(22) Survivor regions: 8->8(22)
[2025-06-23T10:04:02.428+0000][1][gc,heap     ] GC(22) Old regions: 109->109
[2025-06-23T10:04:02.428+0000][1][gc,heap     ] GC(22) Humongous regions: 8->8
[2025-06-23T10:04:02.429+0000][1][gc,metaspace] GC(22) Metaspace: 150822K(157120K)->150822K(157120K) NonClass: 132523K(136448K)->132523K(136448K) Class: 18299K(20672K)->18299K(20672K)
[2025-06-23T10:04:02.431+0000][1][gc          ] GC(22) Pause Young (Prepare Mixed) (G1 Evacuation Pause) 288M->124M(512M) 361.128ms
[2025-06-23T10:04:02.432+0000][1][gc,cpu      ] GC(22) User=2.36s Sys=0.13s Real=0.36s
[2025-06-23T10:04:02.432+0000][1][safepoint   ] Safepoint "G1CollectForAllocation", Time since last: 12474153492 ns, Reaching safepoint: 865667 ns, Cleanup: 700701 ns, At safepoint: 367551294 ns, Total: 369117662 ns
[2025-06-23T10:04:07.434+0000][1][safepoint   ] Safepoint "Cleanup", Time since last: 5001712741 ns, Reaching safepoint: 126450 ns, Cleanup: 91606 ns, At safepoint: 15103 ns, Total: 233159 ns
[2025-06-23T10:04:18.440+0000][1][safepoint   ] Safepoint "Cleanup", Time since last: 11005214238 ns, Reaching safepoint: 192566 ns, Cleanup: 41748 ns, At safepoint: 14607 ns, Total: 248921 ns
[2025-06-23T10:04:23.443+0000][1][safepoint   ] Safepoint "Cleanup", Time since last: 5003315243 ns, Reaching safepoint: 137551 ns, Cleanup: 28550 ns, At safepoint: 8801 ns, Total: 174902 ns
[2025-06-23T10:04:24.445+0000][1][safepoint   ] Safepoint "Cleanup", Time since last: 1001315521 ns, Reaching safepoint: 24897 ns, Cleanup: 26454 ns, At safepoint: 8596 ns, Total: 59947 ns
[2025-06-23T10:04:37.448+0000][1][safepoint   ] Safepoint "Cleanup", Time since last: 13009251082 ns, Reaching safepoint: 132504 ns, Cleanup: 144814 ns, At safepoint: 15424 ns, Total: 292742 ns
[2025-06-23T10:04:44.453+0000][1][safepoint   ] Safepoint "Cleanup", Time since last: 7004112448 ns, Reaching safepoint: 1193864 ns, Cleanup: 25967 ns, At safepoint: 10907 ns, Total: 1230738 ns
[2025-06-23T10:04:52.458+0000][1][safepoint   ] Safepoint "Cleanup", Time since last: 8004116133 ns, Reaching safepoint: 56571 ns, Cleanup: 28991 ns, At safepoint: 9408 ns, Total: 94970 ns
[2025-06-23T10:04:53.459+0000][1][safepoint   ] Safepoint "Cleanup", Time since last: 1001596648 ns, Reaching safepoint: 33031 ns, Cleanup: 33942 ns, At safepoint: 10816 ns, Total: 77789 ns
[2025-06-23T10:04:54.461+0000][1][safepoint   ] Safepoint "Cleanup", Time since last: 1002054886 ns, Reaching safepoint: 27837 ns, Cleanup: 27832 ns, At safepoint: 10513 ns, Total: 66182 ns
[2025-06-23T10:04:57.464+0000][1][safepoint   ] Safepoint "Cleanup", Time since last: 3002150147 ns, Reaching safepoint: 64092 ns, Cleanup: 17322 ns, At safepoint: 5436 ns, Total: 86850 ns
[2025-06-23T10:05:08.446+0000][1][safepoint   ] Safepoint "Cleanup", Time since last: 11003584048 ns, Reaching safepoint: 86533 ns, Cleanup: 119816 ns, At safepoint: 9377 ns, Total: 215726 ns
[2025-06-23T10:05:10.283+0000][1][safepoint   ] Safepoint "Cleanup", Time since last: 1837063152 ns, Reaching safepoint: 24029 ns, Cleanup: 162306 ns, At safepoint: 7544 ns, Total: 193879 ns
[2025-06-23T10:05:12.285+0000][1][safepoint   ] Safepoint "Cleanup", Time since last: 2001525454 ns, Reaching safepoint: 30550 ns, Cleanup: 25659 ns, At safepoint: 8453 ns, Total: 64662 ns
[2025-06-23T10:05:49.831+0000][1][safepoint   ] Safepoint "Cleanup", Time since last: 37558860777 ns, Reaching safepoint: 860680 ns, Cleanup: 109943 ns, At safepoint: 39159 ns, Total: 1009782 ns
[2025-06-23T10:05:50.833+0000][1][safepoint   ] Safepoint "Cleanup", Time since last: 1001406558 ns, Reaching safepoint: 335568 ns, Cleanup: 19652 ns, At safepoint: 69780 ns, Total: 425000 ns
[2025-06-23T10:05:51.835+0000][1][safepoint   ] Safepoint "Cleanup", Time since last: 1001654633 ns, Reaching safepoint: 25342 ns, Cleanup: 29672 ns, At safepoint: 8931 ns, Total: 63945 ns
[2025-06-23T10:06:09.825+0000][1][safepoint   ] Safepoint "Cleanup", Time since last: 18007060053 ns, Reaching safepoint: 3775860 ns, Cleanup: 155875 ns, At safepoint: 126786 ns, Total: 4058521 ns
[2025-06-23T10:06:16.829+0000][1][safepoint   ] Safepoint "Cleanup", Time since last: 7003674227 ns, Reaching safepoint: 94113 ns, Cleanup: 170263 ns, At safepoint: 14446 ns, Total: 278822 ns
[2025-06-23T10:06:21.832+0000][1][safepoint   ] Safepoint "Cleanup", Time since last: 5002495208 ns, Reaching safepoint: 145394 ns, Cleanup: 143739 ns, At safepoint: 6630 ns, Total: 295763 ns
[2025-06-23T10:06:36.817+0000][1][safepoint   ] Safepoint "Cleanup", Time since last: 15007370125 ns, Reaching safepoint: 351912 ns, Cleanup: 44792 ns, At safepoint: 14843 ns, Total: 411547 ns
[2025-06-23T10:06:51.830+0000][1][safepoint   ] Safepoint "Cleanup", Time since last: 15010940001 ns, Reaching safepoint: 1326587 ns, Cleanup: 617082 ns, At safepoint: 342586 ns, Total: 2286255 ns
[2025-06-23T10:07:09.798+0000][1][safepoint   ] Safepoint "Cleanup", Time since last: 18010127964 ns, Reaching safepoint: 110592 ns, Cleanup: 385677 ns, At safepoint: 87843 ns, Total: 584112 ns
[2025-06-23T10:07:16.803+0000][1][safepoint   ] Safepoint "Cleanup", Time since last: 7003944043 ns, Reaching safepoint: 200932 ns, Cleanup: 25099 ns, At safepoint: 8894 ns, Total: 234925 ns
[2025-06-23T10:07:19.805+0000][1][safepoint   ] Safepoint "Cleanup", Time since last: 3001798923 ns, Reaching safepoint: 145904 ns, Cleanup: 99999 ns, At safepoint: 9599 ns, Total: 255502 ns
[2025-06-23T10:07:21.806+0000][1][safepoint   ] Safepoint "Cleanup", Time since last: 2001078127 ns, Reaching safepoint: 31951 ns, Cleanup: 254588 ns, At safepoint: 115478 ns, Total: 402017 ns
[2025-06-23T10:07:37.868+0000][1][safepoint   ] Safepoint "Cleanup", Time since last: 16077366081 ns, Reaching safepoint: 66031 ns, Cleanup: 15131 ns, At safepoint: 5046 ns, Total: 86208 ns
[2025-06-23T10:07:49.875+0000][1][safepoint   ] Safepoint "Cleanup", Time since last: 12005472530 ns, Reaching safepoint: 1469881 ns, Cleanup: 80993 ns, At safepoint: 15167 ns, Total: 1566041 ns
[2025-06-23T10:07:51.878+0000][1][safepoint   ] Safepoint "Cleanup", Time since last: 2002542528 ns, Reaching safepoint: 63867 ns, Cleanup: 23846 ns, At safepoint: 7458 ns, Total: 95171 ns
[2025-06-23T10:08:21.877+0000][1][safepoint   ] Safepoint "Cleanup", Time since last: 30016989956 ns, Reaching safepoint: 236324 ns, Cleanup: 29054 ns, At safepoint: 11298 ns, Total: 276676 ns
[2025-06-23T10:08:31.876+0000][1][safepoint   ] Safepoint "Cleanup", Time since last: 10004359727 ns, Reaching safepoint: 115999 ns, Cleanup: 32011 ns, At safepoint: 9299 ns, Total: 157309 ns
[2025-06-23T10:08:50.884+0000][1][safepoint   ] Safepoint "Cleanup", Time since last: 19006753767 ns, Reaching safepoint: 199307 ns, Cleanup: 894382 ns, At safepoint: 44878 ns, Total: 1138567 ns
[2025-06-23T10:08:51.887+0000][1][safepoint   ] Safepoint "Cleanup", Time since last: 1002153845 ns, Reaching safepoint: 162175 ns, Cleanup: 36841 ns, At safepoint: 26990 ns, Total: 226006 ns
[2025-06-23T10:08:56.889+0000][1][safepoint   ] Safepoint "Cleanup", Time since last: 5002585765 ns, Reaching safepoint: 96282 ns, Cleanup: 25225 ns, At safepoint: 8113 ns, Total: 129620 ns
[2025-06-23T10:09:09.890+0000][1][safepoint   ] Safepoint "Cleanup", Time since last: 13004464651 ns, Reaching safepoint: 74732 ns, Cleanup: 23047 ns, At safepoint: 5400 ns, Total: 103179 ns
[2025-06-23T10:09:28.991+0000][1][safepoint   ] Safepoint "Cleanup", Time since last: 19101434287 ns, Reaching safepoint: 43144 ns, Cleanup: 35940 ns, At safepoint: 6118 ns, Total: 85202 ns
[2025-06-23T10:09:51.992+0000][1][safepoint   ] Safepoint "Cleanup", Time since last: 23007406717 ns, Reaching safepoint: 1357693 ns, Cleanup: 19602 ns, At safepoint: 8682 ns, Total: 1385977 ns
[2025-06-23T10:09:59.998+0000][1][safepoint   ] Safepoint "Cleanup", Time since last: 8004920004 ns, Reaching safepoint: 352018 ns, Cleanup: 158147 ns, At safepoint: 29028 ns, Total: 539193 ns
[2025-06-23T10:10:49.021+0000][1][safepoint   ] Safepoint "Cleanup", Time since last: 49029011540 ns, Reaching safepoint: 3779866 ns, Cleanup: 844149 ns, At safepoint: 530746 ns, Total: 5154761 ns
[2025-06-23T10:10:50.026+0000][1][safepoint   ] Safepoint "Cleanup", Time since last: 1006093858 ns, Reaching safepoint: 29011 ns, Cleanup: 93926 ns, At safepoint: 16244 ns, Total: 139181 ns
[2025-06-23T10:10:55.030+0000][1][safepoint   ] Safepoint "Cleanup", Time since last: 5003093489 ns, Reaching safepoint: 102756 ns, Cleanup: 32003 ns, At safepoint: 8996 ns, Total: 143755 ns
[2025-06-23T10:11:12.599+0000][1][gc,start    ] GC(23) Pause Young (Mixed) (G1 Evacuation Pause)
[2025-06-23T10:11:12.606+0000][1][gc,task     ] GC(23) Using 13 workers of 13 for evacuation
[2025-06-23T10:11:12.609+0000][1][gc,age      ] GC(23) Desired survivor size 18874368 bytes, new threshold 15 (max threshold 15)
[2025-06-23T10:11:13.022+0000][1][gc,mmu      ] GC(23) MMU target violated: 201.0ms (200.0ms/201.0ms)
[2025-06-23T10:11:13.022+0000][1][gc,phases   ] GC(23)   Pre Evacuate Collection Set: 22.5ms
[2025-06-23T10:11:13.023+0000][1][gc,phases   ] GC(23)   Merge Heap Roots: 4.6ms
[2025-06-23T10:11:13.023+0000][1][gc,phases   ] GC(23)   Evacuate Collection Set: 359.1ms
[2025-06-23T10:11:13.024+0000][1][gc,phases   ] GC(23)   Post Evacuate Collection Set: 23.3ms
[2025-06-23T10:11:13.024+0000][1][gc,phases   ] GC(23)   Other: 11.8ms
[2025-06-23T10:11:13.025+0000][1][gc,age      ] GC(23) Age table with threshold 15 (max threshold 15)
[2025-06-23T10:11:13.026+0000][1][gc,age      ] GC(23) - age   1:     521296 bytes,     521296 total
[2025-06-23T10:11:13.027+0000][1][gc,age      ] GC(23) - age   2:     212720 bytes,     734016 total
[2025-06-23T10:11:13.027+0000][1][gc,age      ] GC(23) - age   3:    1066912 bytes,    1800928 total
[2025-06-23T10:11:13.028+0000][1][gc,age      ] GC(23) - age   4:    4204192 bytes,    6005120 total
[2025-06-23T10:11:13.029+0000][1][gc,heap     ] GC(23) Eden regions: 276->0(212)
[2025-06-23T10:11:13.029+0000][1][gc,heap     ] GC(23) Survivor regions: 8->7(36)
[2025-06-23T10:11:13.029+0000][1][gc,heap     ] GC(23) Old regions: 109->107
[2025-06-23T10:11:13.030+0000][1][gc,heap     ] GC(23) Humongous regions: 8->8
[2025-06-23T10:11:13.031+0000][1][gc,metaspace] GC(23) Metaspace: 151178K(157120K)->151178K(157120K) NonClass: 132871K(136448K)->132871K(136448K) Class: 18307K(20672K)->18307K(20672K)
[2025-06-23T10:11:13.031+0000][1][gc          ] GC(23) Pause Young (Mixed) (G1 Evacuation Pause) 400M->120M(512M) 432.724ms
[2025-06-23T10:11:13.032+0000][1][gc,cpu      ] GC(23) User=2.67s Sys=0.05s Real=0.43s
[2025-06-23T10:11:13.033+0000][1][safepoint   ] Safepoint "G1CollectForAllocation", Time since last: 17573969695 ns, Reaching safepoint: 180362 ns, Cleanup: 52514 ns, At safepoint: 438950178 ns, Total: 439183054 ns
[2025-06-23T10:11:25.038+0000][1][safepoint   ] Safepoint "Cleanup", Time since last: 12005523605 ns, Reaching safepoint: 279794 ns, Cleanup: 139532 ns, At safepoint: 16645 ns, Total: 435971 ns
[2025-06-23T10:11:40.051+0000][1][safepoint   ] Safepoint "Cleanup", Time since last: 15006722753 ns, Reaching safepoint: 111864 ns, Cleanup: 25471 ns, At safepoint: 8141 ns, Total: 145476 ns
[2025-06-23T10:11:45.053+0000][1][safepoint   ] Safepoint "Cleanup", Time since last: 5002620650 ns, Reaching safepoint: 85518 ns, Cleanup: 36501 ns, At safepoint: 14192 ns, Total: 136211 ns
[2025-06-23T10:11:47.055+0000][1][safepoint   ] Safepoint "Cleanup", Time since last: 2001952150 ns, Reaching safepoint: 57862 ns, Cleanup: 33569 ns, At safepoint: 8784 ns, Total: 100215 ns
[2025-06-23T10:11:52.058+0000][1][safepoint   ] Safepoint "Cleanup", Time since last: 5002405637 ns, Reaching safepoint: 60173 ns, Cleanup: 18102 ns, At safepoint: 4899 ns, Total: 83174 ns
[2025-06-23T10:12:08.059+0000][1][safepoint   ] Safepoint "Cleanup", Time since last: 16005466983 ns, Reaching safepoint: 357714 ns, Cleanup: 16623 ns, At safepoint: 33264 ns, Total: 407601 ns
[2025-06-23T10:12:17.062+0000][1][safepoint   ] Safepoint "Cleanup", Time since last: 9002714081 ns, Reaching safepoint: 82235 ns, Cleanup: 21444 ns, At safepoint: 7130 ns, Total: 110809 ns
[2025-06-23T10:12:18.063+0000][1][safepoint   ] Safepoint "Cleanup", Time since last: 1001180811 ns, Reaching safepoint: 43197 ns, Cleanup: 18190 ns, At safepoint: 5991 ns, Total: 67378 ns
[2025-06-23T10:12:30.067+0000][1][safepoint   ] Safepoint "Cleanup", Time since last: 12003933607 ns, Reaching safepoint: 176010 ns, Cleanup: 36793 ns, At safepoint: 13437 ns, Total: 226240 ns
[2025-06-23T10:12:32.064+0000][1][safepoint   ] Safepoint "Cleanup", Time since last: 2002401424 ns, Reaching safepoint: 46766 ns, Cleanup: 38629 ns, At safepoint: 12888 ns, Total: 98283 ns
[2025-06-23T10:12:37.069+0000][1][safepoint   ] Safepoint "Cleanup", Time since last: 5003997467 ns, Reaching safepoint: 58574 ns, Cleanup: 27486 ns, At safepoint: 7335 ns, Total: 93395 ns
[2025-06-23T10:12:42.071+0000][1][safepoint   ] Safepoint "Cleanup", Time since last: 5002493242 ns, Reaching safepoint: 37636 ns, Cleanup: 88358 ns, At safepoint: 9186 ns, Total: 135180 ns
[2025-06-23T10:12:51.075+0000][1][safepoint   ] Safepoint "Cleanup", Time since last: 9003679368 ns, Reaching safepoint: 46437 ns, Cleanup: 20632 ns, At safepoint: 8402 ns, Total: 75471 ns
[2025-06-23T10:12:55.077+0000][1][safepoint   ] Safepoint "Cleanup", Time since last: 4001489825 ns, Reaching safepoint: 168480 ns, Cleanup: 32766 ns, At safepoint: 10990 ns, Total: 212236 ns
[2025-06-23T10:13:00.079+0000][1][safepoint   ] Safepoint "Cleanup", Time since last: 5002467613 ns, Reaching safepoint: 42129 ns, Cleanup: 16972 ns, At safepoint: 5243 ns, Total: 64344 ns
[2025-06-23T10:13:22.081+0000][1][safepoint   ] Safepoint "Cleanup", Time since last: 22005783664 ns, Reaching safepoint: 206757 ns, Cleanup: 38596 ns, At safepoint: 12777 ns, Total: 258130 ns
[2025-06-23T10:13:37.108+0000][1][safepoint   ] Safepoint "Cleanup", Time since last: 15016775940 ns, Reaching safepoint: 136736 ns, Cleanup: 46086 ns, At safepoint: 10500 ns, Total: 193322 ns
[2025-06-23T10:13:57.116+0000][1][safepoint   ] Safepoint "Cleanup", Time since last: 20007646977 ns, Reaching safepoint: 211568 ns, Cleanup: 40115 ns, At safepoint: 13645 ns, Total: 265328 ns
[2025-06-23T10:14:51.125+0000][1][safepoint   ] Safepoint "Cleanup", Time since last: 54014866141 ns, Reaching safepoint: 115576 ns, Cleanup: 28398 ns, At safepoint: 10560 ns, Total: 154534 ns
[2025-06-23T10:15:05.127+0000][1][safepoint   ] Safepoint "Cleanup", Time since last: 14004435655 ns, Reaching safepoint: 87316 ns, Cleanup: 17916 ns, At safepoint: 5112 ns, Total: 110344 ns
[2025-06-23T10:15:15.132+0000][1][safepoint   ] Safepoint "Cleanup", Time since last: 10004787018 ns, Reaching safepoint: 136086 ns, Cleanup: 29438 ns, At safepoint: 10307 ns, Total: 175831 ns
[2025-06-23T10:15:22.135+0000][1][safepoint   ] Safepoint "Cleanup", Time since last: 7003205817 ns, Reaching safepoint: 45632 ns, Cleanup: 19023 ns, At safepoint: 5513 ns, Total: 70168 ns
[2025-06-23T10:15:50.140+0000][1][safepoint   ] Safepoint "Cleanup", Time since last: 28008417211 ns, Reaching safepoint: 103965 ns, Cleanup: 27885 ns, At safepoint: 8902 ns, Total: 140752 ns
[2025-06-23T10:16:07.139+0000][1][safepoint   ] Safepoint "Cleanup", Time since last: 17004955430 ns, Reaching safepoint: 431991 ns, Cleanup: 31971 ns, At safepoint: 16854 ns, Total: 480816 ns
[2025-06-23T10:16:15.142+0000][1][safepoint   ] Safepoint "Cleanup", Time since last: 8003158669 ns, Reaching safepoint: 53256 ns, Cleanup: 19819 ns, At safepoint: 4656 ns, Total: 77731 ns
[2025-06-23T10:16:17.144+0000][1][safepoint   ] Safepoint "Cleanup", Time since last: 2001169552 ns, Reaching safepoint: 18991 ns, Cleanup: 17961 ns, At safepoint: 4775 ns, Total: 41727 ns
[2025-06-23T10:16:42.143+0000][1][safepoint   ] Safepoint "Cleanup", Time since last: 25008516046 ns, Reaching safepoint: 122850 ns, Cleanup: 32173 ns, At safepoint: 10194 ns, Total: 165217 ns
[2025-06-23T10:16:45.145+0000][1][safepoint   ] Safepoint "Cleanup", Time since last: 3002186294 ns, Reaching safepoint: 24856 ns, Cleanup: 23860 ns, At safepoint: 8254 ns, Total: 56970 ns
[2025-06-23T10:16:47.148+0000][1][safepoint   ] Safepoint "Cleanup", Time since last: 2001897815 ns, Reaching safepoint: 46954 ns, Cleanup: 266054 ns, At safepoint: 16079 ns, Total: 329087 ns
[2025-06-23T10:16:50.150+0000][1][safepoint   ] Safepoint "Cleanup", Time since last: 3001747894 ns, Reaching safepoint: 35726 ns, Cleanup: 25902 ns, At safepoint: 5826 ns, Total: 67454 ns
[2025-06-23T10:17:20.153+0000][1][safepoint   ] Safepoint "Cleanup", Time since last: 30008148608 ns, Reaching safepoint: 158084 ns, Cleanup: 29371 ns, At safepoint: 9121 ns, Total: 196576 ns
[2025-06-23T10:17:22.154+0000][1][safepoint   ] Safepoint "Cleanup", Time since last: 2001160304 ns, Reaching safepoint: 26173 ns, Cleanup: 21450 ns, At safepoint: 6488 ns, Total: 54111 ns
[2025-06-23T10:17:50.155+0000][1][safepoint   ] Safepoint "Cleanup", Time since last: 28006251584 ns, Reaching safepoint: 143918 ns, Cleanup: 32216 ns, At safepoint: 8946 ns, Total: 185080 ns
[2025-06-23T10:17:52.158+0000][1][safepoint   ] Safepoint "Cleanup", Time since last: 2002175776 ns, Reaching safepoint: 35374 ns, Cleanup: 24397 ns, At safepoint: 5256 ns, Total: 65027 ns
[2025-06-23T10:18:02.181+0000][1][safepoint   ] Safepoint "Cleanup", Time since last: 10007048980 ns, Reaching safepoint: 97278 ns, Cleanup: 22680 ns, At safepoint: 6664 ns, Total: 126622 ns
[2025-06-23T10:18:05.184+0000][1][safepoint   ] Safepoint "Cleanup", Time since last: 3003032583 ns, Reaching safepoint: 41718 ns, Cleanup: 43339 ns, At safepoint: 8197 ns, Total: 93254 ns
[2025-06-23T10:18:15.188+0000][1][safepoint   ] Safepoint "Cleanup", Time since last: 10004066071 ns, Reaching safepoint: 65222 ns, Cleanup: 22680 ns, At safepoint: 5804 ns, Total: 93706 ns
[2025-06-23T10:18:20.190+0000][1][safepoint   ] Safepoint "Cleanup", Time since last: 5002344710 ns, Reaching safepoint: 66873 ns, Cleanup: 26343 ns, At safepoint: 6701 ns, Total: 99917 ns
[2025-06-23T10:18:22.192+0000][1][safepoint   ] Safepoint "Cleanup", Time since last: 2001532782 ns, Reaching safepoint: 23484 ns, Cleanup: 25395 ns, At safepoint: 8292 ns, Total: 57171 ns
[2025-06-23T10:18:27.194+0000][1][safepoint   ] Safepoint "Cleanup", Time since last: 5002512291 ns, Reaching safepoint: 47215 ns, Cleanup: 17746 ns, At safepoint: 7366 ns, Total: 72327 ns
[2025-06-23T10:18:37.192+0000][1][safepoint   ] Safepoint "Cleanup", Time since last: 10003563705 ns, Reaching safepoint: 51082 ns, Cleanup: 28202 ns, At safepoint: 9120 ns, Total: 88404 ns
[2025-06-23T10:18:41.922+0000][1][gc,start    ] GC(24) Pause Young (Concurrent Start) (G1 Evacuation Pause)
[2025-06-23T10:18:41.928+0000][1][gc,task     ] GC(24) Using 13 workers of 13 for evacuation
[2025-06-23T10:18:41.931+0000][1][gc,age      ] GC(24) Desired survivor size 18874368 bytes, new threshold 15 (max threshold 15)
[2025-06-23T10:18:42.196+0000][1][gc,mmu      ] GC(24) MMU target violated: 201.0ms (200.0ms/201.0ms)
[2025-06-23T10:18:42.197+0000][1][gc,phases   ] GC(24)   Pre Evacuate Collection Set: 13.6ms
[2025-06-23T10:18:42.197+0000][1][gc,phases   ] GC(24)   Merge Heap Roots: 1.9ms
[2025-06-23T10:18:42.197+0000][1][gc,phases   ] GC(24)   Evacuate Collection Set: 230.8ms
[2025-06-23T10:18:42.198+0000][1][gc,phases   ] GC(24)   Post Evacuate Collection Set: 15.2ms
[2025-06-23T10:18:42.198+0000][1][gc,phases   ] GC(24)   Other: 10.8ms
[2025-06-23T10:18:42.199+0000][1][gc,age      ] GC(24) Age table with threshold 15 (max threshold 15)
[2025-06-23T10:18:42.200+0000][1][gc,age      ] GC(24) - age   1:      44072 bytes,      44072 total
[2025-06-23T10:18:42.200+0000][1][gc,age      ] GC(24) - age   2:     495344 bytes,     539416 total
[2025-06-23T10:18:42.200+0000][1][gc,age      ] GC(24) - age   3:     163848 bytes,     703264 total
[2025-06-23T10:18:42.201+0000][1][gc,age      ] GC(24) - age   4:    1018576 bytes,    1721840 total
[2025-06-23T10:18:42.201+0000][1][gc,age      ] GC(24) - age   5:    4128720 bytes,    5850560 total
[2025-06-23T10:18:42.202+0000][1][gc,heap     ] GC(24) Eden regions: 280->0(280)
[2025-06-23T10:18:42.202+0000][1][gc,heap     ] GC(24) Survivor regions: 7->7(36)
[2025-06-23T10:18:42.203+0000][1][gc,heap     ] GC(24) Old regions: 107->107
[2025-06-23T10:18:42.203+0000][1][gc,heap     ] GC(24) Humongous regions: 8->8
[2025-06-23T10:18:42.204+0000][1][gc,metaspace] GC(24) Metaspace: 151482K(157184K)->151482K(157184K) NonClass: 133175K(136512K)->133175K(136512K) Class: 18307K(20672K)->18307K(20672K)
[2025-06-23T10:18:42.206+0000][1][gc          ] GC(24) Pause Young (Concurrent Start) (G1 Evacuation Pause) 400M->120M(512M) 283.699ms
[2025-06-23T10:18:42.207+0000][1][gc,cpu      ] GC(24) User=1.20s Sys=0.01s Real=0.29s
[2025-06-23T10:18:42.208+0000][1][safepoint   ] Safepoint "G1CollectForAllocation", Time since last: 4724670113 ns, Reaching safepoint: 13027 ns, Cleanup: 35573 ns, At safepoint: 291315269 ns, Total: 291363869 ns
[2025-06-23T10:18:42.209+0000][1][gc          ] GC(25) Concurrent Mark Cycle
[2025-06-23T10:18:42.210+0000][1][gc,marking  ] GC(25) Concurrent Scan Root Regions
[2025-06-23T10:18:42.323+0000][1][gc,marking  ] GC(25) Concurrent Scan Root Regions 113.150ms
[2025-06-23T10:18:42.324+0000][1][gc,marking  ] GC(25) Concurrent Mark
[2025-06-23T10:18:42.325+0000][1][gc,marking  ] GC(25) Concurrent Mark From Roots
[2025-06-23T10:18:42.326+0000][1][gc,task     ] GC(25) Using 3 workers of 3 for marking
[2025-06-23T10:18:42.811+0000][1][gc,marking  ] GC(25) Concurrent Mark From Roots 486.395ms
[2025-06-23T10:18:42.812+0000][1][gc,marking  ] GC(25) Concurrent Preclean
[2025-06-23T10:18:42.813+0000][1][gc,marking  ] GC(25) Concurrent Preclean 1.243ms
[2025-06-23T10:18:42.814+0000][1][gc,start    ] GC(25) Pause Remark
[2025-06-23T10:18:43.911+0000][1][gc,mmu      ] GC(25) MMU target violated: 201.0ms (200.0ms/201.0ms)
[2025-06-23T10:18:43.912+0000][1][gc          ] GC(25) Pause Remark 123M->123M(512M) 1097.957ms
[2025-06-23T10:18:43.912+0000][1][gc,cpu      ] GC(25) User=9.95s Sys=0.00s Real=1.10s
[2025-06-23T10:18:43.913+0000][1][safepoint   ] Safepoint "G1PauseRemark", Time since last: 605911241 ns, Reaching safepoint: 20841 ns, Cleanup: 5001 ns, At safepoint: 1099350235 ns, Total: 1099376077 ns
[2025-06-23T10:18:43.913+0000][1][gc,marking  ] GC(25) Concurrent Mark 1589.514ms
[2025-06-23T10:18:43.915+0000][1][gc,marking  ] GC(25) Concurrent Rebuild Remembered Sets and Scrub Regions
[2025-06-23T10:18:44.518+0000][1][gc,marking  ] GC(25) Concurrent Rebuild Remembered Sets and Scrub Regions 604.016ms
[2025-06-23T10:18:44.520+0000][1][gc,start    ] GC(25) Pause Cleanup
[2025-06-23T10:18:44.521+0000][1][gc          ] GC(25) Pause Cleanup 123M->123M(512M) 0.974ms
[2025-06-23T10:18:44.521+0000][1][gc,cpu      ] GC(25) User=0.00s Sys=0.00s Real=0.00s
[2025-06-23T10:18:44.521+0000][1][safepoint   ] Safepoint "G1PauseCleanup", Time since last: 605860953 ns, Reaching safepoint: 658285 ns, Cleanup: 130086 ns, At safepoint: 1763779 ns, Total: 2552150 ns
[2025-06-23T10:18:44.522+0000][1][gc,marking  ] GC(25) Concurrent Clear Claimed Marks
[2025-06-23T10:18:44.522+0000][1][gc,marking  ] GC(25) Concurrent Clear Claimed Marks 0.668ms
[2025-06-23T10:18:44.523+0000][1][gc,marking  ] GC(25) Concurrent Cleanup for Next Mark
[2025-06-23T10:18:44.530+0000][1][gc,marking  ] GC(25) Concurrent Cleanup for Next Mark 7.060ms
[2025-06-23T10:18:44.531+0000][1][gc          ] GC(25) Concurrent Mark Cycle 2321.757ms
[2025-06-23T10:19:14.526+0000][1][safepoint   ] Safepoint "Cleanup", Time since last: 30008240107 ns, Reaching safepoint: 147238 ns, Cleanup: 23163 ns, At safepoint: 7565 ns, Total: 177966 ns
[2025-06-23T10:19:21.529+0000][1][safepoint   ] Safepoint "Cleanup", Time since last: 7003014355 ns, Reaching safepoint: 74176 ns, Cleanup: 46803 ns, At safepoint: 9592 ns, Total: 130571 ns
[2025-06-23T10:19:24.531+0000][1][safepoint   ] Safepoint "Cleanup", Time since last: 3001848207 ns, Reaching safepoint: 96280 ns, Cleanup: 40857 ns, At safepoint: 15194 ns, Total: 152331 ns
[2025-06-23T10:19:52.536+0000][1][safepoint   ] Safepoint "Cleanup", Time since last: 28008511763 ns, Reaching safepoint: 136251 ns, Cleanup: 27282 ns, At safepoint: 5986 ns, Total: 169519 ns
[2025-06-23T10:20:21.545+0000][1][safepoint   ] Safepoint "Cleanup", Time since last: 29010479116 ns, Reaching safepoint: 248504 ns, Cleanup: 63037 ns, At safepoint: 12353 ns, Total: 323894 ns
[2025-06-23T10:20:42.542+0000][1][safepoint   ] Safepoint "Cleanup", Time since last: 21007360756 ns, Reaching safepoint: 137010 ns, Cleanup: 28505 ns, At safepoint: 5406 ns, Total: 170921 ns
[2025-06-23T10:20:48.545+0000][1][safepoint   ] Safepoint "Cleanup", Time since last: 6002251203 ns, Reaching safepoint: 58049 ns, Cleanup: 90143 ns, At safepoint: 6210 ns, Total: 154402 ns
[2025-06-23T10:20:49.546+0000][1][safepoint   ] Safepoint "Cleanup", Time since last: 1001206852 ns, Reaching safepoint: 26688 ns, Cleanup: 143764 ns, At safepoint: 11017 ns, Total: 181469 ns
[2025-06-23T10:20:51.547+0000][1][safepoint   ] Safepoint "Cleanup", Time since last: 2001196070 ns, Reaching safepoint: 20058 ns, Cleanup: 19541 ns, At safepoint: 4972 ns, Total: 44571 ns
[2025-06-23T10:20:52.548+0000][1][safepoint   ] Safepoint "Cleanup", Time since last: 1000971216 ns, Reaching safepoint: 21690 ns, Cleanup: 31273 ns, At safepoint: 7686 ns, Total: 60649 ns
[2025-06-23T10:20:54.550+0000][1][safepoint   ] Safepoint "Cleanup", Time since last: 2001231029 ns, Reaching safepoint: 15579 ns, Cleanup: 17382 ns, At safepoint: 3615 ns, Total: 36576 ns
[2025-06-23T10:20:59.552+0000][1][safepoint   ] Safepoint "Cleanup", Time since last: 5002127820 ns, Reaching safepoint: 20571 ns, Cleanup: 24323 ns, At safepoint: 6424 ns, Total: 51318 ns
[2025-06-23T10:21:02.551+0000][1][safepoint   ] Safepoint "Cleanup", Time since last: 3001807344 ns, Reaching safepoint: 50850 ns, Cleanup: 19952 ns, At safepoint: 4954 ns, Total: 75756 ns
[2025-06-23T10:21:16.556+0000][1][safepoint   ] Safepoint "Cleanup", Time since last: 14005077766 ns, Reaching safepoint: 67612 ns, Cleanup: 24852 ns, At safepoint: 6547 ns, Total: 99011 ns
[2025-06-23T10:21:21.558+0000][1][safepoint   ] Safepoint "Cleanup", Time since last: 5002416896 ns, Reaching safepoint: 56254 ns, Cleanup: 31506 ns, At safepoint: 8011 ns, Total: 95771 ns
[2025-06-23T10:21:22.560+0000][1][safepoint   ] Safepoint "Cleanup", Time since last: 1001454700 ns, Reaching safepoint: 22328 ns, Cleanup: 32653 ns, At safepoint: 7743 ns, Total: 62724 ns
[2025-06-23T10:21:51.563+0000][1][safepoint   ] Safepoint "Cleanup", Time since last: 29008383902 ns, Reaching safepoint: 130183 ns, Cleanup: 26389 ns, At safepoint: 7654 ns, Total: 164226 ns
[2025-06-23T10:22:49.910+0000][1][safepoint   ] Safepoint "Cleanup", Time since last: 58349868525 ns, Reaching safepoint: 188454 ns, Cleanup: 312943 ns, At safepoint: 26267 ns, Total: 527664 ns
[2025-06-23T10:23:02.914+0000][1][safepoint   ] Safepoint "Cleanup", Time since last: 13007425378 ns, Reaching safepoint: 153845 ns, Cleanup: 40338 ns, At safepoint: 12130 ns, Total: 206313 ns
[2025-06-23T10:23:19.920+0000][1][safepoint   ] Safepoint "Cleanup", Time since last: 17004303603 ns, Reaching safepoint: 321505 ns, Cleanup: 1106451 ns, At safepoint: 27911 ns, Total: 1455867 ns
[2025-06-23T10:23:22.925+0000][1][safepoint   ] Safepoint "Cleanup", Time since last: 3001901207 ns, Reaching safepoint: 52723 ns, Cleanup: 2899904 ns, At safepoint: 55768 ns, Total: 3008395 ns
[2025-06-23T10:23:24.927+0000][1][safepoint   ] Safepoint "Cleanup", Time since last: 2001685554 ns, Reaching safepoint: 20174 ns, Cleanup: 70905 ns, At safepoint: 6317 ns, Total: 97396 ns
[2025-06-23T10:23:32.927+0000][1][safepoint   ] Safepoint "Cleanup", Time since last: 8003007639 ns, Reaching safepoint: 103462 ns, Cleanup: 25857 ns, At safepoint: 9034 ns, Total: 138353 ns
[2025-06-23T10:24:19.936+0000][1][safepoint   ] Safepoint "Cleanup", Time since last: 47014242355 ns, Reaching safepoint: 147656 ns, Cleanup: 22417 ns, At safepoint: 7858 ns, Total: 177931 ns
[2025-06-23T10:24:21.937+0000][1][safepoint   ] Safepoint "Cleanup", Time since last: 2001418038 ns, Reaching safepoint: 22496 ns, Cleanup: 14146 ns, At safepoint: 3460 ns, Total: 40102 ns
[2025-06-23T10:24:34.934+0000][1][safepoint   ] Safepoint "Cleanup", Time since last: 13004428892 ns, Reaching safepoint: 77032 ns, Cleanup: 26450 ns, At safepoint: 8148 ns, Total: 111630 ns
[2025-06-23T10:25:09.945+0000][1][safepoint   ] Safepoint "Cleanup", Time since last: 35011524744 ns, Reaching safepoint: 2435183 ns, Cleanup: 26700 ns, At safepoint: 91342 ns, Total: 2553225 ns
[2025-06-23T10:25:51.966+0000][1][safepoint   ] Safepoint "Cleanup", Time since last: 42013847265 ns, Reaching safepoint: 5254994 ns, Cleanup: 833987 ns, At safepoint: 400658 ns, Total: 6489639 ns
[2025-06-23T10:26:11.250+0000][1][gc,start    ] GC(26) Pause Young (Prepare Mixed) (G1 Evacuation Pause)
[2025-06-23T10:26:11.256+0000][1][gc,task     ] GC(26) Using 13 workers of 13 for evacuation
[2025-06-23T10:26:11.260+0000][1][gc,age      ] GC(26) Desired survivor size 18874368 bytes, new threshold 15 (max threshold 15)
[2025-06-23T10:26:11.547+0000][1][gc,mmu      ] GC(26) MMU target violated: 201.0ms (200.0ms/201.0ms)
[2025-06-23T10:26:11.548+0000][1][gc,phases   ] GC(26)   Pre Evacuate Collection Set: 23.0ms
[2025-06-23T10:26:11.548+0000][1][gc,phases   ] GC(26)   Merge Heap Roots: 4.7ms
[2025-06-23T10:26:11.549+0000][1][gc,phases   ] GC(26)   Evacuate Collection Set: 228.8ms
[2025-06-23T10:26:11.549+0000][1][gc,phases   ] GC(26)   Post Evacuate Collection Set: 27.9ms
[2025-06-23T10:26:11.550+0000][1][gc,phases   ] GC(26)   Other: 10.0ms
[2025-06-23T10:26:11.550+0000][1][gc,age      ] GC(26) Age table with threshold 15 (max threshold 15)
[2025-06-23T10:26:11.552+0000][1][gc,age      ] GC(26) - age   1:      25272 bytes,      25272 total
[2025-06-23T10:26:11.552+0000][1][gc,age      ] GC(26) - age   2:      10688 bytes,      35960 total
[2025-06-23T10:26:11.553+0000][1][gc,age      ] GC(26) - age   3:     493824 bytes,     529784 total
[2025-06-23T10:26:11.553+0000][1][gc,age      ] GC(26) - age   4:     163824 bytes,     693608 total
[2025-06-23T10:26:11.553+0000][1][gc,age      ] GC(26) - age   5:    1018248 bytes,    1711856 total
[2025-06-23T10:26:11.554+0000][1][gc,age      ] GC(26) - age   6:    4112112 bytes,    5823968 total
[2025-06-23T10:26:11.554+0000][1][gc,heap     ] GC(26) Eden regions: 280->0(280)
[2025-06-23T10:26:11.555+0000][1][gc,heap     ] GC(26) Survivor regions: 7->7(36)
[2025-06-23T10:26:11.555+0000][1][gc,heap     ] GC(26) Old regions: 107->107
[2025-06-23T10:26:11.556+0000][1][gc,heap     ] GC(26) Humongous regions: 8->8
[2025-06-23T10:26:11.556+0000][1][gc,metaspace] GC(26) Metaspace: 151526K(157184K)->151526K(157184K) NonClass: 133225K(136512K)->133225K(136512K) Class: 18301K(20672K)->18301K(20672K)
[2025-06-23T10:26:11.557+0000][1][gc          ] GC(26) Pause Young (Prepare Mixed) (G1 Evacuation Pause) 400M->120M(512M) 307.953ms
[2025-06-23T10:26:11.558+0000][1][gc,cpu      ] GC(26) User=1.69s Sys=0.02s Real=0.31s
[2025-06-23T10:26:11.559+0000][1][safepoint   ] Safepoint "G1CollectForAllocation", Time since last: 19306070432 ns, Reaching safepoint: 155516 ns, Cleanup: 610995 ns, At safepoint: 312481553 ns, Total: 313248064 ns
[2025-06-23T10:26:37.557+0000][1][safepoint   ] Safepoint "Cleanup", Time since last: 26008767482 ns, Reaching safepoint: 126763 ns, Cleanup: 32914 ns, At safepoint: 9976 ns, Total: 169653 ns
[2025-06-23T10:26:39.559+0000][1][safepoint   ] Safepoint "Cleanup", Time since last: 2002062235 ns, Reaching safepoint: 65883 ns, Cleanup: 23504 ns, At safepoint: 12494 ns, Total: 101881 ns
[2025-06-23T10:26:48.564+0000][1][safepoint   ] Safepoint "Cleanup", Time since last: 9003454182 ns, Reaching safepoint: 607568 ns, Cleanup: 855937 ns, At safepoint: 145777 ns, Total: 1609282 ns
[2025-06-23T10:26:49.566+0000][1][safepoint   ] Safepoint "Cleanup", Time since last: 1001065994 ns, Reaching safepoint: 73938 ns, Cleanup: 500188 ns, At safepoint: 27937 ns, Total: 602063 ns
[2025-06-23T10:28:35.605+0000][1][safepoint   ] Safepoint "Cleanup", Time since last: 106030422283 ns, Reaching safepoint: 4170990 ns, Cleanup: 209355 ns, At safepoint: 85692 ns, Total: 4466037 ns
[2025-06-23T10:28:37.610+0000][1][safepoint   ] Safepoint "Cleanup", Time since last: 2001890702 ns, Reaching safepoint: 24962 ns, Cleanup: 2828920 ns, At safepoint: 51291 ns, Total: 2905173 ns
[2025-06-23T10:28:40.612+0000][1][safepoint   ] Safepoint "Cleanup", Time since last: 3002135805 ns, Reaching safepoint: 27964 ns, Cleanup: 40423 ns, At safepoint: 10062 ns, Total: 78449 ns
[2025-06-23T10:28:42.614+0000][1][safepoint   ] Safepoint "Cleanup", Time since last: 2001834872 ns, Reaching safepoint: 49125 ns, Cleanup: 21232 ns, At safepoint: 5674 ns, Total: 76031 ns
[2025-06-23T10:29:12.626+0000][1][safepoint   ] Safepoint "Cleanup", Time since last: 30009361751 ns, Reaching safepoint: 581958 ns, Cleanup: 43058 ns, At safepoint: 21588 ns, Total: 646604 ns
[2025-06-23T10:29:17.628+0000][1][safepoint   ] Safepoint "Cleanup", Time since last: 5002297105 ns, Reaching safepoint: 27089 ns, Cleanup: 25916 ns, At safepoint: 8948 ns, Total: 61953 ns
[2025-06-23T10:29:30.633+0000][1][safepoint   ] Safepoint "Cleanup", Time since last: 13004656185 ns, Reaching safepoint: 89327 ns, Cleanup: 112341 ns, At safepoint: 8884 ns, Total: 210552 ns
[2025-06-23T10:29:40.637+0000][1][safepoint   ] Safepoint "Cleanup", Time since last: 10004007734 ns, Reaching safepoint: 46761 ns, Cleanup: 24026 ns, At safepoint: 6664 ns, Total: 77451 ns
[2025-06-23T10:30:02.644+0000][1][safepoint   ] Safepoint "Cleanup", Time since last: 22007972499 ns, Reaching safepoint: 81593 ns, Cleanup: 18733 ns, At safepoint: 4304 ns, Total: 104630 ns
[2025-06-23T10:30:05.646+0000][1][safepoint   ] Safepoint "Cleanup", Time since last: 3002164838 ns, Reaching safepoint: 55178 ns, Cleanup: 121036 ns, At safepoint: 7351 ns, Total: 183565 ns
[2025-06-23T10:30:40.403+0000][1][safepoint   ] Safepoint "Cleanup", Time since last: 34757780429 ns, Reaching safepoint: 862275 ns, Cleanup: 888592 ns, At safepoint: 50495 ns, Total: 1801362 ns
[2025-06-23T10:32:02.443+0000][1][safepoint   ] Safepoint "Cleanup", Time since last: 82028343518 ns, Reaching safepoint: 6922123 ns, Cleanup: 2196835 ns, At safepoint: 485715 ns, Total: 9604673 ns
[2025-06-23T10:32:28.453+0000][1][safepoint   ] Safepoint "Cleanup", Time since last: 26010492783 ns, Reaching safepoint: 94635 ns, Cleanup: 19134 ns, At safepoint: 11266 ns, Total: 125035 ns
[2025-06-23T10:32:32.454+0000][1][safepoint   ] Safepoint "Cleanup", Time since last: 4001551708 ns, Reaching safepoint: 33398 ns, Cleanup: 30544 ns, At safepoint: 10233 ns, Total: 74175 ns
[2025-06-23T10:32:37.457+0000][1][safepoint   ] Safepoint "Cleanup", Time since last: 5002816742 ns, Reaching safepoint: 132816 ns, Cleanup: 29315 ns, At safepoint: 9374 ns, Total: 171505 ns
[2025-06-23T10:32:46.461+0000][1][safepoint   ] Safepoint "Cleanup", Time since last: 9003917855 ns, Reaching safepoint: 45865 ns, Cleanup: 26738 ns, At safepoint: 9071 ns, Total: 81674 ns
[2025-06-23T10:33:26.471+0000][1][safepoint   ] Safepoint "Cleanup", Time since last: 40010826892 ns, Reaching safepoint: 176970 ns, Cleanup: 35844 ns, At safepoint: 10804 ns, Total: 223618 ns
[2025-06-23T10:33:36.734+0000][1][gc,start    ] GC(27) Pause Young (Mixed) (G1 Evacuation Pause)
[2025-06-23T10:33:36.741+0000][1][gc,task     ] GC(27) Using 13 workers of 13 for evacuation
[2025-06-23T10:33:36.742+0000][1][gc,age      ] GC(27) Desired survivor size 18874368 bytes, new threshold 15 (max threshold 15)
[2025-06-23T10:33:37.091+0000][1][gc,mmu      ] GC(27) MMU target violated: 201.0ms (200.0ms/201.0ms)
[2025-06-23T10:33:37.092+0000][1][gc,phases   ] GC(27)   Pre Evacuate Collection Set: 26.9ms
[2025-06-23T10:33:37.092+0000][1][gc,phases   ] GC(27)   Merge Heap Roots: 3.4ms
[2025-06-23T10:33:37.092+0000][1][gc,phases   ] GC(27)   Evacuate Collection Set: 293.7ms
[2025-06-23T10:33:37.093+0000][1][gc,phases   ] GC(27)   Post Evacuate Collection Set: 19.0ms
[2025-06-23T10:33:37.093+0000][1][gc,phases   ] GC(27)   Other: 10.8ms
[2025-06-23T10:33:37.093+0000][1][gc,age      ] GC(27) Age table with threshold 15 (max threshold 15)
[2025-06-23T10:33:37.094+0000][1][gc,age      ] GC(27) - age   1:     696720 bytes,     696720 total
[2025-06-23T10:33:37.094+0000][1][gc,age      ] GC(27) - age   2:       6760 bytes,     703480 total
[2025-06-23T10:33:37.094+0000][1][gc,age      ] GC(27) - age   3:      10688 bytes,     714168 total
[2025-06-23T10:33:37.094+0000][1][gc,age      ] GC(27) - age   4:     492864 bytes,    1207032 total
[2025-06-23T10:33:37.095+0000][1][gc,age      ] GC(27) - age   5:     163328 bytes,    1370360 total
[2025-06-23T10:33:37.095+0000][1][gc,age      ] GC(27) - age   6:    1017824 bytes,    2388184 total
[2025-06-23T10:33:37.095+0000][1][gc,age      ] GC(27) - age   7:    4111504 bytes,    6499688 total
[2025-06-23T10:33:37.096+0000][1][gc,heap     ] GC(27) Eden regions: 280->0(281)
[2025-06-23T10:33:37.096+0000][1][gc,heap     ] GC(27) Survivor regions: 7->7(36)
[2025-06-23T10:33:37.097+0000][1][gc,heap     ] GC(27) Old regions: 107->106
[2025-06-23T10:33:37.097+0000][1][gc,heap     ] GC(27) Humongous regions: 8->8
[2025-06-23T10:33:37.098+0000][1][gc,metaspace] GC(27) Metaspace: 151549K(157184K)->151549K(157184K) NonClass: 133248K(136512K)->133248K(136512K) Class: 18301K(20672K)->18301K(20672K)
[2025-06-23T10:33:37.100+0000][1][gc          ] GC(27) Pause Young (Mixed) (G1 Evacuation Pause) 400M->120M(512M) 365.984ms
[2025-06-23T10:33:37.101+0000][1][gc,cpu      ] GC(27) User=1.70s Sys=0.05s Real=0.37s
[2025-06-23T10:33:37.101+0000][1][safepoint   ] Safepoint "G1CollectForAllocation", Time since last: 10154711475 ns, Reaching safepoint: 81873 ns, Cleanup: 871282 ns, At safepoint: 373656978 ns, Total: 374610133 ns
[2025-06-23T10:33:58.107+0000][1][safepoint   ] Safepoint "Cleanup", Time since last: 21004904757 ns, Reaching safepoint: 162513 ns, Cleanup: 776768 ns, At safepoint: 72139 ns, Total: 1011420 ns
[2025-06-23T10:34:07.126+0000][1][safepoint   ] Safepoint "Cleanup", Time since last: 9002945140 ns, Reaching safepoint: 74221 ns, Cleanup: 55046 ns, At safepoint: 26050 ns, Total: 155317 ns
[2025-06-23T10:34:10.128+0000][1][safepoint   ] Safepoint "Cleanup", Time since last: 3001410221 ns, Reaching safepoint: 45400 ns, Cleanup: 93606 ns, At safepoint: 7631 ns, Total: 146637 ns
[2025-06-23T10:34:13.130+0000][1][safepoint   ] Safepoint "Cleanup", Time since last: 3002201757 ns, Reaching safepoint: 81015 ns, Cleanup: 27930 ns, At safepoint: 5692 ns, Total: 114637 ns
[2025-06-23T10:34:55.149+0000][1][safepoint   ] Safepoint "Cleanup", Time since last: 42011474837 ns, Reaching safepoint: 1044274 ns, Cleanup: 28892 ns, At safepoint: 10240 ns, Total: 1083406 ns
[2025-06-23T10:35:05.160+0000][1][safepoint   ] Safepoint "Cleanup", Time since last: 10004342400 ns, Reaching safepoint: 152772 ns, Cleanup: 43856 ns, At safepoint: 15598 ns, Total: 212226 ns
[2025-06-23T10:35:09.163+0000][1][safepoint   ] Safepoint "Cleanup", Time since last: 4002856342 ns, Reaching safepoint: 48258 ns, Cleanup: 57391 ns, At safepoint: 6297 ns, Total: 111946 ns
[2025-06-23T10:35:10.767+0000][1][safepoint   ] Safepoint "Cleanup", Time since last: 1603924211 ns, Reaching safepoint: 193772 ns, Cleanup: 118993 ns, At safepoint: 38640 ns, Total: 351405 ns
[2025-06-23T10:35:11.905+0000][1][safepoint   ] Safepoint "Cleanup", Time since last: 1137374205 ns, Reaching safepoint: 89746 ns, Cleanup: 41121 ns, At safepoint: 34537 ns, Total: 165404 ns
[2025-06-23T10:35:12.955+0000][1][safepoint   ] Safepoint "Cleanup", Time since last: 1050303301 ns, Reaching safepoint: 16032 ns, Cleanup: 108079 ns, At safepoint: 11045 ns, Total: 135156 ns
[2025-06-23T10:35:13.956+0000][1][safepoint   ] Safepoint "Cleanup", Time since last: 1000917059 ns, Reaching safepoint: 117884 ns, Cleanup: 112861 ns, At safepoint: 9043 ns, Total: 239788 ns
[2025-06-23T10:35:45.883+0000][1][safepoint   ] Safepoint "Cleanup", Time since last: 31929274203 ns, Reaching safepoint: 173424 ns, Cleanup: 258428 ns, At safepoint: 46267 ns, Total: 478119 ns
[2025-06-23T10:35:50.885+0000][1][safepoint   ] Safepoint "Cleanup", Time since last: 5002293376 ns, Reaching safepoint: 91254 ns, Cleanup: 23038 ns, At safepoint: 7614 ns, Total: 121906 ns
[2025-06-23T10:35:52.887+0000][1][safepoint   ] Safepoint "Cleanup", Time since last: 2001147030 ns, Reaching safepoint: 149793 ns, Cleanup: 28964 ns, At safepoint: 9284 ns, Total: 188041 ns
[2025-06-23T10:35:57.889+0000][1][safepoint   ] Safepoint "Cleanup", Time since last: 5002535391 ns, Reaching safepoint: 121102 ns, Cleanup: 25398 ns, At safepoint: 8787 ns, Total: 155287 ns
[2025-06-23T10:36:05.901+0000][1][safepoint   ] Safepoint "Cleanup", Time since last: 8004303705 ns, Reaching safepoint: 46109 ns, Cleanup: 20729 ns, At safepoint: 4764 ns, Total: 71602 ns
[2025-06-23T10:36:10.904+0000][1][safepoint   ] Safepoint "Cleanup", Time since last: 5003098114 ns, Reaching safepoint: 123499 ns, Cleanup: 37559 ns, At safepoint: 9526 ns, Total: 170584 ns
[2025-06-23T10:36:15.906+0000][1][safepoint   ] Safepoint "Cleanup", Time since last: 5002005606 ns, Reaching safepoint: 87980 ns, Cleanup: 31722 ns, At safepoint: 9492 ns, Total: 129194 ns
[2025-06-23T10:36:35.918+0000][1][safepoint   ] Safepoint "Cleanup", Time since last: 20006087454 ns, Reaching safepoint: 206722 ns, Cleanup: 73895 ns, At safepoint: 11812 ns, Total: 292429 ns
[2025-06-23T10:37:02.937+0000][1][safepoint   ] Safepoint "Cleanup", Time since last: 27007999515 ns, Reaching safepoint: 3237310 ns, Cleanup: 125760 ns, At safepoint: 47375 ns, Total: 3410445 ns
[2025-06-23T10:37:05.939+0000][1][safepoint   ] Safepoint "Cleanup", Time since last: 3001996953 ns, Reaching safepoint: 24699 ns, Cleanup: 18583 ns, At safepoint: 4932 ns, Total: 48214 ns
[2025-06-23T10:37:10.941+0000][1][safepoint   ] Safepoint "Cleanup", Time since last: 5001953641 ns, Reaching safepoint: 61895 ns, Cleanup: 22615 ns, At safepoint: 6110 ns, Total: 90620 ns
[2025-06-23T10:38:39.980+0000][1][safepoint   ] Safepoint "Cleanup", Time since last: 89030415876 ns, Reaching safepoint: 111516 ns, Cleanup: 24252 ns, At safepoint: 8644 ns, Total: 144412 ns
[2025-06-23T10:39:20.998+0000][1][safepoint   ] Safepoint "Cleanup", Time since last: 41012935371 ns, Reaching safepoint: 219053 ns, Cleanup: 164274 ns, At safepoint: 13417 ns, Total: 396744 ns
[2025-06-23T10:40:21.034+0000][1][safepoint   ] Safepoint "Cleanup", Time since last: 60021554290 ns, Reaching safepoint: 117411 ns, Cleanup: 165786 ns, At safepoint: 14974 ns, Total: 298171 ns
[2025-06-23T10:40:46.480+0000][1][gc,start    ] GC(28) Pause Young (Concurrent Start) (G1 Evacuation Pause)
[2025-06-23T10:40:46.487+0000][1][gc,task     ] GC(28) Using 13 workers of 13 for evacuation
[2025-06-23T10:40:46.489+0000][1][gc,age      ] GC(28) Desired survivor size 18874368 bytes, new threshold 15 (max threshold 15)
[2025-06-23T10:40:46.958+0000][1][gc,mmu      ] GC(28) MMU target violated: 201.0ms (200.0ms/201.0ms)
[2025-06-23T10:40:46.958+0000][1][gc,phases   ] GC(28)   Pre Evacuate Collection Set: 22.0ms
[2025-06-23T10:40:46.959+0000][1][gc,phases   ] GC(28)   Merge Heap Roots: 3.6ms
[2025-06-23T10:40:46.959+0000][1][gc,phases   ] GC(28)   Evacuate Collection Set: 415.2ms
[2025-06-23T10:40:46.959+0000][1][gc,phases   ] GC(28)   Post Evacuate Collection Set: 24.6ms
[2025-06-23T10:40:46.960+0000][1][gc,phases   ] GC(28)   Other: 8.8ms
[2025-06-23T10:40:46.960+0000][1][gc,age      ] GC(28) Age table with threshold 15 (max threshold 15)
[2025-06-23T10:40:46.961+0000][1][gc,age      ] GC(28) - age   1:     247680 bytes,     247680 total
[2025-06-23T10:40:46.961+0000][1][gc,age      ] GC(28) - age   2:      19088 bytes,     266768 total
[2025-06-23T10:40:46.961+0000][1][gc,age      ] GC(28) - age   3:       6288 bytes,     273056 total
[2025-06-23T10:40:46.961+0000][1][gc,age      ] GC(28) - age   4:      10688 bytes,     283744 total
[2025-06-23T10:40:46.962+0000][1][gc,age      ] GC(28) - age   5:      25856 bytes,     309600 total
[2025-06-23T10:40:46.962+0000][1][gc,age      ] GC(28) - age   6:     162856 bytes,     472456 total
[2025-06-23T10:40:46.962+0000][1][gc,age      ] GC(28) - age   7:     723800 bytes,    1196256 total
[2025-06-23T10:40:46.962+0000][1][gc,age      ] GC(28) - age   8:    4111192 bytes,    5307448 total
[2025-06-23T10:40:46.963+0000][1][gc,heap     ] GC(28) Eden regions: 281->0(283)
[2025-06-23T10:40:46.963+0000][1][gc,heap     ] GC(28) Survivor regions: 7->6(36)
[2025-06-23T10:40:46.964+0000][1][gc,heap     ] GC(28) Old regions: 106->106
[2025-06-23T10:40:46.964+0000][1][gc,heap     ] GC(28) Humongous regions: 8->8
[2025-06-23T10:40:46.965+0000][1][gc,metaspace] GC(28) Metaspace: 152239K(157248K)->152239K(157248K) NonClass: 133838K(136576K)->133838K(136576K) Class: 18400K(20672K)->18400K(20672K)
[2025-06-23T10:40:46.967+0000][1][gc          ] GC(28) Pause Young (Concurrent Start) (G1 Evacuation Pause) 401M->119M(512M) 486.752ms
[2025-06-23T10:40:46.968+0000][1][gc,cpu      ] GC(28) User=2.13s Sys=0.07s Real=0.49s
[2025-06-23T10:40:46.969+0000][1][safepoint   ] Safepoint "G1CollectForAllocation", Time since last: 25435762447 ns, Reaching safepoint: 77984 ns, Cleanup: 8182 ns, At safepoint: 493411682 ns, Total: 493497848 ns
[2025-06-23T10:40:46.970+0000][1][gc          ] GC(29) Concurrent Mark Cycle
[2025-06-23T10:40:46.971+0000][1][gc,marking  ] GC(29) Concurrent Scan Root Regions
[2025-06-23T10:40:47.169+0000][1][gc,marking  ] GC(29) Concurrent Scan Root Regions 197.613ms
[2025-06-23T10:40:47.169+0000][1][gc,marking  ] GC(29) Concurrent Mark
[2025-06-23T10:40:47.170+0000][1][gc,marking  ] GC(29) Concurrent Mark From Roots
[2025-06-23T10:40:47.171+0000][1][gc,task     ] GC(29) Using 3 workers of 3 for marking
[2025-06-23T10:40:47.760+0000][1][gc,marking  ] GC(29) Concurrent Mark From Roots 589.792ms
[2025-06-23T10:40:47.760+0000][1][gc,marking  ] GC(29) Concurrent Preclean
[2025-06-23T10:40:47.762+0000][1][gc,marking  ] GC(29) Concurrent Preclean 1.931ms
[2025-06-23T10:40:47.763+0000][1][gc,start    ] GC(29) Pause Remark
[2025-06-23T10:40:48.156+0000][1][gc,mmu      ] GC(29) MMU target violated: 201.0ms (200.0ms/201.0ms)
[2025-06-23T10:40:48.157+0000][1][gc          ] GC(29) Pause Remark 121M->121M(512M) 393.700ms
[2025-06-23T10:40:48.157+0000][1][gc,cpu      ] GC(29) User=4.11s Sys=0.00s Real=0.40s
[2025-06-23T10:40:48.158+0000][1][safepoint   ] Safepoint "G1PauseRemark", Time since last: 794108887 ns, Reaching safepoint: 56486 ns, Cleanup: 20091 ns, At safepoint: 395083008 ns, Total: 395159585 ns
[2025-06-23T10:40:48.159+0000][1][gc,marking  ] GC(29) Concurrent Mark 989.200ms
[2025-06-23T10:40:48.171+0000][1][gc,marking  ] GC(29) Concurrent Rebuild Remembered Sets and Scrub Regions
[2025-06-23T10:40:48.237+0000][1][gc,marking  ] GC(29) Concurrent Rebuild Remembered Sets and Scrub Regions 77.718ms
[2025-06-23T10:40:48.238+0000][1][gc,start    ] GC(29) Pause Cleanup
[2025-06-23T10:40:48.240+0000][1][gc          ] GC(29) Pause Cleanup 122M->122M(512M) 1.968ms
[2025-06-23T10:40:48.241+0000][1][gc,cpu      ] GC(29) User=0.00s Sys=0.00s Real=0.00s
[2025-06-23T10:40:48.241+0000][1][safepoint   ] Safepoint "G1PauseCleanup", Time since last: 79803939 ns, Reaching safepoint: 17211 ns, Cleanup: 513605 ns, At safepoint: 3005945 ns, Total: 3536761 ns
[2025-06-23T10:40:48.242+0000][1][gc,marking  ] GC(29) Concurrent Clear Claimed Marks
[2025-06-23T10:40:48.243+0000][1][gc,marking  ] GC(29) Concurrent Clear Claimed Marks 0.680ms
[2025-06-23T10:40:48.243+0000][1][gc,marking  ] GC(29) Concurrent Cleanup for Next Mark
[2025-06-23T10:40:48.251+0000][1][gc,marking  ] GC(29) Concurrent Cleanup for Next Mark 7.951ms
[2025-06-23T10:40:48.252+0000][1][gc          ] GC(29) Concurrent Mark Cycle 1281.400ms
[2025-06-23T10:40:50.242+0000][1][safepoint   ] Safepoint "Cleanup", Time since last: 2000873410 ns, Reaching safepoint: 37457 ns, Cleanup: 15456 ns, At safepoint: 3955 ns, Total: 56868 ns
[2025-06-23T10:42:07.276+0000][1][safepoint   ] Safepoint "Cleanup", Time since last: 77022441050 ns, Reaching safepoint: 585719 ns, Cleanup: 38482 ns, At safepoint: 22739 ns, Total: 646940 ns
[2025-06-23T10:42:53.303+0000][1][safepoint   ] Safepoint "Cleanup", Time since last: 46014397861 ns, Reaching safepoint: 165558 ns, Cleanup: 28614 ns, At safepoint: 10908 ns, Total: 205080 ns
[2025-06-23T10:44:31.550+0000][1][safepoint   ] Safepoint "Cleanup", Time since last: 98221480553 ns, Reaching safepoint: 93179 ns, Cleanup: 22327 ns, At safepoint: 7628 ns, Total: 123134 ns
[2025-06-23T10:44:33.551+0000][1][safepoint   ] Safepoint "Cleanup", Time since last: 2001829881 ns, Reaching safepoint: 22438 ns, Cleanup: 22378 ns, At safepoint: 6431 ns, Total: 51247 ns
[2025-06-23T10:44:40.554+0000][1][safepoint   ] Safepoint "Cleanup", Time since last: 7002954690 ns, Reaching safepoint: 58934 ns, Cleanup: 20832 ns, At safepoint: 3946 ns, Total: 83712 ns
[2025-06-23T10:44:44.557+0000][1][safepoint   ] Safepoint "Cleanup", Time since last: 4002445796 ns, Reaching safepoint: 43689 ns, Cleanup: 31000 ns, At safepoint: 10325 ns, Total: 85014 ns
[2025-06-23T10:44:53.561+0000][1][safepoint   ] Safepoint "Cleanup", Time since last: 9003466638 ns, Reaching safepoint: 60133 ns, Cleanup: 20678 ns, At safepoint: 4817 ns, Total: 85628 ns
[2025-06-23T10:45:48.589+0000][1][safepoint   ] Safepoint "Cleanup", Time since last: 55015705311 ns, Reaching safepoint: 176299 ns, Cleanup: 1007117 ns, At safepoint: 47176 ns, Total: 1230592 ns
[2025-06-23T10:47:13.781+0000][1][safepoint   ] Safepoint "Cleanup", Time since last: 85174956708 ns, Reaching safepoint: 402489 ns, Cleanup: 150792 ns, At safepoint: 20619 ns, Total: 573900 ns
[2025-06-23T10:47:15.783+0000][1][safepoint   ] Safepoint "Cleanup", Time since last: 2001867663 ns, Reaching safepoint: 17451 ns, Cleanup: 13730 ns, At safepoint: 3768 ns, Total: 34949 ns
[2025-06-23T10:47:20.785+0000][1][safepoint   ] Safepoint "Cleanup", Time since last: 5002134106 ns, Reaching safepoint: 94157 ns, Cleanup: 43997 ns, At safepoint: 11596 ns, Total: 149750 ns
[2025-06-23T10:47:55.808+0000][1][safepoint   ] Safepoint "Cleanup", Time since last: 35014273185 ns, Reaching safepoint: 131260 ns, Cleanup: 27596 ns, At safepoint: 6857 ns, Total: 165713 ns
[2025-06-23T10:48:24.907+0000][1][gc,start    ] GC(30) Pause Young (Prepare Mixed) (G1 Evacuation Pause)
[2025-06-23T10:48:24.912+0000][1][gc,task     ] GC(30) Using 13 workers of 13 for evacuation
[2025-06-23T10:48:24.915+0000][1][gc,age      ] GC(30) Desired survivor size 19398656 bytes, new threshold 15 (max threshold 15)
[2025-06-23T10:48:25.124+0000][1][gc,mmu      ] GC(30) MMU target violated: 201.0ms (200.0ms/201.0ms)
[2025-06-23T10:48:25.125+0000][1][gc,phases   ] GC(30)   Pre Evacuate Collection Set: 14.8ms
[2025-06-23T10:48:25.126+0000][1][gc,phases   ] GC(30)   Merge Heap Roots: 3.5ms
[2025-06-23T10:48:25.126+0000][1][gc,phases   ] GC(30)   Evacuate Collection Set: 171.0ms
[2025-06-23T10:48:25.127+0000][1][gc,phases   ] GC(30)   Post Evacuate Collection Set: 15.3ms
[2025-06-23T10:48:25.127+0000][1][gc,phases   ] GC(30)   Other: 9.2ms
[2025-06-23T10:48:25.128+0000][1][gc,age      ] GC(30) Age table with threshold 15 (max threshold 15)
[2025-06-23T10:48:25.129+0000][1][gc,age      ] GC(30) - age   1:      40416 bytes,      40416 total
[2025-06-23T10:48:25.129+0000][1][gc,age      ] GC(30) - age   2:     208824 bytes,     249240 total
[2025-06-23T10:48:25.130+0000][1][gc,age      ] GC(30) - age   3:      17384 bytes,     266624 total
[2025-06-23T10:48:25.130+0000][1][gc,age      ] GC(30) - age   4:       6232 bytes,     272856 total
[2025-06-23T10:48:25.130+0000][1][gc,age      ] GC(30) - age   5:      10688 bytes,     283544 total
[2025-06-23T10:48:25.131+0000][1][gc,age      ] GC(30) - age   6:      25824 bytes,     309368 total
[2025-06-23T10:48:25.131+0000][1][gc,age      ] GC(30) - age   7:     162856 bytes,     472224 total
[2025-06-23T10:48:25.132+0000][1][gc,age      ] GC(30) - age   8:     723800 bytes,    1196024 total
[2025-06-23T10:48:25.132+0000][1][gc,age      ] GC(30) - age   9:    4111096 bytes,    5307120 total
[2025-06-23T10:48:25.133+0000][1][gc,heap     ] GC(30) Eden regions: 283->0(283)
[2025-06-23T10:48:25.133+0000][1][gc,heap     ] GC(30) Survivor regions: 6->6(37)
[2025-06-23T10:48:25.134+0000][1][gc,heap     ] GC(30) Old regions: 106->106
[2025-06-23T10:48:25.134+0000][1][gc,heap     ] GC(30) Humongous regions: 8->8
[2025-06-23T10:48:25.135+0000][1][gc,metaspace] GC(30) Metaspace: 152253K(157248K)->152253K(157248K) NonClass: 133852K(136576K)->133852K(136576K) Class: 18401K(20672K)->18401K(20672K)
[2025-06-23T10:48:25.137+0000][1][gc          ] GC(30) Pause Young (Prepare Mixed) (G1 Evacuation Pause) 402M->119M(512M) 229.612ms
[2025-06-23T10:48:25.138+0000][1][gc,cpu      ] GC(30) User=1.52s Sys=0.01s Real=0.23s
[2025-06-23T10:48:25.138+0000][1][safepoint   ] Safepoint "G1CollectForAllocation", Time since last: 29086504057 ns, Reaching safepoint: 135963 ns, Cleanup: 12167 ns, At safepoint: 235155243 ns, Total: 235303373 ns
[2025-06-23T10:48:26.141+0000][1][safepoint   ] Safepoint "Cleanup", Time since last: 1002758008 ns, Reaching safepoint: 104105 ns, Cleanup: 25340 ns, At safepoint: 8552 ns, Total: 137997 ns
[2025-06-23T10:48:56.175+0000][1][safepoint   ] Safepoint "Cleanup", Time since last: 30032233580 ns, Reaching safepoint: 166717 ns, Cleanup: 110706 ns, At safepoint: 50870 ns, Total: 328293 ns
[2025-06-23T10:49:46.197+0000][1][safepoint   ] Safepoint "Cleanup", Time since last: 50017207675 ns, Reaching safepoint: 162193 ns, Cleanup: 33200 ns, At safepoint: 10577 ns, Total: 205970 ns
[2025-06-23T10:49:59.201+0000][1][safepoint   ] Safepoint "Cleanup", Time since last: 13003104991 ns, Reaching safepoint: 136710 ns, Cleanup: 244577 ns, At safepoint: 16495 ns, Total: 397782 ns
[2025-06-23T10:50:31.226+0000][1][safepoint   ] Safepoint "Cleanup", Time since last: 32016589741 ns, Reaching safepoint: 111177 ns, Cleanup: 26870 ns, At safepoint: 9760 ns, Total: 147807 ns
[2025-06-23T10:50:43.233+0000][1][safepoint   ] Safepoint "Cleanup", Time since last: 12007084591 ns, Reaching safepoint: 143600 ns, Cleanup: 33027 ns, At safepoint: 19678 ns, Total: 196305 ns
[2025-06-23T10:50:50.235+0000][1][safepoint   ] Safepoint "Cleanup", Time since last: 7001791578 ns, Reaching safepoint: 75384 ns, Cleanup: 21890 ns, At safepoint: 7308 ns, Total: 104582 ns
[2025-06-23T10:50:55.237+0000][1][safepoint   ] Safepoint "Cleanup", Time since last: 5002162835 ns, Reaching safepoint: 189749 ns, Cleanup: 129071 ns, At safepoint: 21698 ns, Total: 340518 ns
[2025-06-23T10:51:52.271+0000][1][safepoint   ] Safepoint "Cleanup", Time since last: 57021071709 ns, Reaching safepoint: 79504 ns, Cleanup: 28203 ns, At safepoint: 7158 ns, Total: 114865 ns
[2025-06-23T10:52:09.280+0000][1][safepoint   ] Safepoint "Cleanup", Time since last: 17006406147 ns, Reaching safepoint: 92009 ns, Cleanup: 43281 ns, At safepoint: 16399 ns, Total: 151689 ns
[2025-06-23T10:52:10.282+0000][1][safepoint   ] Safepoint "Cleanup", Time since last: 1001861339 ns, Reaching safepoint: 43848 ns, Cleanup: 24976 ns, At safepoint: 8255 ns, Total: 77079 ns
[2025-06-23T10:52:21.286+0000][1][safepoint   ] Safepoint "Cleanup", Time since last: 11003596636 ns, Reaching safepoint: 352637 ns, Cleanup: 28470 ns, At safepoint: 10016 ns, Total: 391123 ns
[2025-06-23T10:54:05.349+0000][1][safepoint   ] Safepoint "Cleanup", Time since last: 104032347879 ns, Reaching safepoint: 11154774 ns, Cleanup: 1500292 ns, At safepoint: 506049 ns, Total: 13161115 ns
[2025-06-23T10:54:06.353+0000][1][safepoint   ] Safepoint "Cleanup", Time since last: 1004609442 ns, Reaching safepoint: 21247 ns, Cleanup: 19092 ns, At safepoint: 5694 ns, Total: 46033 ns
[2025-06-23T10:54:23.357+0000][1][safepoint   ] Safepoint "Cleanup", Time since last: 17003998367 ns, Reaching safepoint: 127835 ns, Cleanup: 23868 ns, At safepoint: 7813 ns, Total: 159516 ns
[2025-06-23T10:55:05.377+0000][1][safepoint   ] Safepoint "Cleanup", Time since last: 42016915006 ns, Reaching safepoint: 107317 ns, Cleanup: 17485 ns, At safepoint: 5760 ns, Total: 130562 ns
[2025-06-23T10:55:16.379+0000][1][safepoint   ] Safepoint "Cleanup", Time since last: 11002360662 ns, Reaching safepoint: 68207 ns, Cleanup: 18094 ns, At safepoint: 5397 ns, Total: 91698 ns
[2025-06-23T10:55:19.381+0000][1][safepoint   ] Safepoint "Cleanup", Time since last: 3001593546 ns, Reaching safepoint: 79889 ns, Cleanup: 91064 ns, At safepoint: 13965 ns, Total: 184918 ns
[2025-06-23T10:55:21.384+0000][1][safepoint   ] Safepoint "Cleanup", Time since last: 2001409855 ns, Reaching safepoint: 91032 ns, Cleanup: 1054100 ns, At safepoint: 38623 ns, Total: 1183755 ns
[2025-06-23T10:55:26.387+0000][1][safepoint   ] Safepoint "Cleanup", Time since last: 5002995581 ns, Reaching safepoint: 73271 ns, Cleanup: 129366 ns, At safepoint: 8945 ns, Total: 211582 ns
[2025-06-23T10:55:31.522+0000][1][safepoint   ] Safepoint "Cleanup", Time since last: 5004351568 ns, Reaching safepoint: 56733 ns, Cleanup: 21325 ns, At safepoint: 3920 ns, Total: 81978 ns
[2025-06-23T10:56:01.314+0000][1][gc,start    ] GC(31) Pause Young (Mixed) (G1 Evacuation Pause)
[2025-06-23T10:56:01.325+0000][1][gc,task     ] GC(31) Using 13 workers of 13 for evacuation
[2025-06-23T10:56:01.330+0000][1][gc,age      ] GC(31) Desired survivor size 19398656 bytes, new threshold 15 (max threshold 15)
[2025-06-23T10:56:01.587+0000][1][gc,mmu      ] GC(31) MMU target violated: 201.0ms (200.0ms/201.0ms)
[2025-06-23T10:56:01.588+0000][1][gc,phases   ] GC(31)   Pre Evacuate Collection Set: 24.2ms
[2025-06-23T10:56:01.588+0000][1][gc,phases   ] GC(31)   Merge Heap Roots: 4.9ms
[2025-06-23T10:56:01.589+0000][1][gc,phases   ] GC(31)   Evacuate Collection Set: 205.8ms
[2025-06-23T10:56:01.589+0000][1][gc,phases   ] GC(31)   Post Evacuate Collection Set: 15.6ms
[2025-06-23T10:56:01.590+0000][1][gc,phases   ] GC(31)   Other: 16.5ms
[2025-06-23T10:56:01.590+0000][1][gc,age      ] GC(31) Age table with threshold 15 (max threshold 15)
[2025-06-23T10:56:01.590+0000][1][gc,age      ] GC(31) - age   1:      59120 bytes,      59120 total
[2025-06-23T10:56:01.591+0000][1][gc,age      ] GC(31) - age   2:       7304 bytes,      66424 total
[2025-06-23T10:56:01.591+0000][1][gc,age      ] GC(31) - age   3:     204848 bytes,     271272 total
[2025-06-23T10:56:01.592+0000][1][gc,age      ] GC(31) - age   4:      17120 bytes,     288392 total
[2025-06-23T10:56:01.592+0000][1][gc,age      ] GC(31) - age   5:       6008 bytes,     294400 total
[2025-06-23T10:56:01.593+0000][1][gc,age      ] GC(31) - age   6:      10688 bytes,     305088 total
[2025-06-23T10:56:01.593+0000][1][gc,age      ] GC(31) - age   7:      25824 bytes,     330912 total
[2025-06-23T10:56:01.594+0000][1][gc,age      ] GC(31) - age   8:     162856 bytes,     493768 total
[2025-06-23T10:56:01.594+0000][1][gc,age      ] GC(31) - age   9:     723800 bytes,    1217568 total
[2025-06-23T10:56:01.595+0000][1][gc,age      ] GC(31) - age  10:    4110664 bytes,    5328232 total
[2025-06-23T10:56:01.595+0000][1][gc,heap     ] GC(31) Eden regions: 283->0(284)
[2025-06-23T10:56:01.596+0000][1][gc,heap     ] GC(31) Survivor regions: 6->6(37)
[2025-06-23T10:56:01.596+0000][1][gc,heap     ] GC(31) Old regions: 106->105
[2025-06-23T10:56:01.597+0000][1][gc,heap     ] GC(31) Humongous regions: 8->8
[2025-06-23T10:56:01.598+0000][1][gc,metaspace] GC(31) Metaspace: 152342K(157248K)->152342K(157248K) NonClass: 133924K(136576K)->133924K(136576K) Class: 18417K(20672K)->18417K(20672K)
[2025-06-23T10:56:01.600+0000][1][gc          ] GC(31) Pause Young (Mixed) (G1 Evacuation Pause) 402M->118M(512M) 285.692ms
[2025-06-23T10:56:01.600+0000][1][gc,cpu      ] GC(31) User=1.57s Sys=0.10s Real=0.28s
[2025-06-23T10:56:01.601+0000][1][safepoint   ] Safepoint "G1CollectForAllocation", Time since last: 29774486094 ns, Reaching safepoint: 307896 ns, Cleanup: 20162 ns, At safepoint: 290521292 ns, Total: 290849350 ns
[2025-06-23T10:56:06.603+0000][1][safepoint   ] Safepoint "Cleanup", Time since last: 5001670973 ns, Reaching safepoint: 56504 ns, Cleanup: 33948 ns, At safepoint: 7355 ns, Total: 97807 ns
[2025-06-23T10:56:49.648+0000][1][safepoint   ] Safepoint "Cleanup", Time since last: 43037965334 ns, Reaching safepoint: 64730 ns, Cleanup: 49852 ns, At safepoint: 4894 ns, Total: 119476 ns
[2025-06-23T10:57:23.669+0000][1][safepoint   ] Safepoint "Cleanup", Time since last: 34010153740 ns, Reaching safepoint: 210749 ns, Cleanup: 33570 ns, At safepoint: 12079 ns, Total: 256398 ns
[2025-06-23T10:57:53.994+0000][1][safepoint   ] Safepoint "Cleanup", Time since last: 30316992197 ns, Reaching safepoint: 222491 ns, Cleanup: 39543 ns, At safepoint: 19524 ns, Total: 281558 ns
[2025-06-23T10:58:09.011+0000][1][safepoint   ] Safepoint "Cleanup", Time since last: 15006577570 ns, Reaching safepoint: 90990 ns, Cleanup: 25716 ns, At safepoint: 7611 ns, Total: 124317 ns
[2025-06-23T10:58:49.078+0000][1][safepoint   ] Safepoint "Cleanup", Time since last: 40059177804 ns, Reaching safepoint: 160367 ns, Cleanup: 45792 ns, At safepoint: 12899 ns, Total: 219058 ns
[2025-06-23T11:00:01.132+0000][1][safepoint   ] Safepoint "Cleanup", Time since last: 72026632559 ns, Reaching safepoint: 2190677 ns, Cleanup: 73690 ns, At safepoint: 42914 ns, Total: 2307281 ns
[2025-06-23T11:00:02.140+0000][1][safepoint   ] Safepoint "Cleanup", Time since last: 1000800927 ns, Reaching safepoint: 76423 ns, Cleanup: 30579 ns, At safepoint: 6050 ns, Total: 113052 ns
[2025-06-23T11:03:38.324+0000][1][gc,start    ] GC(32) Pause Young (Concurrent Start) (G1 Evacuation Pause)
[2025-06-23T11:03:38.333+0000][1][gc,task     ] GC(32) Using 13 workers of 13 for evacuation
[2025-06-23T11:03:38.335+0000][1][gc,age      ] GC(32) Desired survivor size 19398656 bytes, new threshold 15 (max threshold 15)
[2025-06-23T11:03:38.649+0000][1][gc,mmu      ] GC(32) MMU target violated: 201.0ms (200.0ms/201.0ms)
[2025-06-23T11:03:38.650+0000][1][gc,phases   ] GC(32)   Pre Evacuate Collection Set: 19.4ms
[2025-06-23T11:03:38.651+0000][1][gc,phases   ] GC(32)   Merge Heap Roots: 2.8ms
[2025-06-23T11:03:38.652+0000][1][gc,phases   ] GC(32)   Evacuate Collection Set: 269.6ms
[2025-06-23T11:03:38.652+0000][1][gc,phases   ] GC(32)   Post Evacuate Collection Set: 17.8ms
[2025-06-23T11:03:38.652+0000][1][gc,phases   ] GC(32)   Other: 9.5ms
[2025-06-23T11:03:38.653+0000][1][gc,age      ] GC(32) Age table with threshold 15 (max threshold 15)
[2025-06-23T11:03:38.653+0000][1][gc,age      ] GC(32) - age   1:     702592 bytes,     702592 total
[2025-06-23T11:03:38.653+0000][1][gc,age      ] GC(32) - age   2:      30152 bytes,     732744 total
[2025-06-23T11:03:38.654+0000][1][gc,age      ] GC(32) - age   3:       6608 bytes,     739352 total
[2025-06-23T11:03:38.654+0000][1][gc,age      ] GC(32) - age   4:     204112 bytes,     943464 total
[2025-06-23T11:03:38.654+0000][1][gc,age      ] GC(32) - age   5:      15752 bytes,     959216 total
[2025-06-23T11:03:38.654+0000][1][gc,age      ] GC(32) - age   6:       6008 bytes,     965224 total
[2025-06-23T11:03:38.655+0000][1][gc,age      ] GC(32) - age   7:      10688 bytes,     975912 total
[2025-06-23T11:03:38.655+0000][1][gc,age      ] GC(32) - age   8:      25824 bytes,    1001736 total
[2025-06-23T11:03:38.655+0000][1][gc,age      ] GC(32) - age   9:     162856 bytes,    1164592 total
[2025-06-23T11:03:38.655+0000][1][gc,age      ] GC(32) - age  10:     722584 bytes,    1887176 total
[2025-06-23T11:03:38.655+0000][1][gc,age      ] GC(32) - age  11:    4110376 bytes,    5997552 total
[2025-06-23T11:03:38.656+0000][1][gc,heap     ] GC(32) Eden regions: 284->0(282)
[2025-06-23T11:03:38.656+0000][1][gc,heap     ] GC(32) Survivor regions: 6->7(37)
[2025-06-23T11:03:38.656+0000][1][gc,heap     ] GC(32) Old regions: 105->105
[2025-06-23T11:03:38.656+0000][1][gc,heap     ] GC(32) Humongous regions: 8->8
[2025-06-23T11:03:38.657+0000][1][gc,metaspace] GC(32) Metaspace: 152411K(157248K)->152411K(157248K) NonClass: 133983K(136576K)->133983K(136576K) Class: 18427K(20672K)->18427K(20672K)
[2025-06-23T11:03:38.659+0000][1][gc          ] GC(32) Pause Young (Concurrent Start) (G1 Evacuation Pause) 402M->118M(512M) 335.527ms
[2025-06-23T11:03:38.660+0000][1][gc,cpu      ] GC(32) User=1.43s Sys=0.03s Real=0.34s
[2025-06-23T11:03:38.661+0000][1][safepoint   ] Safepoint "G1CollectForAllocation", Time since last: 216050835026 ns, Reaching safepoint: 8451140 ns, Cleanup: 1207557 ns, At safepoint: 338765261 ns, Total: 348423958 ns
[2025-06-23T11:03:38.661+0000][1][gc          ] GC(33) Concurrent Mark Cycle
[2025-06-23T11:03:38.663+0000][1][gc,marking  ] GC(33) Concurrent Scan Root Regions
[2025-06-23T11:03:38.763+0000][1][gc,marking  ] GC(33) Concurrent Scan Root Regions 99.385ms
[2025-06-23T11:03:38.763+0000][1][gc,marking  ] GC(33) Concurrent Mark
[2025-06-23T11:03:38.764+0000][1][gc,marking  ] GC(33) Concurrent Mark From Roots
[2025-06-23T11:03:38.765+0000][1][gc,task     ] GC(33) Using 3 workers of 3 for marking
[2025-06-23T11:03:39.154+0000][1][gc,marking  ] GC(33) Concurrent Mark From Roots 390.437ms
[2025-06-23T11:03:39.155+0000][1][gc,marking  ] GC(33) Concurrent Preclean
[2025-06-23T11:03:39.156+0000][1][gc,marking  ] GC(33) Concurrent Preclean 1.042ms
[2025-06-23T11:03:39.156+0000][1][gc,start    ] GC(33) Pause Remark
[2025-06-23T11:03:39.502+0000][1][gc,mmu      ] GC(33) MMU target violated: 201.0ms (200.0ms/201.0ms)
[2025-06-23T11:03:39.503+0000][1][gc          ] GC(33) Pause Remark 120M->120M(512M) 346.424ms
[2025-06-23T11:03:39.504+0000][1][gc,cpu      ] GC(33) User=3.57s Sys=0.00s Real=0.35s
[2025-06-23T11:03:39.505+0000][1][safepoint   ] Safepoint "G1PauseRemark", Time since last: 496021388 ns, Reaching safepoint: 18773 ns, Cleanup: 5604 ns, At safepoint: 348486755 ns, Total: 348511132 ns
[2025-06-23T11:03:39.505+0000][1][gc,marking  ] GC(33) Concurrent Mark 741.973ms
[2025-06-23T11:03:39.506+0000][1][gc,marking  ] GC(33) Concurrent Rebuild Remembered Sets and Scrub Regions
[2025-06-23T11:03:39.553+0000][1][gc,marking  ] GC(33) Concurrent Rebuild Remembered Sets and Scrub Regions 47.190ms
[2025-06-23T11:03:39.555+0000][1][gc,start    ] GC(33) Pause Cleanup
[2025-06-23T11:03:39.556+0000][1][gc          ] GC(33) Pause Cleanup 122M->122M(512M) 1.068ms
[2025-06-23T11:03:39.556+0000][1][gc,cpu      ] GC(33) User=0.00s Sys=0.00s Real=0.00s
[2025-06-23T11:03:39.557+0000][1][safepoint   ] Safepoint "G1PauseCleanup", Time since last: 48845353 ns, Reaching safepoint: 14044 ns, Cleanup: 870553 ns, At safepoint: 2268593 ns, Total: 3153190 ns
[2025-06-23T11:03:39.558+0000][1][gc,marking  ] GC(33) Concurrent Clear Claimed Marks
[2025-06-23T11:03:39.558+0000][1][gc,marking  ] GC(33) Concurrent Clear Claimed Marks 0.681ms
[2025-06-23T11:03:39.559+0000][1][gc,marking  ] GC(33) Concurrent Cleanup for Next Mark
[2025-06-23T11:03:39.566+0000][1][gc,marking  ] GC(33) Concurrent Cleanup for Next Mark 7.059ms
[2025-06-23T11:03:39.567+0000][1][gc          ] GC(33) Concurrent Mark Cycle 905.441ms
[2025-06-23T11:04:08.588+0000][1][safepoint   ] Safepoint "Cleanup", Time since last: 29011451963 ns, Reaching safepoint: 2798884 ns, Cleanup: 24215 ns, At safepoint: 15856 ns, Total: 2838955 ns
[2025-06-23T11:05:05.410+0000][1][safepoint   ] Safepoint "Cleanup", Time since last: 56790643790 ns, Reaching safepoint: 71419 ns, Cleanup: 19581 ns, At safepoint: 5517 ns, Total: 96517 ns
[2025-06-23T11:05:06.412+0000][1][safepoint   ] Safepoint "Cleanup", Time since last: 1001338505 ns, Reaching safepoint: 24218 ns, Cleanup: 38634 ns, At safepoint: 7657 ns, Total: 70509 ns
[2025-06-23T11:05:32.821+0000][1][safepoint   ] Safepoint "Cleanup", Time since last: 26391066668 ns, Reaching safepoint: 180115 ns, Cleanup: 55267 ns, At safepoint: 6640 ns, Total: 242022 ns
[2025-06-23T11:05:39.824+0000][1][safepoint   ] Safepoint "Cleanup", Time since last: 7003114666 ns, Reaching safepoint: 167606 ns, Cleanup: 20542 ns, At safepoint: 4649 ns, Total: 192797 ns
[2025-06-23T11:05:47.827+0000][1][safepoint   ] Safepoint "Cleanup", Time since last: 8003046421 ns, Reaching safepoint: 48720 ns, Cleanup: 31878 ns, At safepoint: 11234 ns, Total: 91832 ns
[2025-06-23T11:05:59.831+0000][1][safepoint   ] Safepoint "Cleanup", Time since last: 12004239612 ns, Reaching safepoint: 47703 ns, Cleanup: 28455 ns, At safepoint: 4199 ns, Total: 80357 ns
[2025-06-23T11:06:02.853+0000][1][safepoint   ] Safepoint "Cleanup", Time since last: 3002012317 ns, Reaching safepoint: 69024 ns, Cleanup: 77339 ns, At safepoint: 8547 ns, Total: 154910 ns
[2025-06-23T11:06:07.856+0000][1][safepoint   ] Safepoint "Cleanup", Time since last: 5002341758 ns, Reaching safepoint: 222403 ns, Cleanup: 32807 ns, At safepoint: 11254 ns, Total: 266464 ns
[2025-06-23T11:07:17.919+0000][1][safepoint   ] Safepoint "Cleanup", Time since last: 70025597370 ns, Reaching safepoint: 1915837 ns, Cleanup: 126476 ns, At safepoint: 77098 ns, Total: 2119411 ns
[2025-06-23T11:07:34.949+0000][1][safepoint   ] Safepoint "Cleanup", Time since last: 17006143832 ns, Reaching safepoint: 213560 ns, Cleanup: 44643 ns, At safepoint: 16545 ns, Total: 274748 ns
[2025-06-23T11:07:44.955+0000][1][safepoint   ] Safepoint "Cleanup", Time since last: 10006385850 ns, Reaching safepoint: 162755 ns, Cleanup: 236355 ns, At safepoint: 16872 ns, Total: 415982 ns
[2025-06-23T11:07:47.958+0000][1][safepoint   ] Safepoint "Cleanup", Time since last: 3002403636 ns, Reaching safepoint: 24992 ns, Cleanup: 34436 ns, At safepoint: 8176 ns, Total: 67604 ns
[2025-06-23T11:09:35.038+0000][1][safepoint   ] Safepoint "Cleanup", Time since last: 107035771084 ns, Reaching safepoint: 109620 ns, Cleanup: 27295 ns, At safepoint: 9884 ns, Total: 146799 ns
[2025-06-23T11:09:38.041+0000][1][safepoint   ] Safepoint "Cleanup", Time since last: 3002799714 ns, Reaching safepoint: 29813 ns, Cleanup: 15655 ns, At safepoint: 3561 ns, Total: 49029 ns
[2025-06-23T11:10:43.098+0000][1][safepoint   ] Safepoint "Cleanup", Time since last: 65022557432 ns, Reaching safepoint: 296525 ns, Cleanup: 23802 ns, At safepoint: 8876 ns, Total: 329203 ns
[2025-06-23T11:11:05.104+0000][1][safepoint   ] Safepoint "Cleanup", Time since last: 22005637018 ns, Reaching safepoint: 144444 ns, Cleanup: 23101 ns, At safepoint: 8839 ns, Total: 176384 ns
[2025-06-23T11:11:11.222+0000][1][gc,start    ] GC(34) Pause Young (Prepare Mixed) (G1 Evacuation Pause)
[2025-06-23T11:11:11.229+0000][1][gc,task     ] GC(34) Using 13 workers of 13 for evacuation
[2025-06-23T11:11:11.231+0000][1][gc,age      ] GC(34) Desired survivor size 19398656 bytes, new threshold 15 (max threshold 15)
[2025-06-23T11:11:11.513+0000][1][gc,mmu      ] GC(34) MMU target violated: 201.0ms (200.0ms/201.0ms)
[2025-06-23T11:11:11.515+0000][1][gc,phases   ] GC(34)   Pre Evacuate Collection Set: 20.9ms
[2025-06-23T11:11:11.515+0000][1][gc,phases   ] GC(34)   Merge Heap Roots: 5.8ms
[2025-06-23T11:11:11.516+0000][1][gc,phases   ] GC(34)   Evacuate Collection Set: 222.6ms
[2025-06-23T11:11:11.516+0000][1][gc,phases   ] GC(34)   Post Evacuate Collection Set: 26.7ms
[2025-06-23T11:11:11.517+0000][1][gc,phases   ] GC(34)   Other: 14.2ms
[2025-06-23T11:11:11.518+0000][1][gc,age      ] GC(34) Age table with threshold 15 (max threshold 15)
[2025-06-23T11:11:11.518+0000][1][gc,age      ] GC(34) - age   1:     209888 bytes,     209888 total
[2025-06-23T11:11:11.519+0000][1][gc,age      ] GC(34) - age   2:      29720 bytes,     239608 total
[2025-06-23T11:11:11.519+0000][1][gc,age      ] GC(34) - age   3:      28896 bytes,     268504 total
[2025-06-23T11:11:11.520+0000][1][gc,age      ] GC(34) - age   4:       6608 bytes,     275112 total
[2025-06-23T11:11:11.520+0000][1][gc,age      ] GC(34) - age   5:     189720 bytes,     464832 total
[2025-06-23T11:11:11.520+0000][1][gc,age      ] GC(34) - age   6:      15752 bytes,     480584 total
[2025-06-23T11:11:11.521+0000][1][gc,age      ] GC(34) - age   7:       6008 bytes,     486592 total
[2025-06-23T11:11:11.522+0000][1][gc,age      ] GC(34) - age   8:      10688 bytes,     497280 total
[2025-06-23T11:11:11.522+0000][1][gc,age      ] GC(34) - age   9:      25824 bytes,     523104 total
[2025-06-23T11:11:11.523+0000][1][gc,age      ] GC(34) - age  10:     162856 bytes,     685960 total
[2025-06-23T11:11:11.523+0000][1][gc,age      ] GC(34) - age  11:     722584 bytes,    1408544 total
[2025-06-23T11:11:11.523+0000][1][gc,age      ] GC(34) - age  12:    4110376 bytes,    5518920 total
[2025-06-23T11:11:11.524+0000][1][gc,heap     ] GC(34) Eden regions: 282->0(284)
[2025-06-23T11:11:11.524+0000][1][gc,heap     ] GC(34) Survivor regions: 7->6(37)
[2025-06-23T11:11:11.524+0000][1][gc,heap     ] GC(34) Old regions: 105->105
[2025-06-23T11:11:11.525+0000][1][gc,heap     ] GC(34) Humongous regions: 8->8
[2025-06-23T11:11:11.526+0000][1][gc,metaspace] GC(34) Metaspace: 152436K(157248K)->152436K(157248K) NonClass: 134009K(136576K)->134009K(136576K) Class: 18427K(20672K)->18427K(20672K)
[2025-06-23T11:11:11.527+0000][1][gc          ] GC(34) Pause Young (Prepare Mixed) (G1 Evacuation Pause) 400M->118M(512M) 305.113ms
[2025-06-23T11:11:11.528+0000][1][gc,cpu      ] GC(34) User=1.73s Sys=0.01s Real=0.31s
[2025-06-23T11:11:11.528+0000][1][safepoint   ] Safepoint "G1CollectForAllocation", Time since last: 6107915326 ns, Reaching safepoint: 35597 ns, Cleanup: 994726 ns, At safepoint: 315325901 ns, Total: 316356224 ns
[2025-06-23T11:11:20.531+0000][1][safepoint   ] Safepoint "Cleanup", Time since last: 9002907908 ns, Reaching safepoint: 115093 ns, Cleanup: 41413 ns, At safepoint: 4892 ns, Total: 161398 ns
[2025-06-23T11:15:57.715+0000][1][safepoint   ] Safepoint "Cleanup", Time since last: 277084111010 ns, Reaching safepoint: 7419167 ns, Cleanup: 553025 ns, At safepoint: 466917 ns, Total: 8439109 ns
[2025-06-23T11:16:18.744+0000][1][safepoint   ] Safepoint "Cleanup", Time since last: 21012680537 ns, Reaching safepoint: 1233083 ns, Cleanup: 89145 ns, At safepoint: 68198 ns, Total: 1390426 ns
[2025-06-23T11:16:40.738+0000][1][safepoint   ] Safepoint "Cleanup", Time since last: 22009761403 ns, Reaching safepoint: 217036 ns, Cleanup: 435485 ns, At safepoint: 23850 ns, Total: 676371 ns
[2025-06-23T11:17:46.790+0000][1][safepoint   ] Safepoint "Cleanup", Time since last: 66026697692 ns, Reaching safepoint: 186644 ns, Cleanup: 46706 ns, At safepoint: 15203 ns, Total: 248553 ns
[2025-06-23T11:17:54.794+0000][1][safepoint   ] Safepoint "Cleanup", Time since last: 8003834614 ns, Reaching safepoint: 70459 ns, Cleanup: 25454 ns, At safepoint: 8221 ns, Total: 104134 ns
[2025-06-23T11:18:50.152+0000][1][gc,start    ] GC(35) Pause Young (Mixed) (G1 Evacuation Pause)
[2025-06-23T11:18:50.163+0000][1][gc,task     ] GC(35) Using 13 workers of 13 for evacuation
[2025-06-23T11:18:50.164+0000][1][gc,age      ] GC(35) Desired survivor size 19398656 bytes, new threshold 15 (max threshold 15)
[2025-06-23T11:18:50.351+0000][1][gc,phases   ] GC(35)   Pre Evacuate Collection Set: 12.5ms
[2025-06-23T11:18:50.352+0000][1][gc,phases   ] GC(35)   Merge Heap Roots: 2.0ms
[2025-06-23T11:18:50.352+0000][1][gc,phases   ] GC(35)   Evacuate Collection Set: 160.0ms
[2025-06-23T11:18:50.353+0000][1][gc,phases   ] GC(35)   Post Evacuate Collection Set: 8.8ms
[2025-06-23T11:18:50.353+0000][1][gc,phases   ] GC(35)   Other: 7.3ms
[2025-06-23T11:18:50.353+0000][1][gc,age      ] GC(35) Age table with threshold 15 (max threshold 15)
[2025-06-23T11:18:50.354+0000][1][gc,age      ] GC(35) - age   1:      17880 bytes,      17880 total
[2025-06-23T11:18:50.354+0000][1][gc,age      ] GC(35) - age   2:     184776 bytes,     202656 total
[2025-06-23T11:18:50.355+0000][1][gc,age      ] GC(35) - age   3:      29216 bytes,     231872 total
[2025-06-23T11:18:50.355+0000][1][gc,age      ] GC(35) - age   4:      28896 bytes,     260768 total
[2025-06-23T11:18:50.356+0000][1][gc,age      ] GC(35) - age   5:       6608 bytes,     267376 total
[2025-06-23T11:18:50.356+0000][1][gc,age      ] GC(35) - age   6:     189720 bytes,     457096 total
[2025-06-23T11:18:50.356+0000][1][gc,age      ] GC(35) - age   7:      15752 bytes,     472848 total
[2025-06-23T11:18:50.357+0000][1][gc,age      ] GC(35) - age   8:       6008 bytes,     478856 total
[2025-06-23T11:18:50.357+0000][1][gc,age      ] GC(35) - age   9:      10688 bytes,     489544 total
[2025-06-23T11:18:50.358+0000][1][gc,age      ] GC(35) - age  10:      25824 bytes,     515368 total
[2025-06-23T11:18:50.358+0000][1][gc,age      ] GC(35) - age  11:     162856 bytes,     678224 total
[2025-06-23T11:18:50.359+0000][1][gc,age      ] GC(35) - age  12:     722584 bytes,    1400808 total
[2025-06-23T11:18:50.359+0000][1][gc,age      ] GC(35) - age  13:    4110376 bytes,    5511184 total
[2025-06-23T11:18:50.360+0000][1][gc,heap     ] GC(35) Eden regions: 284->0(285)
[2025-06-23T11:18:50.360+0000][1][gc,heap     ] GC(35) Survivor regions: 6->6(37)
[2025-06-23T11:18:50.361+0000][1][gc,heap     ] GC(35) Old regions: 105->104
[2025-06-23T11:18:50.362+0000][1][gc,heap     ] GC(35) Humongous regions: 8->8
[2025-06-23T11:18:50.363+0000][1][gc,metaspace] GC(35) Metaspace: 152459K(157248K)->152459K(157248K) NonClass: 134031K(136576K)->134031K(136576K) Class: 18427K(20672K)->18427K(20672K)
[2025-06-23T11:18:50.364+0000][1][gc          ] GC(35) Pause Young (Mixed) (G1 Evacuation Pause) 402M->117M(512M) 212.045ms
[2025-06-23T11:18:50.365+0000][1][gc,cpu      ] GC(35) User=1.32s Sys=0.01s Real=0.21s
[2025-06-23T11:18:50.365+0000][1][safepoint   ] Safepoint "G1CollectForAllocation", Time since last: 55322308873 ns, Reaching safepoint: 148570 ns, Cleanup: 58780 ns, At safepoint: 215872765 ns, Total: 216080115 ns
[2025-06-23T11:20:15.442+0000][1][safepoint   ] Safepoint "Cleanup", Time since last: 85026573692 ns, Reaching safepoint: 487714 ns, Cleanup: 25438 ns, At safepoint: 11330 ns, Total: 524482 ns
[2025-06-23T11:20:17.444+0000][1][safepoint   ] Safepoint "Cleanup", Time since last: 2001598069 ns, Reaching safepoint: 26793 ns, Cleanup: 24543 ns, At safepoint: 7680 ns, Total: 59016 ns
[2025-06-23T11:20:49.473+0000][1][safepoint   ] Safepoint "Cleanup", Time since last: 32009283885 ns, Reaching safepoint: 134422 ns, Cleanup: 36862 ns, At safepoint: 11372 ns, Total: 182656 ns
[2025-06-23T11:20:51.474+0000][1][safepoint   ] Safepoint "Cleanup", Time since last: 2001301659 ns, Reaching safepoint: 26295 ns, Cleanup: 16787 ns, At safepoint: 4306 ns, Total: 47388 ns
[2025-06-23T11:22:36.570+0000][1][safepoint   ] Safepoint "Cleanup", Time since last: 105033469764 ns, Reaching safepoint: 163206 ns, Cleanup: 31018 ns, At safepoint: 11657 ns, Total: 205881 ns
[2025-06-23T11:23:48.628+0000][1][safepoint   ] Safepoint "Cleanup", Time since last: 72027240365 ns, Reaching safepoint: 144010 ns, Cleanup: 31566 ns, At safepoint: 10714 ns, Total: 186290 ns
[2025-06-23T11:24:38.673+0000][1][safepoint   ] Safepoint "Cleanup", Time since last: 50016219275 ns, Reaching safepoint: 88146 ns, Cleanup: 31426 ns, At safepoint: 6237 ns, Total: 125809 ns
[2025-06-23T11:25:30.704+0000][1][safepoint   ] Safepoint "Cleanup", Time since last: 52018440706 ns, Reaching safepoint: 200597 ns, Cleanup: 333391 ns, At safepoint: 59928 ns, Total: 593916 ns
[2025-06-23T11:25:55.731+0000][1][safepoint   ] Safepoint "Cleanup", Time since last: 25010219486 ns, Reaching safepoint: 47547 ns, Cleanup: 80358 ns, At safepoint: 78473 ns, Total: 206378 ns
[2025-06-23T11:26:28.877+0000][1][gc,start    ] GC(36) Pause Young (Concurrent Start) (G1 Evacuation Pause)
[2025-06-23T11:26:28.879+0000][1][gc,task     ] GC(36) Using 13 workers of 13 for evacuation
[2025-06-23T11:26:28.880+0000][1][gc,age      ] GC(36) Desired survivor size 19398656 bytes, new threshold 15 (max threshold 15)
[2025-06-23T11:26:29.039+0000][1][gc,phases   ] GC(36)   Pre Evacuate Collection Set: 12.5ms
[2025-06-23T11:26:29.039+0000][1][gc,phases   ] GC(36)   Merge Heap Roots: 1.6ms
[2025-06-23T11:26:29.040+0000][1][gc,phases   ] GC(36)   Evacuate Collection Set: 133.8ms
[2025-06-23T11:26:29.040+0000][1][gc,phases   ] GC(36)   Post Evacuate Collection Set: 6.1ms
[2025-06-23T11:26:29.041+0000][1][gc,phases   ] GC(36)   Other: 5.9ms
[2025-06-23T11:26:29.042+0000][1][gc,age      ] GC(36) Age table with threshold 15 (max threshold 15)
[2025-06-23T11:26:29.042+0000][1][gc,age      ] GC(36) - age   1:      20008 bytes,      20008 total
[2025-06-23T11:26:29.043+0000][1][gc,age      ] GC(36) - age   2:        848 bytes,      20856 total
[2025-06-23T11:26:29.043+0000][1][gc,age      ] GC(36) - age   3:     183280 bytes,     204136 total
[2025-06-23T11:26:29.044+0000][1][gc,age      ] GC(36) - age   4:      29216 bytes,     233352 total
[2025-06-23T11:26:29.044+0000][1][gc,age      ] GC(36) - age   5:      28672 bytes,     262024 total
[2025-06-23T11:26:29.045+0000][1][gc,age      ] GC(36) - age   6:       6608 bytes,     268632 total
[2025-06-23T11:26:29.046+0000][1][gc,age      ] GC(36) - age   7:     189632 bytes,     458264 total
[2025-06-23T11:26:29.046+0000][1][gc,age      ] GC(36) - age   8:      15752 bytes,     474016 total
[2025-06-23T11:26:29.047+0000][1][gc,age      ] GC(36) - age   9:       6008 bytes,     480024 total
[2025-06-23T11:26:29.047+0000][1][gc,age      ] GC(36) - age  10:      10688 bytes,     490712 total
[2025-06-23T11:26:29.048+0000][1][gc,age      ] GC(36) - age  11:      25824 bytes,     516536 total
[2025-06-23T11:26:29.048+0000][1][gc,age      ] GC(36) - age  12:     162856 bytes,     679392 total
[2025-06-23T11:26:29.049+0000][1][gc,age      ] GC(36) - age  13:     722584 bytes,    1401976 total
[2025-06-23T11:26:29.049+0000][1][gc,age      ] GC(36) - age  14:    4110376 bytes,    5512352 total
[2025-06-23T11:26:29.049+0000][1][gc,heap     ] GC(36) Eden regions: 285->0(285)
[2025-06-23T11:26:29.050+0000][1][gc,heap     ] GC(36) Survivor regions: 6->6(37)
[2025-06-23T11:26:29.050+0000][1][gc,heap     ] GC(36) Old regions: 104->104
[2025-06-23T11:26:29.051+0000][1][gc,heap     ] GC(36) Humongous regions: 8->8
[2025-06-23T11:26:29.051+0000][1][gc,metaspace] GC(36) Metaspace: 152465K(157248K)->152465K(157248K) NonClass: 134037K(136576K)->134037K(136576K) Class: 18427K(20672K)->18427K(20672K)
[2025-06-23T11:26:29.052+0000][1][gc          ] GC(36) Pause Young (Concurrent Start) (G1 Evacuation Pause) 402M->117M(512M) 174.709ms
[2025-06-23T11:26:29.053+0000][1][gc,cpu      ] GC(36) User=0.86s Sys=0.00s Real=0.18s
[2025-06-23T11:26:29.053+0000][1][safepoint   ] Safepoint "G1CollectForAllocation", Time since last: 33135139855 ns, Reaching safepoint: 182956 ns, Cleanup: 81924 ns, At safepoint: 177319461 ns, Total: 177584341 ns
[2025-06-23T11:26:29.054+0000][1][gc          ] GC(37) Concurrent Mark Cycle
[2025-06-23T11:26:29.055+0000][1][gc,marking  ] GC(37) Concurrent Scan Root Regions
[2025-06-23T11:26:29.119+0000][1][gc,marking  ] GC(37) Concurrent Scan Root Regions 64.105ms
[2025-06-23T11:26:29.120+0000][1][gc,marking  ] GC(37) Concurrent Mark
[2025-06-23T11:26:29.120+0000][1][gc,marking  ] GC(37) Concurrent Mark From Roots
[2025-06-23T11:26:29.121+0000][1][gc,task     ] GC(37) Using 3 workers of 3 for marking
[2025-06-23T11:26:29.348+0000][1][gc,marking  ] GC(37) Concurrent Mark From Roots 227.795ms
[2025-06-23T11:26:29.349+0000][1][gc,marking  ] GC(37) Concurrent Preclean
[2025-06-23T11:26:29.350+0000][1][gc,marking  ] GC(37) Concurrent Preclean 1.119ms
[2025-06-23T11:26:29.351+0000][1][gc,start    ] GC(37) Pause Remark
[2025-06-23T11:26:29.478+0000][1][gc          ] GC(37) Pause Remark 119M->119M(512M) 127.312ms
[2025-06-23T11:26:29.479+0000][1][gc,cpu      ] GC(37) User=1.43s Sys=0.00s Real=0.13s
[2025-06-23T11:26:29.479+0000][1][safepoint   ] Safepoint "G1PauseRemark", Time since last: 297240916 ns, Reaching safepoint: 16097 ns, Cleanup: 5210 ns, At safepoint: 128380792 ns, Total: 128402099 ns
[2025-06-23T11:26:29.479+0000][1][gc,marking  ] GC(37) Concurrent Mark 359.607ms
[2025-06-23T11:26:29.480+0000][1][gc,marking  ] GC(37) Concurrent Rebuild Remembered Sets and Scrub Regions
[2025-06-23T11:26:29.522+0000][1][gc,marking  ] GC(37) Concurrent Rebuild Remembered Sets and Scrub Regions 41.648ms
[2025-06-23T11:26:29.523+0000][1][gc,start    ] GC(37) Pause Cleanup
[2025-06-23T11:26:29.524+0000][1][gc          ] GC(37) Pause Cleanup 119M->119M(512M) 1.438ms
[2025-06-23T11:26:29.525+0000][1][gc,cpu      ] GC(37) User=0.01s Sys=0.00s Real=0.00s
[2025-06-23T11:26:29.526+0000][1][safepoint   ] Safepoint "G1PauseCleanup", Time since last: 43571393 ns, Reaching safepoint: 13678 ns, Cleanup: 35641 ns, At safepoint: 2985070 ns, Total: 3034389 ns
[2025-06-23T11:26:29.526+0000][1][gc,marking  ] GC(37) Concurrent Clear Claimed Marks
[2025-06-23T11:26:29.527+0000][1][gc,marking  ] GC(37) Concurrent Clear Claimed Marks 0.779ms
[2025-06-23T11:26:29.528+0000][1][gc,marking  ] GC(37) Concurrent Cleanup for Next Mark
[2025-06-23T11:26:29.536+0000][1][gc,marking  ] GC(37) Concurrent Cleanup for Next Mark 7.871ms
[2025-06-23T11:26:29.537+0000][1][gc          ] GC(37) Concurrent Mark Cycle 482.683ms
[2025-06-23T11:26:49.543+0000][1][safepoint   ] Safepoint "Cleanup", Time since last: 20007872519 ns, Reaching safepoint: 106728 ns, Cleanup: 24456 ns, At safepoint: 32702 ns, Total: 163886 ns
[2025-06-23T11:26:50.544+0000][1][safepoint   ] Safepoint "Cleanup", Time since last: 1001411044 ns, Reaching safepoint: 31309 ns, Cleanup: 39253 ns, At safepoint: 9834 ns, Total: 80396 ns
[2025-06-23T11:27:18.558+0000][1][safepoint   ] Safepoint "Cleanup", Time since last: 28009367684 ns, Reaching safepoint: 243817 ns, Cleanup: 59646 ns, At safepoint: 14918 ns, Total: 318381 ns
[2025-06-23T11:27:25.562+0000][1][safepoint   ] Safepoint "Cleanup", Time since last: 7003610982 ns, Reaching safepoint: 150709 ns, Cleanup: 44914 ns, At safepoint: 14869 ns, Total: 210492 ns
[2025-06-23T11:30:02.679+0000][1][safepoint   ] Safepoint "Cleanup", Time since last: 157055807165 ns, Reaching safepoint: 121804 ns, Cleanup: 25825 ns, At safepoint: 9629 ns, Total: 157258 ns
[2025-06-23T11:30:08.681+0000][1][safepoint   ] Safepoint "Cleanup", Time since last: 6002522937 ns, Reaching safepoint: 28012 ns, Cleanup: 13752 ns, At safepoint: 5087 ns, Total: 46851 ns
[2025-06-23T11:30:56.292+0000][1][safepoint   ] Safepoint "Cleanup", Time since last: 47593542986 ns, Reaching safepoint: 96568 ns, Cleanup: 20095 ns, At safepoint: 4507 ns, Total: 121170 ns
[2025-06-23T11:34:04.000+0000][1][gc,start    ] GC(38) Pause Young (Prepare Mixed) (G1 Evacuation Pause)
[2025-06-23T11:34:04.004+0000][1][gc,task     ] GC(38) Using 13 workers of 13 for evacuation
[2025-06-23T11:34:04.006+0000][1][gc,age      ] GC(38) Desired survivor size 19398656 bytes, new threshold 15 (max threshold 15)
[2025-06-23T11:34:04.144+0000][1][gc,phases   ] GC(38)   Pre Evacuate Collection Set: 7.4ms
[2025-06-23T11:34:04.145+0000][1][gc,phases   ] GC(38)   Merge Heap Roots: 4.6ms
[2025-06-23T11:34:04.145+0000][1][gc,phases   ] GC(38)   Evacuate Collection Set: 111.9ms
[2025-06-23T11:34:04.145+0000][1][gc,phases   ] GC(38)   Post Evacuate Collection Set: 11.5ms
[2025-06-23T11:34:04.146+0000][1][gc,phases   ] GC(38)   Other: 6.0ms
[2025-06-23T11:34:04.146+0000][1][gc,age      ] GC(38) Age table with threshold 15 (max threshold 15)
[2025-06-23T11:34:04.146+0000][1][gc,age      ] GC(38) - age   1:     706640 bytes,     706640 total
[2025-06-23T11:34:04.147+0000][1][gc,age      ] GC(38) - age   2:       1600 bytes,     708240 total
[2025-06-23T11:34:04.147+0000][1][gc,age      ] GC(38) - age   3:        848 bytes,     709088 total
[2025-06-23T11:34:04.147+0000][1][gc,age      ] GC(38) - age   4:     182728 bytes,     891816 total
[2025-06-23T11:34:04.147+0000][1][gc,age      ] GC(38) - age   5:      26584 bytes,     918400 total
[2025-06-23T11:34:04.148+0000][1][gc,age      ] GC(38) - age   6:      28672 bytes,     947072 total
[2025-06-23T11:34:04.148+0000][1][gc,age      ] GC(38) - age   7:       6608 bytes,     953680 total
[2025-06-23T11:34:04.148+0000][1][gc,age      ] GC(38) - age   8:     189632 bytes,    1143312 total
[2025-06-23T11:34:04.149+0000][1][gc,age      ] GC(38) - age   9:      15752 bytes,    1159064 total
[2025-06-23T11:34:04.149+0000][1][gc,age      ] GC(38) - age  10:       6008 bytes,    1165072 total
[2025-06-23T11:34:04.150+0000][1][gc,age      ] GC(38) - age  11:      10688 bytes,    1175760 total
[2025-06-23T11:34:04.150+0000][1][gc,age      ] GC(38) - age  12:      25824 bytes,    1201584 total
[2025-06-23T11:34:04.151+0000][1][gc,age      ] GC(38) - age  13:     162856 bytes,    1364440 total
[2025-06-23T11:34:04.152+0000][1][gc,age      ] GC(38) - age  14:     722088 bytes,    2086528 total
[2025-06-23T11:34:04.152+0000][1][gc,age      ] GC(38) - age  15:    4110048 bytes,    6196576 total
[2025-06-23T11:34:04.153+0000][1][gc,heap     ] GC(38) Eden regions: 285->0(283)
[2025-06-23T11:34:04.154+0000][1][gc,heap     ] GC(38) Survivor regions: 6->7(37)
[2025-06-23T11:34:04.154+0000][1][gc,heap     ] GC(38) Old regions: 104->104
[2025-06-23T11:34:04.155+0000][1][gc,heap     ] GC(38) Humongous regions: 8->8
[2025-06-23T11:34:04.156+0000][1][gc,metaspace] GC(38) Metaspace: 152486K(157248K)->152486K(157248K) NonClass: 134059K(136576K)->134059K(136576K) Class: 18427K(20672K)->18427K(20672K)
[2025-06-23T11:34:04.157+0000][1][gc          ] GC(38) Pause Young (Prepare Mixed) (G1 Evacuation Pause) 402M->118M(512M) 156.960ms
[2025-06-23T11:34:04.157+0000][1][gc,cpu      ] GC(38) User=0.85s Sys=0.03s Real=0.16s
[2025-06-23T11:34:04.158+0000][1][safepoint   ] Safepoint "G1CollectForAllocation", Time since last: 187593660118 ns, Reaching safepoint: 315183 ns, Cleanup: 10709 ns, At safepoint: 159570795 ns, Total: 159896687 ns
[2025-06-23T11:35:07.225+0000][1][safepoint   ] Safepoint "Cleanup", Time since last: 63036712646 ns, Reaching safepoint: 14371 ns, Cleanup: 49007 ns, At safepoint: 2553 ns, Total: 65931 ns
[2025-06-23T11:35:09.096+0000][1][safepoint   ] Safepoint "Cleanup", Time since last: 1870627006 ns, Reaching safepoint: 78762 ns, Cleanup: 104537 ns, At safepoint: 8974 ns, Total: 192273 ns
[2025-06-23T11:35:51.838+0000][1][safepoint   ] Safepoint "Cleanup", Time since last: 42723135419 ns, Reaching safepoint: 140600 ns, Cleanup: 37773 ns, At safepoint: 18753 ns, Total: 197126 ns
[2025-06-23T11:36:39.894+0000][1][safepoint   ] Safepoint "Cleanup", Time since last: 48020058007 ns, Reaching safepoint: 201858 ns, Cleanup: 26374 ns, At safepoint: 9802 ns, Total: 238034 ns
[2025-06-23T11:37:39.946+0000][1][safepoint   ] Safepoint "Cleanup", Time since last: 60022010558 ns, Reaching safepoint: 152950 ns, Cleanup: 31177 ns, At safepoint: 11588 ns, Total: 195715 ns
[2025-06-23T11:38:42.009+0000][1][safepoint   ] Safepoint "Cleanup", Time since last: 62021887342 ns, Reaching safepoint: 212298 ns, Cleanup: 41536 ns, At safepoint: 13360 ns, Total: 267194 ns
[2025-06-23T11:41:17.138+0000][1][safepoint   ] Safepoint "Cleanup", Time since last: 155058362898 ns, Reaching safepoint: 235341 ns, Cleanup: 37691 ns, At safepoint: 14905 ns, Total: 287937 ns
[2025-06-23T11:41:22.141+0000][1][safepoint   ] Safepoint "Cleanup", Time since last: 5002814388 ns, Reaching safepoint: 35583 ns, Cleanup: 33246 ns, At safepoint: 9077 ns, Total: 77906 ns
[2025-06-23T11:41:25.160+0000][1][gc,start    ] GC(39) Pause Young (Mixed) (G1 Evacuation Pause)
[2025-06-23T11:41:25.161+0000][1][gc,task     ] GC(39) Using 13 workers of 13 for evacuation
[2025-06-23T11:41:25.162+0000][1][gc,age      ] GC(39) Desired survivor size 19398656 bytes, new threshold 15 (max threshold 15)
[2025-06-23T11:41:25.252+0000][1][gc,phases   ] GC(39)   Pre Evacuate Collection Set: 3.3ms
[2025-06-23T11:41:25.252+0000][1][gc,phases   ] GC(39)   Merge Heap Roots: 1.0ms
[2025-06-23T11:41:25.252+0000][1][gc,phases   ] GC(39)   Evacuate Collection Set: 77.6ms
[2025-06-23T11:41:25.252+0000][1][gc,phases   ] GC(39)   Post Evacuate Collection Set: 6.0ms
[2025-06-23T11:41:25.253+0000][1][gc,phases   ] GC(39)   Other: 2.3ms
[2025-06-23T11:41:25.253+0000][1][gc,age      ] GC(39) Age table with threshold 15 (max threshold 15)
[2025-06-23T11:41:25.253+0000][1][gc,age      ] GC(39) - age   1:     129408 bytes,     129408 total
[2025-06-23T11:41:25.253+0000][1][gc,age      ] GC(39) - age   2:      27328 bytes,     156736 total
[2025-06-23T11:41:25.253+0000][1][gc,age      ] GC(39) - age   3:       1096 bytes,     157832 total
[2025-06-23T11:41:25.254+0000][1][gc,age      ] GC(39) - age   4:        848 bytes,     158680 total
[2025-06-23T11:41:25.254+0000][1][gc,age      ] GC(39) - age   5:       8080 bytes,     166760 total
[2025-06-23T11:41:25.254+0000][1][gc,age      ] GC(39) - age   6:      26440 bytes,     193200 total
[2025-06-23T11:41:25.254+0000][1][gc,age      ] GC(39) - age   7:      28672 bytes,     221872 total
[2025-06-23T11:41:25.254+0000][1][gc,age      ] GC(39) - age   8:       6608 bytes,     228480 total
[2025-06-23T11:41:25.254+0000][1][gc,age      ] GC(39) - age   9:      95568 bytes,     324048 total
[2025-06-23T11:41:25.255+0000][1][gc,age      ] GC(39) - age  10:      15752 bytes,     339800 total
[2025-06-23T11:41:25.255+0000][1][gc,age      ] GC(39) - age  11:       6008 bytes,     345808 total
[2025-06-23T11:41:25.255+0000][1][gc,age      ] GC(39) - age  12:      10688 bytes,     356496 total
[2025-06-23T11:41:25.255+0000][1][gc,age      ] GC(39) - age  13:      25824 bytes,     382320 total
[2025-06-23T11:41:25.256+0000][1][gc,age      ] GC(39) - age  14:     162856 bytes,     545176 total
[2025-06-23T11:41:25.256+0000][1][gc,age      ] GC(39) - age  15:     722072 bytes,    1267248 total
[2025-06-23T11:41:25.256+0000][1][gc,heap     ] GC(39) Eden regions: 283->0(289)
[2025-06-23T11:41:25.256+0000][1][gc,heap     ] GC(39) Survivor regions: 7->2(37)
[2025-06-23T11:41:25.257+0000][1][gc,heap     ] GC(39) Old regions: 104->108
[2025-06-23T11:41:25.257+0000][1][gc,heap     ] GC(39) Humongous regions: 8->8
[2025-06-23T11:41:25.257+0000][1][gc,metaspace] GC(39) Metaspace: 152569K(157248K)->152569K(157248K) NonClass: 134142K(136576K)->134142K(136576K) Class: 18427K(20672K)->18427K(20672K)
[2025-06-23T11:41:25.257+0000][1][gc          ] GC(39) Pause Young (Mixed) (G1 Evacuation Pause) 401M->116M(512M) 96.986ms
[2025-06-23T11:41:25.258+0000][1][gc,cpu      ] GC(39) User=0.76s Sys=0.00s Real=0.10s
[2025-06-23T11:41:25.258+0000][1][safepoint   ] Safepoint "G1CollectForAllocation", Time since last: 3019129139 ns, Reaching safepoint: 23875 ns, Cleanup: 5234 ns, At safepoint: 97669858 ns, Total: 97698967 ns
[2025-06-23T11:42:42.334+0000][1][safepoint   ] Safepoint "Cleanup", Time since last: 77027162847 ns, Reaching safepoint: 160036 ns, Cleanup: 33919 ns, At safepoint: 13330 ns, Total: 207285 ns
[2025-06-23T11:42:50.338+0000][1][safepoint   ] Safepoint "Cleanup", Time since last: 8004113493 ns, Reaching safepoint: 39758 ns, Cleanup: 14589 ns, At safepoint: 3496 ns, Total: 57843 ns
[2025-06-23T11:42:57.340+0000][1][safepoint   ] Safepoint "Cleanup", Time since last: 7001604165 ns, Reaching safepoint: 66732 ns, Cleanup: 30858 ns, At safepoint: 11097 ns, Total: 108687 ns
[2025-06-23T11:43:40.397+0000][1][safepoint   ] Safepoint "Cleanup", Time since last: 43023504550 ns, Reaching safepoint: 4019241 ns, Cleanup: 41443 ns, At safepoint: 150193 ns, Total: 4210877 ns
[2025-06-23T11:43:57.404+0000][1][safepoint   ] Safepoint "Cleanup", Time since last: 17006775735 ns, Reaching safepoint: 53387 ns, Cleanup: 30197 ns, At safepoint: 8995 ns, Total: 92579 ns
[2025-06-23T11:45:25.492+0000][1][safepoint   ] Safepoint "Cleanup", Time since last: 88029990549 ns, Reaching safepoint: 95815 ns, Cleanup: 14154 ns, At safepoint: 4186 ns, Total: 114155 ns
[2025-06-23T11:46:00.517+0000][1][safepoint   ] Safepoint "Cleanup", Time since last: 35010794107 ns, Reaching safepoint: 166765 ns, Cleanup: 38187 ns, At safepoint: 13258 ns, Total: 218210 ns
[2025-06-23T11:46:10.538+0000][1][safepoint   ] Safepoint "Cleanup", Time since last: 10004271090 ns, Reaching safepoint: 246535 ns, Cleanup: 75179 ns, At safepoint: 9142 ns, Total: 330856 ns
[2025-06-23T11:46:26.548+0000][1][safepoint   ] Safepoint "Cleanup", Time since last: 16005810837 ns, Reaching safepoint: 3588166 ns, Cleanup: 24176 ns, At safepoint: 98638 ns, Total: 3710980 ns
[2025-06-23T11:47:38.253+0000][1][safepoint   ] Safepoint "Cleanup", Time since last: 71654295476 ns, Reaching safepoint: 51476 ns, Cleanup: 23566 ns, At safepoint: 12130 ns, Total: 87172 ns
[2025-06-23T11:48:40.305+0000][1][safepoint   ] Safepoint "Cleanup", Time since last: 62021256801 ns, Reaching safepoint: 560084 ns, Cleanup: 40699 ns, At safepoint: 59008 ns, Total: 659791 ns
[2025-06-23T11:49:10.209+0000][1][gc,start    ] GC(40) Pause Young (Concurrent Start) (G1 Evacuation Pause)
[2025-06-23T11:49:10.212+0000][1][gc,task     ] GC(40) Using 13 workers of 13 for evacuation
[2025-06-23T11:49:10.213+0000][1][gc,age      ] GC(40) Desired survivor size 19398656 bytes, new threshold 15 (max threshold 15)
[2025-06-23T11:49:10.313+0000][1][gc,phases   ] GC(40)   Pre Evacuate Collection Set: 5.3ms
[2025-06-23T11:49:10.314+0000][1][gc,phases   ] GC(40)   Merge Heap Roots: 0.7ms
[2025-06-23T11:49:10.314+0000][1][gc,phases   ] GC(40)   Evacuate Collection Set: 85.2ms
[2025-06-23T11:49:10.315+0000][1][gc,phases   ] GC(40)   Post Evacuate Collection Set: 5.9ms
[2025-06-23T11:49:10.315+0000][1][gc,phases   ] GC(40)   Other: 4.5ms
[2025-06-23T11:49:10.316+0000][1][gc,age      ] GC(40) Age table with threshold 15 (max threshold 15)
[2025-06-23T11:49:10.316+0000][1][gc,age      ] GC(40) - age   1:      19808 bytes,      19808 total
[2025-06-23T11:49:10.316+0000][1][gc,age      ] GC(40) - age   2:     112440 bytes,     132248 total
[2025-06-23T11:49:10.317+0000][1][gc,age      ] GC(40) - age   3:      26784 bytes,     159032 total
[2025-06-23T11:49:10.317+0000][1][gc,age      ] GC(40) - age   4:       1096 bytes,     160128 total
[2025-06-23T11:49:10.317+0000][1][gc,age      ] GC(40) - age   5:        848 bytes,     160976 total
[2025-06-23T11:49:10.318+0000][1][gc,age      ] GC(40) - age   6:       8080 bytes,     169056 total
[2025-06-23T11:49:10.318+0000][1][gc,age      ] GC(40) - age   7:      26440 bytes,     195496 total
[2025-06-23T11:49:10.319+0000][1][gc,age      ] GC(40) - age   8:      28672 bytes,     224168 total
[2025-06-23T11:49:10.319+0000][1][gc,age      ] GC(40) - age   9:       6608 bytes,     230776 total
[2025-06-23T11:49:10.320+0000][1][gc,age      ] GC(40) - age  10:      95568 bytes,     326344 total
[2025-06-23T11:49:10.320+0000][1][gc,age      ] GC(40) - age  11:      15752 bytes,     342096 total
[2025-06-23T11:49:10.321+0000][1][gc,age      ] GC(40) - age  12:       6008 bytes,     348104 total
[2025-06-23T11:49:10.321+0000][1][gc,age      ] GC(40) - age  13:      10688 bytes,     358792 total
[2025-06-23T11:49:10.322+0000][1][gc,age      ] GC(40) - age  14:      25824 bytes,     384616 total
[2025-06-23T11:49:10.322+0000][1][gc,age      ] GC(40) - age  15:     162856 bytes,     547472 total
[2025-06-23T11:49:10.323+0000][1][gc,heap     ] GC(40) Eden regions: 289->0(290)
[2025-06-23T11:49:10.324+0000][1][gc,heap     ] GC(40) Survivor regions: 2->1(37)
[2025-06-23T11:49:10.324+0000][1][gc,heap     ] GC(40) Old regions: 108->109
[2025-06-23T11:49:10.325+0000][1][gc,heap     ] GC(40) Humongous regions: 8->8
[2025-06-23T11:49:10.326+0000][1][gc,metaspace] GC(40) Metaspace: 152577K(157312K)->152577K(157312K) NonClass: 134149K(136640K)->134149K(136640K) Class: 18428K(20672K)->18428K(20672K)
[2025-06-23T11:49:10.327+0000][1][gc          ] GC(40) Pause Young (Concurrent Start) (G1 Evacuation Pause) 405M->116M(512M) 118.123ms
[2025-06-23T11:49:10.328+0000][1][gc,cpu      ] GC(40) User=0.32s Sys=0.01s Real=0.12s
[2025-06-23T11:49:10.329+0000][1][safepoint   ] Safepoint "G1CollectForAllocation", Time since last: 29886825249 ns, Reaching safepoint: 186116 ns, Cleanup: 16343 ns, At safepoint: 120417881 ns, Total: 120620340 ns
[2025-06-23T11:49:10.330+0000][1][gc          ] GC(41) Concurrent Mark Cycle
[2025-06-23T11:49:10.331+0000][1][gc,marking  ] GC(41) Concurrent Scan Root Regions
[2025-06-23T11:49:10.436+0000][1][gc,marking  ] GC(41) Concurrent Scan Root Regions 105.036ms
[2025-06-23T11:49:10.437+0000][1][gc,marking  ] GC(41) Concurrent Mark
[2025-06-23T11:49:10.438+0000][1][gc,marking  ] GC(41) Concurrent Mark From Roots
[2025-06-23T11:49:10.439+0000][1][gc,task     ] GC(41) Using 3 workers of 3 for marking
[2025-06-23T11:49:10.840+0000][1][gc,marking  ] GC(41) Concurrent Mark From Roots 402.031ms
[2025-06-23T11:49:10.840+0000][1][gc,marking  ] GC(41) Concurrent Preclean
[2025-06-23T11:49:10.842+0000][1][gc,marking  ] GC(41) Concurrent Preclean 1.320ms
[2025-06-23T11:49:10.843+0000][1][gc,start    ] GC(41) Pause Remark
[2025-06-23T11:49:11.027+0000][1][gc          ] GC(41) Pause Remark 118M->118M(512M) 184.869ms
[2025-06-23T11:49:11.028+0000][1][gc,cpu      ] GC(41) User=1.42s Sys=0.00s Real=0.18s
[2025-06-23T11:49:11.029+0000][1][safepoint   ] Safepoint "G1PauseRemark", Time since last: 513635247 ns, Reaching safepoint: 47539 ns, Cleanup: 7248 ns, At safepoint: 186484625 ns, Total: 186539412 ns
[2025-06-23T11:49:11.030+0000][1][gc,marking  ] GC(41) Concurrent Mark 592.745ms
[2025-06-23T11:49:11.030+0000][1][gc,marking  ] GC(41) Concurrent Rebuild Remembered Sets and Scrub Regions
[2025-06-23T11:49:11.072+0000][1][gc,marking  ] GC(41) Concurrent Rebuild Remembered Sets and Scrub Regions 41.656ms
[2025-06-23T11:49:11.073+0000][1][gc,start    ] GC(41) Pause Cleanup
[2025-06-23T11:49:11.075+0000][1][gc          ] GC(41) Pause Cleanup 119M->119M(512M) 1.833ms
[2025-06-23T11:49:11.076+0000][1][gc,cpu      ] GC(41) User=0.00s Sys=0.00s Real=0.00s
[2025-06-23T11:49:11.077+0000][1][safepoint   ] Safepoint "G1PauseCleanup", Time since last: 44305411 ns, Reaching safepoint: 10576 ns, Cleanup: 75378 ns, At safepoint: 3314104 ns, Total: 3400058 ns
[2025-06-23T11:49:11.077+0000][1][gc,marking  ] GC(41) Concurrent Clear Claimed Marks
[2025-06-23T11:49:11.079+0000][1][gc,marking  ] GC(41) Concurrent Clear Claimed Marks 1.465ms
[2025-06-23T11:49:11.080+0000][1][gc,marking  ] GC(41) Concurrent Cleanup for Next Mark
[2025-06-23T11:49:11.089+0000][1][gc,marking  ] GC(41) Concurrent Cleanup for Next Mark 9.112ms
[2025-06-23T11:49:11.090+0000][1][gc          ] GC(41) Concurrent Mark Cycle 759.822ms
[2025-06-23T11:50:45.623+0000][1][safepoint   ] Safepoint "Cleanup", Time since last: 94483074230 ns, Reaching safepoint: 71830 ns, Cleanup: 17626 ns, At safepoint: 5150 ns, Total: 94606 ns
[2025-06-23T11:50:52.625+0000][1][safepoint   ] Safepoint "Cleanup", Time since last: 7002202671 ns, Reaching safepoint: 65741 ns, Cleanup: 31949 ns, At safepoint: 11707 ns, Total: 109397 ns
[2025-06-23T11:51:08.658+0000][1][safepoint   ] Safepoint "Cleanup", Time since last: 16008656757 ns, Reaching safepoint: 145284 ns, Cleanup: 33970 ns, At safepoint: 12440 ns, Total: 191694 ns
[2025-06-23T11:51:55.705+0000][1][safepoint   ] Safepoint "Cleanup", Time since last: 47023993764 ns, Reaching safepoint: 753682 ns, Cleanup: 36232 ns, At safepoint: 126038 ns, Total: 915952 ns
[2025-06-23T11:53:27.808+0000][1][safepoint   ] Safepoint "Cleanup", Time since last: 92064226912 ns, Reaching safepoint: 307370 ns, Cleanup: 48170 ns, At safepoint: 17197 ns, Total: 372737 ns
[2025-06-23T11:53:57.848+0000][1][safepoint   ] Safepoint "Cleanup", Time since last: 30023839090 ns, Reaching safepoint: 405419 ns, Cleanup: 48125 ns, At safepoint: 30557 ns, Total: 484101 ns
[2025-06-23T14:20:41.957+0000][1][safepoint   ] Safepoint "Cleanup", Time since last: 86169867515 ns, Reaching safepoint: 52242078 ns, Cleanup: 30950745 ns, At safepoint: 31958108 ns, Total: 115150931 ns
[2025-06-23T14:20:57.291+0000][1][safepoint   ] Safepoint "Cleanup", Time since last: 15516089091 ns, Reaching safepoint: 126080889 ns, Cleanup: 2734906 ns, At safepoint: 3853834 ns, Total: 132669629 ns
[2025-06-23T14:21:11.361+0000][1][safepoint   ] Safepoint "Cleanup", Time since last: 14053607223 ns, Reaching safepoint: 19802251 ns, Cleanup: 27183 ns, At safepoint: 81601 ns, Total: 19911035 ns
[2025-06-23T14:21:16.368+0000][1][safepoint   ] Safepoint "Cleanup", Time since last: 5004795448 ns, Reaching safepoint: 2173752 ns, Cleanup: 453296 ns, At safepoint: 59334 ns, Total: 2686382 ns
[2025-06-23T14:21:27.311+0000][1][safepoint   ] Safepoint "Cleanup", Time since last: 11006208512 ns, Reaching safepoint: 63955 ns, Cleanup: 15884 ns, At safepoint: 4819 ns, Total: 84658 ns
[2025-06-23T14:22:07.845+0000][1][safepoint   ] Safepoint "Cleanup", Time since last: 40597522995 ns, Reaching safepoint: 540360 ns, Cleanup: 13722 ns, At safepoint: 29997 ns, Total: 584079 ns
[2025-06-23T14:22:10.847+0000][1][safepoint   ] Safepoint "Cleanup", Time since last: 3001795096 ns, Reaching safepoint: 86558 ns, Cleanup: 37156 ns, At safepoint: 11564 ns, Total: 135278 ns
[2025-06-23T14:22:15.566+0000][1][gc,start    ] GC(42) Pause Young (Prepare Mixed) (G1 Evacuation Pause)
[2025-06-23T14:22:15.577+0000][1][gc,task     ] GC(42) Using 13 workers of 13 for evacuation
[2025-06-23T14:22:15.578+0000][1][gc,age      ] GC(42) Desired survivor size 19398656 bytes, new threshold 15 (max threshold 15)
[2025-06-23T14:22:15.816+0000][1][gc,mmu      ] GC(42) MMU target violated: 201.0ms (200.0ms/201.0ms)
[2025-06-23T14:22:15.817+0000][1][gc,phases   ] GC(42)   Pre Evacuate Collection Set: 35.5ms
[2025-06-23T14:22:15.817+0000][1][gc,phases   ] GC(42)   Merge Heap Roots: 4.0ms
[2025-06-23T14:22:15.818+0000][1][gc,phases   ] GC(42)   Evacuate Collection Set: 168.2ms
[2025-06-23T14:22:15.818+0000][1][gc,phases   ] GC(42)   Post Evacuate Collection Set: 23.6ms
[2025-06-23T14:22:15.820+0000][1][gc,phases   ] GC(42)   Other: 11.9ms
[2025-06-23T14:22:15.821+0000][1][gc,age      ] GC(42) Age table with threshold 15 (max threshold 15)
[2025-06-23T14:22:15.822+0000][1][gc,age      ] GC(42) - age   1:     116744 bytes,     116744 total
[2025-06-23T14:22:15.822+0000][1][gc,age      ] GC(42) - age   2:       2760 bytes,     119504 total
[2025-06-23T14:22:15.823+0000][1][gc,age      ] GC(42) - age   3:     110992 bytes,     230496 total
[2025-06-23T14:22:15.823+0000][1][gc,age      ] GC(42) - age   4:      26384 bytes,     256880 total
[2025-06-23T14:22:15.824+0000][1][gc,age      ] GC(42) - age   5:        784 bytes,     257664 total
[2025-06-23T14:22:15.824+0000][1][gc,age      ] GC(42) - age   6:        848 bytes,     258512 total
[2025-06-23T14:22:15.825+0000][1][gc,age      ] GC(42) - age   7:       8080 bytes,     266592 total
[2025-06-23T14:22:15.825+0000][1][gc,age      ] GC(42) - age   8:      26440 bytes,     293032 total
[2025-06-23T14:22:15.826+0000][1][gc,age      ] GC(42) - age   9:      27384 bytes,     320416 total
[2025-06-23T14:22:15.826+0000][1][gc,age      ] GC(42) - age  10:       6608 bytes,     327024 total
[2025-06-23T14:22:15.827+0000][1][gc,age      ] GC(42) - age  11:      95568 bytes,     422592 total
[2025-06-23T14:22:15.827+0000][1][gc,age      ] GC(42) - age  12:      15752 bytes,     438344 total
[2025-06-23T14:22:15.828+0000][1][gc,age      ] GC(42) - age  13:       6008 bytes,     444352 total
[2025-06-23T14:22:15.828+0000][1][gc,age      ] GC(42) - age  14:      10688 bytes,     455040 total
[2025-06-23T14:22:15.829+0000][1][gc,age      ] GC(42) - age  15:      25824 bytes,     480864 total
[2025-06-23T14:22:15.829+0000][1][gc,heap     ] GC(42) Eden regions: 290->0(290)
[2025-06-23T14:22:15.830+0000][1][gc,heap     ] GC(42) Survivor regions: 1->1(37)
[2025-06-23T14:22:15.830+0000][1][gc,heap     ] GC(42) Old regions: 109->109
[2025-06-23T14:22:15.830+0000][1][gc,heap     ] GC(42) Humongous regions: 8->8
[2025-06-23T14:22:15.832+0000][1][gc,metaspace] GC(42) Metaspace: 152582K(157312K)->152582K(157312K) NonClass: 134154K(136640K)->134154K(136640K) Class: 18428K(20672K)->18428K(20672K)
[2025-06-23T14:22:15.834+0000][1][gc          ] GC(42) Pause Young (Prepare Mixed) (G1 Evacuation Pause) 406M->117M(512M) 267.429ms
[2025-06-23T14:22:15.834+0000][1][gc,cpu      ] GC(42) User=1.31s Sys=0.00s Real=0.27s
[2025-06-23T14:22:15.835+0000][1][safepoint   ] Safepoint "G1CollectForAllocation", Time since last: 4711132787 ns, Reaching safepoint: 165898 ns, Cleanup: 910727 ns, At safepoint: 275820425 ns, Total: 276897050 ns
[2025-06-23T14:23:41.748+0000][1][safepoint   ] Safepoint "Cleanup", Time since last: 86043151975 ns, Reaching safepoint: 125156 ns, Cleanup: 23007 ns, At safepoint: 6736 ns, Total: 154899 ns
[2025-06-23T14:23:57.782+0000][1][safepoint   ] Safepoint "Cleanup", Time since last: 16005906379 ns, Reaching safepoint: 64120 ns, Cleanup: 35046 ns, At safepoint: 11940 ns, Total: 111106 ns
[2025-06-23T14:23:59.785+0000][1][safepoint   ] Safepoint "Cleanup", Time since last: 2002952460 ns, Reaching safepoint: 25698 ns, Cleanup: 21102 ns, At safepoint: 7207 ns, Total: 54007 ns
[2025-06-23T14:24:11.790+0000][1][safepoint   ] Safepoint "Cleanup", Time since last: 12004919875 ns, Reaching safepoint: 131400 ns, Cleanup: 43775 ns, At safepoint: 12758 ns, Total: 187933 ns
[2025-06-23T14:24:16.794+0000][1][safepoint   ] Safepoint "Cleanup", Time since last: 5002347848 ns, Reaching safepoint: 63775 ns, Cleanup: 1521706 ns, At safepoint: 49212 ns, Total: 1634693 ns
[2025-06-23T14:24:46.828+0000][1][safepoint   ] Safepoint "Cleanup", Time since last: 30009669506 ns, Reaching safepoint: 179512 ns, Cleanup: 19036 ns, At safepoint: 7631 ns, Total: 206179 ns
[2025-06-23T14:25:01.871+0000][1][safepoint   ] Safepoint "Cleanup", Time since last: 15007809513 ns, Reaching safepoint: 106627 ns, Cleanup: 1027482 ns, At safepoint: 41681 ns, Total: 1175790 ns
[2025-06-23T14:25:16.878+0000][1][safepoint   ] Safepoint "Cleanup", Time since last: 15004953949 ns, Reaching safepoint: 2508604 ns, Cleanup: 67811 ns, At safepoint: 15388 ns, Total: 2591803 ns
[2025-06-23T14:26:32.308+0000][1][safepoint   ] Safepoint "Cleanup", Time since last: 75351981666 ns, Reaching safepoint: 405281 ns, Cleanup: 27832 ns, At safepoint: 12186 ns, Total: 445299 ns
[2025-06-23T14:27:11.357+0000][1][safepoint   ] Safepoint "Cleanup", Time since last: 39014808610 ns, Reaching safepoint: 61314 ns, Cleanup: 14797 ns, At safepoint: 4697 ns, Total: 80808 ns
[2025-06-23T14:27:47.422+0000][1][safepoint   ] Safepoint "Cleanup", Time since last: 36016706528 ns, Reaching safepoint: 88448 ns, Cleanup: 16957 ns, At safepoint: 4572 ns, Total: 109977 ns
[2025-06-23T14:28:49.539+0000][1][safepoint   ] Safepoint "Cleanup", Time since last: 62026797273 ns, Reaching safepoint: 277812 ns, Cleanup: 30170 ns, At safepoint: 12657 ns, Total: 320639 ns
[2025-06-23T14:29:04.608+0000][1][safepoint   ] Safepoint "Cleanup", Time since last: 15014350203 ns, Reaching safepoint: 139429 ns, Cleanup: 38306 ns, At safepoint: 13190 ns, Total: 190925 ns
[2025-06-23T14:29:12.612+0000][1][safepoint   ] Safepoint "Cleanup", Time since last: 8003436015 ns, Reaching safepoint: 85452 ns, Cleanup: 29788 ns, At safepoint: 12404 ns, Total: 127644 ns
[2025-06-23T14:29:37.692+0000][1][safepoint   ] Safepoint "Cleanup", Time since last: 25018085018 ns, Reaching safepoint: 210232 ns, Cleanup: 32282 ns, At safepoint: 12439 ns, Total: 254953 ns
[2025-06-23T14:29:39.694+0000][1][safepoint   ] Safepoint "Cleanup", Time since last: 2002014047 ns, Reaching safepoint: 38213 ns, Cleanup: 32337 ns, At safepoint: 59398 ns, Total: 129948 ns
[2025-06-23T14:29:58.933+0000][1][gc,start    ] GC(43) Pause Young (Mixed) (G1 Evacuation Pause)
[2025-06-23T14:29:58.939+0000][1][gc,task     ] GC(43) Using 13 workers of 13 for evacuation
[2025-06-23T14:29:58.940+0000][1][gc,age      ] GC(43) Desired survivor size 19398656 bytes, new threshold 15 (max threshold 15)
[2025-06-23T14:29:59.184+0000][1][gc,mmu      ] GC(43) MMU target violated: 201.0ms (200.0ms/201.0ms)
[2025-06-23T14:29:59.185+0000][1][gc,phases   ] GC(43)   Pre Evacuate Collection Set: 26.7ms
[2025-06-23T14:29:59.186+0000][1][gc,phases   ] GC(43)   Merge Heap Roots: 2.8ms
[2025-06-23T14:29:59.186+0000][1][gc,phases   ] GC(43)   Evacuate Collection Set: 199.5ms
[2025-06-23T14:29:59.187+0000][1][gc,phases   ] GC(43)   Post Evacuate Collection Set: 12.0ms
[2025-06-23T14:29:59.187+0000][1][gc,phases   ] GC(43)   Other: 7.2ms
[2025-06-23T14:29:59.188+0000][1][gc,age      ] GC(43) Age table with threshold 15 (max threshold 15)
[2025-06-23T14:29:59.188+0000][1][gc,age      ] GC(43) - age   1:     640248 bytes,     640248 total
[2025-06-23T14:29:59.188+0000][1][gc,age      ] GC(43) - age   2:      57368 bytes,     697616 total
[2025-06-23T14:29:59.189+0000][1][gc,age      ] GC(43) - age   3:       2760 bytes,     700376 total
[2025-06-23T14:29:59.189+0000][1][gc,age      ] GC(43) - age   4:     110456 bytes,     810832 total
[2025-06-23T14:29:59.190+0000][1][gc,age      ] GC(43) - age   5:      25328 bytes,     836160 total
[2025-06-23T14:29:59.190+0000][1][gc,age      ] GC(43) - age   6:        784 bytes,     836944 total
[2025-06-23T14:29:59.190+0000][1][gc,age      ] GC(43) - age   7:        848 bytes,     837792 total
[2025-06-23T14:29:59.191+0000][1][gc,age      ] GC(43) - age   8:       8080 bytes,     845872 total
[2025-06-23T14:29:59.191+0000][1][gc,age      ] GC(43) - age   9:      26408 bytes,     872280 total
[2025-06-23T14:29:59.191+0000][1][gc,age      ] GC(43) - age  10:      27248 bytes,     899528 total
[2025-06-23T14:29:59.191+0000][1][gc,age      ] GC(43) - age  11:       6608 bytes,     906136 total
[2025-06-23T14:29:59.192+0000][1][gc,age      ] GC(43) - age  12:      95568 bytes,    1001704 total
[2025-06-23T14:29:59.192+0000][1][gc,age      ] GC(43) - age  13:      15712 bytes,    1017416 total
[2025-06-23T14:29:59.192+0000][1][gc,age      ] GC(43) - age  14:       6008 bytes,    1023424 total
[2025-06-23T14:29:59.192+0000][1][gc,age      ] GC(43) - age  15:      10688 bytes,    1034112 total
[2025-06-23T14:29:59.193+0000][1][gc,heap     ] GC(43) Eden regions: 290->0(288)
[2025-06-23T14:29:59.193+0000][1][gc,heap     ] GC(43) Survivor regions: 1->2(37)
[2025-06-23T14:29:59.193+0000][1][gc,heap     ] GC(43) Old regions: 109->109
[2025-06-23T14:29:59.193+0000][1][gc,heap     ] GC(43) Humongous regions: 8->8
[2025-06-23T14:29:59.194+0000][1][gc,metaspace] GC(43) Metaspace: 152593K(157312K)->152593K(157312K) NonClass: 134164K(136640K)->134164K(136640K) Class: 18428K(20672K)->18428K(20672K)
[2025-06-23T14:29:59.195+0000][1][gc          ] GC(43) Pause Young (Mixed) (G1 Evacuation Pause) 407M->117M(512M) 262.709ms
[2025-06-23T14:29:59.196+0000][1][gc,cpu      ] GC(43) User=1.12s Sys=0.06s Real=0.27s
[2025-06-23T14:29:59.196+0000][1][safepoint   ] Safepoint "G1CollectForAllocation", Time since last: 19172791495 ns, Reaching safepoint: 148017 ns, Cleanup: 121758 ns, At safepoint: 268692790 ns, Total: 268962565 ns
[2025-06-23T14:30:05.620+0000][1][safepoint   ] Safepoint "Cleanup", Time since last: 6423056272 ns, Reaching safepoint: 190549 ns, Cleanup: 118851 ns, At safepoint: 49595 ns, Total: 358995 ns
[2025-06-23T14:30:06.621+0000][1][safepoint   ] Safepoint "Cleanup", Time since last: 1001152909 ns, Reaching safepoint: 45717 ns, Cleanup: 31574 ns, At safepoint: 8114 ns, Total: 85405 ns
[2025-06-23T14:31:10.320+0000][1][safepoint   ] Safepoint "Cleanup", Time since last: 63572019396 ns, Reaching safepoint: 193468 ns, Cleanup: 50394 ns, At safepoint: 17526 ns, Total: 261388 ns
[2025-06-23T14:32:32.573+0000][1][safepoint   ] Safepoint "Cleanup", Time since last: 82033788611 ns, Reaching safepoint: 203523 ns, Cleanup: 30959 ns, At safepoint: 12521 ns, Total: 247003 ns
[2025-06-23T14:32:35.575+0000][1][safepoint   ] Safepoint "Cleanup", Time since last: 3001664017 ns, Reaching safepoint: 46926 ns, Cleanup: 15970 ns, At safepoint: 5652 ns, Total: 68548 ns
[2025-06-23T14:32:47.578+0000][1][safepoint   ] Safepoint "Cleanup", Time since last: 12003379140 ns, Reaching safepoint: 161087 ns, Cleanup: 28433 ns, At safepoint: 12555 ns, Total: 202075 ns
[2025-06-23T14:33:47.761+0000][1][safepoint   ] Safepoint "Cleanup", Time since last: 60025256799 ns, Reaching safepoint: 516451 ns, Cleanup: 30242 ns, At safepoint: 22381 ns, Total: 569074 ns
[2025-06-23T14:34:47.919+0000][1][safepoint   ] Safepoint "Cleanup", Time since last: 60026443978 ns, Reaching safepoint: 230297 ns, Cleanup: 30930 ns, At safepoint: 12182 ns, Total: 273409 ns
[2025-06-23T14:35:18.032+0000][1][safepoint   ] Safepoint "Cleanup", Time since last: 30032650473 ns, Reaching safepoint: 229073 ns, Cleanup: 51877 ns, At safepoint: 17214 ns, Total: 298164 ns
[2025-06-23T14:36:03.191+0000][1][safepoint   ] Safepoint "Cleanup", Time since last: 45029278882 ns, Reaching safepoint: 64240 ns, Cleanup: 15250 ns, At safepoint: 5304 ns, Total: 84794 ns
[2025-06-23T14:37:38.787+0000][1][gc,start    ] GC(44) Pause Young (Concurrent Start) (G1 Evacuation Pause)
[2025-06-23T14:37:38.791+0000][1][gc,task     ] GC(44) Using 13 workers of 13 for evacuation
[2025-06-23T14:37:38.792+0000][1][gc,age      ] GC(44) Desired survivor size 19398656 bytes, new threshold 15 (max threshold 15)
[2025-06-23T14:37:38.975+0000][1][gc,phases   ] GC(44)   Pre Evacuate Collection Set: 15.3ms
[2025-06-23T14:37:38.975+0000][1][gc,phases   ] GC(44)   Merge Heap Roots: 1.9ms
[2025-06-23T14:37:38.975+0000][1][gc,phases   ] GC(44)   Evacuate Collection Set: 153.9ms
[2025-06-23T14:37:38.976+0000][1][gc,phases   ] GC(44)   Post Evacuate Collection Set: 6.7ms
[2025-06-23T14:37:38.976+0000][1][gc,phases   ] GC(44)   Other: 7.3ms
[2025-06-23T14:37:38.977+0000][1][gc,age      ] GC(44) Age table with threshold 15 (max threshold 15)
[2025-06-23T14:37:38.977+0000][1][gc,age      ] GC(44) - age   1:     200104 bytes,     200104 total
[2025-06-23T14:37:38.977+0000][1][gc,age      ] GC(44) - age   2:       9200 bytes,     209304 total
[2025-06-23T14:37:38.978+0000][1][gc,age      ] GC(44) - age   3:      54096 bytes,     263400 total
[2025-06-23T14:37:38.978+0000][1][gc,age      ] GC(44) - age   4:       2760 bytes,     266160 total
[2025-06-23T14:37:38.978+0000][1][gc,age      ] GC(44) - age   5:      95848 bytes,     362008 total
[2025-06-23T14:37:38.978+0000][1][gc,age      ] GC(44) - age   6:      25328 bytes,     387336 total
[2025-06-23T14:37:38.979+0000][1][gc,age      ] GC(44) - age   7:        784 bytes,     388120 total
[2025-06-23T14:37:38.979+0000][1][gc,age      ] GC(44) - age   8:        848 bytes,     388968 total
[2025-06-23T14:37:38.979+0000][1][gc,age      ] GC(44) - age   9:       8080 bytes,     397048 total
[2025-06-23T14:37:38.980+0000][1][gc,age      ] GC(44) - age  10:      26408 bytes,     423456 total
[2025-06-23T14:37:38.980+0000][1][gc,age      ] GC(44) - age  11:      27248 bytes,     450704 total
[2025-06-23T14:37:38.980+0000][1][gc,age      ] GC(44) - age  12:       6608 bytes,     457312 total
[2025-06-23T14:37:38.980+0000][1][gc,age      ] GC(44) - age  13:      95568 bytes,     552880 total
[2025-06-23T14:37:38.980+0000][1][gc,age      ] GC(44) - age  14:      15712 bytes,     568592 total
[2025-06-23T14:37:38.981+0000][1][gc,age      ] GC(44) - age  15:       6008 bytes,     574600 total
[2025-06-23T14:37:38.981+0000][1][gc,heap     ] GC(44) Eden regions: 288->0(290)
[2025-06-23T14:37:38.981+0000][1][gc,heap     ] GC(44) Survivor regions: 2->1(37)
[2025-06-23T14:37:38.981+0000][1][gc,heap     ] GC(44) Old regions: 109->109
[2025-06-23T14:37:38.982+0000][1][gc,heap     ] GC(44) Humongous regions: 8->8
[2025-06-23T14:37:38.982+0000][1][gc,metaspace] GC(44) Metaspace: 152620K(157312K)->152620K(157312K) NonClass: 134191K(136640K)->134191K(136640K) Class: 18428K(20672K)->18428K(20672K)
[2025-06-23T14:37:38.982+0000][1][gc          ] GC(44) Pause Young (Concurrent Start) (G1 Evacuation Pause) 405M->116M(512M) 194.900ms
[2025-06-23T14:37:38.983+0000][1][gc,cpu      ] GC(44) User=0.67s Sys=0.02s Real=0.20s
[2025-06-23T14:37:38.983+0000][1][safepoint   ] Safepoint "G1CollectForAllocation", Time since last: 95390830589 ns, Reaching safepoint: 276746 ns, Cleanup: 64234 ns, At safepoint: 196977832 ns, Total: 197318812 ns
[2025-06-23T14:37:38.985+0000][1][gc          ] GC(45) Concurrent Mark Cycle
[2025-06-23T14:37:38.985+0000][1][gc,marking  ] GC(45) Concurrent Scan Root Regions
[2025-06-23T14:37:39.109+0000][1][gc,marking  ] GC(45) Concurrent Scan Root Regions 123.195ms
[2025-06-23T14:37:39.109+0000][1][gc,marking  ] GC(45) Concurrent Mark
[2025-06-23T14:37:39.110+0000][1][gc,marking  ] GC(45) Concurrent Mark From Roots
[2025-06-23T14:37:39.111+0000][1][gc,task     ] GC(45) Using 3 workers of 3 for marking
[2025-06-23T14:37:39.382+0000][1][gc,marking  ] GC(45) Concurrent Mark From Roots 271.993ms
[2025-06-23T14:37:39.383+0000][1][gc,marking  ] GC(45) Concurrent Preclean
[2025-06-23T14:37:39.384+0000][1][gc,marking  ] GC(45) Concurrent Preclean 1.618ms
[2025-06-23T14:37:39.385+0000][1][gc,start    ] GC(45) Pause Remark
[2025-06-23T14:37:39.486+0000][1][gc          ] GC(45) Pause Remark 118M->118M(512M) 100.936ms
[2025-06-23T14:37:39.487+0000][1][gc,cpu      ] GC(45) User=1.03s Sys=0.00s Real=0.10s
[2025-06-23T14:37:39.487+0000][1][safepoint   ] Safepoint "G1PauseRemark", Time since last: 402242762 ns, Reaching safepoint: 15104 ns, Cleanup: 4498 ns, At safepoint: 102035434 ns, Total: 102055036 ns
[2025-06-23T14:37:39.489+0000][1][gc,marking  ] GC(45) Concurrent Mark 379.386ms
[2025-06-23T14:37:39.489+0000][1][gc,marking  ] GC(45) Concurrent Rebuild Remembered Sets and Scrub Regions
[2025-06-23T14:37:39.532+0000][1][gc,marking  ] GC(45) Concurrent Rebuild Remembered Sets and Scrub Regions 42.087ms
[2025-06-23T14:37:39.533+0000][1][gc,start    ] GC(45) Pause Cleanup
[2025-06-23T14:37:39.535+0000][1][gc          ] GC(45) Pause Cleanup 118M->118M(512M) 2.424ms
[2025-06-23T14:37:39.536+0000][1][gc,cpu      ] GC(45) User=0.00s Sys=0.00s Real=0.00s
[2025-06-23T14:37:39.537+0000][1][safepoint   ] Safepoint "G1PauseCleanup", Time since last: 45401292 ns, Reaching safepoint: 11029 ns, Cleanup: 5467 ns, At safepoint: 4200037 ns, Total: 4216533 ns
[2025-06-23T14:37:39.538+0000][1][gc,marking  ] GC(45) Concurrent Clear Claimed Marks
[2025-06-23T14:37:39.539+0000][1][gc,marking  ] GC(45) Concurrent Clear Claimed Marks 0.979ms
[2025-06-23T14:37:39.540+0000][1][gc,marking  ] GC(45) Concurrent Cleanup for Next Mark
[2025-06-23T14:37:39.547+0000][1][gc,marking  ] GC(45) Concurrent Cleanup for Next Mark 6.972ms
[2025-06-23T14:37:39.548+0000][1][gc          ] GC(45) Concurrent Mark Cycle 562.948ms
[2025-06-23T14:40:18.958+0000][1][safepoint   ] Safepoint "Cleanup", Time since last: 159077324091 ns, Reaching safepoint: 217738 ns, Cleanup: 33182 ns, At safepoint: 15751 ns, Total: 266671 ns
[2025-06-23T14:54:02.463+0000][1][safepoint   ] Safepoint "Cleanup", Time since last: 45033914180 ns, Reaching safepoint: 16347672 ns, Cleanup: 3389532 ns, At safepoint: 1453291 ns, Total: 21190495 ns
[2025-06-23T14:58:25.055+0000][1][gc,start    ] GC(46) Pause Young (Prepare Mixed) (G1 Evacuation Pause)
[2025-06-23T14:58:25.066+0000][1][gc,task     ] GC(46) Using 13 workers of 13 for evacuation
[2025-06-23T14:58:25.068+0000][1][gc,age      ] GC(46) Desired survivor size 19398656 bytes, new threshold 15 (max threshold 15)
[2025-06-23T14:58:25.285+0000][1][gc,mmu      ] GC(46) MMU target violated: 201.0ms (200.0ms/201.0ms)
[2025-06-23T14:58:25.286+0000][1][gc,phases   ] GC(46)   Pre Evacuate Collection Set: 28.1ms
[2025-06-23T14:58:25.287+0000][1][gc,phases   ] GC(46)   Merge Heap Roots: 2.4ms
[2025-06-23T14:58:25.287+0000][1][gc,phases   ] GC(46)   Evacuate Collection Set: 162.2ms
[2025-06-23T14:58:25.288+0000][1][gc,phases   ] GC(46)   Post Evacuate Collection Set: 20.5ms
[2025-06-23T14:58:25.289+0000][1][gc,phases   ] GC(46)   Other: 7.8ms
[2025-06-23T14:58:25.290+0000][1][gc,age      ] GC(46) Age table with threshold 15 (max threshold 15)
[2025-06-23T14:58:25.291+0000][1][gc,age      ] GC(46) - age   1:      49792 bytes,      49792 total
[2025-06-23T14:58:25.291+0000][1][gc,age      ] GC(46) - age   2:     183040 bytes,     232832 total
[2025-06-23T14:58:25.292+0000][1][gc,age      ] GC(46) - age   3:       8888 bytes,     241720 total
[2025-06-23T14:58:25.293+0000][1][gc,age      ] GC(46) - age   4:      54008 bytes,     295728 total
[2025-06-23T14:58:25.293+0000][1][gc,age      ] GC(46) - age   5:       2760 bytes,     298488 total
[2025-06-23T14:58:25.294+0000][1][gc,age      ] GC(46) - age   6:      95848 bytes,     394336 total
[2025-06-23T14:58:25.294+0000][1][gc,age      ] GC(46) - age   7:      25328 bytes,     419664 total
[2025-06-23T14:58:25.295+0000][1][gc,age      ] GC(46) - age   8:        784 bytes,     420448 total
[2025-06-23T14:58:25.296+0000][1][gc,age      ] GC(46) - age   9:        848 bytes,     421296 total
[2025-06-23T14:58:25.296+0000][1][gc,age      ] GC(46) - age  10:       8080 bytes,     429376 total
[2025-06-23T14:58:25.297+0000][1][gc,age      ] GC(46) - age  11:      26408 bytes,     455784 total
[2025-06-23T14:58:25.297+0000][1][gc,age      ] GC(46) - age  12:      27248 bytes,     483032 total
[2025-06-23T14:58:25.298+0000][1][gc,age      ] GC(46) - age  13:       6608 bytes,     489640 total
[2025-06-23T14:58:25.298+0000][1][gc,age      ] GC(46) - age  14:      95568 bytes,     585208 total
[2025-06-23T14:58:25.299+0000][1][gc,age      ] GC(46) - age  15:      15712 bytes,     600920 total
[2025-06-23T14:58:25.300+0000][1][gc,heap     ] GC(46) Eden regions: 290->0(290)
[2025-06-23T14:58:25.300+0000][1][gc,heap     ] GC(46) Survivor regions: 1->1(37)
[2025-06-23T14:58:25.301+0000][1][gc,heap     ] GC(46) Old regions: 109->109
[2025-06-23T14:58:25.302+0000][1][gc,heap     ] GC(46) Humongous regions: 8->8
[2025-06-23T14:58:25.303+0000][1][gc,metaspace] GC(46) Metaspace: 152621K(157312K)->152621K(157312K) NonClass: 134192K(136640K)->134192K(136640K) Class: 18428K(20672K)->18428K(20672K)
[2025-06-23T14:58:25.304+0000][1][gc          ] GC(46) Pause Young (Prepare Mixed) (G1 Evacuation Pause) 406M->116M(512M) 249.701ms
[2025-06-23T14:58:25.305+0000][1][gc,cpu      ] GC(46) User=1.16s Sys=0.00s Real=0.26s
[2025-06-23T14:58:25.306+0000][1][safepoint   ] Safepoint "G1CollectForAllocation", Time since last: 262099488108 ns, Reaching safepoint: 19269233 ns, Cleanup: 970626 ns, At safepoint: 253516651 ns, Total: 273756510 ns
[2025-06-23T14:58:30.309+0000][1][safepoint   ] Safepoint "Cleanup", Time since last: 5002886458 ns, Reaching safepoint: 137488 ns, Cleanup: 28348 ns, At safepoint: 10430 ns, Total: 176266 ns
[2025-06-23T14:58:31.311+0000][1][safepoint   ] Safepoint "Cleanup", Time since last: 1001798059 ns, Reaching safepoint: 43571 ns, Cleanup: 33046 ns, At safepoint: 9172 ns, Total: 85789 ns
[2025-06-23T14:58:48.316+0000][1][safepoint   ] Safepoint "Cleanup", Time since last: 17005485990 ns, Reaching safepoint: 211643 ns, Cleanup: 41467 ns, At safepoint: 11151 ns, Total: 264261 ns
[2025-06-23T14:59:10.171+0000][1][safepoint   ] Safepoint "Cleanup", Time since last: 21784326531 ns, Reaching safepoint: 157461 ns, Cleanup: 31697 ns, At safepoint: 10462 ns, Total: 199620 ns
[2025-06-23T15:00:48.438+0000][1][safepoint   ] Safepoint "Cleanup", Time since last: 98051279813 ns, Reaching safepoint: 1342770 ns, Cleanup: 22974 ns, At safepoint: 15690 ns, Total: 1381434 ns
[2025-06-23T15:01:12.524+0000][1][safepoint   ] Safepoint "Cleanup", Time since last: 24012086754 ns, Reaching safepoint: 124675 ns, Cleanup: 21694 ns, At safepoint: 9686 ns, Total: 156055 ns
[2025-06-23T15:01:23.529+0000][1][safepoint   ] Safepoint "Cleanup", Time since last: 11004231633 ns, Reaching safepoint: 536736 ns, Cleanup: 23230 ns, At safepoint: 53071 ns, Total: 613037 ns
[2025-06-23T15:01:26.607+0000][1][safepoint   ] Safepoint "Cleanup", Time since last: 3005667541 ns, Reaching safepoint: 249705 ns, Cleanup: 72764 ns, At safepoint: 23066 ns, Total: 345535 ns
[2025-06-23T15:04:31.172+0000][1][safepoint   ] Safepoint "Cleanup", Time since last: 184135174078 ns, Reaching safepoint: 2326712 ns, Cleanup: 184377 ns, At safepoint: 149648 ns, Total: 2660737 ns
[2025-06-23T15:06:15.529+0000][1][gc,start    ] GC(47) Pause Young (Mixed) (G1 Evacuation Pause)
[2025-06-23T15:06:15.531+0000][1][gc,task     ] GC(47) Using 13 workers of 13 for evacuation
[2025-06-23T15:06:15.532+0000][1][gc,age      ] GC(47) Desired survivor size 19398656 bytes, new threshold 15 (max threshold 15)
[2025-06-23T15:06:15.640+0000][1][gc,phases   ] GC(47)   Pre Evacuate Collection Set: 3.6ms
[2025-06-23T15:06:15.640+0000][1][gc,phases   ] GC(47)   Merge Heap Roots: 1.4ms
[2025-06-23T15:06:15.641+0000][1][gc,phases   ] GC(47)   Evacuate Collection Set: 93.4ms
[2025-06-23T15:06:15.642+0000][1][gc,phases   ] GC(47)   Post Evacuate Collection Set: 6.1ms
[2025-06-23T15:06:15.643+0000][1][gc,phases   ] GC(47)   Other: 4.3ms
[2025-06-23T15:06:15.643+0000][1][gc,age      ] GC(47) Age table with threshold 15 (max threshold 15)
[2025-06-23T15:06:15.644+0000][1][gc,age      ] GC(47) - age   1:      77112 bytes,      77112 total
[2025-06-23T15:06:15.645+0000][1][gc,age      ] GC(47) - age   2:      33216 bytes,     110328 total
[2025-06-23T15:06:15.645+0000][1][gc,age      ] GC(47) - age   3:     181208 bytes,     291536 total
[2025-06-23T15:06:15.646+0000][1][gc,age      ] GC(47) - age   4:       8888 bytes,     300424 total
[2025-06-23T15:06:15.646+0000][1][gc,age      ] GC(47) - age   5:      53472 bytes,     353896 total
[2025-06-23T15:06:15.647+0000][1][gc,age      ] GC(47) - age   6:       2760 bytes,     356656 total
[2025-06-23T15:06:15.647+0000][1][gc,age      ] GC(47) - age   7:      95848 bytes,     452504 total
[2025-06-23T15:06:15.648+0000][1][gc,age      ] GC(47) - age   8:      25328 bytes,     477832 total
[2025-06-23T15:06:15.648+0000][1][gc,age      ] GC(47) - age   9:        784 bytes,     478616 total
[2025-06-23T15:06:15.649+0000][1][gc,age      ] GC(47) - age  10:        848 bytes,     479464 total
[2025-06-23T15:06:15.649+0000][1][gc,age      ] GC(47) - age  11:       8080 bytes,     487544 total
[2025-06-23T15:06:15.650+0000][1][gc,age      ] GC(47) - age  12:      26408 bytes,     513952 total
[2025-06-23T15:06:15.651+0000][1][gc,age      ] GC(47) - age  13:      27248 bytes,     541200 total
[2025-06-23T15:06:15.651+0000][1][gc,age      ] GC(47) - age  14:       6608 bytes,     547808 total
[2025-06-23T15:06:15.652+0000][1][gc,age      ] GC(47) - age  15:      95568 bytes,     643376 total
[2025-06-23T15:06:15.652+0000][1][gc,heap     ] GC(47) Eden regions: 290->0(291)
[2025-06-23T15:06:15.653+0000][1][gc,heap     ] GC(47) Survivor regions: 1->1(37)
[2025-06-23T15:06:15.654+0000][1][gc,heap     ] GC(47) Old regions: 109->108
[2025-06-23T15:06:15.654+0000][1][gc,heap     ] GC(47) Humongous regions: 8->8
[2025-06-23T15:06:15.655+0000][1][gc,metaspace] GC(47) Metaspace: 152622K(157312K)->152622K(157312K) NonClass: 134193K(136640K)->134193K(136640K) Class: 18428K(20672K)->18428K(20672K)
[2025-06-23T15:06:15.656+0000][1][gc          ] GC(47) Pause Young (Mixed) (G1 Evacuation Pause) 406M->116M(512M) 126.617ms
[2025-06-23T15:06:15.657+0000][1][gc,cpu      ] GC(47) User=0.67s Sys=0.00s Real=0.12s
[2025-06-23T15:06:15.657+0000][1][safepoint   ] Safepoint "G1CollectForAllocation", Time since last: 104221693874 ns, Reaching safepoint: 28841 ns, Cleanup: 22780 ns, At safepoint: 128011806 ns, Total: 128063427 ns
[2025-06-23T15:06:57.842+0000][1][safepoint   ] Safepoint "Cleanup", Time since last: 42043943907 ns, Reaching safepoint: 776120 ns, Cleanup: 40035 ns, At safepoint: 20401 ns, Total: 836556 ns
[2025-06-23T15:09:35.271+0000][1][safepoint   ] Safepoint "Cleanup", Time since last: 157114182107 ns, Reaching safepoint: 147222 ns, Cleanup: 17921 ns, At safepoint: 6371 ns, Total: 171514 ns
[2025-06-23T15:09:38.273+0000][1][safepoint   ] Safepoint "Cleanup", Time since last: 3001521204 ns, Reaching safepoint: 26214 ns, Cleanup: 19674 ns, At safepoint: 5201 ns, Total: 51089 ns
[2025-06-23T15:10:04.345+0000][1][safepoint   ] Safepoint "Cleanup", Time since last: 26019646957 ns, Reaching safepoint: 41046 ns, Cleanup: 12998 ns, At safepoint: 4984 ns, Total: 59028 ns
[2025-06-23T15:14:04.265+0000][1][gc,start    ] GC(48) Pause Young (Concurrent Start) (G1 Evacuation Pause)
[2025-06-23T15:14:04.275+0000][1][gc,task     ] GC(48) Using 13 workers of 13 for evacuation
[2025-06-23T15:14:04.277+0000][1][gc,age      ] GC(48) Desired survivor size 19398656 bytes, new threshold 15 (max threshold 15)
[2025-06-23T15:14:04.494+0000][1][gc,mmu      ] GC(48) MMU target violated: 201.0ms (200.0ms/201.0ms)
[2025-06-23T15:14:04.494+0000][1][gc,phases   ] GC(48)   Pre Evacuate Collection Set: 28.8ms
[2025-06-23T15:14:04.495+0000][1][gc,phases   ] GC(48)   Merge Heap Roots: 2.5ms
[2025-06-23T15:14:04.495+0000][1][gc,phases   ] GC(48)   Evacuate Collection Set: 171.9ms
[2025-06-23T15:14:04.495+0000][1][gc,phases   ] GC(48)   Post Evacuate Collection Set: 9.6ms
[2025-06-23T15:14:04.496+0000][1][gc,phases   ] GC(48)   Other: 10.2ms
[2025-06-23T15:14:04.496+0000][1][gc,age      ] GC(48) Age table with threshold 15 (max threshold 15)
[2025-06-23T15:14:04.497+0000][1][gc,age      ] GC(48) - age   1:     639552 bytes,     639552 total
[2025-06-23T15:14:04.497+0000][1][gc,age      ] GC(48) - age   2:       9104 bytes,     648656 total
[2025-06-23T15:14:04.497+0000][1][gc,age      ] GC(48) - age   3:      33040 bytes,     681696 total
[2025-06-23T15:14:04.498+0000][1][gc,age      ] GC(48) - age   4:     180696 bytes,     862392 total
[2025-06-23T15:14:04.498+0000][1][gc,age      ] GC(48) - age   5:       7736 bytes,     870128 total
[2025-06-23T15:14:04.499+0000][1][gc,age      ] GC(48) - age   6:      53472 bytes,     923600 total
[2025-06-23T15:14:04.499+0000][1][gc,age      ] GC(48) - age   7:       2760 bytes,     926360 total
[2025-06-23T15:14:04.500+0000][1][gc,age      ] GC(48) - age   8:      95848 bytes,    1022208 total
[2025-06-23T15:14:04.500+0000][1][gc,age      ] GC(48) - age   9:      25328 bytes,    1047536 total
[2025-06-23T15:14:04.501+0000][1][gc,age      ] GC(48) - age  10:        784 bytes,    1048320 total
[2025-06-23T15:14:04.501+0000][1][gc,age      ] GC(48) - age  11:        848 bytes,    1049168 total
[2025-06-23T15:14:04.502+0000][1][gc,age      ] GC(48) - age  12:       8080 bytes,    1057248 total
[2025-06-23T15:14:04.502+0000][1][gc,age      ] GC(48) - age  13:      26408 bytes,    1083656 total
[2025-06-23T15:14:04.503+0000][1][gc,age      ] GC(48) - age  14:      27248 bytes,    1110904 total
[2025-06-23T15:14:04.503+0000][1][gc,age      ] GC(48) - age  15:       6608 bytes,    1117512 total
[2025-06-23T15:14:04.504+0000][1][gc,heap     ] GC(48) Eden regions: 291->0(289)
[2025-06-23T15:14:04.504+0000][1][gc,heap     ] GC(48) Survivor regions: 1->2(37)
[2025-06-23T15:14:04.505+0000][1][gc,heap     ] GC(48) Old regions: 108->108
[2025-06-23T15:14:04.505+0000][1][gc,heap     ] GC(48) Humongous regions: 8->8
[2025-06-23T15:14:04.506+0000][1][gc,metaspace] GC(48) Metaspace: 152626K(157312K)->152626K(157312K) NonClass: 134198K(136640K)->134198K(136640K) Class: 18428K(20672K)->18428K(20672K)
[2025-06-23T15:14:04.507+0000][1][gc          ] GC(48) Pause Young (Concurrent Start) (G1 Evacuation Pause) 407M->116M(512M) 242.184ms
[2025-06-23T15:14:04.508+0000][1][gc,cpu      ] GC(48) User=0.87s Sys=0.01s Real=0.24s
[2025-06-23T15:14:04.509+0000][1][safepoint   ] Safepoint "G1CollectForAllocation", Time since last: 239427228056 ns, Reaching safepoint: 1982536 ns, Cleanup: 596135 ns, At safepoint: 249404366 ns, Total: 251983037 ns
[2025-06-23T15:14:04.509+0000][1][gc          ] GC(49) Concurrent Mark Cycle
[2025-06-23T15:14:04.510+0000][1][gc,marking  ] GC(49) Concurrent Scan Root Regions
[2025-06-23T15:14:04.576+0000][1][gc,marking  ] GC(49) Concurrent Scan Root Regions 65.158ms
[2025-06-23T15:14:04.577+0000][1][gc,marking  ] GC(49) Concurrent Mark
[2025-06-23T15:14:04.577+0000][1][gc,marking  ] GC(49) Concurrent Mark From Roots
[2025-06-23T15:14:04.578+0000][1][gc,task     ] GC(49) Using 3 workers of 3 for marking
[2025-06-23T15:14:04.858+0000][1][gc,marking  ] GC(49) Concurrent Mark From Roots 280.558ms
[2025-06-23T15:14:04.858+0000][1][gc,marking  ] GC(49) Concurrent Preclean
[2025-06-23T15:14:04.860+0000][1][gc,marking  ] GC(49) Concurrent Preclean 1.281ms
[2025-06-23T15:14:04.860+0000][1][gc,start    ] GC(49) Pause Remark
[2025-06-23T15:14:05.010+0000][1][gc          ] GC(49) Pause Remark 118M->118M(512M) 149.512ms
[2025-06-23T15:14:05.011+0000][1][gc,cpu      ] GC(49) User=1.27s Sys=0.01s Real=0.15s
[2025-06-23T15:14:05.012+0000][1][safepoint   ] Safepoint "G1PauseRemark", Time since last: 351839924 ns, Reaching safepoint: 17670 ns, Cleanup: 4962 ns, At safepoint: 151177039 ns, Total: 151199671 ns
[2025-06-23T15:14:05.015+0000][1][gc,marking  ] GC(49) Concurrent Mark 438.152ms
[2025-06-23T15:14:05.015+0000][1][gc,marking  ] GC(49) Concurrent Rebuild Remembered Sets and Scrub Regions
[2025-06-23T15:14:05.062+0000][1][gc,marking  ] GC(49) Concurrent Rebuild Remembered Sets and Scrub Regions 46.806ms
[2025-06-23T15:14:05.063+0000][1][gc,start    ] GC(49) Pause Cleanup
[2025-06-23T15:14:05.065+0000][1][gc          ] GC(49) Pause Cleanup 119M->119M(512M) 1.553ms
[2025-06-23T15:14:05.065+0000][1][gc,cpu      ] GC(49) User=0.00s Sys=0.00s Real=0.00s
[2025-06-23T15:14:05.066+0000][1][safepoint   ] Safepoint "G1PauseCleanup", Time since last: 51337187 ns, Reaching safepoint: 12423 ns, Cleanup: 28345 ns, At safepoint: 3224854 ns, Total: 3265622 ns
[2025-06-23T15:14:05.067+0000][1][gc,marking  ] GC(49) Concurrent Clear Claimed Marks
[2025-06-23T15:14:05.068+0000][1][gc,marking  ] GC(49) Concurrent Clear Claimed Marks 0.815ms
[2025-06-23T15:14:05.068+0000][1][gc,marking  ] GC(49) Concurrent Cleanup for Next Mark
[2025-06-23T15:14:05.075+0000][1][gc,marking  ] GC(49) Concurrent Cleanup for Next Mark 6.515ms
[2025-06-23T15:14:05.076+0000][1][gc          ] GC(49) Concurrent Mark Cycle 566.518ms
[2025-06-23T15:15:08.160+0000][1][safepoint   ] Safepoint "Cleanup", Time since last: 63044993362 ns, Reaching safepoint: 2271444 ns, Cleanup: 55305 ns, At safepoint: 107466 ns, Total: 2434215 ns
[2025-06-23T15:15:09.610+0000][1][safepoint   ] Safepoint "Cleanup", Time since last: 1450006318 ns, Reaching safepoint: 14451 ns, Cleanup: 134011 ns, At safepoint: 6056 ns, Total: 154518 ns
[2025-06-23T15:15:20.635+0000][1][safepoint   ] Safepoint "Cleanup", Time since last: 11024739726 ns, Reaching safepoint: 246319 ns, Cleanup: 44672 ns, At safepoint: 17474 ns, Total: 308465 ns
[2025-06-23T15:16:10.969+0000][1][safepoint   ] Safepoint "Cleanup", Time since last: 50189695153 ns, Reaching safepoint: 280129 ns, Cleanup: 29939 ns, At safepoint: 17185 ns, Total: 327253 ns
[2025-06-23T15:18:54.385+0000][1][safepoint   ] Safepoint "Cleanup", Time since last: 163079675626 ns, Reaching safepoint: 1661046 ns, Cleanup: 112172 ns, At safepoint: 49717 ns, Total: 1822935 ns
[2025-06-23T15:19:11.471+0000][1][safepoint   ] Safepoint "Cleanup", Time since last: 17025729377 ns, Reaching safepoint: 228816 ns, Cleanup: 40122 ns, At safepoint: 22253 ns, Total: 291191 ns
[2025-06-23T15:19:21.477+0000][1][safepoint   ] Safepoint "Cleanup", Time since last: 10005071528 ns, Reaching safepoint: 57983 ns, Cleanup: 42530 ns, At safepoint: 18803 ns, Total: 119316 ns
[2025-06-23T15:21:37.569+0000][1][gc,start    ] GC(50) Pause Young (Prepare Mixed) (G1 Evacuation Pause)
[2025-06-23T15:21:37.579+0000][1][gc,task     ] GC(50) Using 13 workers of 13 for evacuation
[2025-06-23T15:21:37.580+0000][1][gc,age      ] GC(50) Desired survivor size 19398656 bytes, new threshold 15 (max threshold 15)
[2025-06-23T15:21:37.797+0000][1][gc,mmu      ] GC(50) MMU target violated: 201.0ms (200.0ms/201.0ms)
[2025-06-23T15:21:37.798+0000][1][gc,phases   ] GC(50)   Pre Evacuate Collection Set: 29.6ms
[2025-06-23T15:21:37.799+0000][1][gc,phases   ] GC(50)   Merge Heap Roots: 4.3ms
[2025-06-23T15:21:37.799+0000][1][gc,phases   ] GC(50)   Evacuate Collection Set: 157.8ms
[2025-06-23T15:21:37.800+0000][1][gc,phases   ] GC(50)   Post Evacuate Collection Set: 19.4ms
[2025-06-23T15:21:37.801+0000][1][gc,phases   ] GC(50)   Other: 12.8ms
[2025-06-23T15:21:37.801+0000][1][gc,age      ] GC(50) Age table with threshold 15 (max threshold 15)
[2025-06-23T15:21:37.802+0000][1][gc,age      ] GC(50) - age   1:     130144 bytes,     130144 total
[2025-06-23T15:21:37.803+0000][1][gc,age      ] GC(50) - age   2:       3600 bytes,     133744 total
[2025-06-23T15:21:37.803+0000][1][gc,age      ] GC(50) - age   3:       6016 bytes,     139760 total
[2025-06-23T15:21:37.804+0000][1][gc,age      ] GC(50) - age   4:      32952 bytes,     172712 total
[2025-06-23T15:21:37.804+0000][1][gc,age      ] GC(50) - age   5:       6040 bytes,     178752 total
[2025-06-23T15:21:37.805+0000][1][gc,age      ] GC(50) - age   6:       7592 bytes,     186344 total
[2025-06-23T15:21:37.805+0000][1][gc,age      ] GC(50) - age   7:      53472 bytes,     239816 total
[2025-06-23T15:21:37.805+0000][1][gc,age      ] GC(50) - age   8:       2760 bytes,     242576 total
[2025-06-23T15:21:37.806+0000][1][gc,age      ] GC(50) - age   9:       1904 bytes,     244480 total
[2025-06-23T15:21:37.806+0000][1][gc,age      ] GC(50) - age  10:      25328 bytes,     269808 total
[2025-06-23T15:21:37.807+0000][1][gc,age      ] GC(50) - age  11:        784 bytes,     270592 total
[2025-06-23T15:21:37.807+0000][1][gc,age      ] GC(50) - age  12:        848 bytes,     271440 total
[2025-06-23T15:21:37.807+0000][1][gc,age      ] GC(50) - age  13:       7816 bytes,     279256 total
[2025-06-23T15:21:37.808+0000][1][gc,age      ] GC(50) - age  14:      26408 bytes,     305664 total
[2025-06-23T15:21:37.808+0000][1][gc,age      ] GC(50) - age  15:      27248 bytes,     332912 total
[2025-06-23T15:21:37.809+0000][1][gc,heap     ] GC(50) Eden regions: 289->0(291)
[2025-06-23T15:21:37.810+0000][1][gc,heap     ] GC(50) Survivor regions: 2->1(37)
[2025-06-23T15:21:37.810+0000][1][gc,heap     ] GC(50) Old regions: 108->108
[2025-06-23T15:21:37.811+0000][1][gc,heap     ] GC(50) Humongous regions: 8->8
[2025-06-23T15:21:37.811+0000][1][gc,metaspace] GC(50) Metaspace: 152701K(157312K)->152701K(157312K) NonClass: 134272K(136640K)->134272K(136640K) Class: 18428K(20672K)->18428K(20672K)
[2025-06-23T15:21:37.814+0000][1][gc          ] GC(50) Pause Young (Prepare Mixed) (G1 Evacuation Pause) 405M->116M(512M) 245.037ms
[2025-06-23T15:21:37.815+0000][1][gc,cpu      ] GC(50) User=1.06s Sys=0.02s Real=0.25s
[2025-06-23T15:21:37.815+0000][1][safepoint   ] Safepoint "G1CollectForAllocation", Time since last: 135738210918 ns, Reaching safepoint: 213213 ns, Cleanup: 103152 ns, At safepoint: 251411206 ns, Total: 251727571 ns
[2025-06-23T15:23:08.079+0000][1][safepoint   ] Safepoint "Cleanup", Time since last: 90039057274 ns, Reaching safepoint: 111660 ns, Cleanup: 119542 ns, At safepoint: 11992 ns, Total: 243194 ns
[2025-06-23T15:23:33.178+0000][1][safepoint   ] Safepoint "Cleanup", Time since last: 25014656837 ns, Reaching safepoint: 359717 ns, Cleanup: 76628 ns, At safepoint: 11253 ns, Total: 447598 ns
[2025-06-23T15:23:52.185+0000][1][safepoint   ] Safepoint "Cleanup", Time since last: 19007478072 ns, Reaching safepoint: 130277 ns, Cleanup: 21275 ns, At safepoint: 7609 ns, Total: 159161 ns
[2025-06-23T15:29:14.062+0000][1][safepoint   ] Safepoint "Cleanup", Time since last: 321076623316 ns, Reaching safepoint: 1637069 ns, Cleanup: 587836 ns, At safepoint: 56668 ns, Total: 2281573 ns
[2025-06-23T15:29:16.066+0000][1][safepoint   ] Safepoint "Cleanup", Time since last: 2004538333 ns, Reaching safepoint: 24721 ns, Cleanup: 25181 ns, At safepoint: 7645 ns, Total: 57547 ns
[2025-06-23T15:29:29.613+0000][1][gc,start    ] GC(51) Pause Young (Mixed) (G1 Evacuation Pause)
[2025-06-23T15:29:29.620+0000][1][gc,task     ] GC(51) Using 13 workers of 13 for evacuation
[2025-06-23T15:29:29.627+0000][1][gc,age      ] GC(51) Desired survivor size 19398656 bytes, new threshold 15 (max threshold 15)
[2025-06-23T15:29:30.085+0000][1][gc,mmu      ] GC(51) MMU target violated: 201.0ms (200.0ms/201.0ms)
[2025-06-23T15:29:30.090+0000][1][gc,phases   ] GC(51)   Pre Evacuate Collection Set: 51.9ms
[2025-06-23T15:29:30.094+0000][1][gc,phases   ] GC(51)   Merge Heap Roots: 3.7ms
[2025-06-23T15:29:30.096+0000][1][gc,phases   ] GC(51)   Evacuate Collection Set: 369.6ms
[2025-06-23T15:29:30.098+0000][1][gc,phases   ] GC(51)   Post Evacuate Collection Set: 24.3ms
[2025-06-23T15:29:30.099+0000][1][gc,phases   ] GC(51)   Other: 21.5ms
[2025-06-23T15:29:30.101+0000][1][gc,age      ] GC(51) Age table with threshold 15 (max threshold 15)
[2025-06-23T15:29:30.102+0000][1][gc,age      ] GC(51) - age   1:      19208 bytes,      19208 total
[2025-06-23T15:29:30.104+0000][1][gc,age      ] GC(51) - age   2:     111400 bytes,     130608 total
[2025-06-23T15:29:30.106+0000][1][gc,age      ] GC(51) - age   3:       2704 bytes,     133312 total
[2025-06-23T15:29:30.108+0000][1][gc,age      ] GC(51) - age   4:       5792 bytes,     139104 total
[2025-06-23T15:29:30.110+0000][1][gc,age      ] GC(51) - age   5:      32952 bytes,     172056 total
[2025-06-23T15:29:30.111+0000][1][gc,age      ] GC(51) - age   6:       6040 bytes,     178096 total
[2025-06-23T15:29:30.112+0000][1][gc,age      ] GC(51) - age   7:       7592 bytes,     185688 total
[2025-06-23T15:29:30.113+0000][1][gc,age      ] GC(51) - age   8:      53168 bytes,     238856 total
[2025-06-23T15:29:30.114+0000][1][gc,age      ] GC(51) - age   9:       2760 bytes,     241616 total
[2025-06-23T15:29:30.115+0000][1][gc,age      ] GC(51) - age  10:       1904 bytes,     243520 total
[2025-06-23T15:29:30.115+0000][1][gc,age      ] GC(51) - age  11:      25328 bytes,     268848 total
[2025-06-23T15:29:30.116+0000][1][gc,age      ] GC(51) - age  12:        784 bytes,     269632 total
[2025-06-23T15:29:30.117+0000][1][gc,age      ] GC(51) - age  13:        848 bytes,     270480 total
[2025-06-23T15:29:30.117+0000][1][gc,age      ] GC(51) - age  14:       7816 bytes,     278296 total
[2025-06-23T15:29:30.118+0000][1][gc,age      ] GC(51) - age  15:      26408 bytes,     304704 total
[2025-06-23T15:29:30.119+0000][1][gc,heap     ] GC(51) Eden regions: 291->0(291)
[2025-06-23T15:29:30.119+0000][1][gc,heap     ] GC(51) Survivor regions: 1->1(37)
[2025-06-23T15:29:30.120+0000][1][gc,heap     ] GC(51) Old regions: 108->108
[2025-06-23T15:29:30.121+0000][1][gc,heap     ] GC(51) Humongous regions: 8->8
[2025-06-23T15:29:30.122+0000][1][gc,metaspace] GC(51) Metaspace: 152702K(157312K)->152702K(157312K) NonClass: 134273K(136640K)->134273K(136640K) Class: 18428K(20672K)->18428K(20672K)
[2025-06-23T15:29:30.122+0000][1][gc          ] GC(51) Pause Young (Mixed) (G1 Evacuation Pause) 407M->116M(512M) 509.905ms
[2025-06-23T15:29:30.123+0000][1][gc,cpu      ] GC(51) User=2.04s Sys=0.05s Real=0.51s
[2025-06-23T15:29:30.124+0000][1][safepoint   ] Safepoint "G1CollectForAllocation", Time since last: 13469874248 ns, Reaching safepoint: 246263 ns, Cleanup: 93259 ns, At safepoint: 517105659 ns, Total: 517445181 ns
[2025-06-23T15:33:29.682+0000][1][safepoint   ] Safepoint "Cleanup", Time since last: 239118043502 ns, Reaching safepoint: 66763019 ns, Cleanup: 3658698 ns, At safepoint: 2589935 ns, Total: 73011652 ns
[2025-06-23T15:33:31.700+0000][1][safepoint   ] Safepoint "Cleanup", Time since last: 2020926955 ns, Reaching safepoint: 27039 ns, Cleanup: 15877 ns, At safepoint: 5381 ns, Total: 48297 ns
[2025-06-23T15:34:24.393+0000][1][safepoint   ] Safepoint "Cleanup", Time since last: 52628322855 ns, Reaching safepoint: 69383 ns, Cleanup: 2465588 ns, At safepoint: 50806 ns, Total: 2585777 ns
[2025-06-23T15:34:29.466+0000][1][safepoint   ] Safepoint "Cleanup", Time since last: 5002611677 ns, Reaching safepoint: 30019 ns, Cleanup: 13356 ns, At safepoint: 4213 ns, Total: 47588 ns
[2025-06-23T15:34:32.473+0000][1][safepoint   ] Safepoint "Cleanup", Time since last: 3006379191 ns, Reaching safepoint: 124401 ns, Cleanup: 34585 ns, At safepoint: 14505 ns, Total: 173491 ns
[2025-06-23T15:34:54.481+0000][1][safepoint   ] Safepoint "Cleanup", Time since last: 22008416384 ns, Reaching safepoint: 110747 ns, Cleanup: 27590 ns, At safepoint: 11155 ns, Total: 149492 ns
[2025-06-23T15:35:13.554+0000][1][safepoint   ] Safepoint "Cleanup", Time since last: 19009041652 ns, Reaching safepoint: 754606 ns, Cleanup: 26796 ns, At safepoint: 37090 ns, Total: 818492 ns
[2025-06-23T15:35:14.556+0000][1][safepoint   ] Safepoint "Cleanup", Time since last: 1001633481 ns, Reaching safepoint: 389926 ns, Cleanup: 33074 ns, At safepoint: 10198 ns, Total: 433198 ns
[2025-06-23T15:35:17.560+0000][1][safepoint   ] Safepoint "Cleanup", Time since last: 3002989204 ns, Reaching safepoint: 318999 ns, Cleanup: 161629 ns, At safepoint: 36772 ns, Total: 517400 ns
[2025-06-23T15:35:24.563+0000][1][safepoint   ] Safepoint "Cleanup", Time since last: 7003336130 ns, Reaching safepoint: 89157 ns, Cleanup: 19851 ns, At safepoint: 4250 ns, Total: 113258 ns
[2025-06-23T15:37:19.704+0000][1][gc,start    ] GC(52) Pause Young (Concurrent Start) (G1 Evacuation Pause)
[2025-06-23T15:37:19.713+0000][1][gc,task     ] GC(52) Using 13 workers of 13 for evacuation
[2025-06-23T15:37:19.716+0000][1][gc,age      ] GC(52) Desired survivor size 19398656 bytes, new threshold 15 (max threshold 15)
[2025-06-23T15:37:19.955+0000][1][gc,mmu      ] GC(52) MMU target violated: 201.0ms (200.0ms/201.0ms)
[2025-06-23T15:37:19.956+0000][1][gc,phases   ] GC(52)   Pre Evacuate Collection Set: 24.4ms
[2025-06-23T15:37:19.957+0000][1][gc,phases   ] GC(52)   Merge Heap Roots: 3.5ms
[2025-06-23T15:37:19.958+0000][1][gc,phases   ] GC(52)   Evacuate Collection Set: 197.4ms
[2025-06-23T15:37:19.958+0000][1][gc,phases   ] GC(52)   Post Evacuate Collection Set: 10.2ms
[2025-06-23T15:37:19.959+0000][1][gc,phases   ] GC(52)   Other: 12.4ms
[2025-06-23T15:37:19.959+0000][1][gc,age      ] GC(52) Age table with threshold 15 (max threshold 15)
[2025-06-23T15:37:19.960+0000][1][gc,age      ] GC(52) - age   1:     116544 bytes,     116544 total
[2025-06-23T15:37:19.961+0000][1][gc,age      ] GC(52) - age   2:       2408 bytes,     118952 total
[2025-06-23T15:37:19.961+0000][1][gc,age      ] GC(52) - age   3:     110680 bytes,     229632 total
[2025-06-23T15:37:19.961+0000][1][gc,age      ] GC(52) - age   4:       2704 bytes,     232336 total
[2025-06-23T15:37:19.962+0000][1][gc,age      ] GC(52) - age   5:       5480 bytes,     237816 total
[2025-06-23T15:37:19.963+0000][1][gc,age      ] GC(52) - age   6:      32952 bytes,     270768 total
[2025-06-23T15:37:19.963+0000][1][gc,age      ] GC(52) - age   7:       6040 bytes,     276808 total
[2025-06-23T15:37:19.964+0000][1][gc,age      ] GC(52) - age   8:       7592 bytes,     284400 total
[2025-06-23T15:37:19.964+0000][1][gc,age      ] GC(52) - age   9:      52160 bytes,     336560 total
[2025-06-23T15:37:19.964+0000][1][gc,age      ] GC(52) - age  10:       2760 bytes,     339320 total
[2025-06-23T15:37:19.965+0000][1][gc,age      ] GC(52) - age  11:       1904 bytes,     341224 total
[2025-06-23T15:37:19.965+0000][1][gc,age      ] GC(52) - age  12:      25328 bytes,     366552 total
[2025-06-23T15:37:19.966+0000][1][gc,age      ] GC(52) - age  13:        784 bytes,     367336 total
[2025-06-23T15:37:19.966+0000][1][gc,age      ] GC(52) - age  14:        848 bytes,     368184 total
[2025-06-23T15:37:19.967+0000][1][gc,age      ] GC(52) - age  15:       7816 bytes,     376000 total
[2025-06-23T15:37:19.967+0000][1][gc,heap     ] GC(52) Eden regions: 291->0(291)
[2025-06-23T15:37:19.968+0000][1][gc,heap     ] GC(52) Survivor regions: 1->1(37)
[2025-06-23T15:37:19.968+0000][1][gc,heap     ] GC(52) Old regions: 108->108
[2025-06-23T15:37:19.969+0000][1][gc,heap     ] GC(52) Humongous regions: 8->8
[2025-06-23T15:37:19.969+0000][1][gc,metaspace] GC(52) Metaspace: 152702K(157312K)->152702K(157312K) NonClass: 134273K(136640K)->134273K(136640K) Class: 18428K(20672K)->18428K(20672K)
[2025-06-23T15:37:19.970+0000][1][gc          ] GC(52) Pause Young (Concurrent Start) (G1 Evacuation Pause) 407M->116M(512M) 266.181ms
[2025-06-23T15:37:19.971+0000][1][gc,cpu      ] GC(52) User=0.86s Sys=0.01s Real=0.27s
[2025-06-23T15:37:19.972+0000][1][safepoint   ] Safepoint "G1CollectForAllocation", Time since last: 114967359240 ns, Reaching safepoint: 60271 ns, Cleanup: 123567 ns, At safepoint: 275360143 ns, Total: 275543981 ns
[2025-06-23T15:37:19.972+0000][1][gc          ] GC(53) Concurrent Mark Cycle
[2025-06-23T15:37:19.974+0000][1][gc,marking  ] GC(53) Concurrent Scan Root Regions
[2025-06-23T15:37:20.097+0000][1][gc,marking  ] GC(53) Concurrent Scan Root Regions 123.150ms
[2025-06-23T15:37:20.097+0000][1][gc,marking  ] GC(53) Concurrent Mark
[2025-06-23T15:37:20.098+0000][1][gc,marking  ] GC(53) Concurrent Mark From Roots
[2025-06-23T15:37:20.099+0000][1][gc,task     ] GC(53) Using 3 workers of 3 for marking
[2025-06-23T15:37:20.464+0000][1][gc,marking  ] GC(53) Concurrent Mark From Roots 366.244ms
[2025-06-23T15:37:20.465+0000][1][gc,marking  ] GC(53) Concurrent Preclean
[2025-06-23T15:37:20.466+0000][1][gc,marking  ] GC(53) Concurrent Preclean 1.638ms
[2025-06-23T15:37:20.467+0000][1][gc,start    ] GC(53) Pause Remark
[2025-06-23T15:37:21.986+0000][1][gc,mmu      ] GC(53) MMU target violated: 201.0ms (200.0ms/201.0ms)
[2025-06-23T15:37:21.987+0000][1][gc          ] GC(53) Pause Remark 118M->118M(512M) 1519.478ms
[2025-06-23T15:37:21.987+0000][1][gc,cpu      ] GC(53) User=10.03s Sys=0.00s Real=1.52s
[2025-06-23T15:37:21.988+0000][1][safepoint   ] Safepoint "G1PauseRemark", Time since last: 495505294 ns, Reaching safepoint: 31589 ns, Cleanup: 9842 ns, At safepoint: 1520606686 ns, Total: 1520648117 ns
[2025-06-23T15:37:21.989+0000][1][gc,marking  ] GC(53) Concurrent Mark 1891.405ms
[2025-06-23T15:37:21.990+0000][1][gc,marking  ] GC(53) Concurrent Rebuild Remembered Sets and Scrub Regions
[2025-06-23T15:37:22.800+0000][1][gc,marking  ] GC(53) Concurrent Rebuild Remembered Sets and Scrub Regions 810.368ms
[2025-06-23T15:37:22.804+0000][1][gc,start    ] GC(53) Pause Cleanup
[2025-06-23T15:37:22.805+0000][1][gc          ] GC(53) Pause Cleanup 119M->119M(512M) 1.385ms
[2025-06-23T15:37:22.806+0000][1][gc,cpu      ] GC(53) User=0.00s Sys=0.00s Real=0.01s
[2025-06-23T15:37:22.806+0000][1][safepoint   ] Safepoint "G1PauseCleanup", Time since last: 812694218 ns, Reaching safepoint: 3291626 ns, Cleanup: 53390 ns, At safepoint: 2460333 ns, Total: 5805349 ns
[2025-06-23T15:37:22.807+0000][1][gc,marking  ] GC(53) Concurrent Clear Claimed Marks
[2025-06-23T15:37:22.808+0000][1][gc,marking  ] GC(53) Concurrent Clear Claimed Marks 0.821ms
[2025-06-23T15:37:22.808+0000][1][gc,marking  ] GC(53) Concurrent Cleanup for Next Mark
[2025-06-23T15:37:22.815+0000][1][gc,marking  ] GC(53) Concurrent Cleanup for Next Mark 6.756ms
[2025-06-23T15:37:22.816+0000][1][gc          ] GC(53) Concurrent Mark Cycle 2843.973ms
[2025-06-23T15:37:29.872+0000][1][safepoint   ] Safepoint "Cleanup", Time since last: 7004374654 ns, Reaching safepoint: 455793 ns, Cleanup: 159796 ns, At safepoint: 35523 ns, Total: 651112 ns
[2025-06-23T15:37:54.888+0000][1][safepoint   ] Safepoint "Cleanup", Time since last: 25015768285 ns, Reaching safepoint: 92762 ns, Cleanup: 31502 ns, At safepoint: 10235 ns, Total: 134499 ns
[2025-06-23T15:38:48.339+0000][1][safepoint   ] Safepoint "Cleanup", Time since last: 53327197597 ns, Reaching safepoint: 25712 ns, Cleanup: 22735 ns, At safepoint: 8645 ns, Total: 57092 ns
[2025-06-23T15:38:54.342+0000][1][safepoint   ] Safepoint "Cleanup", Time since last: 6002782306 ns, Reaching safepoint: 59705 ns, Cleanup: 13268 ns, At safepoint: 3976 ns, Total: 76949 ns
[2025-06-23T15:38:55.343+0000][1][safepoint   ] Safepoint "Cleanup", Time since last: 1001038537 ns, Reaching safepoint: 27254 ns, Cleanup: 20253 ns, At safepoint: 7464 ns, Total: 54971 ns
[2025-06-23T15:39:54.619+0000][1][safepoint   ] Safepoint "Cleanup", Time since last: 59140733583 ns, Reaching safepoint: 956145 ns, Cleanup: 160467 ns, At safepoint: 12817 ns, Total: 1129429 ns
[2025-06-23T15:39:55.621+0000][1][safepoint   ] Safepoint "Cleanup", Time since last: 1001977456 ns, Reaching safepoint: 21496 ns, Cleanup: 16544 ns, At safepoint: 4400 ns, Total: 42440 ns
[2025-06-23T15:40:03.682+0000][1][safepoint   ] Safepoint "Cleanup", Time since last: 8003297769 ns, Reaching safepoint: 61230 ns, Cleanup: 98458 ns, At safepoint: 6664 ns, Total: 166352 ns
[2025-06-23T15:40:24.768+0000][1][safepoint   ] Safepoint "Cleanup", Time since last: 21084540174 ns, Reaching safepoint: 480215 ns, Cleanup: 96241 ns, At safepoint: 16246 ns, Total: 592702 ns
[2025-06-23T15:40:54.751+0000][1][safepoint   ] Safepoint "Cleanup", Time since last: 30015869679 ns, Reaching safepoint: 153869 ns, Cleanup: 28730 ns, At safepoint: 11132 ns, Total: 193731 ns
[2025-06-23T15:43:25.489+0000][1][safepoint   ] Safepoint "Cleanup", Time since last: 150433704372 ns, Reaching safepoint: 2282872 ns, Cleanup: 1355607 ns, At safepoint: 61923 ns, Total: 3700402 ns
[2025-06-23T15:44:16.633+0000][1][safepoint   ] Safepoint "Cleanup", Time since last: 51027519837 ns, Reaching safepoint: 187665 ns, Cleanup: 33437 ns, At safepoint: 13823 ns, Total: 234925 ns
[2025-06-23T15:45:05.901+0000][1][gc,start    ] GC(54) Pause Young (Prepare Mixed) (G1 Evacuation Pause)
[2025-06-23T15:45:05.918+0000][1][gc,task     ] GC(54) Using 13 workers of 13 for evacuation
[2025-06-23T15:45:05.924+0000][1][gc,age      ] GC(54) Desired survivor size 19398656 bytes, new threshold 15 (max threshold 15)
[2025-06-23T15:45:06.283+0000][1][gc,mmu      ] GC(54) MMU target violated: 201.0ms (200.0ms/201.0ms)
[2025-06-23T15:45:06.284+0000][1][gc,phases   ] GC(54)   Pre Evacuate Collection Set: 90.3ms
[2025-06-23T15:45:06.285+0000][1][gc,phases   ] GC(54)   Merge Heap Roots: 4.4ms
[2025-06-23T15:45:06.285+0000][1][gc,phases   ] GC(54)   Evacuate Collection Set: 225.3ms
[2025-06-23T15:45:06.285+0000][1][gc,phases   ] GC(54)   Post Evacuate Collection Set: 26.7ms
[2025-06-23T15:45:06.286+0000][1][gc,phases   ] GC(54)   Other: 27.7ms
[2025-06-23T15:45:06.286+0000][1][gc,age      ] GC(54) Age table with threshold 15 (max threshold 15)
[2025-06-23T15:45:06.287+0000][1][gc,age      ] GC(54) - age   1:     663064 bytes,     663064 total
[2025-06-23T15:45:06.288+0000][1][gc,age      ] GC(54) - age   2:      23648 bytes,     686712 total
[2025-06-23T15:45:06.288+0000][1][gc,age      ] GC(54) - age   3:       1312 bytes,     688024 total
[2025-06-23T15:45:06.288+0000][1][gc,age      ] GC(54) - age   4:     110144 bytes,     798168 total
[2025-06-23T15:45:06.289+0000][1][gc,age      ] GC(54) - age   5:       1584 bytes,     799752 total
[2025-06-23T15:45:06.289+0000][1][gc,age      ] GC(54) - age   6:       5480 bytes,     805232 total
[2025-06-23T15:45:06.289+0000][1][gc,age      ] GC(54) - age   7:      32952 bytes,     838184 total
[2025-06-23T15:45:06.290+0000][1][gc,age      ] GC(54) - age   8:       6040 bytes,     844224 total
[2025-06-23T15:45:06.290+0000][1][gc,age      ] GC(54) - age   9:       7296 bytes,     851520 total
[2025-06-23T15:45:06.290+0000][1][gc,age      ] GC(54) - age  10:      52160 bytes,     903680 total
[2025-06-23T15:45:06.290+0000][1][gc,age      ] GC(54) - age  11:       2760 bytes,     906440 total
[2025-06-23T15:45:06.291+0000][1][gc,age      ] GC(54) - age  12:       1904 bytes,     908344 total
[2025-06-23T15:45:06.291+0000][1][gc,age      ] GC(54) - age  13:      25288 bytes,     933632 total
[2025-06-23T15:45:06.291+0000][1][gc,age      ] GC(54) - age  14:        784 bytes,     934416 total
[2025-06-23T15:45:06.292+0000][1][gc,age      ] GC(54) - age  15:        848 bytes,     935264 total
[2025-06-23T15:45:06.292+0000][1][gc,heap     ] GC(54) Eden regions: 291->0(291)
[2025-06-23T15:45:06.293+0000][1][gc,heap     ] GC(54) Survivor regions: 1->1(37)
[2025-06-23T15:45:06.293+0000][1][gc,heap     ] GC(54) Old regions: 108->108
[2025-06-23T15:45:06.294+0000][1][gc,heap     ] GC(54) Humongous regions: 8->8
[2025-06-23T15:45:06.295+0000][1][gc,metaspace] GC(54) Metaspace: 152720K(157376K)->152720K(157376K) NonClass: 134300K(136704K)->134300K(136704K) Class: 18420K(20672K)->18420K(20672K)
[2025-06-23T15:45:06.297+0000][1][gc          ] GC(54) Pause Young (Prepare Mixed) (G1 Evacuation Pause) 407M->116M(512M) 395.945ms
[2025-06-23T15:45:06.297+0000][1][gc,cpu      ] GC(54) User=1.93s Sys=0.00s Real=0.40s
[2025-06-23T15:45:06.298+0000][1][safepoint   ] Safepoint "G1CollectForAllocation", Time since last: 49221198010 ns, Reaching safepoint: 284311 ns, Cleanup: 8690 ns, At safepoint: 405665508 ns, Total: 405958509 ns
[2025-06-23T15:45:08.538+0000][1][safepoint   ] Safepoint "Cleanup", Time since last: 2231847767 ns, Reaching safepoint: 6161650 ns, Cleanup: 584421 ns, At safepoint: 799525 ns, Total: 7545596 ns
[2025-06-23T15:45:09.543+0000][1][safepoint   ] Safepoint "Cleanup", Time since last: 1004454201 ns, Reaching safepoint: 582425 ns, Cleanup: 200403 ns, At safepoint: 152847 ns, Total: 935675 ns
[2025-06-23T15:45:17.547+0000][1][safepoint   ] Safepoint "Cleanup", Time since last: 8004167814 ns, Reaching safepoint: 65627 ns, Cleanup: 17012 ns, At safepoint: 6959 ns, Total: 89598 ns
[2025-06-23T16:13:26.173+0000][1][safepoint   ] Safepoint "Cleanup", Time since last: 108460776920 ns, Reaching safepoint: 19219800 ns, Cleanup: 2288697 ns, At safepoint: 1232257 ns, Total: 22740754 ns
[2025-06-23T16:15:16.640+0000][1][safepoint   ] Safepoint "Cleanup", Time since last: 110257972141 ns, Reaching safepoint: 50311094 ns, Cleanup: 3216978 ns, At safepoint: 1710881 ns, Total: 55238953 ns
[2025-06-23T16:17:20.034+0000][1][safepoint   ] Safepoint "Cleanup", Time since last: 123096088382 ns, Reaching safepoint: 30759556 ns, Cleanup: 1612966 ns, At safepoint: 807994 ns, Total: 33180516 ns
[2025-06-23T16:19:11.266+0000][1][gc,start    ] GC(55) Pause Young (Mixed) (G1 Evacuation Pause)
[2025-06-23T16:19:11.286+0000][1][gc,task     ] GC(55) Using 13 workers of 13 for evacuation
[2025-06-23T16:19:11.296+0000][1][gc,age      ] GC(55) Desired survivor size 19398656 bytes, new threshold 15 (max threshold 15)
[2025-06-23T16:19:12.053+0000][1][gc,mmu      ] GC(55) MMU target violated: 201.0ms (200.0ms/201.0ms)
[2025-06-23T16:19:12.055+0000][1][gc,phases   ] GC(55)   Pre Evacuate Collection Set: 51.6ms
[2025-06-23T16:19:12.057+0000][1][gc,phases   ] GC(55)   Merge Heap Roots: 4.4ms
[2025-06-23T16:19:12.058+0000][1][gc,phases   ] GC(55)   Evacuate Collection Set: 633.6ms
[2025-06-23T16:19:12.059+0000][1][gc,phases   ] GC(55)   Post Evacuate Collection Set: 51.2ms
[2025-06-23T16:19:12.060+0000][1][gc,phases   ] GC(55)   Other: 30.6ms
[2025-06-23T16:19:12.061+0000][1][gc,age      ] GC(55) Age table with threshold 15 (max threshold 15)
[2025-06-23T16:19:12.062+0000][1][gc,age      ] GC(55) - age   1:     202656 bytes,     202656 total
[2025-06-23T16:19:12.063+0000][1][gc,age      ] GC(55) - age   2:      22632 bytes,     225288 total
[2025-06-23T16:19:12.063+0000][1][gc,age      ] GC(55) - age   3:      23616 bytes,     248904 total
[2025-06-23T16:19:12.065+0000][1][gc,age      ] GC(55) - age   4:       1312 bytes,     250216 total
[2025-06-23T16:19:12.066+0000][1][gc,age      ] GC(55) - age   5:      95744 bytes,     345960 total
[2025-06-23T16:19:12.067+0000][1][gc,age      ] GC(55) - age   6:       1288 bytes,     347248 total
[2025-06-23T16:19:12.068+0000][1][gc,age      ] GC(55) - age   7:       5480 bytes,     352728 total
[2025-06-23T16:19:12.068+0000][1][gc,age      ] GC(55) - age   8:      32952 bytes,     385680 total
[2025-06-23T16:19:12.069+0000][1][gc,age      ] GC(55) - age   9:       6040 bytes,     391720 total
[2025-06-23T16:19:12.070+0000][1][gc,age      ] GC(55) - age  10:       7296 bytes,     399016 total
[2025-06-23T16:19:12.071+0000][1][gc,age      ] GC(55) - age  11:      52160 bytes,     451176 total
[2025-06-23T16:19:12.073+0000][1][gc,age      ] GC(55) - age  12:       2760 bytes,     453936 total
[2025-06-23T16:19:12.073+0000][1][gc,age      ] GC(55) - age  13:       1904 bytes,     455840 total
[2025-06-23T16:19:12.075+0000][1][gc,age      ] GC(55) - age  14:      24992 bytes,     480832 total
[2025-06-23T16:19:12.075+0000][1][gc,age      ] GC(55) - age  15:        784 bytes,     481616 total
[2025-06-23T16:19:12.077+0000][1][gc,heap     ] GC(55) Eden regions: 291->0(24)
[2025-06-23T16:19:12.077+0000][1][gc,heap     ] GC(55) Survivor regions: 1->1(37)
[2025-06-23T16:19:12.079+0000][1][gc,heap     ] GC(55) Old regions: 108->108
[2025-06-23T16:19:12.079+0000][1][gc,heap     ] GC(55) Humongous regions: 8->8
[2025-06-23T16:19:12.081+0000][1][gc,metaspace] GC(55) Metaspace: 152734K(157376K)->152734K(157376K) NonClass: 134314K(136704K)->134314K(136704K) Class: 18420K(20672K)->18420K(20672K)
[2025-06-23T16:19:12.084+0000][1][gc          ] GC(55) Pause Young (Mixed) (G1 Evacuation Pause) 407M->116M(512M) 819.446ms
[2025-06-23T16:19:12.086+0000][1][gc,cpu      ] GC(55) User=3.41s Sys=0.07s Real=0.83s
[2025-06-23T16:19:12.088+0000][1][safepoint   ] Safepoint "G1CollectForAllocation", Time since last: 110861530970 ns, Reaching safepoint: 30577591 ns, Cleanup: 2154050 ns, At safepoint: 830192648 ns, Total: 862924289 ns
[2025-06-23T16:19:17.094+0000][1][safepoint   ] Safepoint "Cleanup", Time since last: 5003490259 ns, Reaching safepoint: 2416567 ns, Cleanup: 834033 ns, At safepoint: 218311 ns, Total: 3468911 ns
[2025-06-23T16:19:18.105+0000][1][safepoint   ] Safepoint "Cleanup", Time since last: 1001070633 ns, Reaching safepoint: 8828783 ns, Cleanup: 62986 ns, At safepoint: 373311 ns, Total: 9265080 ns
[2025-06-23T16:19:19.108+0000][1][safepoint   ] Safepoint "Cleanup", Time since last: 1001822713 ns, Reaching safepoint: 1164753 ns, Cleanup: 428981 ns, At safepoint: 348038 ns, Total: 1941772 ns
[2025-06-23T16:19:20.111+0000][1][safepoint   ] Safepoint "Cleanup", Time since last: 1001189896 ns, Reaching safepoint: 1007404 ns, Cleanup: 258111 ns, At safepoint: 131869 ns, Total: 1397384 ns
[2025-06-23T16:19:21.143+0000][1][safepoint   ] Safepoint "Cleanup", Time since last: 1031395604 ns, Reaching safepoint: 148147 ns, Cleanup: 126287 ns, At safepoint: 30002 ns, Total: 304436 ns
[2025-06-23T16:19:22.199+0000][1][safepoint   ] Safepoint "Cleanup", Time since last: 1001223306 ns, Reaching safepoint: 952162 ns, Cleanup: 91804 ns, At safepoint: 98607 ns, Total: 1142573 ns
[2025-06-23T16:19:23.200+0000][1][safepoint   ] Safepoint "Cleanup", Time since last: 1001037413 ns, Reaching safepoint: 26718 ns, Cleanup: 37917 ns, At safepoint: 6945 ns, Total: 71580 ns
[2025-06-23T16:19:24.203+0000][1][safepoint   ] Safepoint "Cleanup", Time since last: 1002767389 ns, Reaching safepoint: 85239 ns, Cleanup: 42393 ns, At safepoint: 43511 ns, Total: 171143 ns
[2025-06-23T16:19:25.204+0000][1][safepoint   ] Safepoint "Cleanup", Time since last: 1001437658 ns, Reaching safepoint: 79873 ns, Cleanup: 196835 ns, At safepoint: 13962 ns, Total: 290670 ns
[2025-06-23T16:19:26.948+0000][1][safepoint   ] Safepoint "Cleanup", Time since last: 1743195564 ns, Reaching safepoint: 235770 ns, Cleanup: 249746 ns, At safepoint: 144947 ns, Total: 630463 ns
[2025-06-23T16:19:27.950+0000][1][safepoint   ] Safepoint "Cleanup", Time since last: 1001082059 ns, Reaching safepoint: 122213 ns, Cleanup: 68435 ns, At safepoint: 134696 ns, Total: 325344 ns
[2025-06-23T16:19:29.293+0000][1][safepoint   ] Safepoint "Cleanup", Time since last: 1342800229 ns, Reaching safepoint: 85522 ns, Cleanup: 110157 ns, At safepoint: 59152 ns, Total: 254831 ns
[2025-06-23T16:19:30.771+0000][1][safepoint   ] Safepoint "Cleanup", Time since last: 1477754136 ns, Reaching safepoint: 56250 ns, Cleanup: 198574 ns, At safepoint: 30531 ns, Total: 285355 ns
[2025-06-23T16:19:32.661+0000][1][safepoint   ] Safepoint "Cleanup", Time since last: 1888454288 ns, Reaching safepoint: 1180971 ns, Cleanup: 123892 ns, At safepoint: 142650 ns, Total: 1447513 ns
[2025-06-23T16:19:34.311+0000][1][safepoint   ] Safepoint "Cleanup", Time since last: 1646975958 ns, Reaching safepoint: 2740755 ns, Cleanup: 149951 ns, At safepoint: 282436 ns, Total: 3173142 ns
[2025-06-23T16:19:35.323+0000][1][safepoint   ] Safepoint "Cleanup", Time since last: 1010807603 ns, Reaching safepoint: 816433 ns, Cleanup: 146648 ns, At safepoint: 360131 ns, Total: 1323212 ns
[2025-06-23T16:19:36.730+0000][1][safepoint   ] Safepoint "Cleanup", Time since last: 1406808943 ns, Reaching safepoint: 202611 ns, Cleanup: 129038 ns, At safepoint: 23463 ns, Total: 355112 ns
[2025-06-23T16:19:37.819+0000][1][safepoint   ] Safepoint "Cleanup", Time since last: 1088508228 ns, Reaching safepoint: 142194 ns, Cleanup: 64767 ns, At safepoint: 12855 ns, Total: 219816 ns
[2025-06-23T16:19:38.892+0000][1][safepoint   ] Safepoint "Cleanup", Time since last: 1073187162 ns, Reaching safepoint: 17541 ns, Cleanup: 50718 ns, At safepoint: 30889 ns, Total: 99148 ns
[2025-06-23T16:19:40.679+0000][1][safepoint   ] Safepoint "Cleanup", Time since last: 1786265014 ns, Reaching safepoint: 533793 ns, Cleanup: 120368 ns, At safepoint: 206915 ns, Total: 861076 ns
[2025-06-23T16:19:42.104+0000][1][safepoint   ] Safepoint "Cleanup", Time since last: 1424616617 ns, Reaching safepoint: 357153 ns, Cleanup: 92636 ns, At safepoint: 145655 ns, Total: 595444 ns
[2025-06-23T16:19:43.876+0000][1][safepoint   ] Safepoint "Cleanup", Time since last: 1770846013 ns, Reaching safepoint: 128604 ns, Cleanup: 94512 ns, At safepoint: 167823 ns, Total: 390939 ns
[2025-06-23T16:19:44.925+0000][1][safepoint   ] Safepoint "Cleanup", Time since last: 1049677793 ns, Reaching safepoint: 91588 ns, Cleanup: 42747 ns, At safepoint: 70948 ns, Total: 205283 ns
[2025-06-23T16:19:45.931+0000][1][safepoint   ] Safepoint "Cleanup", Time since last: 1005084827 ns, Reaching safepoint: 214902 ns, Cleanup: 55439 ns, At safepoint: 14559 ns, Total: 284900 ns
[2025-06-23T16:19:46.933+0000][1][safepoint   ] Safepoint "Cleanup", Time since last: 1001220353 ns, Reaching safepoint: 1232429 ns, Cleanup: 37601 ns, At safepoint: 103803 ns, Total: 1373833 ns
[2025-06-23T16:19:47.952+0000][1][safepoint   ] Safepoint "Cleanup", Time since last: 1018133790 ns, Reaching safepoint: 204923 ns, Cleanup: 82612 ns, At safepoint: 12613 ns, Total: 300148 ns
[2025-06-23T16:20:07.982+0000][1][safepoint   ] Safepoint "Cleanup", Time since last: 20022440369 ns, Reaching safepoint: 5702060 ns, Cleanup: 810999 ns, At safepoint: 808518 ns, Total: 7321577 ns
[2025-06-23T16:20:08.985+0000][1][safepoint   ] Safepoint "Cleanup", Time since last: 1003716150 ns, Reaching safepoint: 86293 ns, Cleanup: 27797 ns, At safepoint: 12331 ns, Total: 126421 ns
[2025-06-23T16:20:09.987+0000][1][safepoint   ] Safepoint "Cleanup", Time since last: 1001498784 ns, Reaching safepoint: 128380 ns, Cleanup: 131870 ns, At safepoint: 11757 ns, Total: 272007 ns
[2025-06-23T16:20:17.989+0000][1][safepoint   ] Safepoint "Cleanup", Time since last: 8002470566 ns, Reaching safepoint: 248588 ns, Cleanup: 32058 ns, At safepoint: 14277 ns, Total: 294923 ns
[2025-06-23T16:20:19.991+0000][1][safepoint   ] Safepoint "Cleanup", Time since last: 2001240150 ns, Reaching safepoint: 35516 ns, Cleanup: 117362 ns, At safepoint: 10675 ns, Total: 163553 ns
[2025-06-23T16:20:22.054+0000][1][safepoint   ] Safepoint "Cleanup", Time since last: 2001041139 ns, Reaching safepoint: 262357 ns, Cleanup: 244879 ns, At safepoint: 34986 ns, Total: 542222 ns
[2025-06-23T16:20:23.056+0000][1][safepoint   ] Safepoint "Cleanup", Time since last: 1001660179 ns, Reaching safepoint: 82617 ns, Cleanup: 172225 ns, At safepoint: 21466 ns, Total: 276308 ns
[2025-06-23T16:20:30.834+0000][1][safepoint   ] Safepoint "Cleanup", Time since last: 7777177484 ns, Reaching safepoint: 206949 ns, Cleanup: 46706 ns, At safepoint: 12037 ns, Total: 265692 ns
[2025-06-23T16:20:49.510+0000][1][gc,start    ] GC(56) Pause Young (Mixed) (G1 Evacuation Pause)
[2025-06-23T16:20:49.535+0000][1][gc,task     ] GC(56) Using 13 workers of 13 for evacuation
[2025-06-23T16:20:49.544+0000][1][gc,age      ] GC(56) Desired survivor size 12582912 bytes, new threshold 15 (max threshold 15)
[2025-06-23T16:20:51.803+0000][1][gc,mmu      ] GC(56) MMU target violated: 201.0ms (200.0ms/201.0ms)
[2025-06-23T16:20:51.805+0000][1][gc,phases   ] GC(56)   Pre Evacuate Collection Set: 217.2ms
[2025-06-23T16:20:51.805+0000][1][gc,phases   ] GC(56)   Merge Heap Roots: 20.9ms
[2025-06-23T16:20:51.805+0000][1][gc,phases   ] GC(56)   Evacuate Collection Set: 1947.5ms
[2025-06-23T16:20:51.806+0000][1][gc,phases   ] GC(56)   Post Evacuate Collection Set: 59.1ms
[2025-06-23T16:20:51.806+0000][1][gc,phases   ] GC(56)   Other: 32.7ms
[2025-06-23T16:20:51.807+0000][1][gc,age      ] GC(56) Age table with threshold 15 (max threshold 15)
[2025-06-23T16:20:51.808+0000][1][gc,age      ] GC(56) - age   1:    2465712 bytes,    2465712 total
[2025-06-23T16:20:51.808+0000][1][gc,age      ] GC(56) - age   2:     184576 bytes,    2650288 total
[2025-06-23T16:20:51.809+0000][1][gc,age      ] GC(56) - age   3:      21296 bytes,    2671584 total
[2025-06-23T16:20:51.809+0000][1][gc,age      ] GC(56) - age   4:      23616 bytes,    2695200 total
[2025-06-23T16:20:51.809+0000][1][gc,age      ] GC(56) - age   5:       1312 bytes,    2696512 total
[2025-06-23T16:20:51.810+0000][1][gc,age      ] GC(56) - age   6:      95344 bytes,    2791856 total
[2025-06-23T16:20:51.810+0000][1][gc,age      ] GC(56) - age   7:        680 bytes,    2792536 total
[2025-06-23T16:20:51.811+0000][1][gc,age      ] GC(56) - age   8:       5480 bytes,    2798016 total
[2025-06-23T16:20:51.811+0000][1][gc,age      ] GC(56) - age   9:      32952 bytes,    2830968 total
[2025-06-23T16:20:51.812+0000][1][gc,age      ] GC(56) - age  10:       5776 bytes,    2836744 total
[2025-06-23T16:20:51.812+0000][1][gc,age      ] GC(56) - age  11:       6544 bytes,    2843288 total
[2025-06-23T16:20:51.813+0000][1][gc,age      ] GC(56) - age  12:      52160 bytes,    2895448 total
[2025-06-23T16:20:51.813+0000][1][gc,age      ] GC(56) - age  13:       2760 bytes,    2898208 total
[2025-06-23T16:20:51.813+0000][1][gc,age      ] GC(56) - age  14:       1904 bytes,    2900112 total
[2025-06-23T16:20:51.814+0000][1][gc,age      ] GC(56) - age  15:      24712 bytes,    2924824 total
[2025-06-23T16:20:51.815+0000][1][gc,heap     ] GC(56) Eden regions: 190->0(22)
[2025-06-23T16:20:51.816+0000][1][gc,heap     ] GC(56) Survivor regions: 1->3(24)
[2025-06-23T16:20:51.816+0000][1][gc,heap     ] GC(56) Old regions: 108->108
[2025-06-23T16:20:51.817+0000][1][gc,heap     ] GC(56) Humongous regions: 8->8
[2025-06-23T16:20:51.818+0000][1][gc,metaspace] GC(56) Metaspace: 153159K(157504K)->153159K(157504K) NonClass: 134721K(136832K)->134721K(136832K) Class: 18438K(20672K)->18438K(20672K)
[2025-06-23T16:20:51.820+0000][1][gc          ] GC(56) Pause Young (Mixed) (G1 Evacuation Pause) 306M->118M(512M) 2310.926ms
[2025-06-23T16:20:51.821+0000][1][gc,cpu      ] GC(56) User=8.22s Sys=0.29s Real=2.32s
[2025-06-23T16:20:51.822+0000][1][safepoint   ] Safepoint "G1CollectForAllocation", Time since last: 18644657682 ns, Reaching safepoint: 6478146 ns, Cleanup: 1096744 ns, At safepoint: 2335838790 ns, Total: 2343413680 ns
[2025-06-23T16:20:52.871+0000][1][safepoint   ] Safepoint "Cleanup", Time since last: 1001722999 ns, Reaching safepoint: 70455 ns, Cleanup: 253619 ns, At safepoint: 9171 ns, Total: 333245 ns
[2025-06-23T16:21:15.890+0000][1][safepoint   ] Safepoint "Cleanup", Time since last: 23013983230 ns, Reaching safepoint: 2275824 ns, Cleanup: 1564617 ns, At safepoint: 407979 ns, Total: 4248420 ns
[2025-06-23T16:21:25.615+0000][1][gc,start    ] GC(57) Pause Young (Concurrent Start) (G1 Evacuation Pause)
[2025-06-23T16:21:25.617+0000][1][gc,task     ] GC(57) Using 13 workers of 13 for evacuation
[2025-06-23T16:21:25.618+0000][1][gc,age      ] GC(57) Desired survivor size 2097152 bytes, new threshold 1 (max threshold 15)
[2025-06-23T16:21:25.840+0000][1][gc,mmu      ] GC(57) MMU target violated: 201.0ms (200.0ms/201.0ms)
[2025-06-23T16:21:25.842+0000][1][gc,phases   ] GC(57)   Pre Evacuate Collection Set: 17.9ms
[2025-06-23T16:21:25.844+0000][1][gc,phases   ] GC(57)   Merge Heap Roots: 3.8ms
[2025-06-23T16:21:25.847+0000][1][gc,phases   ] GC(57)   Evacuate Collection Set: 182.8ms
[2025-06-23T16:21:25.849+0000][1][gc,phases   ] GC(57)   Post Evacuate Collection Set: 11.2ms
[2025-06-23T16:21:25.849+0000][1][gc,phases   ] GC(57)   Other: 10.2ms
[2025-06-23T16:21:25.850+0000][1][gc,age      ] GC(57) Age table with threshold 1 (max threshold 15)
[2025-06-23T16:21:25.850+0000][1][gc,age      ] GC(57) - age   1:      16160 bytes,      16160 total
[2025-06-23T16:21:25.851+0000][1][gc,heap     ] GC(57) Eden regions: 22->0(82)
[2025-06-23T16:21:25.851+0000][1][gc,heap     ] GC(57) Survivor regions: 3->1(4)
[2025-06-23T16:21:25.852+0000][1][gc,heap     ] GC(57) Old regions: 108->111
[2025-06-23T16:21:25.852+0000][1][gc,heap     ] GC(57) Humongous regions: 8->8
[2025-06-23T16:21:25.853+0000][1][gc,metaspace] GC(57) Metaspace: 153159K(157504K)->153159K(157504K) NonClass: 134721K(136832K)->134721K(136832K) Class: 18438K(20672K)->18438K(20672K)
[2025-06-23T16:21:25.854+0000][1][gc          ] GC(57) Pause Young (Concurrent Start) (G1 Evacuation Pause) 140M->118M(512M) 240.169ms
[2025-06-23T16:21:25.855+0000][1][gc,cpu      ] GC(57) User=0.92s Sys=0.05s Real=0.24s
[2025-06-23T16:21:25.856+0000][1][safepoint   ] Safepoint "G1CollectForAllocation", Time since last: 9687194340 ns, Reaching safepoint: 160601 ns, Cleanup: 744757 ns, At safepoint: 242812472 ns, Total: 243717830 ns
[2025-06-23T16:21:25.857+0000][1][gc          ] GC(58) Concurrent Mark Cycle
[2025-06-23T16:21:25.859+0000][1][gc,marking  ] GC(58) Concurrent Scan Root Regions
[2025-06-23T16:21:26.059+0000][1][gc,marking  ] GC(58) Concurrent Scan Root Regions 199.658ms
[2025-06-23T16:21:26.059+0000][1][gc,marking  ] GC(58) Concurrent Mark
[2025-06-23T16:21:26.060+0000][1][gc,marking  ] GC(58) Concurrent Mark From Roots
[2025-06-23T16:21:26.061+0000][1][gc,task     ] GC(58) Using 3 workers of 3 for marking
[2025-06-23T16:21:26.693+0000][1][gc,marking  ] GC(58) Concurrent Mark From Roots 633.190ms
[2025-06-23T16:21:26.694+0000][1][gc,marking  ] GC(58) Concurrent Preclean
[2025-06-23T16:21:26.695+0000][1][gc,marking  ] GC(58) Concurrent Preclean 1.433ms
[2025-06-23T16:21:26.697+0000][1][gc,start    ] GC(58) Pause Remark
[2025-06-23T16:21:26.985+0000][1][gc,mmu      ] GC(58) MMU target violated: 201.0ms (200.0ms/201.0ms)
[2025-06-23T16:21:26.985+0000][1][gc          ] GC(58) Pause Remark 119M->119M(512M) 288.562ms
[2025-06-23T16:21:26.986+0000][1][gc,cpu      ] GC(58) User=2.86s Sys=0.00s Real=0.29s
[2025-06-23T16:21:26.986+0000][1][safepoint   ] Safepoint "G1PauseRemark", Time since last: 840432592 ns, Reaching safepoint: 68648 ns, Cleanup: 8439 ns, At safepoint: 289535618 ns, Total: 289612705 ns
[2025-06-23T16:21:26.987+0000][1][gc,marking  ] GC(58) Concurrent Mark 927.706ms
[2025-06-23T16:21:26.990+0000][1][gc,marking  ] GC(58) Concurrent Rebuild Remembered Sets and Scrub Regions
[2025-06-23T16:21:27.044+0000][1][gc,marking  ] GC(58) Concurrent Rebuild Remembered Sets and Scrub Regions 54.442ms
[2025-06-23T16:21:27.045+0000][1][gc,start    ] GC(58) Pause Cleanup
[2025-06-23T16:21:27.047+0000][1][gc          ] GC(58) Pause Cleanup 119M->119M(512M) 1.816ms
[2025-06-23T16:21:27.048+0000][1][gc,cpu      ] GC(58) User=0.01s Sys=0.00s Real=0.00s
[2025-06-23T16:21:27.048+0000][1][safepoint   ] Safepoint "G1PauseCleanup", Time since last: 58654484 ns, Reaching safepoint: 14783 ns, Cleanup: 27580 ns, At safepoint: 3172982 ns, Total: 3215345 ns
[2025-06-23T16:21:27.049+0000][1][gc,marking  ] GC(58) Concurrent Clear Claimed Marks
[2025-06-23T16:21:27.050+0000][1][gc,marking  ] GC(58) Concurrent Clear Claimed Marks 0.747ms
[2025-06-23T16:21:27.050+0000][1][gc,marking  ] GC(58) Concurrent Cleanup for Next Mark
[2025-06-23T16:21:27.057+0000][1][gc,marking  ] GC(58) Concurrent Cleanup for Next Mark 7.295ms
[2025-06-23T16:21:27.058+0000][1][gc          ] GC(58) Concurrent Mark Cycle 1200.600ms
[2025-06-23T16:21:38.013+0000][1][safepoint   ] Safepoint "Cleanup", Time since last: 10964295610 ns, Reaching safepoint: 85068 ns, Cleanup: 19485 ns, At safepoint: 6390 ns, Total: 110943 ns
[2025-06-23T16:22:05.234+0000][1][gc,start    ] GC(59) Pause Young (Prepare Mixed) (G1 Evacuation Pause)
[2025-06-23T16:22:05.238+0000][1][gc,task     ] GC(59) Using 13 workers of 13 for evacuation
[2025-06-23T16:22:05.239+0000][1][gc,age      ] GC(59) Desired survivor size 2097152 bytes, new threshold 15 (max threshold 15)
[2025-06-23T16:22:05.291+0000][1][gc,phases   ] GC(59)   Pre Evacuate Collection Set: 8.0ms
[2025-06-23T16:22:05.292+0000][1][gc,phases   ] GC(59)   Merge Heap Roots: 2.1ms
[2025-06-23T16:22:05.292+0000][1][gc,phases   ] GC(59)   Evacuate Collection Set: 29.7ms
[2025-06-23T16:22:05.292+0000][1][gc,phases   ] GC(59)   Post Evacuate Collection Set: 9.7ms
[2025-06-23T16:22:05.292+0000][1][gc,phases   ] GC(59)   Other: 3.6ms
[2025-06-23T16:22:05.293+0000][1][gc,age      ] GC(59) Age table with threshold 15 (max threshold 15)
[2025-06-23T16:22:05.293+0000][1][gc,age      ] GC(59) - age   1:      15944 bytes,      15944 total
[2025-06-23T16:22:05.293+0000][1][gc,age      ] GC(59) - age   2:       1024 bytes,      16968 total
[2025-06-23T16:22:05.293+0000][1][gc,heap     ] GC(59) Eden regions: 24->0(24)
[2025-06-23T16:22:05.294+0000][1][gc,heap     ] GC(59) Survivor regions: 1->1(4)
[2025-06-23T16:22:05.294+0000][1][gc,heap     ] GC(59) Old regions: 111->111
[2025-06-23T16:22:05.294+0000][1][gc,heap     ] GC(59) Humongous regions: 8->8
[2025-06-23T16:22:05.295+0000][1][gc,metaspace] GC(59) Metaspace: 153159K(157504K)->153159K(157504K) NonClass: 134721K(136832K)->134721K(136832K) Class: 18438K(20672K)->18438K(20672K)
[2025-06-23T16:22:05.296+0000][1][gc          ] GC(59) Pause Young (Prepare Mixed) (G1 Evacuation Pause) 142M->118M(512M) 61.500ms
[2025-06-23T16:22:05.296+0000][1][gc,cpu      ] GC(59) User=0.38s Sys=0.02s Real=0.06s
[2025-06-23T16:22:05.297+0000][1][safepoint   ] Safepoint "G1CollectForAllocation", Time since last: 27187849989 ns, Reaching safepoint: 3812668 ns, Cleanup: 122489 ns, At safepoint: 64093398 ns, Total: 68028555 ns
[2025-06-23T16:22:31.193+0000][1][safepoint   ] Safepoint "Cleanup", Time since last: 25817314628 ns, Reaching safepoint: 319083 ns, Cleanup: 19801 ns, At safepoint: 11411 ns, Total: 350295 ns
[2025-06-23T16:22:40.200+0000][1][safepoint   ] Safepoint "Cleanup", Time since last: 9003994548 ns, Reaching safepoint: 2824574 ns, Cleanup: 144369 ns, At safepoint: 85084 ns, Total: 3054027 ns
[2025-06-23T16:22:42.338+0000][1][safepoint   ] Safepoint "Cleanup", Time since last: 2001333425 ns, Reaching safepoint: 136267440 ns, Cleanup: 40948 ns, At safepoint: 335659 ns, Total: 136644047 ns
[2025-06-23T16:22:43.339+0000][1][safepoint   ] Safepoint "Cleanup", Time since last: 1000896896 ns, Reaching safepoint: 236814 ns, Cleanup: 95875 ns, At safepoint: 60753 ns, Total: 393442 ns
[2025-06-23T16:22:44.341+0000][1][safepoint   ] Safepoint "Cleanup", Time since last: 1000792156 ns, Reaching safepoint: 712015 ns, Cleanup: 22693 ns, At safepoint: 50131 ns, Total: 784839 ns
[2025-06-23T16:22:46.245+0000][1][safepoint   ] Safepoint "Cleanup", Time since last: 1904363768 ns, Reaching safepoint: 37264 ns, Cleanup: 256474 ns, At safepoint: 27684 ns, Total: 321422 ns
[2025-06-23T16:22:51.247+0000][1][safepoint   ] Safepoint "Cleanup", Time since last: 5001387990 ns, Reaching safepoint: 98300 ns, Cleanup: 21458 ns, At safepoint: 8640 ns, Total: 128398 ns
[2025-06-23T16:22:53.293+0000][1][safepoint   ] Safepoint "Cleanup", Time since last: 2003885870 ns, Reaching safepoint: 150572 ns, Cleanup: 42884 ns, At safepoint: 10602 ns, Total: 204058 ns
[2025-06-23T16:23:41.368+0000][1][safepoint   ] Safepoint "Cleanup", Time since last: 48017286378 ns, Reaching safepoint: 98434 ns, Cleanup: 46520 ns, At safepoint: 5998 ns, Total: 150952 ns
[2025-06-23T16:24:16.475+0000][1][safepoint   ] Safepoint "Cleanup", Time since last: 35034178741 ns, Reaching safepoint: 851684 ns, Cleanup: 87256 ns, At safepoint: 28909 ns, Total: 967849 ns
[2025-06-23T16:24:33.230+0000][1][gc,start    ] GC(60) Pause Young (Mixed) (G1 Evacuation Pause)
[2025-06-23T16:24:33.237+0000][1][gc,task     ] GC(60) Using 13 workers of 13 for evacuation
[2025-06-23T16:24:33.240+0000][1][gc,age      ] GC(60) Desired survivor size 6291456 bytes, new threshold 15 (max threshold 15)
[2025-06-23T16:24:33.871+0000][1][gc,mmu      ] GC(60) MMU target violated: 201.0ms (200.0ms/201.0ms)
[2025-06-23T16:24:33.872+0000][1][gc,phases   ] GC(60)   Pre Evacuate Collection Set: 43.9ms
[2025-06-23T16:24:33.872+0000][1][gc,phases   ] GC(60)   Merge Heap Roots: 5.2ms
[2025-06-23T16:24:33.872+0000][1][gc,phases   ] GC(60)   Evacuate Collection Set: 535.1ms
[2025-06-23T16:24:33.872+0000][1][gc,phases   ] GC(60)   Post Evacuate Collection Set: 38.1ms
[2025-06-23T16:24:33.873+0000][1][gc,phases   ] GC(60)   Other: 14.3ms
[2025-06-23T16:24:33.874+0000][1][gc,age      ] GC(60) Age table with threshold 15 (max threshold 15)
[2025-06-23T16:24:33.874+0000][1][gc,age      ] GC(60) - age   1:     371528 bytes,     371528 total
[2025-06-23T16:24:33.874+0000][1][gc,age      ] GC(60) - age   2:        192 bytes,     371720 total
[2025-06-23T16:24:33.875+0000][1][gc,age      ] GC(60) - age   3:        680 bytes,     372400 total
[2025-06-23T16:24:33.875+0000][1][gc,heap     ] GC(60) Eden regions: 93->0(24)
[2025-06-23T16:24:33.875+0000][1][gc,heap     ] GC(60) Survivor regions: 1->1(12)
[2025-06-23T16:24:33.875+0000][1][gc,heap     ] GC(60) Old regions: 111->111
[2025-06-23T16:24:33.876+0000][1][gc,heap     ] GC(60) Humongous regions: 8->8
[2025-06-23T16:24:33.876+0000][1][gc,metaspace] GC(60) Metaspace: 153601K(157696K)->153601K(157696K) NonClass: 135090K(137024K)->135090K(137024K) Class: 18511K(20672K)->18511K(20672K)
[2025-06-23T16:24:33.880+0000][1][gc          ] GC(60) Pause Young (Mixed) (G1 Evacuation Pause) 211M->118M(512M) 649.727ms
[2025-06-23T16:24:33.880+0000][1][gc,cpu      ] GC(60) User=2.33s Sys=0.13s Real=0.65s
[2025-06-23T16:24:33.881+0000][1][safepoint   ] Safepoint "G1CollectForAllocation", Time since last: 16674796858 ns, Reaching safepoint: 670685 ns, Cleanup: 628122 ns, At safepoint: 655091578 ns, Total: 656390385 ns
[2025-06-23T16:24:45.885+0000][1][safepoint   ] Safepoint "Cleanup", Time since last: 12002288158 ns, Reaching safepoint: 2125446 ns, Cleanup: 15063 ns, At safepoint: 44704 ns, Total: 2185213 ns
[2025-06-23T16:24:46.886+0000][1][safepoint   ] Safepoint "Cleanup", Time since last: 1000705745 ns, Reaching safepoint: 24176 ns, Cleanup: 46396 ns, At safepoint: 4672 ns, Total: 75244 ns
[2025-06-23T16:25:02.975+0000][1][safepoint   ] Safepoint "Cleanup", Time since last: 16006658847 ns, Reaching safepoint: 3525301 ns, Cleanup: 74171 ns, At safepoint: 154655 ns, Total: 3754127 ns
[2025-06-23T16:25:03.834+0000][1][gc,start    ] GC(61) Pause Young (Mixed) (G1 Evacuation Pause)
[2025-06-23T16:25:03.835+0000][1][gc,task     ] GC(61) Using 13 workers of 13 for evacuation
[2025-06-23T16:25:03.836+0000][1][gc,age      ] GC(61) Desired survivor size 2097152 bytes, new threshold 15 (max threshold 15)
[2025-06-23T16:25:03.958+0000][1][gc,phases   ] GC(61)   Pre Evacuate Collection Set: 5.0ms
[2025-06-23T16:25:03.959+0000][1][gc,phases   ] GC(61)   Merge Heap Roots: 3.7ms
[2025-06-23T16:25:03.960+0000][1][gc,phases   ] GC(61)   Evacuate Collection Set: 105.6ms
[2025-06-23T16:25:03.960+0000][1][gc,phases   ] GC(61)   Post Evacuate Collection Set: 6.6ms
[2025-06-23T16:25:03.961+0000][1][gc,phases   ] GC(61)   Other: 1.8ms
[2025-06-23T16:25:03.961+0000][1][gc,age      ] GC(61) Age table with threshold 15 (max threshold 15)
[2025-06-23T16:25:03.961+0000][1][gc,age      ] GC(61) - age   1:     332480 bytes,     332480 total
[2025-06-23T16:25:03.961+0000][1][gc,age      ] GC(61) - age   2:     303016 bytes,     635496 total
[2025-06-23T16:25:03.962+0000][1][gc,age      ] GC(61) - age   3:         72 bytes,     635568 total
[2025-06-23T16:25:03.962+0000][1][gc,age      ] GC(61) - age   4:        680 bytes,     636248 total
[2025-06-23T16:25:03.963+0000][1][gc,heap     ] GC(61) Eden regions: 24->0(288)
[2025-06-23T16:25:03.963+0000][1][gc,heap     ] GC(61) Survivor regions: 1->1(4)
[2025-06-23T16:25:03.963+0000][1][gc,heap     ] GC(61) Old regions: 111->111
[2025-06-23T16:25:03.964+0000][1][gc,heap     ] GC(61) Humongous regions: 8->8
[2025-06-23T16:25:03.964+0000][1][gc,metaspace] GC(61) Metaspace: 153617K(157696K)->153617K(157696K) NonClass: 135106K(137024K)->135106K(137024K) Class: 18511K(20672K)->18511K(20672K)
[2025-06-23T16:25:03.965+0000][1][gc          ] GC(61) Pause Young (Mixed) (G1 Evacuation Pause) 142M->118M(512M) 130.329ms
[2025-06-23T16:25:03.965+0000][1][gc,cpu      ] GC(61) User=1.11s Sys=0.05s Real=0.13s
[2025-06-23T16:25:03.966+0000][1][safepoint   ] Safepoint "G1CollectForAllocation", Time since last: 858561375 ns, Reaching safepoint: 164779 ns, Cleanup: 51618 ns, At safepoint: 131700443 ns, Total: 131916840 ns
[2025-06-23T16:25:04.967+0000][1][safepoint   ] Safepoint "Cleanup", Time since last: 1000809666 ns, Reaching safepoint: 74547 ns, Cleanup: 86599 ns, At safepoint: 5692 ns, Total: 166838 ns
[2025-06-23T16:25:05.974+0000][1][safepoint   ] Safepoint "Cleanup", Time since last: 1000863299 ns, Reaching safepoint: 5554200 ns, Cleanup: 56052 ns, At safepoint: 223479 ns, Total: 5833731 ns
[2025-06-23T16:25:06.975+0000][1][safepoint   ] Safepoint "Cleanup", Time since last: 1000828438 ns, Reaching safepoint: 63133 ns, Cleanup: 48639 ns, At safepoint: 5802 ns, Total: 117574 ns
[2025-06-23T16:28:09.279+0000][1][safepoint   ] Safepoint "Cleanup", Time since last: 181887684626 ns, Reaching safepoint: 2597412 ns, Cleanup: 1058118 ns, At safepoint: 73688 ns, Total: 3729218 ns
[2025-06-23T16:29:04.749+0000][1][safepoint   ] Safepoint "Cleanup", Time since last: 55321864233 ns, Reaching safepoint: 145635 ns, Cleanup: 174934 ns, At safepoint: 16509 ns, Total: 337078 ns
[2025-06-23T16:29:06.751+0000][1][safepoint   ] Safepoint "Cleanup", Time since last: 2001428530 ns, Reaching safepoint: 145790 ns, Cleanup: 23824 ns, At safepoint: 13200 ns, Total: 182814 ns
[2025-06-23T16:29:36.907+0000][1][safepoint   ] Safepoint "Cleanup", Time since last: 30075190714 ns, Reaching safepoint: 72274 ns, Cleanup: 70742 ns, At safepoint: 9080 ns, Total: 152096 ns
[2025-06-23T16:30:10.999+0000][1][safepoint   ] Safepoint "Cleanup", Time since last: 34013740087 ns, Reaching safepoint: 1103480 ns, Cleanup: 20785 ns, At safepoint: 63039 ns, Total: 1187304 ns
[2025-06-23T16:30:12.222+0000][1][safepoint   ] Safepoint "Cleanup", Time since last: 1219074236 ns, Reaching safepoint: 3521774 ns, Cleanup: 330883 ns, At safepoint: 229494 ns, Total: 4082151 ns
[2025-06-23T16:30:13.224+0000][1][safepoint   ] Safepoint "Cleanup", Time since last: 1001699412 ns, Reaching safepoint: 249584 ns, Cleanup: 45728 ns, At safepoint: 63902 ns, Total: 359214 ns
[2025-06-23T16:30:14.225+0000][1][safepoint   ] Safepoint "Cleanup", Time since last: 1000700553 ns, Reaching safepoint: 19699 ns, Cleanup: 18000 ns, At safepoint: 4124 ns, Total: 41823 ns
[2025-06-23T16:30:37.169+0000][1][safepoint   ] Safepoint "Cleanup", Time since last: 22861100373 ns, Reaching safepoint: 40130 ns, Cleanup: 18562 ns, At safepoint: 4775 ns, Total: 63467 ns
[2025-06-23T16:31:29.378+0000][1][safepoint   ] Safepoint "Cleanup", Time since last: 52041333120 ns, Reaching safepoint: 8356949 ns, Cleanup: 4627898 ns, At safepoint: 2102708 ns, Total: 15087555 ns
[2025-06-23T16:31:31.745+0000][1][gc,start    ] GC(62) Pause Young (Concurrent Start) (G1 Evacuation Pause)
[2025-06-23T16:31:31.749+0000][1][gc,task     ] GC(62) Using 13 workers of 13 for evacuation
[2025-06-23T16:31:31.750+0000][1][gc,age      ] GC(62) Desired survivor size 19398656 bytes, new threshold 15 (max threshold 15)
[2025-06-23T16:31:32.089+0000][1][gc,mmu      ] GC(62) MMU target violated: 201.0ms (200.0ms/201.0ms)
[2025-06-23T16:31:32.089+0000][1][gc,phases   ] GC(62)   Pre Evacuate Collection Set: 35.1ms
[2025-06-23T16:31:32.090+0000][1][gc,phases   ] GC(62)   Merge Heap Roots: 3.3ms
[2025-06-23T16:31:32.091+0000][1][gc,phases   ] GC(62)   Evacuate Collection Set: 272.8ms
[2025-06-23T16:31:32.091+0000][1][gc,phases   ] GC(62)   Post Evacuate Collection Set: 23.1ms
[2025-06-23T16:31:32.092+0000][1][gc,phases   ] GC(62)   Other: 8.0ms
[2025-06-23T16:31:32.092+0000][1][gc,age      ] GC(62) Age table with threshold 15 (max threshold 15)
[2025-06-23T16:31:32.093+0000][1][gc,age      ] GC(62) - age   1:     669072 bytes,     669072 total
[2025-06-23T16:31:32.093+0000][1][gc,age      ] GC(62) - age   2:     174296 bytes,     843368 total
[2025-06-23T16:31:32.094+0000][1][gc,age      ] GC(62) - age   3:     294496 bytes,    1137864 total
[2025-06-23T16:31:32.094+0000][1][gc,age      ] GC(62) - age   4:         72 bytes,    1137936 total
[2025-06-23T16:31:32.094+0000][1][gc,age      ] GC(62) - age   5:        680 bytes,    1138616 total
[2025-06-23T16:31:32.095+0000][1][gc,heap     ] GC(62) Eden regions: 288->0(286)
[2025-06-23T16:31:32.095+0000][1][gc,heap     ] GC(62) Survivor regions: 1->2(37)
[2025-06-23T16:31:32.096+0000][1][gc,heap     ] GC(62) Old regions: 111->111
[2025-06-23T16:31:32.096+0000][1][gc,heap     ] GC(62) Humongous regions: 8->8
[2025-06-23T16:31:32.097+0000][1][gc,metaspace] GC(62) Metaspace: 153698K(157760K)->153698K(157760K) NonClass: 135187K(137088K)->135187K(137088K) Class: 18511K(20672K)->18511K(20672K)
[2025-06-23T16:31:32.099+0000][1][gc          ] GC(62) Pause Young (Concurrent Start) (G1 Evacuation Pause) 406M->119M(512M) 353.486ms
[2025-06-23T16:31:32.100+0000][1][gc,cpu      ] GC(62) User=1.32s Sys=0.00s Real=0.35s
[2025-06-23T16:31:32.100+0000][1][safepoint   ] Safepoint "G1CollectForAllocation", Time since last: 2368163361 ns, Reaching safepoint: 21051 ns, Cleanup: 188586 ns, At safepoint: 357446814 ns, Total: 357656451 ns
[2025-06-23T16:31:32.101+0000][1][gc          ] GC(63) Concurrent Mark Cycle
[2025-06-23T16:31:32.102+0000][1][gc,marking  ] GC(63) Concurrent Scan Root Regions
[2025-06-23T16:31:32.282+0000][1][gc,marking  ] GC(63) Concurrent Scan Root Regions 179.368ms
[2025-06-23T16:31:32.282+0000][1][gc,marking  ] GC(63) Concurrent Mark
[2025-06-23T16:31:32.283+0000][1][gc,marking  ] GC(63) Concurrent Mark From Roots
[2025-06-23T16:31:32.284+0000][1][gc,task     ] GC(63) Using 3 workers of 3 for marking
[2025-06-23T16:31:32.819+0000][1][gc,marking  ] GC(63) Concurrent Mark From Roots 536.391ms
[2025-06-23T16:31:32.820+0000][1][gc,marking  ] GC(63) Concurrent Preclean
[2025-06-23T16:31:32.821+0000][1][gc,marking  ] GC(63) Concurrent Preclean 1.230ms
[2025-06-23T16:31:32.822+0000][1][gc,start    ] GC(63) Pause Remark
[2025-06-23T16:31:33.804+0000][1][gc,mmu      ] GC(63) MMU target violated: 201.0ms (200.0ms/201.0ms)
[2025-06-23T16:31:33.805+0000][1][gc          ] GC(63) Pause Remark 122M->122M(512M) 982.890ms
[2025-06-23T16:31:33.805+0000][1][gc,cpu      ] GC(63) User=8.23s Sys=0.00s Real=0.99s
[2025-06-23T16:31:33.805+0000][1][safepoint   ] Safepoint "G1PauseRemark", Time since last: 721107380 ns, Reaching safepoint: 18902 ns, Cleanup: 5811 ns, At safepoint: 983871802 ns, Total: 983896515 ns
[2025-06-23T16:31:33.806+0000][1][gc,marking  ] GC(63) Concurrent Mark 1524.076ms
[2025-06-23T16:31:33.807+0000][1][gc,marking  ] GC(63) Concurrent Rebuild Remembered Sets and Scrub Regions
[2025-06-23T16:31:34.435+0000][1][gc,marking  ] GC(63) Concurrent Rebuild Remembered Sets and Scrub Regions 628.452ms
[2025-06-23T16:31:34.439+0000][1][gc,start    ] GC(63) Pause Cleanup
[2025-06-23T16:31:34.441+0000][1][gc          ] GC(63) Pause Cleanup 122M->122M(512M) 1.658ms
[2025-06-23T16:31:34.442+0000][1][gc,cpu      ] GC(63) User=0.00s Sys=0.00s Real=0.00s
[2025-06-23T16:31:34.443+0000][1][safepoint   ] Safepoint "G1PauseCleanup", Time since last: 630383745 ns, Reaching safepoint: 3305098 ns, Cleanup: 68609 ns, At safepoint: 3291384 ns, Total: 6665091 ns
[2025-06-23T16:31:34.443+0000][1][gc,marking  ] GC(63) Concurrent Clear Claimed Marks
[2025-06-23T16:31:34.444+0000][1][gc,marking  ] GC(63) Concurrent Clear Claimed Marks 0.909ms
[2025-06-23T16:31:34.444+0000][1][gc,marking  ] GC(63) Concurrent Cleanup for Next Mark
[2025-06-23T16:31:34.452+0000][1][gc,marking  ] GC(63) Concurrent Cleanup for Next Mark 7.833ms
[2025-06-23T16:31:34.453+0000][1][gc          ] GC(63) Concurrent Mark Cycle 2351.987ms
[2025-06-23T16:31:37.444+0000][1][safepoint   ] Safepoint "Cleanup", Time since last: 3001290770 ns, Reaching safepoint: 274727 ns, Cleanup: 89639 ns, At safepoint: 21625 ns, Total: 385991 ns
[2025-06-23T16:33:04.830+0000][1][safepoint   ] Safepoint "Cleanup", Time since last: 87142837179 ns, Reaching safepoint: 219431 ns, Cleanup: 41356 ns, At safepoint: 16525 ns, Total: 277312 ns
[2025-06-23T16:33:22.837+0000][1][safepoint   ] Safepoint "Cleanup", Time since last: 18006630474 ns, Reaching safepoint: 610509 ns, Cleanup: 20838 ns, At safepoint: 9855 ns, Total: 641202 ns
