[2025-06-23T09:50:24.504+0000][252][gc,init] CardTable entry size: 512
[2025-06-23T09:50:24.508+0000][252][gc     ] Using G1
[2025-06-23T09:50:24.514+0000][252][gc,init] Version: 21.0.6+7-LTS (release)
[2025-06-23T09:50:24.515+0000][252][gc,init] CPUs: 16 total, 16 available
[2025-06-23T09:50:24.515+0000][252][gc,init] Memory: 2048M
[2025-06-23T09:50:24.516+0000][252][gc,init] Large Page Support: Disabled
[2025-06-23T09:50:24.516+0000][252][gc,init] NUMA Support: Disabled
[2025-06-23T09:50:24.517+0000][252][gc,init] Compressed Oops: Enabled (32-bit)
[2025-06-23T09:50:24.518+0000][252][gc,init] Heap Region Size: 1M
[2025-06-23T09:50:24.519+0000][252][gc,init] Heap Min Capacity: 512M
[2025-06-23T09:50:24.519+0000][252][gc,init] Heap Initial Capacity: 512M
[2025-06-23T09:50:24.520+0000][252][gc,init] Heap Max Capacity: 512M
[2025-06-23T09:50:24.520+0000][252][gc,init] Pre-touch: Disabled
[2025-06-23T09:50:24.521+0000][252][gc,init] Parallel Workers: 13
[2025-06-23T09:50:24.521+0000][252][gc,init] Concurrent Workers: 3
[2025-06-23T09:50:24.521+0000][252][gc,init] Concurrent Refinement Workers: 13
[2025-06-23T09:50:24.522+0000][252][gc,init] Periodic GC: Disabled
[2025-06-23T09:50:24.523+0000][252][gc,metaspace] CDS archive(s) not mapped
[2025-06-23T09:50:24.523+0000][252][gc,metaspace] Compressed class space mapped at: 0x0000000100000000-0x0000000140000000, reserved size: 1073741824
[2025-06-23T09:50:24.524+0000][252][gc,metaspace] Narrow klass base: 0x0000000000000000, Narrow klass shift: 3, Narrow klass range: 0x140000000
[2025-06-23T09:50:24.920+0000][252][gc,heap,exit] Heap
[2025-06-23T09:50:24.920+0000][252][gc,heap,exit]  garbage-first heap   total 524288K, used 4608K [0x00000000e0000000, 0x0000000100000000)
[2025-06-23T09:50:24.921+0000][252][gc,heap,exit]   region size 1024K, 5 young (5120K), 0 survivors (0K)
[2025-06-23T09:50:24.921+0000][252][gc,heap,exit]  Metaspace       used 5742K, committed 5888K, reserved 1114112K
[2025-06-23T09:50:24.921+0000][252][gc,heap,exit]   class space    used 452K, committed 512K, reserved 1048576K
